490
0 0 0 3
0 4 1 5
1 0 1 3
2 0 2 3
2 4 5 4
2 5 5 5
3 0 3 3
4 0 4 3
5 0 5 3
6 0 6 2
6 3 7 4
6 5 9 5
7 0 8 1
7 2 10 2
8 3 11 3
8 4 11 4
9 0 10 1
10 5 13 5
11 0 12 1
11 2 14 2
12 3 13 4
13 0 14 1
14 3 15 4
14 5 17 5
15 0 16 1
15 2 18 2
16 3 17 4
17 0 18 1
18 3 19 4
18 5 21 5
19 0 20 1
19 2 22 2
20 3 21 4
21 0 22 1
22 3 23 4
22 5 25 5
23 0 24 1
23 2 26 2
24 3 25 4
25 0 26 1
26 3 27 4
26 5 29 5
27 0 28 1
27 2 30 2
28 3 29 4
29 0 32 0
30 3 31 4
30 5 33 5
31 1 32 2
32 3 33 4
33 0 34 1
33 2 36 2
34 3 35 4
34 5 37 5
35 0 36 1
36 3 37 4
37 0 38 1
37 2 40 2
38 3 41 3
38 4 41 4
38 5 41 5
39 0 42 0
39 1 42 1
41 2 43 2
42 3 43 4
42 5 45 5
43 0 44 1
44 2 45 3
44 4 47 4
45 0 46 1
46 2 47 3
46 5 49 5
47 0 48 1
48 2 49 3
48 4 51 4
49 0 50 1
50 2 51 3
50 5 53 5
51 0 52 1
52 2 53 3
52 4 55 4
53 0 54 1
54 2 55 3
54 5 57 5
55 0 56 1
56 2 57 3
56 4 59 4
57 0 58 1
58 2 59 3
58 5 61 5
59 0 60 1
60 2 61 3
60 4 63 4
61 0 62 1
62 2 65 2
62 3 65 3
62 5 63 5
63 0 64 1
64 4 65 5
65 0 66 1
66 2 66 5
67 0 67 3
67 4 70 4
67 5 70 5
68 0 68 3
69 0 69 3
70 0 70 3
71 0 72 1
71 2 71 5
72 2 73 3
72 4 73 5
73 0 74 1
74 2 75 3
74 4 77 4
74 5 77 5
75 0 76 1
76 2 77 3
77 0 78 1
78 2 79 3
78 4 79 5
79 0 80 1
80 2 80 5
81 0 81 3
81 4 81 5
82 0 83 1
82 2 82 5
83 2 83 5
84 0 84 3
84 4 85 5
85 0 85 3
86 0 86 3
86 4 87 5
87 0 88 1
87 2 88 3
88 4 89 5
89 0 89 3
90 0 90 3
90 4 91 5
91 0 92 1
91 2 92 3
92 4 93 5
93 0 93 3
94 0 94 3
94 4 95 5
95 0 95 3
96 0 96 3
96 4 97 5
97 0 98 1
97 2 98 3
98 4 99 5
99 0 99 3
100 0 100 3
100 4 101 5
101 0 101 3
102 0 102 3
102 4 103 5
103 0 106 0
103 1 106 1
103 2 106 2
103 3 106 3
104 4 105 5
106 4 107 5
107 0 107 3
108 0 108 3
108 4 109 5
109 0 110 1
109 2 110 3
110 4 111 5
111 0 111 3
112 0 112 2
112 3 113 4
112 5 115 5
113 0 114 1
113 2 116 2
114 3 115 4
115 0 116 1
116 3 117 4
116 5 119 5
117 0 120 0
117 1 120 1
117 2 119 2
118 3 119 4
120 2 121 3
120 4 121 5
121 0 122 1
122 2 122 5
123 0 123 3
123 4 124 5
124 0 124 3
125 0 126 1
125 2 125 5
126 2 126 5
127 0 127 3
127 4 128 5
128 0 128 3
129 0 129 3
129 4 130 5
130 0 130 3
131 0 131 3
131 4 132 5
132 0 132 3
133 0 133 1
133 4 134 5
134 0 135 0
134 1 135 1
133 3 136 3
135 4 136 5
136 0 137 1
133 2 136 2
137 2 140 2
137 3 138 4
137 5 140 5
138 0 139 1
139 3 140 4
140 0 141 1
141 2 141 5
142 0 142 3
142 4 143 5
143 0 143 3
144 0 144 3
144 4 145 5
145 0 145 3
146 0 146 3
146 4 147 5
147 0 147 3
148 0 148 3
148 4 149 5
149 0 149 3
150 0 150 3
150 4 151 5
151 0 151 3
152 0 152 3
152 4 153 5
153 0 153 3
154 0 154 3
154 4 155 5
155 0 155 3
156 0 156 3
156 4 157 5
157 0 157 3
158 0 158 3
158 4 159 5
159 0 160 1
159 2 162 2
159 3 162 3
160 4 161 5
161 0 164 0
161 1 164 1
162 4 163 5
163 2 164 3
164 4 165 5
165 0 166 1
165 2 166 3
166 4 167 5
167 0 167 3
168 0 168 3
168 4 169 5
169 0 169 3
170 0 170 3
170 4 171 5
171 0 171 3
172 0 172 3
172 4 173 5
173 0 173 3
174 0 174 3
174 4 175 5
175 0 175 3
176 0 176 3
176 4 179 4
176 5 179 5
177 2 177 3
179 0 181 0
177 0 178 1
178 2 181 2
178 3 181 3
179 1 182 1
180 4 181 5
182 0 185 0
182 2 183 3
182 4 185 4
182 5 185 5
183 1 186 1
184 2 185 3
186 0 189 0
186 2 186 5
187 1 187 4
187 5 188 5
188 1 188 4
189 1 189 4
190 0 190 3
190 4 193 4
191 0 191 3
189 5 192 5
192 0 192 3
193 0 193 3
193 5 196 5
194 0 194 2
194 3 195 4
195 0 196 1
195 2 198 2
196 3 199 3
196 4 199 4
197 0 198 1
197 5 200 5
199 0 200 1
199 2 202 2
200 3 201 4
201 0 202 1
201 5 204 5
202 3 203 4
203 0 204 1
203 2 206 2
204 3 205 4
205 0 206 1
205 5 208 5
206 3 207 4
207 0 208 1
207 2 210 2
208 3 209 4
209 0 210 1
209 5 212 5
210 3 211 4
211 0 212 1
211 2 214 2
212 3 213 4
213 0 214 1
213 5 216 5
214 3 215 4
215 0 216 1
215 2 217 2
216 3 217 4
217 0 220 0
217 1 220 1
217 5 220 5
218 4 219 4
218 2 219 3
220 2 221 3
220 4 223 4
221 0 222 1
222 2 223 3
223 0 224 1
223 5 226 5
224 2 224 3
224 4 226 4
225 0 226 1
225 2 226 3
227 0 228 1
227 2 228 3
227 5 230 5
227 4 230 4
229 0 230 1
229 2 230 3
231 0 231 3
231 4 232 5
232 0 232 3
233 0 233 3
233 4 234 5
234 0 234 3
235 0 235 3
235 4 236 5
236 0 236 3
237 0 237 3
237 4 238 5
238 0 238 3
239 0 239 3
239 4 240 5
240 0 240 3
241 0 241 2
241 3 242 4
241 5 244 5
242 0 243 1
242 2 245 2
243 3 244 4
244 0 245 1
245 3 246 4
245 5 248 5
246 0 247 1
246 2 249 2
247 3 248 4
248 0 249 1
249 4 250 4
249 5 250 5
250 0 251 1
250 2 253 2
249 3 252 3
251 4 252 5
252 0 253 1
253 3 256 3
253 4 254 5
254 0 255 1
254 2 257 2
255 4 256 5
256 0 257 1
257 3 258 4
257 5 260 5
258 0 259 1
258 2 261 2
259 3 260 4
260 0 261 1
261 3 262 4
262 0 263 1
262 2 265 2
263 3 266 3
264 0 265 1
264 4 267 4
264 5 267 5
266 0 269 0
266 1 267 2
267 3 270 3
268 2 271 2
268 4 269 5
269 1 272 1
270 0 273 0
270 4 271 5
271 3 274 3
272 2 275 2
272 4 273 5
273 1 276 1
274 0 277 0
274 4 275 5
275 3 278 3
276 2 278 2
276 4 279 4
277 1 280 1
278 0 280 0
279 3 282 3
279 5 282 5
279 2 282 2
280 4 283 4
281 0 282 1
283 0 283 3
283 5 286 5
284 0 284 3
284 4 287 4
285 0 285 3
286 0 286 3
287 0 287 3
287 5 290 5
288 0 288 3
288 4 291 4
289 0 289 3
290 0 290 3
291 0 291 3
291 5 294 5
292 0 292 3
292 4 295 4
293 0 293 3
294 0 294 3
295 0 295 3
295 5 298 5
296 0 296 3
296 4 299 4
297 0 297 3
298 0 298 3
299 0 299 3
299 5 302 5
300 0 300 3
300 4 303 4
301 0 301 3
302 0 302 3
303 0 303 3
303 5 306 5
304 0 304 3
304 4 307 4
305 0 305 3
306 0 306 3
307 0 308 1
307 2 310 2
307 3 310 3
307 5 310 5
308 4 311 4
309 0 310 1
311 0 311 3
311 5 314 5
312 0 312 3
312 4 315 4
313 0 313 3
314 0 314 3
315 0 315 3
315 5 318 5
316 0 316 3
316 4 319 4
317 0 317 3
318 0 318 3
319 0 320 1
319 2 320 3
319 5 322 5
320 4 322 4
321 0 321 3
322 0 322 3
