249
0 0 0 18
0 19 0 37
0 38 0 56
0 57 0 75
0 76 0 94
0 95 0 113
0 114 0 132
0 133 0 151
0 152 0 170
0 171 1 179
0 180 1 188
0 189 0 207
0 208 0 226
0 227 0 245
0 246 0 264
0 265 0 283
0 284 0 302
0 303 0 321
0 322 0 340
0 341 0 359
0 360 0 378
0 379 0 397
0 398 0 416
0 417 0 435
0 436 0 454
0 455 0 472
0 473 0 491
0 492 0 510
0 511 0 529
0 530 2 535
0 536 0 554
0 555 0 573
0 574 0 592
0 593 0 611
0 612 0 630
0 631 0 649
0 650 0 668
0 669 0 687
0 688 0 706
0 707 0 725
0 726 0 744
0 745 0 763
0 764 0 782
0 783 0 801
0 802 0 820
0 821 0 839
0 840 0 858
0 859 0 877
0 878 0 896
0 897 0 915
0 916 1 924
0 925 3 928
1 0 1 18
1 19 1 37
1 38 2 46
1 47 2 55
1 56 1 74
1 75 1 93
1 94 1 112
1 113 1 131
1 132 1 150
1 151 1 164
1 165 3 170
1 189 2 197
1 198 1 216
1 217 1 235
1 236 1 254
1 255 1 273
1 274 1 292
1 293 1 311
1 312 1 330
1 331 1 349
1 350 1 368
1 369 1 387
1 388 2 396
1 397 1 415
1 416 1 434
1 435 1 453
1 454 1 472
1 473 1 491
1 492 1 510
1 511 1 529
1 536 1 554
1 555 1 573
1 574 1 592
1 593 1 611
1 612 3 617
1 618 1 636
1 637 1 655
1 656 1 674
1 675 1 693
1 694 1 712
1 713 1 731
1 732 1 750
1 751 1 769
1 770 1 788
1 789 1 807
1 808 1 826
1 827 1 845
1 846 1 864
1 865 1 883
1 884 1 902
1 903 2 910
1 911 4 914
2 0 2 18
2 19 2 37
2 56 2 74
2 75 2 93
2 94 2 112
2 113 2 131
2 132 2 150
2 151 3 158
2 159 3 164
2 171 2 188
2 198 2 216
2 217 2 235
2 236 2 254
2 255 2 273
2 274 2 292
2 293 2 311
2 312 2 330
2 331 2 349
2 350 2 368
2 369 2 387
2 397 2 415
2 416 2 434
2 435 2 453
2 454 2 472
2 473 2 491
2 492 2 510
2 511 2 529
2 536 2 554
2 555 2 573
2 574 2 592
2 593 2 611
2 618 2 636
2 637 2 655
2 656 2 674
2 675 2 693
2 694 2 712
2 713 2 731
2 732 2 750
2 751 2 769
2 770 2 788
2 789 2 807
2 808 2 826
2 827 2 845
2 846 2 864
2 865 2 883
2 884 2 902
2 915 3 923
3 0 3 18
3 19 3 37
3 38 3 56
3 57 3 75
3 76 3 94
3 95 3 113
3 114 3 132
3 133 3 150
3 171 3 189
3 190 3 208
3 209 3 227
3 228 3 244
3 245 4 253
3 254 3 272
3 273 3 291
3 292 4 300
3 301 3 319
3 320 3 338
3 339 3 357
3 358 3 376
3 377 3 395
3 396 3 414
3 415 3 433
3 434 3 452
3 453 3 471
3 472 3 490
3 491 3 509
3 510 3 528
3 529 3 547
3 548 3 566
3 567 3 585
3 586 3 602
3 603 4 611
3 618 3 636
3 637 3 655
3 656 3 674
3 675 3 693
3 694 3 712
3 713 3 731
3 732 3 750
3 751 3 769
3 770 3 788
3 789 3 807
3 808 3 826
3 827 3 845
3 846 3 864
3 865 3 883
3 884 3 896
3 902 4 910
4 0 4 18
4 19 4 37
4 38 4 56
4 57 4 75
4 76 4 94
4 95 4 113
4 114 4 132
4 133 4 151
4 152 4 170
4 171 4 189
4 190 4 208
4 209 4 227
4 228 4 244
4 254 4 272
4 273 4 291
4 301 4 319
4 320 4 338
4 339 4 357
4 358 4 376
4 377 4 395
4 396 4 414
4 415 4 433
4 434 4 452
4 453 4 471
4 472 4 485
4 486 4 504
4 505 4 523
4 524 4 542
4 543 4 561
4 562 4 580
4 581 4 592
4 593 4 602
4 612 4 630
4 631 4 649
4 650 4 668
4 669 4 687
4 688 4 706
4 707 4 725
4 726 4 744
4 745 4 763
4 764 4 782
4 783 4 801
4 802 4 820
4 821 4 839
4 840 4 858
4 859 4 877
4 878 4 896
3 897 4 901
4 915 4 928
