6430
0 0 9 0
0 1 0 10
0 11 0 20
0 21 0 28
0 31 1 35
0 37 0 46
0 47 0 56
0 57 1 61
0 62 0 71
0 72 0 81
0 82 1 86
0 87 1 89
2 92 9 92
0 90 1 94
0 95 4 96
0 97 4 98
0 99 4 100
0 101 0 110
0 111 0 120
0 121 0 130
0 131 4 132
0 133 4 134
0 135 0 144
0 145 1 149
0 150 1 154
0 155 1 159
0 160 4 161
0 162 1 166
0 167 1 171
0 172 1 176
0 177 0 186
0 187 0 196
0 197 0 206
0 207 0 216
0 217 0 226
0 227 0 236
0 237 0 246
0 247 0 256
0 257 0 266
0 267 0 276
0 277 0 286
0 287 4 288
0 289 2 291
0 292 0 301
0 302 1 306
0 307 0 316
0 317 0 326
0 327 0 336
0 337 4 338
0 339 4 340
0 342 1 346
0 347 0 356
0 357 0 366
0 367 0 376
0 377 0 386
0 387 1 391
0 392 8 392
0 393 8 393
0 395 1 399
0 400 1 404
0 405 1 409
0 412 9 412
0 413 1 417
0 418 0 427
0 428 0 437
0 438 0 447
0 448 0 457
0 458 0 467
0 468 0 477
0 478 0 487
0 488 1 492
0 493 1 497
0 498 0 507
0 508 1 512
0 513 4 514
0 515 0 524
0 525 0 534
0 535 1 539
0 540 0 549
0 550 0 559
0 560 0 569
0 570 0 579
0 580 0 589
0 590 0 599
0 600 0 609
0 610 0 619
0 620 0 629
0 630 0 639
0 640 0 649
0 650 1 654
0 655 0 664
0 665 0 674
0 675 0 684
0 685 0 694
0 695 0 704
0 705 1 709
0 710 0 719
0 720 0 729
0 730 0 739
0 740 0 749
0 750 0 759
0 760 1 764
0 765 0 774
0 775 0 784
0 785 0 794
0 795 0 804
0 805 0 814
0 815 0 824
0 825 0 834
0 835 0 844
0 845 1 849
0 850 0 859
0 860 0 869
0 870 0 879
0 880 0 889
0 890 4 891
0 892 4 893
1 1 10 1
1 2 1 11
1 12 1 21
1 22 2 26
1 27 5 28
5 29 10 29
0 29 4 30
1 36 1 45
1 46 1 55
1 56 10 56
1 62 1 71
1 72 2 76
1 78 9 78
1 80 4 81
1 101 1 110
1 111 1 119
1 120 2 124
1 125 5 126
1 127 5 128
1 129 5 130
1 135 1 144
1 177 1 186
1 187 1 196
1 197 1 206
1 207 5 208
1 209 1 218
1 219 1 228
1 229 1 238
1 239 1 248
1 249 5 250
1 251 5 252
1 254 5 255
1 256 10 256
1 259 10 259
1 260 1 269
1 270 1 279
1 280 2 284
1 285 5 286
1 292 1 301
1 307 2 311
1 312 2 316
1 317 5 318
1 319 2 323
1 324 1 333
1 334 5 335
1 336 7 336
1 347 2 351
1 352 10 352
1 353 2 357
1 358 2 362
1 363 1 372
1 373 1 382
1 383 5 384
1 385 5 386
1 410 5 411
1 418 1 426
1 427 5 428
1 429 5 430
1 431 1 440
1 441 1 450
1 451 2 455
1 456 2 460
1 461 1 470
1 471 5 472
1 473 1 482
1 483 2 487
1 498 1 507
1 515 2 519
1 520 1 529
1 530 2 534
1 540 1 549
1 550 2 554
1 555 5 556
1 557 10 557
1 558 5 559
1 560 1 569
1 570 1 579
1 580 1 589
1 590 1 599
1 600 1 609
1 610 1 619
1 620 1 629
1 630 2 634
1 635 1 644
1 646 5 647
1 648 5 649
1 655 1 664
1 665 1 674
1 675 1 684
1 685 1 694
1 695 2 699
1 701 3 703
1 704 10 704
1 710 2 714
1 715 2 719
1 720 1 729
1 730 1 739
1 740 1 749
1 750 1 759
1 765 1 774
1 775 1 784
1 785 1 794
1 795 1 804
1 805 1 814
1 815 5 816
1 817 1 826
1 827 2 831
1 832 1 841
1 842 3 844
1 850 5 851
1 852 10 852
1 853 10 853
1 854 5 855
1 856 5 857
1 858 5 859
1 860 1 869
1 870 1 879
1 880 1 889
2 2 2 11
2 12 2 21
2 31 2 40
2 41 3 45
2 47 6 48
2 49 6 50
2 51 6 52
2 53 11 53
2 54 6 55
2 57 2 66
2 67 3 71
2 82 2 91
2 94 11 94
2 101 2 110
2 111 3 115
2 116 6 117
2 118 6 119
2 135 2 144
2 145 2 154
2 155 3 159
2 162 6 163
2 167 2 176
2 177 6 178
2 179 2 188
2 189 2 198
2 199 3 203
2 204 6 205
2 206 10 206
2 209 2 218
2 219 2 228
2 229 2 238
2 239 6 240
2 241 10 241
2 243 3 247
2 253 11 253
2 260 2 269
2 270 2 279
2 292 2 300
2 301 4 303
2 304 6 305
2 306 11 306
2 324 2 333
2 341 3 345
2 346 8 346
2 363 2 372
2 373 2 382
2 387 3 391
2 394 3 398
2 399 2 408
2 409 11 409
2 413 2 422
2 423 6 424
2 425 6 426
2 431 2 440
2 441 2 450
2 461 2 470
2 473 2 482
2 488 2 497
2 498 2 507
2 508 3 512
2 520 3 524
2 527 11 527
2 528 6 529
2 535 2 544
2 545 3 549
2 560 6 561
2 562 11 562
2 563 6 564
2 565 11 565
2 566 11 566
2 567 2 576
2 577 2 586
2 587 4 589
2 590 2 599
2 600 2 609
2 610 2 619
2 620 2 629
2 635 2 644
2 650 2 659
2 660 2 669
2 670 2 679
2 680 2 689
2 690 6 691
2 692 6 693
2 694 10 694
2 705 3 709
2 720 2 729
2 730 2 739
2 740 2 747
2 750 3 754
2 755 2 764
2 765 2 774
2 775 2 784
2 785 3 789
2 790 3 794
2 795 3 799
2 800 2 809
2 810 3 814
2 817 2 826
2 832 2 841
2 845 3 849
2 860 2 869
2 870 2 879
2 880 2 889
3 2 4 6
3 7 7 8
3 9 4 13
3 14 4 18
3 19 4 23
3 24 7 25
3 26 12 26
3 31 4 35
3 36 6 37
3 38 7 39
3 40 10 40
3 46 12 46
3 57 3 66
3 72 4 76
3 82 3 91
3 101 3 108
3 120 4 124
3 135 3 144
3 145 3 154
3 166 12 166
3 167 12 167
3 168 12 168
3 169 4 173
3 174 7 175
3 176 12 176
3 179 3 188
3 189 3 198
3 209 3 217
3 219 3 228
3 229 3 238
3 242 12 242
3 248 12 248
3 257 12 257
3 260 3 269
3 270 3 279
3 280 4 284
3 289 3 298
3 299 7 300
3 307 4 311
3 312 4 316
3 319 3 328
3 329 4 332
3 347 4 351
3 353 3 362
3 363 3 372
3 373 3 382
3 399 4 403
3 404 4 408
3 413 7 414
3 415 7 416
3 417 4 421
3 431 4 435
3 436 3 445
3 446 3 455
3 456 3 465
3 466 4 470
3 473 3 482
3 483 3 489
3 493 3 502
3 503 4 507
3 515 4 519
3 530 7 531
3 532 3 541
3 542 7 543
3 544 12 544
3 550 4 554
3 567 7 568
3 570 3 579
3 580 4 584
3 585 7 586
3 590 3 599
3 600 3 609
3 610 3 619
3 620 3 629
3 630 3 639
3 640 7 641
3 643 6 644
3 645 12 645
3 652 3 659
3 660 4 664
3 665 4 669
3 670 4 674
3 675 3 684
3 685 4 689
3 695 7 696
3 699 7 700
3 710 7 711
3 712 3 721
3 722 3 731
3 732 3 739
4 741 6 743
3 740 3 747
3 755 3 764
3 765 7 766
3 767 3 776
3 777 4 781
3 782 7 783
3 784 12 784
3 800 3 809
3 817 3 826
3 827 3 836
3 837 4 841
3 860 3 869
3 870 3 879
3 880 3 889
4 41 5 45
4 57 4 66
4 67 5 71
4 82 4 91
4 93 13 93
4 101 5 105
4 106 8 107
4 108 13 108
3 109 7 110
4 111 7 112
4 113 13 113
4 114 8 115
4 135 4 144
4 145 5 149
4 150 5 154
4 155 13 155
4 156 13 156
4 157 8 158
4 159 13 159
4 179 13 179
4 180 4 189
4 190 4 199
4 200 8 201
4 202 8 203
4 209 4 217
4 219 4 228
4 229 4 238
4 243 13 243
4 244 8 245
4 247 13 247
4 260 4 269
4 270 5 274
4 275 8 276
4 277 8 278
4 279 13 279
4 289 8 290
4 291 8 292
4 294 13 294
4 295 13 295
4 296 8 297
4 298 13 298
4 319 4 328
4 341 8 342
4 343 13 343
4 344 8 345
4 353 4 362
4 363 4 372
4 373 4 382
4 387 5 391
4 394 5 398
4 436 7 437
4 438 5 442
4 443 4 452
4 453 4 462
4 463 8 464
4 465 13 465
4 473 4 482
4 483 5 487
4 488 8 489
3 490 5 492
4 493 4 502
4 508 13 508
4 509 8 510
4 511 13 511
4 520 5 524
4 526 13 526
4 532 4 541
4 545 5 549
4 569 4 578
4 579 13 579
4 590 5 594
4 595 4 604
4 605 5 609
4 610 8 611
4 612 13 612
4 613 8 614
4 615 5 619
4 620 4 629
4 630 4 639
4 652 4 659
4 675 4 684
4 703 13 703
4 705 8 706
4 707 8 708
4 709 13 709
4 712 8 713
4 714 13 714
4 716 8 717
4 718 13 718
4 719 5 723
4 724 5 728
4 729 4 738
4 739 8 740
4 745 13 745
4 747 13 747
2 748 6 749
4 750 4 759
4 760 8 761
4 763 8 764
4 767 4 776
4 785 4 794
4 795 4 804
4 805 5 809
4 810 6 812
4 813 13 813
4 817 5 821
4 822 8 823
4 824 6 826
4 827 8 828
4 829 8 830
4 831 5 835
4 836 13 836
4 843 8 844
4 845 8 846
4 847 8 848
4 849 13 849
4 860 5 864
4 865 12 865
4 866 13 866
4 867 4 876
4 877 4 886
4 887 7 888
4 889 13 889
5 2 6 6
5 9 6 12
5 13 7 15
5 16 14 16
5 19 9 20
5 21 9 22
5 23 14 23
5 30 9 31
5 32 14 32
5 33 14 33
5 34 9 35
5 57 5 66
5 72 6 75
5 76 9 77
5 79 5 85
5 89 9 90
5 91 14 91
5 95 6 99
5 100 14 100
5 120 6 124
5 131 6 135
5 136 6 140
5 141 9 142
5 143 9 144
5 160 9 161
5 169 6 173
5 180 5 189
5 190 5 199
5 209 5 217
5 219 14 219
5 220 9 221
5 222 5 231
5 232 6 235
5 236 7 238
5 258 14 258
5 260 14 260
5 261 6 265
5 266 9 267
5 268 9 269
5 280 6 284
5 287 9 288
5 293 14 293
5 307 5 316
5 319 6 323
5 324 6 328
5 329 8 330
5 331 14 331
5 332 14 332
3 333 12 333
5 337 9 338
5 339 9 340
5 347 6 351
5 353 5 360
5 366 5 372
5 373 5 382
5 399 9 400
5 402 6 406
5 407 9 408
5 417 13 417
5 419 14 419
5 420 13 420
5 421 13 421
5 431 6 435
5 443 6 447
5 448 5 457
5 458 6 462
5 466 6 470
5 473 5 482
5 493 5 502
5 503 6 507
5 513 6 517
5 518 9 519
5 532 6 536
5 537 9 538
5 539 9 540
5 541 14 541
5 550 6 554
5 569 5 578
5 580 6 584
5 588 14 588
5 589 14 589
5 595 5 604
5 620 5 629
5 630 5 639
8 650 16 650
3 650 7 651
5 652 14 652
5 653 5 662
5 663 6 667
5 668 6 672
5 673 5 682
5 683 9 684
5 685 9 686
5 687 14 687
5 688 14 688
5 689 14 689
5 729 7 731
5 733 8 734
5 736 14 736
5 737 8 738
5 750 5 759
5 767 6 771
5 772 6 776
5 777 6 781
5 785 6 789
5 790 6 794
5 795 6 799
5 800 6 804
5 837 6 839
5 840 7 842
5 867 5 876
5 877 5 883
5 890 14 890
5 891 9 892
5 893 14 893
6 27 10 28
6 41 10 42
6 43 10 44
6 57 6 66
6 67 7 71
6 79 7 83
6 84 10 85
7 86 10 87
5 86 6 88
6 102 7 105
6 125 10 126
6 127 15 127
6 128 15 128
6 129 10 130
6 145 6 154
6 180 6 189
6 190 10 191
6 192 10 193
6 194 7 198
6 199 15 199
6 207 6 214
6 215 8 217
3 218 12 218
6 222 6 231
6 249 10 250
6 251 15 251
6 252 15 252
6 254 10 255
6 270 7 274
6 285 10 286
6 301 8 303
6 307 6 316
6 317 10 318
6 334 10 335
6 353 7 357
6 358 8 360
5 361 6 365
6 366 7 370
6 371 6 380
6 381 6 390
6 391 11 391
6 395 15 395
6 396 15 396
6 397 15 397
6 401 15 401
6 410 15 410
6 411 15 411
6 427 15 427
6 428 10 429
6 430 15 430
6 438 7 442
6 448 6 457
6 471 10 472
6 473 15 473
6 474 6 483
6 484 10 485
6 486 10 487
6 490 10 491
6 492 10 493
6 494 10 495
6 496 10 497
6 498 7 502
6 520 7 524
6 545 7 549
6 555 10 556
6 559 15 559
6 569 6 578
6 587 15 587
6 590 6 599
6 600 6 609
6 615 7 619
6 620 10 621
6 622 10 623
6 624 7 628
6 629 10 630
6 631 7 635
6 636 10 637
6 638 10 639
6 646 15 646
6 647 15 647
6 648 10 649
6 653 6 662
6 673 6 682
6 701 15 701
6 715 15 715
6 719 6 728
6 744 15 744
6 750 6 759
6 762 15 762
6 805 7 809
6 814 7 817
8 819 10 820
6 818 7 821
6 831 15 831
6 834 15 834
6 835 15 835
6 850 10 851
6 854 6 863
6 864 15 864
6 867 13 867
6 869 7 873
6 874 7 878
6 879 7 883
8 884 10 885
5 884 7 886
7 2 8 6
7 9 16 9
7 11 11 12
7 47 11 48
7 49 11 50
7 51 11 52
7 54 11 55
7 57 11 58
7 59 11 60
7 61 8 65
7 66 16 66
7 72 11 73
7 88 16 88
7 95 8 98
7 116 8 120
7 121 11 122
7 124 16 124
7 131 8 135
7 136 11 137
7 138 9 140
7 145 7 154
7 162 11 163
7 164 11 165
7 169 8 173
7 177 11 178
7 180 11 181
7 182 15 182
7 183 8 187
7 188 11 189
7 204 16 204
7 205 16 205
7 207 8 211
7 212 11 213
7 214 16 214
7 222 11 223
7 224 8 228
7 229 8 233
7 234 11 235
7 239 10 240
7 261 8 265
7 280 15 280
7 281 16 281
7 282 16 282
7 283 11 284
7 304 11 305
7 307 7 316
7 319 7 324
7 347 8 351
7 361 11 362
7 363 16 363
7 365 16 365
7 371 7 380
7 381 7 390
7 402 8 406
7 418 16 418
7 423 10 424
7 425 11 426
7 431 11 432
7 433 11 434
7 443 11 444
7 445 11 446
7 447 7 456
7 457 8 461
7 462 16 462
7 466 8 470
7 474 7 483
7 503 8 507
7 512 8 516
7 517 16 517
7 528 11 529
7 533 16 533
7 534 16 534
7 535 11 536
7 550 8 554
7 558 16 558
7 561 14 561
7 564 16 564
7 569 7 578
7 581 8 584
7 590 7 599
7 600 7 609
7 642 9 644
7 653 7 662
7 663 7 672
7 673 7 682
7 690 10 691
7 719 7 728
8 729 11 730
5 732 14 732
7 741 9 743
7 748 7 757
7 758 10 759
7 767 8 771
7 772 7 781
7 785 8 789
7 790 8 794
7 795 11 796
7 798 8 802
7 803 10 804
7 810 11 811
7 812 16 812
7 832 16 832
7 837 11 838
7 839 16 839
7 854 7 863
7 868 16 868
8 7 12 8
8 13 10 15
8 18 17 18
8 24 12 25
7 36 11 37
8 38 12 39
8 67 9 71
8 79 9 83
6 101 14 101
8 102 17 102
8 103 12 104
8 105 17 105
8 109 9 112
8 145 8 154
8 174 12 175
8 194 9 198
8 236 10 238
8 246 17 246
8 270 9 274
8 299 12 300
8 307 8 316
8 319 9 323
7 325 8 328
8 353 9 357
8 364 17 364
8 366 8 374
8 375 12 376
8 377 9 381
8 382 17 382
8 383 8 390
8 413 12 414
8 415 12 416
8 435 9 439
8 440 11 441
8 442 17 442
8 447 9 451
8 452 9 456
8 474 15 474
8 475 15 475
8 476 9 480
8 482 12 483
8 498 9 502
8 520 9 523
8 524 12 525
8 530 12 531
8 542 12 543
8 545 9 549
8 567 8 576
8 577 12 578
8 585 12 586
8 590 9 594
8 595 9 599
8 600 9 604
8 605 9 609
8 615 9 618
8 624 9 628
8 631 9 635
8 640 17 640
8 641 17 641
8 651 17 651
8 653 8 662
8 663 8 672
8 673 8 682
8 692 17 692
8 695 9 699
8 700 17 700
8 710 12 711
8 719 8 728
8 731 17 731
8 749 9 753
8 754 17 754
8 755 17 755
8 756 12 757
8 765 12 766
8 772 8 781
8 782 12 783
8 805 9 809
8 814 12 815
8 817 12 818
8 821 17 821
8 824 10 826
8 842 17 842
8 854 9 858
8 861 17 861
8 863 17 863
8 869 9 873
8 874 8 883
8 886 10 888
9 2 10 6
9 61 13 62
9 63 13 64
9 65 16 65
9 95 10 98
9 106 18 106
9 107 18 107
9 114 10 118
9 119 16 119
9 131 10 135
9 145 9 154
9 157 13 158
9 169 13 170
9 172 13 173
9 184 18 184
9 186 12 187
9 200 13 201
9 202 13 203
9 207 10 211
9 215 13 216
9 217 18 217
9 224 9 233
9 244 18 244
9 261 13 262
9 263 13 264
9 265 18 265
9 275 13 276
9 277 13 278
9 291 17 291
9 296 13 297
9 302 13 303
9 307 9 316
9 326 17 326
9 327 10 330
9 341 13 342
9 344 11 346
9 347 10 351
9 360 18 360
9 366 13 367
9 368 9 374
9 384 13 385
9 386 10 390
9 392 11 394
9 398 18 398
9 402 10 406
9 457 10 461
9 463 13 464
9 466 18 466
9 467 18 467
9 468 13 469
9 470 18 470
9 488 13 489
9 503 10 507
9 509 18 509
9 512 18 512
9 515 13 516
9 550 10 554
9 563 18 563
9 567 9 576
7 580 16 580
9 581 13 582
9 584 18 584
9 611 18 611
9 613 13 614
9 653 10 657
9 658 10 662
9 663 9 672
9 673 10 676
9 677 13 678
9 679 18 679
9 680 13 681
9 682 16 682
9 705 13 706
9 707 13 708
9 712 13 713
9 716 13 717
9 719 9 728
9 733 11 735
9 737 11 739
9 746 18 746
9 760 13 761
9 763 13 764
9 767 9 776
9 777 10 781
9 785 10 789
9 790 10 794
9 798 10 802
9 822 13 823
9 827 12 828
9 829 13 830
9 841 18 841
9 843 10 846
9 847 13 848
9 859 18 859
9 874 9 883
10 0 19 0
10 19 14 20
10 21 14 22
10 30 14 31
10 34 14 35
10 45 19 45
10 67 11 71
10 74 19 74
10 76 19 76
10 77 11 81
10 82 14 83
10 89 14 90
10 92 19 92
10 109 14 110
10 111 14 112
10 138 11 142
10 143 10 152
10 153 13 154
10 160 14 161
10 194 11 198
10 220 14 221
10 224 10 233
10 266 11 270
10 271 12 272
10 273 14 274
10 287 14 288
10 289 14 290
10 301 19 301
10 307 10 316
10 319 11 322
10 323 14 324
10 337 13 338
10 339 14 340
10 353 11 357
10 368 19 368
10 370 11 374
10 377 11 381
10 400 19 400
10 407 19 407
10 408 19 408
10 412 17 412
10 435 11 439
10 447 10 456
10 476 11 480
10 481 19 481
10 498 14 499
10 500 19 500
10 501 19 501
10 502 19 502
10 510 19 510
10 518 14 519
10 520 19 520
10 521 14 522
10 537 14 538
10 539 14 540
10 545 11 549
10 567 10 576
10 590 10 599
10 600 14 601
10 602 14 603
10 604 18 604
10 605 14 606
10 607 14 608
10 609 19 609
10 615 19 615
10 616 19 616
10 617 19 617
8 619 17 619
10 624 11 628
10 631 11 635
10 642 14 643
10 644 19 644
10 663 10 672
10 683 14 684
10 685 14 686
10 695 11 699
10 702 19 702
10 719 11 723
10 724 11 728
10 741 13 742
10 748 11 752
10 767 10 776
10 805 11 809
10 840 19 840
10 854 11 858
10 869 11 873
10 874 11 878
10 879 19 879
10 881 14 882
10 883 19 883
10 891 14 892
11 1 12 5
11 6 20 6
11 13 15 14
11 15 20 15
11 27 20 27
11 28 15 29
11 41 15 42
11 43 15 44
11 56 20 56
11 84 15 85
11 86 15 87
11 95 12 98
11 114 15 115
11 117 15 118
11 125 20 125
11 126 20 126
11 129 15 130
11 135 20 135
11 147 11 152
11 171 20 171
11 185 20 185
11 190 15 191
11 192 20 192
11 193 20 193
11 208 12 211
11 224 11 233
11 236 20 236
11 237 15 238
11 254 15 255
11 259 20 259
11 285 15 286
11 307 11 316
11 317 15 318
11 327 15 328
11 329 15 330
11 334 15 335
8 336 17 336
11 348 15 349
11 350 15 351
11 358 15 359
11 386 12 390
11 402 12 406
11 422 13 424
11 428 15 429
11 447 12 451
11 452 11 461
11 471 15 472
11 484 15 485
11 486 15 487
11 490 20 490
11 491 12 495
11 496 15 497
11 503 12 507
11 513 20 513
11 550 12 554
11 555 15 556
11 567 11 576
11 590 11 599
11 610 20 610
11 620 15 621
11 622 15 623
11 629 15 630
11 636 15 637
11 638 20 638
11 639 20 639
11 648 15 649
11 654 15 655
11 656 12 660
11 661 12 665
11 666 11 675
11 676 18 676
11 693 15 694
11 704 17 704
11 740 20 740
11 753 20 753
11 767 11 776
11 777 12 781
11 785 12 789
11 790 12 794
11 797 15 798
11 799 15 800
11 801 20 801
11 802 13 804
11 819 15 820
11 824 13 825
11 843 15 844
11 845 13 846
11 850 14 851
11 852 14 853
11 884 13 886
11 888 20 888
12 10 16 11
12 12 21 12
12 36 16 37
12 47 13 51
12 52 16 53
12 54 16 55
12 57 16 58
12 59 21 59
12 60 21 60
12 67 16 68
12 69 13 73
12 75 21 75
12 77 13 81
12 94 19 94
12 120 14 122
12 134 21 134
12 136 13 140
12 141 16 142
13 143 16 144
11 143 12 146
12 147 13 151
12 152 21 152
12 162 16 163
12 164 18 164
12 177 21 177
12 178 21 178
12 180 16 181
12 188 15 189
12 194 13 198
11 206 14 207
12 212 16 213
12 222 12 231
12 232 14 233
12 234 21 234
12 235 21 235
14 239 16 241
11 239 13 241
12 245 21 245
12 249 21 249
12 253 21 253
12 266 13 270
12 283 16 284
12 304 12 313
12 314 16 315
12 316 21 316
12 319 14 321
12 322 21 322
12 344 16 345
12 347 21 347
12 354 21 354
12 356 16 357
12 361 16 362
12 369 21 369
12 370 13 374
12 377 14 379
12 380 21 380
12 381 21 381
12 383 21 383
12 391 16 392
12 393 18 393
12 409 19 409
12 425 16 426
12 431 13 435
12 437 13 441
12 443 16 444
12 445 16 446
12 452 16 453
12 454 16 455
12 457 16 458
12 459 16 460
12 461 21 461
12 477 16 478
12 479 16 480
12 527 16 528
12 529 21 529
12 532 21 532
12 535 16 536
12 545 13 549
12 565 12 573
12 574 16 575
12 576 21 576
12 590 12 599
12 624 13 628
12 631 13 635
12 666 13 670
12 671 13 675
11 690 15 691
12 695 13 699
12 719 13 723
12 724 16 725
12 726 13 730
12 733 16 734
12 735 21 735
12 737 16 738
12 739 21 739
12 748 13 752
14 758 21 758
11 758 13 759
12 767 13 771
12 772 13 776
12 795 16 796
12 805 13 809
12 810 15 811
12 816 21 816
12 837 16 838
12 854 13 858
12 869 12 878
13 1 14 5
13 7 17 8
13 24 17 25
13 26 22 26
13 38 17 39
11 40 20 40
13 46 22 46
13 95 17 96
13 97 17 98
7 99 16 99
13 103 17 104
13 116 22 116
13 131 22 131
13 146 22 146
13 165 17 166
13 167 17 168
13 174 17 175
13 176 22 176
13 208 17 209
13 210 17 211
13 218 22 218
13 222 13 231
13 242 22 242
13 256 17 257
13 299 17 300
13 304 13 313
13 333 22 333
13 346 22 346
13 353 22 353
13 375 17 376
13 386 14 390
13 402 14 406
13 413 17 414
13 415 22 415
13 447 14 451
13 456 22 456
13 482 17 483
13 491 14 495
13 503 14 507
13 514 22 514
13 523 17 524
13 525 22 525
13 530 17 531
13 542 21 542
13 543 15 544
13 550 14 554
13 557 22 557
13 565 14 569
13 570 17 571
13 572 16 573
13 577 22 577
13 585 17 586
13 590 13 599
13 645 22 645
13 653 22 653
13 656 13 665
13 710 17 711
13 756 17 757
13 765 17 766
13 777 13 786
13 788 22 788
13 790 22 790
13 791 17 792
13 793 17 794
13 814 22 814
13 817 17 818
13 826 14 828
13 869 13 878
14 17 23 17
14 47 18 48
14 49 18 50
14 51 21 51
14 61 15 64
14 69 15 73
14 77 18 78
14 79 18 80
14 81 23 81
14 108 23 108
14 113 23 113
14 137 23 137
14 139 18 140
14 145 23 145
14 147 15 151
16 154 18 156
14 157 23 157
14 158 18 159
14 169 18 170
14 172 18 173
14 179 20 179
18 186 22 187
13 186 17 187
14 194 15 198
14 200 18 201
14 202 18 203
14 215 18 216
14 222 14 231
14 243 23 243
14 247 23 247
14 248 23 248
14 261 18 262
14 263 18 264
14 266 15 270
14 275 15 279
14 294 15 298
14 302 15 306
14 307 15 311
14 312 23 312
14 313 23 313
14 341 18 342
14 343 23 343
14 355 23 355
14 367 23 367
14 370 18 371
14 372 18 373
14 374 23 374
14 384 18 385
14 416 18 417
16 419 17 423
16 424 21 424
14 431 15 435
14 436 18 437
14 438 18 439
14 440 18 441
14 463 18 464
14 465 23 465
14 468 18 469
14 488 18 489
14 508 22 508
14 511 23 511
14 515 18 516
14 526 23 526
14 546 23 546
14 548 23 548
14 549 23 549
14 562 23 562
14 581 23 581
14 582 18 583
14 590 15 594
14 595 15 599
14 612 18 613
14 614 23 614
14 618 23 618
14 624 15 628
14 631 15 635
14 656 14 665
14 666 14 675
14 677 23 677
14 680 22 680
14 695 15 699
14 705 15 709
14 712 17 713
14 714 23 714
14 716 15 720
14 721 17 722
14 723 21 723
14 726 15 730
14 741 16 743
14 745 23 745
14 748 18 749
14 750 18 751
14 752 23 752
14 760 18 761
14 763 18 764
14 767 17 768
14 769 14 778
14 779 15 783
14 784 18 785
14 786 23 786
14 802 15 806
14 807 18 808
14 813 23 813
14 823 16 825
14 829 18 830
14 836 23 836
14 845 16 847
14 848 23 848
14 849 23 849
14 855 22 855
14 856 23 856
13 865 22 865
14 866 18 867
14 869 14 878
14 884 18 885
14 887 23 887
14 889 23 889
15 1 19 2
15 3 19 4
15 5 24 5
15 16 22 16
15 19 16 23
15 30 24 30
15 31 16 35
15 82 19 83
15 89 17 90
15 91 24 91
15 93 24 93
15 100 19 101
15 109 19 110
15 111 19 112
15 136 24 136
14 153 15 156
15 160 19 161
15 219 15 228
15 229 19 230
15 231 17 233
15 258 24 258
15 260 24 260
13 271 17 272
15 273 19 274
15 287 19 288
15 289 23 289
15 293 24 293
15 319 17 321
15 323 19 324
15 331 19 332
14 337 18 338
15 339 18 340
15 352 24 352
15 377 18 378
15 386 19 387
15 388 19 389
15 394 24 394
15 399 24 399
15 402 16 406
14 420 15 424
15 447 16 451
15 491 16 495
15 498 19 499
15 503 16 507
15 518 24 518
15 522 24 522
15 537 16 541
15 550 16 554
15 560 19 561
15 565 19 566
15 567 24 567
15 568 19 569
15 588 19 589
15 600 19 601
15 602 24 602
15 605 24 605
15 606 19 607
15 608 24 608
15 642 19 643
15 652 22 652
15 656 15 665
15 668 15 675
15 683 16 687
15 688 19 689
15 732 21 732
15 736 24 736
15 769 15 778
15 787 24 787
15 833 24 833
15 850 16 854
15 858 24 858
15 860 24 860
15 862 24 862
15 869 15 878
15 880 19 881
15 882 24 882
15 890 24 890
15 891 24 891
15 892 19 893
16 13 20 14
16 28 20 29
16 41 20 42
16 43 20 44
16 62 20 63
16 69 17 73
16 84 20 85
16 86 25 86
16 87 25 87
16 114 23 114
16 115 25 115
16 117 20 118
16 121 25 121
16 122 20 123
16 127 25 127
16 128 20 129
16 130 25 130
16 132 25 132
16 138 25 138
16 147 17 151
16 182 20 183
16 190 18 191
16 194 17 198
16 199 23 199
15 206 19 207
16 219 16 228
16 237 25 237
16 250 20 251
16 252 25 252
16 254 20 255
16 268 20 269
16 270 24 270
16 275 17 278
16 285 20 286
16 294 17 298
16 302 20 303
16 304 20 305
16 306 20 307
16 308 20 309
16 310 20 311
16 317 20 318
16 327 20 328
16 329 20 330
16 334 20 335
16 348 23 348
16 349 24 349
16 350 24 350
16 351 24 351
16 359 25 359
16 390 25 390
16 395 24 395
16 396 25 396
16 397 25 397
16 401 25 401
18 421 25 421
16 427 17 431
16 432 20 433
16 434 20 435
16 471 20 472
16 473 25 473
16 476 25 476
18 484 20 485
18 486 25 486
16 484 17 487
16 496 20 497
16 543 20 544
16 555 20 556
16 559 24 559
16 578 20 579
16 587 24 587
16 590 16 599
16 620 16 629
16 630 17 634
16 635 20 636
16 647 24 647
16 648 19 649
16 654 16 663
16 664 20 665
16 668 16 675
16 691 25 691
16 693 17 697
16 698 20 699
16 701 25 701
16 705 20 706
16 707 25 707
16 708 20 709
16 715 17 719
16 720 25 720
16 726 17 730
16 744 22 744
16 759 25 759
16 762 23 762
16 769 20 770
16 771 16 780
16 781 20 782
16 783 25 783
16 797 25 797
16 798 20 799
16 800 21 800
16 802 17 806
16 809 18 811
16 819 20 820
16 822 25 822
15 826 17 828
16 831 25 831
16 834 20 835
16 843 20 844
16 864 25 864
16 869 16 878
17 9 19 11
17 19 18 23
17 31 18 35
17 36 26 36
17 52 21 53
17 54 21 55
17 57 21 58
17 64 18 68
17 88 26 88
17 119 21 120
17 124 25 124
17 141 26 141
17 142 26 142
17 143 19 144
17 162 21 163
17 180 20 181
16 188 18 189
17 204 21 205
17 212 21 213
17 214 26 214
17 219 17 228
17 238 21 239
17 240 26 240
17 281 18 284
17 292 26 292
17 314 26 314
17 315 26 315
17 344 21 345
17 356 19 358
17 361 21 362
17 363 25 363
17 402 18 406
18 419 26 419
17 425 21 426
17 443 17 452
17 453 21 454
17 457 26 457
17 459 21 460
17 462 26 462
17 477 19 479
17 480 26 480
17 491 18 494
17 503 18 507
17 517 25 517
17 527 21 528
17 533 18 537
17 538 21 539
17 540 21 541
17 550 18 554
17 558 26 558
17 564 26 564
17 572 19 574
17 580 26 580
17 590 17 599
17 620 17 629
17 637 26 637
17 650 26 650
17 654 17 663
15 666 19 667
17 669 26 669
17 671 18 675
17 681 18 685
17 686 26 686
17 687 26 687
17 724 21 725
17 734 26 734
17 737 21 738
17 742 26 742
17 771 17 780
17 795 21 796
17 812 23 812
17 823 21 824
17 825 26 825
17 832 24 832
17 837 26 837
17 839 26 839
17 845 26 845
17 846 26 846
17 850 18 854
17 857 26 857
17 868 18 872
17 873 18 877
17 878 26 878
18 7 22 8
18 18 27 18
18 24 22 25
18 37 22 38
18 39 27 39
18 69 19 73
18 95 20 97
18 102 22 103
18 104 22 105
18 147 19 151
18 166 27 166
18 168 25 168
18 174 22 175
18 194 22 195
18 196 20 198
18 208 27 208
18 209 22 210
18 211 27 211
18 219 19 223
18 224 22 225
18 226 27 226
18 227 22 228
18 232 22 233
18 246 27 246
18 256 22 257
18 271 27 271
18 275 19 278
18 290 22 291
18 295 19 299
18 300 27 300
18 319 22 320
18 321 24 321
18 325 22 326
18 336 27 336
18 364 22 365
18 366 27 366
18 375 22 376
18 382 27 382
18 411 20 413
18 427 19 431
18 442 18 451
18 452 27 452
19 474 28 474
16 474 18 475
18 482 22 483
18 523 22 524
18 530 22 531
18 547 27 547
18 570 27 570
18 571 27 571
18 585 27 585
18 590 18 599
18 619 22 620
18 621 22 622
18 623 19 627
18 628 22 629
18 630 27 630
18 631 22 632
18 633 22 634
18 640 22 641
18 646 27 646
18 651 27 651
18 654 18 663
18 668 27 668
18 678 27 678
18 692 19 695
18 696 22 697
18 700 27 700
18 703 21 704
18 710 19 713
18 715 19 719
18 726 19 730
18 731 27 731
18 741 27 741
18 754 22 755
18 756 22 757
18 765 22 766
18 771 18 780
18 791 22 792
18 793 22 794
18 802 19 806
18 815 27 815
18 817 22 818
18 821 27 821
18 826 27 826
18 827 22 828
18 842 27 842
18 861 27 861
18 863 27 863
19 19 23 20
19 21 23 22
19 23 28 23
19 31 20 35
19 47 23 48
19 49 23 50
19 61 28 61
19 64 20 68
19 77 23 78
19 79 23 80
19 99 28 99
19 106 22 107
19 139 23 140
19 153 21 155
19 158 23 159
19 164 23 165
19 169 23 170
19 172 23 173
19 184 25 184
19 188 20 191
19 200 23 201
19 202 28 202
19 215 23 216
19 217 28 217
19 244 28 244
19 261 20 264
19 265 23 266
19 267 28 267
19 281 20 284
19 337 20 341
19 342 28 342
19 360 28 360
19 370 22 371
19 372 22 373
19 377 21 379
19 384 23 385
19 392 22 393
19 398 28 398
19 402 20 406
19 414 28 414
19 416 23 417
18 422 21 423
19 436 19 445
19 446 20 450
19 451 28 451
19 455 28 455
19 458 28 458
19 463 23 464
19 466 20 470
19 488 28 488
19 489 28 489
19 491 23 492
19 493 23 494
17 495 25 495
19 503 23 504
19 506 28 506
19 507 28 507
19 509 28 509
19 512 28 512
19 515 22 516
19 533 20 537
19 550 20 554
19 575 28 575
19 582 23 583
19 584 28 584
19 590 19 599
19 603 23 604
19 611 23 612
19 613 28 613
19 654 19 663
19 670 23 671
19 672 23 673
19 674 21 676
19 679 28 679
19 681 20 685
19 690 28 690
21 721 28 721
18 721 20 722
19 746 20 750
19 751 28 751
19 760 23 761
19 763 23 764
18 767 22 768
19 771 19 780
19 784 23 785
19 807 20 811
19 829 23 830
19 841 28 841
19 850 23 851
19 852 23 853
19 859 28 859
19 866 20 870
19 871 22 872
19 873 22 874
19 875 23 876
19 877 28 877
20 0 21 4
20 11 28 11
20 45 29 45
20 69 21 73
20 74 29 74
20 76 29 76
20 82 24 83
18 89 22 90
20 92 29 92
20 101 29 101
20 109 24 110
20 111 24 112
20 133 29 133
20 147 21 151
20 161 28 161
20 206 24 207
20 220 24 221
20 222 29 222
20 229 22 231
20 272 21 276
20 277 24 278
16 279 20 280
20 288 29 288
20 295 21 299
20 323 29 323
20 324 28 324
20 331 24 332
20 368 29 368
20 386 29 386
20 387 22 389
20 400 28 400
20 407 23 408
20 409 24 410
20 429 28 429
20 430 24 431
20 436 21 440
20 441 21 445
20 477 29 477
20 478 22 479
20 481 27 481
20 487 29 487
20 498 21 502
20 505 29 505
20 510 28 510
20 519 29 519
20 545 29 545
20 561 29 561
20 563 29 563
20 565 24 566
20 568 24 569
20 572 24 573
20 574 29 574
20 586 29 586
20 588 20 597
20 598 29 598
20 600 24 601
20 609 27 609
20 615 24 616
20 617 29 617
20 623 21 627
20 642 24 643
20 654 20 663
20 667 29 667
20 688 24 689
20 692 22 693
20 694 22 695
20 715 21 719
20 726 21 730
20 771 21 775
20 776 21 780
20 802 24 803
20 804 24 805
20 806 29 806
20 840 29 840
20 879 29 879
20 883 24 884
20 892 24 893
21 6 30 6
21 9 30 9
21 13 25 14
21 15 30 15
21 27 25 28
21 31 22 35
21 40 22 44
21 56 30 56
21 62 22 66
21 67 25 68
21 84 25 85
21 95 22 98
21 117 25 118
21 122 30 122
21 125 25 126
21 129 30 129
21 135 30 135
21 182 25 183
21 185 30 185
21 188 22 191
21 192 24 193
21 196 25 197
21 198 30 198
21 223 30 223
23 231 30 231
21 236 30 236
21 241 30 241
21 251 30 251
21 254 25 255
21 259 30 259
21 261 25 262
21 263 25 264
21 268 25 269
21 279 22 283
21 284 25 285
21 286 30 286
21 301 21 310
21 311 30 311
21 317 25 318
21 327 25 328
21 329 25 330
21 334 30 334
21 335 30 335
21 337 25 338
21 339 25 340
21 341 30 341
21 356 23 358
21 402 25 403
21 404 23 406
21 412 25 413
21 432 23 434
21 435 28 435
21 446 25 447
21 448 24 449
21 450 29 450
21 466 22 470
21 471 30 471
21 472 30 472
21 475 30 475
21 484 25 485
21 496 25 497
21 513 29 513
21 533 22 537
21 550 25 551
21 552 22 556
21 579 30 579
21 588 21 597
21 606 25 607
21 610 27 610
21 635 25 636
21 638 25 639
20 648 24 649
21 654 21 661
23 664 25 665
21 662 22 666
21 681 22 685
21 698 25 699
21 708 25 709
21 710 23 712
21 746 22 750
21 753 27 753
21 770 30 770
21 781 24 782
21 789 30 789
21 798 25 799
21 809 25 810
21 811 30 811
21 819 25 820
21 834 25 835
21 838 30 838
21 843 25 844
21 847 30 847
21 866 22 870
21 880 30 880
22 0 23 4
22 12 31 12
22 29 31 29
22 52 26 53
22 54 26 55
22 57 30 57
22 58 26 59
22 60 31 60
22 69 23 73
22 119 31 119
22 120 31 120
22 134 29 134
20 143 24 144
22 147 25 148
22 149 31 149
22 150 26 151
22 156 31 156
22 162 26 163
22 177 26 178
21 179 23 181
22 203 26 204
22 205 31 205
22 212 26 213
22 234 26 235
22 238 26 239
22 245 27 245
22 249 26 250
22 253 31 253
22 272 23 276
22 294 23 298
22 299 31 299
22 301 22 310
22 316 31 316
22 344 31 344
22 345 31 345
22 354 31 354
22 361 26 362
22 377 23 381
22 383 28 383
22 391 31 391
22 411 31 411
22 420 31 420
22 424 23 428
22 436 22 445
22 453 31 453
22 454 31 454
22 459 26 460
22 461 31 461
22 498 23 502
22 527 26 528
22 529 31 529
22 532 31 532
22 538 26 539
22 540 26 541
22 542 26 543
22 576 31 576
22 578 31 578
22 588 22 597
22 599 31 599
22 623 23 627
22 654 23 658
22 659 26 660
22 661 31 661
22 674 24 676
22 702 24 704
22 715 23 719
22 722 23 726
22 727 25 728
22 729 26 730
22 732 26 733
22 735 28 735
22 737 26 738
22 739 26 740
22 758 31 758
22 771 22 780
22 795 26 796
22 800 25 801
22 816 28 816
22 823 26 824
22 888 31 888
23 7 27 8
23 24 27 25
23 26 32 26
23 31 24 35
23 37 27 38
23 40 24 44
23 46 32 46
23 62 24 66
23 89 32 89
23 90 32 90
20 94 29 94
23 95 27 96
23 97 32 97
23 102 27 103
23 104 24 107
23 116 29 116
23 131 32 131
23 146 32 146
23 152 32 152
23 160 32 160
23 174 32 174
23 175 27 176
23 188 27 189
23 190 32 190
23 209 32 209
23 210 32 210
23 218 27 219
23 224 27 225
23 227 32 227
23 228 32 228
23 232 27 233
23 242 32 242
23 256 27 257
23 279 24 283
23 287 32 287
23 290 27 291
23 301 27 302
23 303 24 307
23 308 29 308
23 309 27 310
23 319 27 320
23 325 27 326
23 333 32 333
23 353 32 353
23 364 27 365
23 369 24 373
23 375 27 376
23 387 27 388
23 389 28 389
23 415 32 415
23 436 23 444
23 456 32 456
23 466 32 466
23 470 30 470
23 482 27 483
23 490 32 490
23 514 25 516
23 521 32 521
23 523 27 524
23 525 32 525
23 530 27 531
23 533 24 537
23 552 24 556
23 557 32 557
23 588 23 597
23 619 27 620
23 628 27 629
23 631 27 632
23 633 32 633
23 640 27 641
23 652 27 653
23 662 27 663
23 666 32 666
23 682 24 685
23 692 24 696
23 697 32 697
23 743 27 744
23 746 27 747
23 748 27 749
23 754 27 755
23 756 27 757
23 765 32 765
23 766 32 766
23 768 27 769
23 771 23 780
23 788 32 788
23 790 24 794
23 814 32 814
23 818 32 818
23 827 32 827
23 854 27 855
23 865 32 865
23 866 32 866
23 867 23 874
24 0 25 4
24 17 32 17
24 19 28 20
24 21 28 22
24 47 28 48
24 49 28 50
22 51 31 51
24 69 25 73
24 77 28 78
24 79 28 80
24 81 33 81
24 100 33 100
24 108 33 108
24 113 28 114
24 137 33 137
24 139 28 140
24 157 28 158
24 164 28 165
24 169 25 173
24 179 33 179
24 181 33 181
24 186 28 187
24 195 33 195
24 199 28 200
24 201 33 201
24 215 28 216
24 243 33 243
24 247 28 248
24 272 25 276
24 294 28 295
24 296 28 297
24 298 31 298
24 312 28 313
24 343 33 343
24 347 28 348
24 355 28 356
24 357 33 357
24 367 33 367
24 374 33 374
24 377 25 381
24 385 33 385
23 392 27 393
24 404 25 408
24 416 28 417
22 422 26 423
24 424 33 424
24 425 28 426
24 427 28 428
24 433 28 434
24 436 25 439
26 441 35 441
24 440 25 444
23 445 32 445
24 463 28 464
24 465 33 465
24 467 33 467
24 468 28 469
24 491 28 492
24 493 28 494
24 498 25 502
24 503 28 504
23 508 32 508
24 511 33 511
24 526 33 526
24 546 29 546
24 548 28 549
24 562 29 562
24 581 28 582
24 583 33 583
24 588 24 597
24 603 28 604
24 611 28 612
24 614 33 614
24 618 33 618
24 621 25 625
24 626 27 627
24 654 25 658
24 670 26 671
24 672 33 672
24 673 32 673
28 680 33 680
24 705 28 706
24 710 24 719
24 722 25 726
24 745 33 745
24 750 33 750
24 752 33 752
24 760 33 760
24 761 28 762
24 764 33 764
24 771 24 780
24 784 27 785
24 786 33 786
24 808 33 808
24 813 33 813
24 829 28 830
24 836 33 836
24 848 25 852
24 856 33 856
24 868 26 870
24 871 25 875
24 876 33 876
24 885 33 885
24 886 28 887
24 889 33 889
25 5 34 5
23 16 32 16
25 30 26 34
25 35 34 35
25 40 29 41
25 42 34 42
25 43 34 43
25 62 26 66
25 75 34 75
25 82 29 83
25 91 34 91
25 93 34 93
25 104 27 106
25 107 34 107
25 109 29 110
25 111 29 112
25 136 33 136
25 143 29 144
25 180 34 180
25 192 27 194
25 206 29 207
25 220 34 220
28 229 34 229
23 229 27 230
25 258 33 258
25 260 34 260
25 277 29 278
25 279 26 283
24 289 32 289
25 303 26 305
25 321 29 322
25 331 29 332
27 352 36 352
25 369 26 373
25 394 29 395
25 409 34 409
25 410 34 410
25 430 29 431
25 432 34 432
23 478 27 479
25 518 34 518
25 520 34 520
25 522 34 522
25 534 29 535
25 536 34 536
25 537 34 537
25 544 34 544
25 552 26 556
25 559 29 560
25 565 26 569
25 572 34 572
25 573 34 573
25 588 26 592
25 593 26 597
25 600 29 601
25 602 34 602
25 605 34 605
25 615 29 616
25 642 29 643
25 647 29 648
25 674 29 675
25 676 29 677
23 680 27 681
25 682 28 683
25 684 29 685
25 688 34 688
25 692 29 693
25 694 33 694
25 702 27 704
25 710 25 719
25 771 25 779
25 787 34 787
25 790 26 794
25 804 29 805
25 817 34 817
25 832 27 833
25 858 32 858
25 860 34 860
25 862 34 862
25 883 34 883
25 890 29 891
25 892 29 893
26 0 27 4
26 13 30 14
26 27 30 28
26 67 35 67
26 68 35 68
26 69 27 73
26 84 30 85
26 86 30 87
26 115 35 115
26 117 29 118
26 121 35 121
26 123 27 126
26 127 30 128
26 130 35 130
26 132 35 132
26 145 35 145
26 167 27 171
26 172 30 173
26 182 30 183
26 196 30 197
26 221 35 221
26 237 35 237
26 252 34 252
26 254 30 255
26 261 35 261
26 262 35 262
26 263 35 263
26 264 35 264
26 268 28 269
25 270 31 270
26 272 27 276
26 284 30 285
26 317 30 318
26 327 35 327
26 328 30 329
26 330 35 330
26 337 30 338
26 339 30 340
27 349 30 350
25 349 26 352
26 358 30 359
26 377 27 381
26 390 35 390
26 396 29 397
26 401 30 402
26 404 30 405
26 406 30 407
26 408 35 408
26 412 30 413
26 421 34 421
26 436 27 440
26 442 35 442
26 443 30 444
26 446 30 447
25 448 29 449
26 473 35 473
26 484 30 485
26 486 32 486
26 497 27 500
26 501 30 502
26 514 27 517
26 550 30 551
25 587 34 587
26 621 27 625
26 634 30 635
26 636 35 636
26 638 30 639
26 654 27 658
26 664 30 665
26 689 35 689
26 698 29 699
26 701 33 701
26 707 26 716
26 717 30 718
26 719 30 720
26 722 30 723
26 724 30 725
26 726 28 728
26 759 35 759
26 771 26 779
25 780 27 782
26 797 30 798
28 799 35 799
28 802 35 802
26 799 27 803
26 809 30 810
26 819 29 820
26 822 35 822
26 834 30 835
26 843 30 844
26 848 30 849
26 850 35 850
26 851 35 851
26 852 35 852
26 864 35 864
26 871 27 875
27 30 28 33
27 36 36 36
27 52 31 53
27 54 31 55
27 58 31 59
27 62 28 66
27 88 36 88
27 98 36 98
27 141 31 142
26 147 30 148
27 150 31 151
27 162 31 163
27 204 36 204
27 212 31 213
27 214 36 214
27 234 31 235
27 238 31 239
27 240 36 240
27 249 36 249
27 250 36 250
27 279 28 283
27 292 31 293
27 303 31 304
27 305 36 305
25 306 29 307
27 314 31 315
27 351 36 351
27 361 29 362
26 363 35 363
27 369 31 370
27 371 31 372
27 373 36 373
27 418 31 419
27 423 36 423
27 457 36 457
27 459 31 460
27 462 36 462
26 495 30 496
27 527 29 528
27 533 36 533
27 538 28 542
27 553 31 554
27 555 31 556
27 558 36 558
27 564 28 567
27 568 31 569
27 580 36 580
27 588 27 597
27 606 36 606
27 607 36 607
27 637 36 637
27 645 36 645
27 649 31 650
27 659 31 660
27 669 29 671
27 686 31 687
27 707 27 716
27 729 31 730
27 732 30 733
27 736 28 740
27 742 33 742
27 763 36 763
27 771 28 775
27 776 30 777
27 778 30 779
27 790 28 794
27 795 31 796
24 812 33 812
27 823 36 823
27 824 31 825
27 837 36 837
27 839 36 839
27 845 31 846
27 857 36 857
27 867 36 867
27 868 31 869
27 870 32 870
27 878 36 878
28 0 29 4
28 7 32 8
28 18 37 18
28 24 32 25
28 37 32 38
28 39 36 39
28 69 29 73
28 95 32 96
28 102 29 106
28 123 30 125
28 126 37 126
28 166 29 170
28 171 35 171
28 175 32 176
28 177 32 178
28 188 32 189
28 191 32 192
28 193 37 193
28 208 37 208
28 211 37 211
28 218 37 218
28 219 37 219
28 224 32 225
28 233 37 233
28 246 37 246
28 256 32 257
28 265 37 265
28 271 29 275
28 276 36 276
28 290 32 291
28 300 32 301
28 302 37 302
28 309 32 310
28 319 32 320
28 325 37 325
28 326 37 326
28 336 37 336
28 364 32 365
28 366 37 366
28 376 29 380
28 381 32 382
28 387 37 387
28 392 37 392
28 393 33 393
28 436 29 440
28 476 37 476
28 479 37 479
28 480 32 481
28 482 32 483
28 497 31 498
28 499 31 500
28 516 37 516
28 523 32 524
28 530 32 531
28 547 37 547
28 571 37 571
28 585 37 585
28 588 28 597
28 608 30 610
28 619 32 620
28 621 32 622
28 623 32 624
28 625 29 629
28 630 32 631
28 632 37 632
28 640 37 640
28 641 37 641
28 646 37 646
28 651 32 652
28 653 29 656
28 657 32 658
28 662 32 663
28 678 35 678
28 691 37 691
28 702 37 702
28 703 32 704
28 707 29 711
28 712 37 712
28 714 37 714
28 715 32 716
28 731 34 731
28 744 37 744
28 746 37 746
28 747 32 748
28 749 37 749
28 754 32 755
28 756 32 757
28 767 37 767
28 768 32 769
28 780 37 780
28 781 29 785
28 800 32 801
28 826 35 826
28 831 30 833
28 842 36 842
28 854 37 854
28 861 37 861
28 871 29 875
29 10 33 11
29 19 30 23
29 30 30 33
29 47 33 48
29 50 38 50
29 61 30 64
29 65 33 66
29 77 33 78
29 79 33 80
29 99 38 99
29 113 33 114
29 138 33 139
29 140 38 140
29 157 36 157
29 164 33 165
26 184 35 184
29 186 38 186
29 187 38 187
29 199 32 200
29 202 38 202
29 215 33 216
29 217 38 217
29 226 38 226
29 244 38 244
29 247 33 248
29 266 30 269
29 279 30 283
29 294 33 295
29 296 38 296
29 312 33 313
29 342 38 342
29 346 31 348
29 355 33 356
29 360 38 360
29 383 33 384
29 388 33 389
29 398 31 400
29 414 36 414
29 416 32 417
29 425 30 429
29 433 33 434
29 455 38 455
29 458 38 458
29 463 33 464
29 488 33 489
29 492 33 493
29 503 33 504
29 506 33 507
29 509 33 510
29 512 38 512
29 538 30 542
29 548 33 549
29 564 38 564
29 565 33 566
29 567 38 567
29 581 33 582
29 584 37 584
29 588 29 597
29 603 33 604
29 611 33 612
29 613 38 613
29 679 38 679
29 681 31 683
29 690 38 690
29 695 33 696
29 706 38 706
29 721 38 721
29 726 33 727
29 728 38 728
29 734 30 736
29 737 30 741
29 751 35 751
29 761 38 761
29 771 30 775
29 790 38 790
29 791 31 793
29 815 33 816
29 828 33 829
29 830 38 830
29 853 38 853
29 859 38 859
29 863 38 863
29 877 36 877
29 881 33 882
29 886 33 887
30 0 31 4
30 40 34 41
30 45 39 45
30 69 34 70
30 71 34 72
30 76 36 76
30 82 34 83
30 92 38 92
30 101 31 105
30 106 39 106
30 109 34 110
30 111 34 112
30 133 34 134
30 143 34 144
29 161 38 161
30 166 31 170
30 206 34 207
30 222 39 222
30 230 39 230
30 271 31 275
30 288 39 288
30 306 32 308
30 321 34 322
30 323 38 323
29 324 38 324
30 331 32 332
30 368 39 368
30 375 31 379
30 380 39 380
30 386 37 386
30 394 31 397
30 430 34 431
30 436 31 440
30 448 39 448
30 449 32 451
30 477 39 477
30 505 39 505
30 513 34 514
30 534 34 535
30 545 34 546
30 552 39 552
30 559 39 559
30 560 32 562
30 563 39 563
30 574 37 574
30 575 39 575
30 588 30 597
30 598 39 598
30 600 34 601
30 615 34 616
30 617 39 617
30 625 31 629
30 642 34 643
30 647 34 648
30 653 32 655
30 656 39 656
30 670 33 671
30 674 39 674
30 675 32 677
30 684 32 685
30 692 33 693
30 698 32 700
30 707 34 708
30 709 39 709
30 710 39 710
30 711 39 711
30 781 31 785
30 803 31 807
30 819 32 821
30 841 39 841
30 871 31 875
30 890 34 891
30 892 34 893
31 6 40 6
31 9 38 9
31 13 35 14
31 15 40 15
31 20 33 22
31 23 40 23
31 27 34 28
31 30 32 33
31 49 40 49
31 56 35 57
31 61 35 62
31 63 34 64
31 73 40 73
31 84 40 84
31 85 35 86
31 87 40 87
31 94 40 94
33 117 40 117
30 116 32 117
31 122 35 123
31 124 35 125
31 127 40 127
31 128 35 129
31 135 40 135
31 147 35 148
31 153 40 153
31 172 35 173
31 182 35 183
31 185 40 185
31 196 40 196
31 197 40 197
31 203 40 203
31 223 40 223
31 231 35 232
31 236 40 236
31 241 40 241
31 251 40 251
31 254 35 255
31 259 40 259
31 267 34 268
31 277 31 286
31 311 40 311
31 317 35 318
31 328 35 329
31 334 35 335
31 337 35 338
31 340 40 340
31 341 40 341
31 349 40 349
31 350 40 350
31 358 35 359
31 403 33 405
31 406 35 407
31 412 33 413
31 425 40 425
31 426 35 427
31 428 40 428
29 435 38 435
31 443 38 443
31 444 38 444
31 446 34 447
31 468 33 470
31 472 40 472
31 474 34 475
31 478 40 478
31 484 35 485
31 494 40 494
31 495 35 496
31 501 35 502
31 538 32 541
31 542 35 543
31 551 40 551
31 570 40 570
31 579 40 579
31 586 40 586
31 588 31 597
31 608 33 610
31 634 35 635
31 638 35 639
31 664 35 665
31 717 35 718
31 719 35 720
31 722 40 722
31 723 39 723
31 724 34 725
31 737 35 738
31 739 35 740
31 741 40 741
28 753 37 753
31 770 35 771
31 772 40 772
31 773 40 773
31 774 40 774
31 775 33 777
31 789 40 789
31 794 40 794
31 797 35 798
31 809 40 809
31 811 40 811
31 831 32 835
31 838 40 838
31 843 35 844
31 847 35 848
31 849 40 849
31 879 35 880
32 0 36 1
32 4 41 4
32 12 41 12
32 29 41 29
32 44 41 44
32 51 33 55
32 58 36 59
32 60 41 60
32 74 41 74
32 101 33 105
32 119 36 120
32 141 35 142
32 149 36 150
32 151 41 151
32 159 41 159
32 162 36 163
32 166 41 166
32 167 41 167
32 168 34 170
32 194 41 194
32 205 41 205
32 212 36 213
32 234 36 235
32 238 41 238
32 239 41 239
28 245 37 245
32 253 41 253
32 269 34 271
32 272 36 273
32 274 36 275
32 277 32 286
32 292 36 293
32 297 34 299
32 303 36 304
32 314 36 315
32 316 40 316
32 344 33 348
32 354 41 354
30 361 34 362
32 369 36 370
32 371 36 372
32 377 39 377
32 379 41 379
32 391 41 391
32 394 33 398
32 399 36 400
32 401 41 401
32 418 36 419
32 422 41 422
32 440 41 440
32 453 41 453
32 454 41 454
32 459 36 460
32 461 41 461
32 471 41 471
32 491 41 491
32 517 41 517
32 519 41 519
30 527 34 528
32 553 36 554
32 555 36 556
32 568 36 569
32 576 41 576
32 577 41 577
32 588 32 597
32 599 41 599
32 625 33 629
32 644 41 644
32 649 36 650
32 659 36 660
32 661 41 661
32 681 36 682
32 686 36 687
32 729 36 730
33 732 36 733
33 734 41 734
31 732 32 736
32 758 41 758
31 778 35 779
32 783 33 785
32 791 36 792
32 793 41 793
32 795 41 795
32 803 33 807
32 824 36 825
32 845 35 846
32 871 33 875
32 884 41 884
32 888 41 888
33 3 42 3
33 7 42 7
33 16 42 16
33 30 42 30
33 31 37 32
33 33 42 33
27 34 36 34
33 37 37 38
33 89 37 90
33 96 37 97
33 116 42 116
30 118 39 118
33 131 42 131
33 146 42 146
33 155 42 155
33 156 42 156
33 174 34 178
33 188 37 189
33 190 42 190
33 192 41 192
33 198 35 200
33 209 37 210
33 224 36 225
33 227 37 228
33 242 42 242
33 256 42 256
33 266 42 266
33 277 33 286
33 287 42 287
33 290 42 290
33 300 37 301
33 306 34 310
33 319 37 320
33 331 35 333
33 353 41 353
33 364 37 365
33 381 37 382
33 415 35 417
33 420 42 420
33 429 42 429
33 449 42 449
33 450 41 450
33 456 42 456
33 466 42 466
33 480 37 481
33 482 37 483
33 486 37 487
32 497 33 500
33 508 42 508
33 515 42 515
33 521 42 521
33 523 37 524
33 525 41 525
33 530 37 531
33 532 42 532
33 538 37 539
33 540 37 541
33 557 42 557
33 560 35 562
33 588 34 592
33 593 34 597
33 619 34 623
33 624 42 624
33 630 37 631
33 633 42 633
33 651 37 652
33 653 42 653
33 655 42 655
33 657 37 658
33 662 36 663
33 666 37 667
33 675 35 677
33 683 35 685
33 697 37 698
33 699 42 699
33 713 42 713
33 715 37 716
33 736 42 736
33 747 37 748
33 754 34 757
33 762 42 762
33 765 42 765
33 766 42 766
33 769 42 769
33 800 37 801
33 810 42 810
33 814 42 814
33 818 37 819
33 820 37 821
33 827 42 827
33 831 34 835
33 840 42 840
33 865 37 866
33 869 37 870
34 10 43 10
34 11 41 11
33 17 42 17
34 19 43 19
34 20 38 21
34 22 43 22
34 47 38 48
34 51 35 55
34 66 43 66
34 77 35 81
34 100 35 104
34 108 43 108
34 113 38 114
34 137 38 138
34 139 43 139
34 164 38 165
34 179 43 179
34 181 43 181
34 201 43 201
34 215 38 216
34 243 42 243
34 247 38 248
34 257 38 258
34 277 34 286
33 289 41 289
34 294 38 295
34 312 38 313
34 343 38 344
34 345 38 346
34 347 38 348
34 355 43 355
34 356 38 357
34 367 43 367
34 374 43 374
34 383 38 384
34 388 38 389
34 393 38 394
34 395 43 395
34 396 38 397
34 398 43 398
34 403 38 404
34 405 40 405
34 411 36 413
34 424 43 424
34 433 38 434
34 438 43 438
34 439 43 439
34 452 43 452
34 463 38 464
34 465 43 465
34 467 43 467
34 469 38 470
34 488 37 489
34 490 43 490
34 492 38 493
34 498 43 498
34 499 38 500
34 503 38 504
34 506 38 507
34 509 36 511
34 526 43 526
34 548 38 549
34 550 43 550
34 566 43 566
34 578 43 578
34 581 38 582
34 583 42 583
34 603 38 604
34 608 43 608
34 611 38 612
34 614 43 614
34 618 43 618
34 625 35 629
34 668 35 672
33 673 42 673
34 680 43 680
36 695 45 695
34 692 35 696
34 700 38 701
34 742 38 743
34 745 43 745
34 752 43 752
34 760 43 760
34 764 43 764
32 781 36 782
34 783 38 784
34 785 38 786
34 788 43 788
34 796 43 796
34 803 35 807
34 808 40 808
34 812 38 813
34 815 43 815
34 816 43 816
34 836 43 836
34 871 35 875
34 876 43 876
34 881 43 881
34 882 43 882
34 885 38 886
34 887 43 887
34 889 43 889
35 5 44 5
35 26 37 28
35 35 44 35
35 40 39 41
35 42 44 42
35 43 44 43
35 63 37 65
35 69 39 70
35 71 39 72
35 75 44 75
35 82 39 83
35 91 44 91
35 93 44 93
35 107 44 107
35 109 39 110
35 112 44 112
35 133 44 133
35 134 44 134
34 136 43 136
35 144 44 144
35 154 44 154
35 160 44 160
35 168 44 168
35 169 39 170
35 174 36 178
35 180 43 180
35 206 39 207
35 220 44 220
35 229 44 229
35 260 44 260
35 267 37 269
35 271 44 271
35 277 35 286
35 297 39 298
35 299 43 299
35 306 36 310
35 321 44 321
35 339 44 339
35 362 44 362
35 375 39 376
35 409 39 410
35 430 39 431
35 432 42 432
35 436 44 436
35 445 37 447
35 513 44 513
35 518 41 518
35 527 44 527
35 534 44 534
35 535 37 537
35 544 39 545
35 546 44 546
35 572 39 573
35 587 36 591
35 592 39 593
35 594 39 595
35 596 39 597
35 600 44 600
35 601 44 601
35 605 43 605
35 615 39 616
35 619 36 623
35 642 39 643
35 647 44 647
35 688 44 688
35 707 39 708
35 724 39 725
35 727 44 727
35 735 44 735
35 768 44 768
35 775 44 775
35 777 44 777
35 787 44 787
35 817 43 817
35 828 44 828
35 831 36 835
33 858 42 858
35 860 44 860
35 862 44 862
35 868 44 868
35 883 44 883
35 891 39 892
35 893 44 893
36 2 45 2
36 13 40 14
36 51 37 55
36 56 45 56
36 57 45 57
36 61 40 62
36 67 40 68
36 78 45 78
36 79 38 81
36 85 40 86
36 100 40 101
36 102 40 103
36 115 45 115
36 121 37 125
36 128 40 129
36 130 44 130
36 141 38 143
36 147 40 148
36 171 40 172
36 173 45 173
36 182 40 183
36 184 45 184
36 198 45 198
36 221 45 221
36 231 40 232
36 237 45 237
35 252 44 252
36 255 45 255
36 261 40 262
36 263 40 264
36 270 45 270
36 277 45 277
36 278 40 279
36 280 45 280
36 281 37 285
36 286 45 286
36 317 40 318
36 327 37 331
36 332 40 333
36 334 40 335
36 337 40 338
36 358 38 359
36 363 45 363
36 378 45 378
36 390 43 390
36 406 40 407
36 408 45 408
36 415 38 417
35 421 44 421
36 426 40 427
36 441 40 442
36 468 45 468
36 473 44 473
35 474 39 475
36 484 40 485
36 495 40 496
36 501 40 502
36 514 45 514
36 522 45 522
36 542 45 542
36 560 38 562
36 602 45 602
36 609 45 609
36 610 45 610
39 627 45 627
36 627 38 629
36 634 40 635
36 636 43 636
36 638 40 639
36 654 45 654
36 665 45 665
36 671 40 672
38 675 40 676
36 675 37 678
36 683 40 684
36 685 45 685
36 689 43 689
36 692 40 693
36 694 45 694
36 696 45 696
36 717 40 718
36 719 40 720
36 737 40 738
36 739 45 739
36 750 40 751
36 759 45 759
36 770 40 771
36 776 45 776
36 778 40 779
36 797 40 798
36 799 45 799
36 802 37 805
36 806 40 807
36 822 45 822
36 843 40 844
36 845 37 847
36 848 45 848
36 850 40 851
36 852 41 852
36 855 45 855
36 856 45 856
36 864 45 864
36 871 37 875
36 880 43 880
37 0 41 1
37 34 46 34
37 36 45 36
37 58 41 59
37 76 41 77
37 88 46 88
37 119 39 120
37 145 46 145
37 149 41 150
37 157 41 158
37 162 41 163
37 174 38 178
37 200 46 200
37 204 46 204
37 212 41 213
37 214 43 214
37 234 46 234
37 240 46 240
37 249 41 250
37 272 41 273
37 274 39 276
37 291 41 292
37 293 46 293
37 303 41 304
37 305 43 305
37 307 40 308
37 309 40 310
37 314 40 315
37 351 46 351
37 369 46 369
37 370 46 370
37 371 41 372
37 373 46 373
37 399 41 400
37 411 39 412
37 413 41 414
37 423 46 423
37 457 44 457
37 460 45 460
37 462 46 462
37 509 39 511
37 520 46 520
37 533 46 533
37 553 46 553
37 554 46 554
37 556 46 556
37 558 46 558
37 568 41 569
37 580 43 580
37 587 41 588
37 589 46 589
37 590 41 591
37 606 41 607
37 619 38 623
37 637 45 637
37 645 46 645
37 648 39 650
37 659 41 660
37 662 38 664
37 681 41 682
37 686 41 687
37 704 46 704
37 729 41 730
37 732 41 733
37 763 46 763
37 781 45 781
37 782 45 782
37 791 40 792
37 823 41 824
37 825 46 825
37 831 41 832
37 833 41 834
37 837 46 837
37 839 44 839
37 857 46 857
37 867 46 867
37 877 41 878
37 890 46 890
38 18 43 18
38 27 47 27
38 28 47 28
38 31 46 31
38 32 46 32
38 37 42 38
37 39 44 39
38 51 39 55
38 63 42 64
38 65 45 65
38 89 42 90
38 95 42 96
38 97 42 98
38 104 47 104
38 105 47 105
38 121 39 125
38 126 47 126
38 188 42 189
38 191 47 191
38 193 47 193
38 195 47 195
38 199 47 199
38 208 42 209
38 210 41 211
38 219 47 219
37 224 41 225
38 227 42 228
38 233 47 233
38 245 42 246
38 254 47 254
38 265 47 265
38 267 40 269
38 281 39 285
38 300 42 301
38 302 47 302
38 319 42 320
38 325 39 329
38 330 42 331
38 336 47 336
38 352 47 352
38 364 42 365
38 366 47 366
38 381 42 382
38 385 42 386
38 387 47 387
38 392 47 392
38 447 47 447
38 451 47 451
38 476 47 476
38 479 39 483
38 486 39 489
38 516 47 516
38 523 42 524
38 528 40 530
38 537 42 538
38 539 42 540
38 541 45 541
38 547 44 547
38 571 47 571
38 584 42 585
38 625 47 625
38 626 47 626
38 630 42 631
38 632 47 632
38 646 47 646
38 651 42 652
38 657 41 658
38 666 39 670
38 677 42 678
38 691 47 691
38 697 42 698
38 702 44 702
38 703 47 703
38 705 47 705
38 712 47 712
38 715 42 716
35 731 44 731
38 744 43 744
38 746 42 747
38 748 41 749
38 753 47 753
38 755 42 756
38 767 47 767
38 780 47 780
38 800 39 804
38 805 47 805
38 818 42 819
38 820 42 821
36 826 45 826
38 829 47 829
38 835 47 835
37 842 46 842
38 854 47 854
38 861 47 861
38 865 42 866
38 869 39 873
38 874 42 875
39 8 43 9
39 20 48 20
39 24 43 25
39 46 43 47
39 50 48 50
39 79 43 80
39 81 48 81
39 99 48 99
39 113 43 114
39 137 43 138
39 140 42 141
39 142 43 143
39 164 48 164
39 165 48 165
39 174 40 178
39 186 43 187
39 202 48 202
39 215 43 216
39 217 43 218
39 226 48 226
39 244 48 244
39 247 48 247
39 248 48 248
39 257 43 258
39 294 41 296
39 306 48 306
39 312 43 313
39 322 48 322
39 324 48 324
39 342 40 346
39 347 43 348
39 356 43 357
39 360 43 361
39 383 43 384
39 388 43 389
39 393 43 394
39 396 43 397
39 402 41 404
39 415 41 417
39 433 42 434
39 435 48 435
39 443 41 445
39 446 48 446
39 455 48 455
39 458 48 458
39 463 43 464
39 469 43 470
39 492 43 493
39 497 48 497
39 499 43 500
39 503 43 504
39 506 41 507
39 512 48 512
39 535 48 535
39 548 48 548
39 560 41 562
39 564 43 565
39 567 47 567
39 581 43 582
39 603 43 604
39 611 43 612
39 613 47 613
39 619 43 620
39 622 43 623
39 628 43 629
39 641 48 641
39 679 48 679
39 690 48 690
39 700 43 701
39 706 48 706
39 721 46 721
39 728 48 728
39 742 43 743
39 761 48 761
39 783 43 784
39 785 43 786
39 790 47 790
39 812 43 813
39 830 47 830
40 845 43 846
38 845 39 847
39 859 48 859
39 863 48 863
39 885 43 886
40 21 49 21
40 26 49 26
40 40 44 41
40 45 48 45
40 51 41 55
40 69 44 70
40 71 44 72
40 82 44 83
39 92 48 92
40 109 44 110
40 111 49 111
40 118 41 122
40 124 44 125
40 169 44 170
40 206 49 206
40 222 49 222
40 230 48 230
40 235 49 235
40 274 42 276
40 281 41 285
40 297 44 298
39 323 48 323
40 325 41 329
40 368 49 368
40 376 44 377
40 380 49 380
40 409 44 410
40 430 44 431
40 474 44 475
40 479 41 483
40 486 49 486
40 487 49 487
40 488 44 489
40 505 49 505
40 509 42 511
40 543 44 544
40 545 49 545
40 552 49 552
40 559 49 559
40 563 49 563
40 572 44 573
38 574 47 574
40 575 47 575
40 592 44 593
40 594 49 594
40 595 49 595
40 596 49 596
40 597 44 598
40 615 44 616
40 617 49 617
40 642 43 643
40 649 49 649
40 656 48 656
42 662 44 664
39 662 41 664
40 667 49 667
40 669 49 669
40 670 49 670
40 674 49 674
40 707 41 711
40 725 49 725
40 740 49 740
40 800 41 804
40 869 41 873
40 891 44 892
41 6 50 6
41 13 43 15
41 23 50 23
41 61 45 62
41 67 48 67
41 68 50 68
41 84 50 84
41 85 45 86
41 87 50 87
41 94 50 94
41 100 45 101
41 102 45 103
41 106 50 106
41 117 48 117
41 127 45 128
41 135 48 135
41 147 45 148
41 152 45 153
41 171 50 171
41 174 45 175
41 176 45 177
41 178 50 178
41 182 45 183
41 185 50 185
41 196 45 197
41 223 50 223
41 231 45 232
41 236 49 236
41 241 50 241
41 251 50 251
41 259 49 259
41 261 44 262
41 263 45 264
41 267 43 269
41 278 45 279
44 311 50 311
43 316 47 317
41 314 42 318
41 332 45 333
41 334 45 335
41 337 45 338
41 340 42 344
41 345 45 346
41 349 45 350
39 358 43 359
41 406 45 407
41 419 50 419
41 425 45 426
41 427 45 428
41 441 50 441
41 442 50 442
41 448 50 448
41 472 50 472
41 478 50 478
41 484 43 485
41 494 45 495
41 501 45 502
41 530 45 531
41 551 47 551
41 570 50 570
41 579 50 579
41 586 50 586
41 634 43 635
41 638 50 638
41 650 50 650
41 666 50 666
41 668 50 668
41 671 45 672
41 675 45 676
41 683 50 683
41 684 50 684
41 692 45 693
41 717 50 717
41 719 45 720
40 723 49 723
41 724 50 724
41 726 50 726
41 737 45 738
41 741 50 741
41 751 50 751
41 770 42 774
41 778 45 779
41 789 49 789
41 794 48 794
41 798 50 798
41 806 43 808
41 811 50 811
41 838 50 838
41 843 45 844
41 847 50 847
41 849 45 850
41 851 50 851
42 0 51 0
42 4 51 4
42 11 46 12
42 29 51 29
42 44 48 44
42 48 51 48
42 51 43 55
42 58 46 59
42 60 51 60
42 73 46 74
42 76 51 76
42 118 43 121
42 122 46 123
42 129 51 129
42 149 51 149
42 150 46 151
42 157 51 157
42 159 51 159
42 166 45 167
42 194 51 194
42 203 51 203
42 205 51 205
42 207 51 207
44 212 51 212
42 210 43 213
42 224 51 224
42 225 51 225
42 238 46 239
42 249 46 250
42 272 46 273
42 281 43 285
42 288 46 289
42 291 46 292
42 294 51 294
42 295 51 295
42 296 51 296
42 303 51 303
41 307 45 308
41 309 43 311
42 325 43 329
42 354 51 354
42 371 46 372
42 375 51 375
42 379 51 379
42 391 51 391
42 399 46 400
42 401 51 401
42 402 51 402
42 404 51 404
40 411 44 412
42 414 51 414
42 415 46 416
42 440 50 440
42 443 46 444
42 445 50 445
42 453 46 454
42 461 49 461
42 471 51 471
42 479 43 483
42 491 51 491
42 517 46 518
42 519 51 519
42 528 51 528
42 555 51 555
42 560 46 561
42 562 51 562
42 568 46 569
42 576 45 577
42 587 51 587
42 588 51 588
42 590 46 591
42 599 51 599
42 606 46 607
42 621 51 621
42 644 51 644
44 659 46 660
42 657 43 661
42 681 45 682
42 686 51 686
42 687 51 687
42 707 43 711
42 729 46 730
42 732 46 733
42 734 51 734
42 748 44 750
42 754 51 754
42 758 47 758
41 791 45 792
42 797 51 797
42 800 43 804
42 823 46 824
42 831 51 831
42 832 46 833
42 834 51 834
42 852 46 853
42 869 45 870
42 871 46 872
42 873 51 873
42 877 46 878
42 884 51 884
42 888 51 888
43 1 52 1
43 7 52 7
43 17 52 17
43 30 52 30
43 37 47 38
43 63 50 63
43 89 47 90
43 95 47 96
43 97 47 98
43 116 52 116
43 131 47 132
43 155 52 155
43 172 52 172
43 188 45 189
43 190 49 190
42 192 51 192
43 208 47 209
43 227 47 228
43 245 47 246
43 256 52 256
43 266 52 266
43 274 47 275
43 276 52 276
43 287 52 287
43 290 52 290
43 300 47 301
43 314 47 315
43 318 45 320
43 330 47 331
43 340 44 344
42 353 51 353
43 364 47 365
43 381 47 382
43 385 47 386
43 403 52 403
43 420 52 420
43 429 52 429
43 449 52 449
42 450 51 450
43 466 52 466
43 508 51 508
43 510 47 511
43 515 50 515
43 523 47 524
42 525 51 525
43 532 52 532
43 537 47 538
43 539 47 540
43 557 52 557
43 583 47 584
43 585 52 585
43 624 52 624
43 630 47 631
43 633 52 633
43 651 47 652
43 653 52 653
43 655 52 655
43 673 52 673
43 677 47 678
43 697 47 698
43 699 52 699
43 713 47 714
43 715 52 715
43 736 50 736
43 746 51 746
43 757 52 757
43 762 52 762
43 765 52 765
43 766 52 766
43 769 44 773
43 774 52 774
43 793 52 793
43 795 52 795
43 810 50 810
43 814 52 814
43 818 47 819
43 820 52 820
43 827 52 827
43 858 52 858
43 865 47 866
43 874 47 875
44 3 53 3
44 15 48 16
44 18 48 19
44 22 53 22
44 24 52 24
44 25 52 25
44 46 48 47
44 51 45 55
44 66 53 66
44 79 48 80
44 108 53 108
44 113 48 114
44 118 48 119
44 120 48 121
44 136 45 139
43 140 47 141
44 142 48 143
44 158 53 158
44 162 53 162
44 179 48 180
44 181 53 181
44 186 48 187
44 201 50 201
44 210 48 211
44 213 48 214
44 215 48 216
44 217 48 218
43 243 52 243
44 257 48 258
44 267 48 268
44 281 48 282
44 283 48 284
44 285 52 285
44 304 48 305
44 309 53 309
44 310 53 310
44 312 47 313
44 325 45 329
44 347 46 348
44 355 45 359
44 360 48 361
44 367 52 367
44 374 51 374
44 384 53 384
44 388 53 388
44 389 48 390
44 393 45 396
44 398 53 398
41 405 50 405
44 418 53 418
44 422 53 422
44 424 52 424
46 432 48 434
44 437 46 439
44 452 49 452
44 463 47 464
44 465 53 465
44 469 47 470
44 479 45 483
44 490 53 490
44 492 48 493
44 498 48 499
44 500 53 500
44 503 53 503
44 504 53 504
42 506 46 507
44 526 53 526
44 549 53 549
44 564 48 565
44 566 50 566
44 580 48 581
44 582 53 582
44 603 53 603
44 604 48 605
44 608 53 608
44 611 53 611
44 614 53 614
44 618 48 619
44 620 53 620
44 622 53 622
44 623 51 623
44 628 48 629
44 657 48 658
44 661 53 661
45 664 53 664
44 680 53 680
44 700 48 701
44 707 45 711
44 742 47 743
44 744 47 745
44 752 50 752
44 760 53 760
44 764 53 764
44 783 53 783
44 784 53 784
44 785 48 786
44 788 53 788
44 796 53 796
44 800 45 804
44 806 48 807
44 812 48 813
44 816 47 817
44 821 53 821
44 836 52 836
44 845 48 846
44 876 52 876
44 879 48 880
44 881 48 882
44 885 48 886
44 887 51 887
44 889 53 889
45 5 54 5
45 35 54 35
45 39 47 41
45 42 54 42
45 43 54 43
45 69 49 70
45 71 49 72
45 75 54 75
45 82 49 83
45 91 54 91
45 93 54 93
45 107 54 107
45 109 49 110
45 112 54 112
45 124 49 125
45 134 51 134
45 144 54 144
45 154 53 154
45 160 54 160
45 168 49 169
45 170 54 170
45 220 54 220
45 229 54 229
45 242 54 242
45 252 49 253
45 260 47 262
45 271 54 271
45 297 49 298
44 299 53 299
45 321 54 321
45 339 49 340
45 341 49 342
45 343 49 344
45 362 53 362
45 376 49 377
45 409 46 413
45 421 54 421
45 431 53 431
43 432 45 434
45 436 52 436
45 456 49 457
48 474 57 474
45 473 47 475
45 488 49 489
45 513 54 513
45 527 54 527
45 534 54 534
45 543 49 544
45 546 48 547
45 572 49 573
45 592 49 593
45 597 49 598
45 600 49 601
45 615 49 616
44 642 47 643
45 647 49 648
45 662 49 663
45 688 54 688
45 716 54 716
45 727 54 727
45 731 54 731
45 735 54 735
45 747 49 748
45 756 54 756
45 768 54 768
45 769 46 773
45 777 54 777
45 787 52 787
45 808 49 809
45 828 50 828
45 839 49 840
45 860 54 860
45 862 54 862
45 883 54 883
45 891 54 891
45 892 49 893
46 2 54 2
46 8 55 8
46 9 50 10
46 13 55 13
46 49 55 49
46 51 49 52
46 53 47 57
46 61 50 62
46 64 50 65
46 77 50 78
46 85 50 86
46 100 48 102
46 103 55 103
46 115 55 115
46 127 50 128
45 130 54 130
46 136 55 136
46 137 50 138
46 139 55 139
46 146 49 147
46 148 55 148
46 153 55 153
46 163 55 163
46 173 47 177
46 182 50 183
46 184 53 184
46 196 55 196
46 197 50 198
46 221 54 221
46 231 50 232
46 237 55 237
46 255 55 255
46 263 50 264
46 270 55 270
46 277 50 278
46 286 55 286
46 308 55 308
46 325 47 329
46 332 55 332
46 333 55 333
46 334 50 335
46 337 50 338
46 345 54 345
46 349 50 350
46 355 47 359
46 363 55 363
46 378 55 378
46 393 55 393
46 395 55 395
44 397 53 397
46 406 50 407
46 408 55 408
46 417 55 417
46 425 50 426
46 427 50 428
46 459 49 460
46 479 50 480
46 481 50 482
46 483 55 483
49 484 55 484
44 484 48 485
46 494 50 495
46 501 50 502
46 514 55 514
46 521 50 522
46 529 50 530
46 541 50 542
46 576 48 578
46 602 55 602
46 609 55 609
46 627 53 627
44 634 46 636
46 654 54 654
46 665 55 665
46 671 50 672
46 675 49 676
46 685 54 685
44 689 53 689
46 692 50 693
46 694 50 695
46 696 55 696
46 707 50 708
46 709 50 710
46 711 55 711
46 718 55 718
46 719 50 720
46 737 50 738
46 739 55 739
46 775 50 776
46 778 50 779
46 792 55 792
46 799 49 800
46 803 54 803
46 804 55 804
46 822 55 822
46 826 53 826
46 843 50 844
46 848 50 849
46 850 55 850
46 855 55 855
46 864 55 864
46 868 48 870
47 11 50 12
47 14 56 14
47 32 51 33
47 34 56 34
46 36 55 36
47 58 51 59
47 74 56 74
47 88 55 88
47 122 51 123
47 145 56 145
47 150 56 150
47 151 56 151
46 166 50 167
47 204 56 204
47 234 56 234
47 238 51 239
47 240 56 240
47 249 51 250
47 272 51 273
47 288 51 289
47 292 51 293
47 318 56 318
47 319 56 319
47 346 49 348
47 369 48 373
47 399 51 400
47 409 51 410
47 411 56 411
47 412 56 412
47 413 56 413
47 415 51 416
47 423 54 423
47 437 51 438
47 453 51 454
47 462 56 462
47 477 56 477
47 506 56 506
47 509 56 509
47 517 51 518
47 520 56 520
47 531 56 531
47 533 53 533
47 553 51 554
47 556 56 556
47 558 56 558
47 560 51 561
47 568 51 569
47 589 51 590
47 591 56 591
47 606 51 607
47 635 51 636
46 637 55 637
47 659 51 660
46 681 50 682
47 704 56 704
47 721 51 722
47 729 51 730
47 732 51 733
47 749 56 749
47 750 56 750
47 755 56 755
47 763 55 763
47 769 48 773
51 781 56 781
46 781 50 782
47 823 54 823
47 824 51 825
47 832 51 833
47 837 56 837
47 842 56 842
47 852 51 853
47 867 55 867
47 871 50 872
47 890 55 890
48 27 52 28
47 31 56 31
48 37 52 38
48 39 50 41
48 53 52 54
48 55 52 56
48 57 57 57
48 89 52 90
48 95 52 96
48 97 52 98
48 104 57 104
48 131 52 132
48 140 57 140
48 156 57 156
48 173 49 177
50 188 57 188
46 188 49 189
48 191 57 191
48 193 57 193
48 195 57 195
48 199 50 200
48 208 57 208
48 209 57 209
48 219 54 219
48 227 52 228
48 233 56 233
48 245 52 246
48 254 54 254
48 261 52 262
48 265 54 265
48 274 52 275
48 280 57 280
48 300 57 300
48 301 57 301
48 302 57 302
50 314 57 314
48 312 49 316
48 325 49 328
48 330 52 331
48 336 57 336
48 351 52 352
48 355 49 359
48 364 52 365
48 366 57 366
48 381 52 382
48 383 57 383
48 385 52 386
48 387 57 387
48 392 57 392
48 396 57 396
49 432 57 432
48 439 57 439
48 443 57 443
48 447 57 447
48 467 49 470
48 473 57 473
48 476 57 476
48 496 57 496
48 510 52 511
48 516 56 516
48 523 52 524
48 536 52 537
48 538 52 539
48 540 57 540
48 550 52 551
48 571 57 571
48 574 52 575
48 583 57 583
48 612 52 613
48 625 52 626
48 630 52 631
48 632 57 632
48 640 57 640
48 646 57 646
48 651 57 651
48 652 57 652
48 677 52 678
48 691 57 691
48 697 57 697
45 702 53 702
48 705 57 705
48 712 52 713
48 714 57 714
48 753 57 753
48 758 52 759
48 767 57 767
48 790 52 791
48 801 52 802
48 805 57 805
48 815 49 819
48 829 52 830
48 835 57 835
48 854 57 854
48 861 54 861
48 865 52 866
48 874 52 875
49 15 53 16
49 19 53 20
49 46 53 47
49 50 57 50
49 79 53 80
49 81 58 81
49 92 58 92
49 99 53 100
49 101 53 102
49 113 53 114
49 117 53 118
49 120 53 121
49 141 51 143
49 164 53 165
49 179 53 180
49 186 53 187
49 210 53 211
49 213 50 217
49 218 58 218
49 226 57 226
49 244 58 244
49 247 53 248
49 257 52 258
49 267 58 267
49 281 52 282
49 283 52 284
49 305 53 306
49 320 58 320
49 322 53 323
49 324 58 324
49 360 53 361
49 369 50 373
49 390 58 390
49 433 53 434
49 446 58 446
49 455 58 455
52 463 56 464
48 463 51 464
49 475 58 475
49 485 58 485
49 492 53 493
49 497 53 498
49 499 58 499
49 512 58 512
49 535 58 535
49 548 58 548
49 564 58 564
48 567 56 567
49 576 53 577
49 580 53 581
49 604 58 604
49 618 53 619
49 628 53 629
49 641 58 641
48 642 52 643
49 657 53 658
49 679 58 679
49 690 58 690
49 700 53 701
49 706 58 706
49 728 56 728
50 742 53 743
50 744 58 744
48 742 49 745
49 761 58 761
49 769 50 773
49 780 58 780
49 785 58 785
49 806 53 807
49 812 53 813
49 845 53 846
49 856 58 856
49 859 58 859
49 863 56 863
49 868 53 869
49 877 50 881
49 882 57 882
49 885 53 886
50 26 57 26
53 45 59 45
50 69 51 73
50 82 54 83
50 109 59 109
50 110 54 111
50 119 59 119
50 124 59 124
50 168 54 169
50 173 51 177
50 189 54 190
50 202 59 202
50 206 59 206
50 222 59 222
49 230 58 230
54 235 58 236
50 252 59 252
50 259 54 260
50 297 54 298
50 307 59 307
50 312 54 313
50 315 59 315
50 325 58 325
48 329 57 329
50 339 51 343
50 344 57 344
50 346 54 347
50 348 59 348
50 355 51 359
50 368 59 368
50 376 58 376
50 377 59 377
50 394 59 394
50 430 59 430
50 451 54 452
50 456 54 457
50 458 51 461
50 467 52 469
50 470 59 470
50 487 54 488
50 489 59 489
50 543 58 543
50 544 58 544
50 545 58 545
49 546 53 547
50 552 59 552
50 559 59 559
50 563 58 563
50 572 54 573
50 578 59 578
50 592 51 596
50 597 54 598
50 600 54 601
50 610 59 610
50 615 54 616
50 617 57 617
50 645 59 645
50 647 59 647
50 648 54 649
49 656 58 656
50 662 54 663
50 667 59 667
50 669 54 670
50 674 52 676
50 698 59 698
50 703 59 703
50 723 59 723
50 725 59 725
50 740 57 740
50 748 59 748
50 808 59 808
50 809 59 809
50 815 51 819
50 839 59 839
50 892 54 893
51 6 60 6
51 9 60 9
51 10 53 12
51 21 60 21
51 23 59 23
51 39 55 40
51 41 59 41
50 51 54 52
51 61 60 61
51 62 60 62
51 63 53 65
49 67 58 67
51 68 57 68
51 77 55 78
51 84 55 85
51 86 55 87
51 94 60 94
51 105 55 106
51 125 60 125
51 127 55 128
49 135 58 135
51 137 55 138
50 146 54 147
51 152 60 152
51 161 60 161
51 171 60 171
51 178 60 178
51 182 53 183
51 185 58 185
51 197 55 198
51 213 52 217
51 223 60 223
51 231 55 232
50 235 53 236
51 241 60 241
51 251 59 251
51 263 55 264
51 277 54 278
51 304 60 304
51 311 59 311
51 334 55 335
51 338 60 338
51 349 55 350
51 369 52 373
51 380 60 380
51 389 60 389
51 405 60 405
51 406 55 407
51 419 60 419
51 425 55 426
51 427 55 428
51 440 55 441
51 442 60 442
51 444 55 445
51 448 57 448
51 472 60 472
51 478 60 478
51 480 60 480
51 481 60 481
51 494 55 495
51 501 60 501
51 502 60 502
51 521 55 522
51 541 55 542
51 565 55 566
51 570 60 570
51 586 60 586
51 638 55 639
51 650 60 650
51 666 60 666
51 668 60 668
51 671 54 672
51 681 55 682
51 683 60 683
51 692 55 693
51 694 55 695
51 707 55 708
51 709 55 710
51 717 60 717
51 719 55 720
51 724 59 724
51 726 59 726
51 736 55 737
51 738 60 738
51 741 57 741
51 751 55 752
51 769 52 773
51 775 60 775
51 776 60 776
51 778 55 779
50 789 59 789
49 794 58 794
51 798 60 798
50 799 54 800
51 811 60 811
51 838 60 838
51 841 60 841
51 843 55 844
51 847 55 848
51 849 60 849
51 851 60 851
51 870 53 872
51 877 52 881
52 4 61 4
52 29 61 29
52 32 61 32
52 33 61 33
49 44 52 45
52 48 61 48
52 58 56 59
52 60 60 60
52 69 53 73
52 76 60 76
52 122 56 123
52 129 61 129
52 141 61 141
52 142 56 143
52 149 58 149
52 159 61 159
52 173 53 177
52 192 57 192
52 194 59 194
52 205 60 205
52 207 61 207
52 212 61 212
52 224 56 225
52 238 56 239
52 249 54 250
52 269 61 269
52 272 61 272
52 273 61 273
52 288 56 289
52 291 54 293
52 294 58 294
52 296 61 296
52 303 61 303
52 339 53 343
52 353 53 357
52 358 56 359
52 374 54 375
52 379 61 379
54 399 56 401
52 399 53 402
52 409 61 409
52 414 56 415
52 437 56 438
52 450 61 450
52 453 56 454
52 459 61 459
52 460 56 461
52 471 61 471
52 486 61 486
52 491 61 491
52 505 61 505
52 507 56 508
52 517 56 518
52 519 61 519
52 525 61 525
52 528 61 528
52 529 61 529
52 553 56 554
52 555 61 555
52 560 61 560
52 561 56 562
52 568 56 569
52 587 56 588
52 589 61 589
52 590 61 590
52 592 56 593
52 594 56 595
52 596 60 596
52 599 61 599
52 605 56 606
52 607 61 607
52 621 61 621
52 644 57 644
52 659 61 659
52 686 56 687
52 722 61 722
52 729 56 730
52 732 56 733
52 734 61 734
52 745 56 746
52 754 57 754
52 797 60 797
52 815 53 819
52 824 54 825
52 831 61 831
54 832 56 834
52 832 53 834
52 852 56 853
52 873 61 873
52 884 61 884
52 887 56 888
53 0 57 1
53 7 62 7
53 17 57 18
53 27 57 28
53 30 61 30
53 37 57 38
53 53 57 54
53 55 57 56
53 89 57 90
53 95 57 96
53 98 62 98
53 116 62 116
53 131 62 131
54 199 63 199
51 199 53 201
53 213 56 214
53 215 56 216
53 217 60 217
53 227 57 228
53 245 57 246
53 256 62 256
53 261 57 262
53 266 58 266
53 274 57 275
53 276 62 276
53 287 62 287
53 317 62 317
53 330 57 331
53 337 62 337
53 351 61 351
53 352 62 352
53 364 62 364
53 365 62 365
53 369 57 370
53 372 62 372
53 381 57 382
53 385 57 386
53 403 62 403
53 420 61 420
53 429 62 429
53 435 57 436
53 449 62 449
53 466 57 467
53 468 57 469
53 479 62 479
53 510 57 511
51 515 60 515
53 523 57 524
53 530 62 530
53 532 62 532
53 536 57 537
53 538 57 539
53 550 57 551
53 557 62 557
53 574 57 575
53 584 57 585
53 612 57 613
53 624 57 625
53 626 62 626
53 630 57 631
53 636 62 636
53 642 62 642
53 653 62 653
53 655 62 655
53 673 54 677
53 699 61 699
53 712 57 713
53 715 61 715
53 757 57 758
53 759 62 759
53 762 62 762
53 765 57 766
53 769 57 770
53 772 57 773
53 774 62 774
53 786 57 787
53 790 57 791
53 793 62 793
53 795 62 795
51 810 60 810
53 814 62 814
53 820 59 820
53 829 57 830
53 857 57 858
53 865 57 866
53 874 62 874
53 875 54 879
53 880 57 881
54 3 63 3
54 10 58 11
54 12 63 12
54 15 58 16
54 19 58 20
54 22 60 22
53 24 57 25
54 44 63 44
54 47 62 47
54 63 63 63
54 64 63 64
54 66 63 66
54 69 55 73
54 79 58 80
54 99 58 100
54 101 58 102
54 113 58 114
54 117 58 118
54 154 57 155
54 157 57 158
54 162 63 162
54 164 58 165
54 172 63 172
54 173 63 173
54 174 63 174
54 175 63 175
54 176 58 177
54 179 56 181
54 186 58 187
54 201 63 201
54 203 63 203
54 210 58 211
54 243 63 243
54 247 58 248
58 257 62 258
53 257 57 258
53 281 54 285
54 299 63 299
54 306 63 306
54 309 58 310
54 322 58 323
54 339 55 343
54 353 55 357
54 360 63 360
54 361 57 362
53 367 62 367
54 384 63 384
54 388 62 388
54 397 58 398
54 402 63 402
54 410 63 410
54 416 63 416
54 418 63 418
53 424 62 424
54 433 58 434
54 465 63 465
54 490 61 490
54 492 63 492
54 493 63 493
54 498 60 498
54 500 63 500
54 503 58 504
54 526 62 526
54 546 58 547
54 576 58 577
54 579 58 580
54 581 58 582
54 603 63 603
54 608 63 608
54 611 63 611
54 614 63 614
54 618 57 619
54 620 61 620
54 622 63 622
52 623 61 623
54 627 56 629
54 633 63 633
54 658 63 658
54 660 58 661
54 664 61 664
54 680 59 680
54 689 62 689
54 700 56 702
54 742 58 743
54 747 63 747
54 760 61 760
54 782 58 783
54 788 63 788
54 796 63 796
54 806 58 807
54 812 58 813
54 815 55 819
54 821 63 821
54 826 58 827
53 836 62 836
54 845 58 846
54 868 55 872
54 886 63 886
55 5 64 5
55 35 64 35
55 42 59 43
55 51 59 52
55 65 64 65
55 75 64 75
55 82 59 83
55 91 64 91
55 93 64 93
55 107 59 108
55 110 64 110
55 112 64 112
55 120 59 121
55 126 64 126
55 130 62 130
52 134 61 134
55 144 64 144
55 146 59 147
55 160 64 160
55 166 56 170
55 190 64 190
58 220 64 220
55 229 64 229
55 242 62 242
55 253 59 254
55 259 63 259
55 271 64 271
55 277 57 279
55 281 56 285
55 290 57 292
55 297 59 298
55 312 59 313
55 321 62 321
55 345 59 346
55 347 64 347
55 373 57 375
55 391 64 391
55 421 64 421
55 422 59 423
54 431 63 431
55 451 58 452
55 456 58 457
55 482 64 482
55 487 59 488
55 513 64 513
55 527 62 527
55 534 63 534
55 572 59 573
55 597 59 598
55 600 64 600
55 601 64 601
55 615 63 615
55 648 59 649
55 662 59 663
56 669 59 670
56 673 58 675
55 669 55 678
55 684 59 685
55 688 64 688
55 716 64 716
55 727 64 727
55 731 62 731
55 735 64 735
55 756 64 756
55 768 64 768
55 771 64 771
55 777 63 777
55 784 64 784
55 799 56 803
51 828 60 828
55 840 64 840
55 860 57 862
55 875 59 876
55 877 59 878
55 879 64 879
55 883 64 883
55 891 64 891
55 892 59 893
55 2 63 2
56 8 63 8
56 13 65 13
56 36 64 36
56 39 59 40
56 49 63 49
56 69 57 73
56 78 65 78
56 84 57 88
56 97 65 97
56 103 61 103
56 105 65 105
56 115 65 115
56 127 60 128
56 136 64 136
56 137 60 138
56 139 64 139
56 148 64 148
56 153 65 153
57 182 60 183
54 182 56 184
56 196 60 197
56 198 63 198
56 200 65 200
55 219 57 221
56 231 60 232
56 237 64 237
56 255 64 255
56 263 60 264
56 270 64 270
56 286 65 286
56 295 65 295
56 308 65 308
56 316 65 316
56 327 65 327
56 332 60 333
56 334 60 335
56 339 57 343
56 349 60 350
56 353 57 357
56 363 65 363
56 393 65 393
56 395 65 395
56 406 60 407
56 408 65 408
56 417 63 417
56 425 60 426
56 427 60 428
56 440 60 441
56 444 60 445
56 458 65 458
56 483 60 484
56 494 60 495
56 514 64 514
56 521 59 522
56 541 59 542
56 565 65 565
56 602 64 602
56 609 65 609
56 634 60 635
56 637 65 637
56 638 60 639
55 654 62 654
56 665 65 665
56 671 59 672
56 676 65 676
56 681 60 682
56 692 58 694
56 695 63 695
56 707 57 711
56 718 65 718
56 719 65 719
56 720 65 720
56 736 60 737
56 739 65 739
56 763 60 764
56 778 60 779
56 792 64 792
56 804 65 804
56 815 57 819
56 822 65 822
56 843 60 844
56 847 60 848
56 850 65 850
56 855 65 855
56 868 57 872
56 889 60 890
57 14 66 14
57 34 65 34
57 58 61 59
57 74 63 74
57 77 66 77
57 106 66 106
57 122 61 123
57 142 61 143
57 145 64 145
57 151 66 151
57 166 61 167
57 168 61 169
57 179 66 179
57 180 61 181
57 189 66 189
57 204 66 204
57 224 61 225
57 233 61 234
57 238 61 239
57 240 66 240
55 249 59 250
57 281 58 285
57 288 61 289
57 305 66 305
57 319 66 319
57 328 66 328
57 358 61 359
57 378 66 378
57 399 59 401
57 411 58 415
57 437 61 438
57 454 66 454
57 460 61 461
57 462 66 462
57 464 66 464
57 477 65 477
57 506 61 507
57 508 61 509
57 517 61 518
57 520 66 520
57 531 66 531
54 533 63 533
57 553 61 554
57 556 66 556
57 558 66 558
57 561 61 562
57 566 61 567
57 568 61 569
57 587 61 588
57 591 58 595
57 605 60 606
57 627 59 629
57 657 66 657
57 686 61 687
57 700 59 702
57 704 62 704
57 728 61 729
57 730 62 730
57 732 61 733
57 745 66 745
57 749 61 750
57 755 66 755
57 781 66 781
57 799 60 800
57 802 61 803
55 823 57 825
57 832 66 832
57 834 66 834
57 837 66 837
57 842 66 842
57 852 61 853
57 863 61 864
56 867 64 867
57 885 66 885
57 887 65 887
58 0 62 1
58 17 62 18
58 24 59 28
58 37 62 38
58 53 59 57
58 69 59 73
58 84 59 88
58 89 62 90
58 95 62 96
58 104 67 104
58 111 67 111
58 140 66 140
60 155 64 156
58 163 67 163
58 170 67 170
58 188 66 188
58 191 66 191
58 192 62 193
58 208 62 209
59 213 62 214
57 213 58 216
58 219 67 219
58 221 67 221
58 227 62 228
58 245 62 246
58 260 62 261
58 262 64 262
55 265 64 265
58 268 67 268
58 274 62 275
58 277 62 278
58 279 62 280
58 290 67 290
58 291 62 292
58 300 62 301
58 302 67 302
58 314 67 314
58 329 62 330
58 331 66 331
58 336 65 336
58 339 62 340
58 341 67 341
58 342 67 342
58 343 62 344
58 353 59 357
58 366 64 366
58 369 62 370
58 371 67 371
58 373 62 374
58 381 62 382
58 383 64 383
58 385 62 386
58 387 67 387
58 392 65 392
58 396 65 396
58 432 67 432
58 435 62 436
58 439 66 439
58 443 65 443
58 447 62 448
58 466 62 467
58 468 61 469
58 473 66 473
58 476 63 476
58 496 67 496
58 510 62 511
57 516 66 516
58 536 67 536
58 537 62 538
58 539 67 539
58 549 62 550
58 551 64 551
58 571 67 571
58 574 62 575
58 583 62 584
58 585 67 585
58 612 62 613
58 616 59 619
58 624 62 625
58 630 62 631
58 632 67 632
58 640 65 640
58 643 62 644
58 646 66 646
58 651 62 652
58 678 67 678
58 691 67 691
58 697 67 697
58 705 67 705
58 707 59 711
58 712 62 713
58 714 67 714
58 721 67 721
58 753 62 754
58 757 67 757
58 758 67 758
58 765 62 766
58 767 64 767
58 772 62 773
58 786 62 787
58 790 62 791
58 805 65 805
58 816 62 817
58 818 66 818
58 823 62 824
58 825 67 825
58 829 62 830
58 835 67 835
58 854 65 854
58 857 62 858
58 860 60 862
58 865 66 865
58 868 62 869
58 872 66 872
58 880 67 880
58 881 62 882
59 10 63 11
59 15 63 16
59 19 63 20
59 31 68 31
58 50 67 50
59 67 67 67
59 79 63 80
59 81 68 81
59 92 68 92
59 99 63 100
59 101 63 102
59 113 63 114
59 117 63 118
59 132 63 133
59 149 63 150
60 154 69 154
58 154 59 158
59 164 63 165
59 176 68 176
59 184 61 186
59 210 62 211
59 215 68 215
58 226 67 226
59 230 68 230
59 244 68 244
59 247 62 248
59 266 63 267
59 281 60 285
59 293 63 294
59 309 63 310
59 320 68 320
59 322 63 323
59 324 63 325
58 361 62 362
59 375 63 376
59 390 66 390
59 397 63 398
60 401 68 401
59 411 63 412
59 414 63 415
59 433 63 434
59 446 68 446
59 451 61 453
59 455 66 455
57 463 66 463
59 485 68 485
59 499 68 499
59 503 68 503
59 504 68 504
59 512 68 512
59 535 67 535
61 546 68 546
59 543 60 547
59 564 68 564
59 576 63 577
59 580 63 581
59 582 64 582
59 591 60 595
59 641 68 641
59 656 68 656
59 661 66 661
59 692 68 692
59 693 63 694
59 706 66 706
59 742 63 743
59 744 68 744
59 752 68 752
59 761 68 761
59 769 68 769
59 780 68 780
59 782 68 782
59 785 67 785
59 794 66 794
59 806 63 807
59 812 62 813
59 815 68 815
59 819 68 819
59 826 63 827
59 845 63 846
59 856 68 856
59 859 68 859
59 871 68 871
59 888 68 888
60 23 61 27
60 28 69 28
62 42 69 42
60 39 61 43
60 45 67 45
60 51 61 55
60 56 64 57
60 69 61 73
60 82 63 83
60 84 61 88
60 107 64 108
60 109 69 109
60 119 64 120
60 121 69 121
60 146 64 147
60 157 64 158
60 194 64 195
60 202 69 202
60 206 68 206
60 222 67 222
60 235 69 235
60 249 61 253
60 254 69 254
60 298 69 298
60 307 65 307
60 312 64 313
60 315 67 315
60 318 69 318
60 348 69 348
60 353 61 357
60 368 69 368
60 377 66 377
60 394 69 394
60 422 64 423
60 430 69 430
64 456 70 456
59 456 63 457
60 487 64 488
60 489 69 489
60 521 62 523
60 540 62 542
60 552 66 552
60 559 66 559
59 563 68 563
60 572 64 573
60 578 68 578
60 597 64 598
60 610 69 610
60 616 64 617
60 618 64 619
60 627 64 628
60 629 69 629
60 645 66 645
60 647 64 648
60 649 69 649
60 662 64 663
60 667 69 667
61 669 64 670
61 673 64 674
60 669 60 675
60 679 64 680
60 684 64 685
60 698 67 698
60 700 64 701
60 709 64 710
60 723 64 724
60 725 69 725
63 740 72 740
60 748 69 748
60 751 69 751
60 783 69 783
60 789 69 789
60 808 64 809
60 839 66 839
60 870 69 870
60 875 63 876
60 877 64 878
60 892 64 893
61 6 70 6
61 21 65 22
61 61 65 62
58 68 67 68
61 94 70 94
61 124 65 125
61 127 65 128
61 137 64 138
61 152 66 152
61 171 69 171
61 178 70 178
61 182 65 183
61 196 65 197
61 216 70 216
61 217 65 218
61 223 67 223
61 231 65 232
61 263 65 264
61 281 62 285
61 297 70 297
61 304 70 304
60 311 68 311
61 334 65 335
61 338 70 338
61 345 65 346
61 349 65 350
61 380 66 380
61 389 66 389
61 404 62 407
61 419 69 419
61 425 65 426
61 427 65 428
61 440 65 441
61 444 65 445
61 472 70 472
61 478 69 478
61 480 69 480
61 484 70 484
61 494 63 495
61 497 65 498
61 501 65 502
61 515 70 515
61 524 70 524
61 543 65 544
61 545 68 545
61 547 69 547
61 570 67 570
61 586 67 586
61 591 70 591
61 592 70 592
61 593 65 594
61 595 65 596
61 604 63 606
61 634 70 634
61 635 70 635
61 638 65 639
61 650 70 650
61 666 69 666
61 668 69 668
61 671 65 672
61 681 64 682
61 683 70 683
61 707 65 708
61 717 70 717
60 726 69 726
61 736 70 736
61 738 67 738
58 740 62 741
61 763 65 764
61 775 65 776
61 778 65 779
63 798 72 798
61 797 62 801
61 810 65 811
61 833 70 833
61 838 67 838
61 841 66 841
61 843 65 844
61 847 65 848
61 849 67 849
61 851 70 851
61 860 70 860
61 861 65 862
61 890 69 890
62 4 68 4
62 23 66 24
62 25 71 25
62 26 66 27
62 29 66 30
62 39 66 40
62 41 71 41
62 48 69 48
62 51 63 55
61 60 69 60
62 69 63 73
61 76 70 76
62 84 63 88
62 122 66 123
62 129 71 129
62 134 71 134
62 141 66 142
62 143 69 143
62 159 71 159
62 166 66 167
62 168 65 169
62 180 66 181
61 205 68 205
62 207 71 207
62 224 66 225
62 233 66 234
62 238 66 239
62 250 66 251
62 252 66 253
62 269 70 269
62 272 69 272
62 273 71 273
62 288 66 289
62 296 70 296
62 303 67 303
62 326 71 326
62 332 71 332
62 353 66 354
62 355 63 359
62 379 71 379
65 399 72 399
60 399 64 400
62 409 71 409
62 437 66 438
62 442 71 442
62 450 66 451
62 452 66 453
62 459 65 460
62 461 71 461
62 468 64 470
62 471 71 471
62 483 71 483
62 486 68 486
62 490 65 491
62 505 63 509
62 517 66 518
62 519 71 519
62 525 71 525
62 528 66 529
62 553 66 554
62 555 68 555
62 560 66 561
62 562 70 562
62 566 66 567
62 568 66 569
62 587 66 588
62 589 66 590
62 599 71 599
62 607 71 607
62 620 65 621
62 623 67 623
62 659 71 659
62 677 71 677
62 686 66 687
62 722 71 722
62 728 71 728
62 732 66 733
62 734 68 734
62 749 66 750
62 802 71 802
62 803 71 803
62 828 71 828
62 831 71 831
62 852 66 853
62 863 66 864
62 873 71 873
62 884 68 884
62 889 71 889
63 0 67 1
63 7 71 7
63 17 72 17
63 18 72 18
63 37 67 38
63 46 67 47
63 58 67 59
63 89 66 90
63 95 67 96
63 98 68 98
63 116 72 116
63 131 72 131
65 155 72 155
63 161 72 161
63 186 67 187
63 192 66 193
63 208 67 209
63 210 64 214
63 227 67 228
63 241 67 242
63 245 67 246
63 247 65 249
63 256 72 256
63 260 67 261
63 274 67 275
63 276 63 285
63 287 72 287
63 291 67 292
63 300 67 301
63 317 68 317
63 329 67 330
63 333 72 333
63 337 70 337
63 339 72 339
63 340 72 340
63 343 71 343
63 344 71 344
62 351 69 351
63 352 72 352
63 361 67 362
63 364 66 365
63 367 72 367
63 369 67 370
63 372 71 372
63 381 67 382
63 385 67 386
63 403 67 404
63 406 72 406
63 407 72 407
62 420 69 420
63 424 70 424
63 429 72 429
63 435 67 436
63 447 65 449
63 466 67 467
63 479 69 479
63 511 72 511
63 521 65 523
63 530 69 530
63 532 72 532
63 537 67 538
63 540 72 540
63 549 69 549
63 557 72 557
63 574 67 575
63 583 65 584
63 612 67 613
63 624 67 625
63 626 72 626
63 631 72 631
63 636 72 636
63 642 67 643
63 644 72 644
63 651 67 652
63 653 67 654
63 655 71 655
63 675 72 675
63 689 67 690
62 699 71 699
63 703 66 704
63 712 67 713
62 715 71 715
63 729 67 730
63 741 72 741
63 753 72 753
63 759 72 759
63 762 69 762
63 766 68 766
63 772 67 773
63 774 71 774
63 786 72 786
63 787 69 787
63 790 66 791
63 795 72 795
63 797 72 797
63 799 72 799
63 800 72 800
63 801 72 801
66 814 72 814
63 817 72 817
60 820 69 820
63 823 67 824
63 829 72 829
63 830 72 830
63 857 67 858
63 868 67 869
63 881 67 882
64 2 68 3
64 8 65 12
64 15 68 16
64 19 68 20
64 51 72 51
64 53 68 54
64 55 72 55
64 63 71 63
64 66 72 66
64 69 68 70
64 71 68 72
64 73 68 74
64 79 68 80
64 84 65 88
64 99 68 100
64 101 68 102
64 117 67 118
64 149 68 150
64 162 72 162
64 164 68 165
64 172 68 173
64 174 68 175
64 184 68 185
64 198 68 199
64 201 72 201
64 203 72 203
63 257 72 257
64 258 68 259
64 266 67 267
64 276 64 285
64 293 68 294
64 299 72 299
64 306 71 306
64 309 68 310
64 322 68 323
64 324 68 325
64 355 65 358
64 360 72 360
64 375 68 376
63 388 72 388
64 397 68 398
64 402 72 402
64 411 72 411
64 413 65 417
64 418 69 418
64 433 68 434
64 465 72 465
64 475 68 476
64 493 66 495
64 500 72 500
64 505 68 506
64 508 72 508
63 526 67 527
64 533 68 534
64 576 68 577
64 579 68 580
64 603 66 605
64 606 72 606
64 608 72 608
64 611 72 611
64 614 68 615
64 633 72 633
64 658 71 658
62 664 69 664
64 693 66 695
64 742 68 743
64 746 67 747
62 760 69 760
64 788 69 788
64 796 72 796
64 806 68 807
63 812 65 814
64 821 72 821
64 826 68 827
64 845 68 846
64 874 66 876
64 886 72 886
65 5 71 5
65 35 68 36
65 56 69 57
65 65 72 65
65 75 72 75
64 82 68 83
65 93 72 93
65 107 69 108
65 119 69 120
63 130 72 130
65 135 66 139
65 144 69 145
65 146 67 148
65 158 72 158
65 190 72 190
65 194 69 195
65 210 66 214
65 220 72 220
65 229 72 229
65 236 69 237
65 265 72 265
65 270 69 271
65 276 65 285
65 312 68 313
63 321 72 321
65 347 71 347
65 383 69 384
65 391 72 391
65 421 69 422
65 423 72 423
65 468 69 469
65 481 69 482
65 487 69 488
65 513 68 514
65 550 69 551
65 572 69 573
65 581 69 582
65 597 67 598
65 600 71 600
65 601 69 602
65 617 68 618
65 648 72 648
65 662 69 663
65 669 69 670
65 673 69 674
65 680 69 681
65 684 69 685
65 688 72 688
65 700 69 701
65 709 68 710
65 723 69 724
65 727 72 727
63 731 71 731
65 756 72 756
65 768 71 768
65 770 69 771
64 777 71 777
65 792 69 793
65 808 69 809
65 840 72 840
65 866 69 867
65 877 69 878
65 879 72 879
65 883 72 883
65 891 69 892
65 893 72 893
66 8 67 12
66 21 70 22
66 32 68 34
64 49 72 49
66 61 70 62
66 84 67 88
66 97 72 97
62 103 71 103
66 124 67 128
66 153 72 153
66 182 70 183
66 196 68 197
66 231 70 232
66 247 70 248
65 255 72 255
66 263 70 264
66 276 66 284
66 285 70 286
66 307 70 308
66 327 72 327
66 334 68 336
66 349 69 350
66 355 70 356
66 357 70 358
64 359 72 359
66 392 70 393
66 395 69 396
66 408 72 408
66 412 67 415
66 416 69 417
66 425 70 426
66 427 70 428
66 440 70 441
66 444 68 445
66 457 67 460
66 490 68 492
66 501 70 502
66 541 70 542
66 543 70 544
66 565 72 565
66 593 70 594
66 595 72 595
66 619 68 621
66 627 70 628
66 637 69 638
66 639 69 640
66 665 72 665
66 671 69 672
66 676 72 676
66 718 70 719
66 720 72 720
66 763 70 764
66 776 71 776
66 778 68 779
66 804 70 805
66 810 70 811
66 812 70 813
66 843 69 844
66 847 70 848
66 854 68 855
66 861 70 862
67 13 71 14
67 23 71 24
67 26 71 27
67 29 71 30
67 39 71 40
67 77 71 78
67 89 69 91
67 105 71 106
67 122 70 123
67 132 71 133
67 135 68 138
67 151 71 152
67 156 71 157
67 166 71 167
66 168 69 169
67 180 71 181
67 188 69 189
67 210 68 214
67 217 71 218
67 224 70 225
67 233 71 234
67 238 71 239
67 249 69 251
67 276 68 280
67 281 71 282
67 283 70 284
67 288 71 289
67 328 72 328
67 345 71 346
67 353 71 354
67 363 71 364
67 377 69 378
67 438 71 439
67 447 68 450
67 452 71 453
67 454 71 455
69 462 71 464
67 462 68 464
67 473 71 474
66 477 72 477
67 494 71 495
67 516 69 518
67 520 68 523
67 528 69 529
67 552 71 553
67 558 70 559
67 560 70 561
67 566 70 567
67 568 70 569
67 587 70 588
67 589 70 590
67 603 69 605
67 646 71 647
67 660 71 661
67 686 71 687
67 694 71 695
67 702 69 704
67 706 71 707
67 732 71 733
67 749 71 750
67 754 71 755
67 781 72 781
67 841 71 842
67 852 71 853
67 863 70 864
66 887 72 887
68 0 72 1
68 8 69 12
68 37 71 38
68 43 69 47
68 67 72 68
68 84 69 88
68 95 72 96
68 110 72 111
68 112 72 113
68 127 72 128
67 139 71 140
69 191 72 192
67 191 68 193
68 208 72 209
68 221 70 223
68 227 72 228
68 240 70 242
68 245 71 246
68 252 72 253
65 262 72 262
68 266 70 268
68 274 72 275
68 290 70 292
68 300 71 301
68 302 71 303
68 314 71 315
68 329 72 330
67 331 72 331
68 341 71 342
68 361 72 362
65 366 72 366
68 369 72 370
68 381 71 382
68 385 70 387
68 403 72 404
68 412 69 415
68 435 70 437
66 443 71 443
68 457 70 459
68 466 72 467
68 496 70 498
68 509 72 510
68 535 69 539
68 570 72 571
68 574 72 575
66 583 70 584
68 585 70 586
68 596 69 598
68 622 72 623
68 624 72 625
68 642 72 643
68 651 72 652
68 689 72 690
68 697 71 698
68 712 72 713
68 737 70 739
68 745 70 747
68 757 72 758
65 767 71 767
68 784 72 785
67 790 71 791
67 818 72 818
68 822 72 823
68 824 72 825
68 834 72 835
68 837 72 838
68 849 72 850
68 857 72 858
67 865 72 865
68 868 72 869
67 872 72 872
68 875 72 876
68 880 72 881
69 2 71 4
69 31 71 33
69 34 71 36
69 69 70 73
69 79 70 83
69 98 72 99
69 100 71 102
68 117 72 118
69 135 71 137
69 148 71 150
69 163 71 165
69 172 70 176
69 198 71 200
69 204 71 206
69 210 71 212
69 213 71 215
69 258 72 259
69 276 70 280
69 293 71 295
69 309 71 310
69 316 71 317
69 322 71 324
69 334 70 336
69 373 71 375
67 389 71 390
69 397 72 398
69 400 72 401
69 432 71 434
69 444 70 448
67 451 72 451
69 485 72 486
69 503 70 507
69 512 70 514
69 520 70 523
69 533 72 534
69 545 72 546
69 554 72 555
69 563 72 564
69 576 71 578
69 612 71 614
69 617 70 621
69 656 71 657
69 691 72 692
69 708 71 710
69 734 71 735
69 742 72 743
69 765 71 766
69 778 71 780
67 794 72 794
69 806 72 807
69 815 72 816
69 826 72 827
69 854 71 856
69 884 72 885
70 8 71 12
70 42 71 45
70 46 72 48
70 56 71 60
70 84 71 88
70 89 72 91
70 119 72 121
70 141 71 145
68 146 72 147
70 168 71 171
70 187 72 189
70 193 72 195
70 249 72 251
70 270 72 272
69 311 71 313
70 348 72 349
70 376 71 378
70 394 72 396
70 412 71 415
70 420 72 422
70 468 72 470
70 480 72 482
70 487 71 491
70 526 72 528
70 529 72 531
70 537 72 539
70 547 71 551
70 580 72 582
70 601 71 605
70 639 72 641
67 645 72 645
70 662 72 664
70 668 72 670
70 671 72 673
70 723 71 726
70 760 72 762
70 782 72 783
70 787 72 789
67 839 72 839
70 843 72 845
70 870 72 871
70 877 72 878
70 890 72 892
71 69 72 73
71 79 72 83
71 122 72 126
71 172 72 174
71 175 72 179
69 196 72 197
71 221 72 225
71 230 72 232
71 266 72 269
71 276 72 280
71 283 72 286
71 296 72 298
71 334 72 338
71 355 72 358
67 380 72 380
70 416 71 419
71 424 72 428
71 456 72 460
70 478 72 479
71 501 72 505
70 516 72 518
71 520 72 524
71 583 72 586
71 591 72 594
70 596 72 598
69 615 72 616
70 637 72 638
71 808 72 812
71 860 72 864
72 2 72 11
72 22 72 31
72 32 72 41
72 56 72 64
72 100 72 109
72 163 72 171
72 180 72 186
72 233 72 239
71 240 72 244
72 300 72 309
72 310 72 319
72 341 72 347
70 350 72 351
72 371 72 379
72 381 72 387
72 430 72 439
72 440 72 449
72 487 72 496
71 512 72 515
71 558 72 562
71 566 72 569
71 587 72 590
72 599 72 605
72 653 72 661
70 666 72 667
72 696 72 705
72 721 72 726
72 728 72 737
72 763 72 772
72 773 72 780
