6430
18 646 27 646
42 453 46 454
64 172 68 173
41 241 50 241
65 107 69 108
28 211 37 211
48 714 57 714
18 700 27 700
41 806 43 808
33 466 42 466
52 831 61 831
48 280 57 280
27 361 29 362
41 811 50 811
37 157 41 158
50 808 59 808
36 130 44 130
43 420 52 420
56 521 59 522
24 181 33 181
52 459 61 459
26 184 35 184
56 153 65 153
29 360 38 360
18 327 20 329
67 839 72 839
0 307 0 316
16 590 16 599
12 574 16 575
45 124 49 125
32 354 41 354
61 231 65 232
32 166 41 166
63 636 72 636
50 119 59 119
45 731 54 731
46 501 50 502
21 404 23 406
41 737 45 738
35 688 44 688
13 24 17 25
56 425 60 426
59 752 68 752
3 817 3 826
18 570 27 570
38 447 47 447
43 330 47 331
64 465 72 465
34 752 43 752
56 8 63 8
55 265 64 265
12 120 14 122
46 139 55 139
5 407 9 408
6 397 15 397
35 267 37 269
4 509 8 510
52 159 61 159
2 441 2 450
26 346 28 348
50 451 54 452
51 478 60 478
52 505 61 505
13 491 14 495
65 312 68 313
28 69 29 73
59 117 63 118
40 124 44 125
38 632 47 632
30 559 39 559
43 515 50 515
15 319 17 321
5 366 5 372
70 516 72 518
72 56 72 64
8 382 17 382
32 344 33 348
21 819 25 820
12 136 13 140
53 836 62 836
15 656 15 665
52 589 61 589
1 715 2 719
30 361 34 362
57 568 61 569
0 525 0 534
17 57 21 58
39 244 48 244
44 796 53 796
44 142 48 143
9 65 18 65
18 39 27 39
47 729 51 730
50 168 54 169
51 849 60 849
15 683 16 687
29 565 33 566
35 432 42 432
55 253 59 254
5 307 5 316
18 486 22 487
54 361 57 362
71 296 72 298
24 343 33 343
21 753 27 753
4 747 13 747
69 826 72 827
21 286 30 286
56 792 64 792
12 767 13 771
38 691 47 691
58 392 65 392
66 392 70 393
59 79 63 80
58 742 62 743
36 78 45 78
59 641 68 641
11 125 20 125
32 58 36 59
35 321 44 321
22 60 31 60
9 705 13 706
39 613 47 613
66 541 70 542
19 859 28 859
17 846 26 846
2 692 6 693
39 20 48 20
33 840 42 840
3 248 12 248
54 388 62 388
65 673 69 674
7 423 10 424
16 188 18 189
14 666 14 675
52 12 61 12
61 595 65 596
32 661 41 661
21 545 29 545
22 58 26 59
42 517 46 518
46 163 55 163
48 612 52 613
62 566 66 567
1 704 10 704
23 756 27 757
0 217 0 226
55 572 59 573
35 169 39 170
43 746 51 746
55 669 59 670
34 393 38 394
43 655 52 655
10 407 19 407
4 745 13 745
40 725 49 725
5 280 6 284
63 830 72 830
44 25 52 25
53 677 57 678
20 498 21 502
50 645 59 645
71 392 72 396
4 511 13 511
57 755 66 755
24 829 28 830
2 795 3 799
4 822 8 823
27 423 36 423
28 392 37 392
12 383 21 383
66 680 70 681
34 383 38 384
2 53 11 53
63 274 67 275
41 13 43 15
20 409 24 410
63 241 67 242
41 638 50 638
14 307 15 311
53 217 62 217
20 143 24 144
5 402 6 406
7 798 8 802
12 361 16 362
31 13 35 14
24 77 28 78
51 741 57 741
12 719 13 723
12 724 16 725
41 726 50 726
54 113 58 114
61 152 66 152
45 456 49 457
49 19 53 20
1 363 1 372
51 427 55 428
51 717 60 717
51 137 55 138
43 449 52 449
69 163 71 165
28 256 32 257
1 646 5 647
3 404 4 408
41 251 50 251
7 182 15 182
30 563 39 563
10 307 10 316
14 440 18 441
63 381 67 382
4 595 4 604
30 230 39 230
54 503 58 504
56 763 60 764
44 452 49 452
41 494 45 495
70 168 71 171
21 329 25 330
30 331 32 332
54 117 58 118
47 399 51 400
42 295 51 295
58 371 67 371
39 435 48 435
49 761 58 761
43 97 47 98
48 254 54 254
26 638 30 639
48 39 50 41
39 174 40 178
49 360 53 361
61 501 65 502
51 419 60 419
47 824 51 825
5 653 5 662
63 675 72 675
40 281 41 285
59 815 68 815
61 304 70 304
53 281 54 285
26 864 35 864
20 726 21 730
55 2 63 2
48 312 49 316
45 39 47 41
25 448 29 449
18 375 22 376
1 710 2 714
64 174 68 175
3 710 7 711
2 204 6 205
54 493 63 493
59 543 60 547
24 190 32 190
64 184 68 185
60 725 69 725
24 201 33 201
67 250 71 251
41 442 50 442
15 882 24 882
70 775 71 779
69 196 70 200
15 567 24 567
21 681 22 685
67 560 70 561
34 796 43 796
51 521 55 522
22 623 23 627
36 406 40 407
14 108 23 108
4 767 4 776
6 145 6 154
5 683 9 684
5 120 6 124
4 760 8 761
16 850 17 854
68 775 69 779
65 727 72 727
41 441 50 441
36 602 45 602
56 707 57 711
29 296 38 296
26 843 30 844
15 109 19 110
53 630 57 631
54 796 63 796
20 161 28 161
31 182 35 183
63 740 72 740
16 484 17 487
20 331 24 332
36 880 43 880
53 261 57 262
48 583 57 583
34 692 35 696
62 23 66 24
13 585 17 586
23 743 27 744
40 723 49 723
11 86 15 87
4 849 13 849
5 373 5 382
48 245 52 246
45 160 54 160
48 516 56 516
63 812 72 812
0 405 1 409
13 525 22 525
19 337 20 341
35 592 39 593
63 651 67 652
23 680 27 681
64 576 68 577
27 732 30 733
9 398 18 398
20 510 28 510
14 887 23 887
21 721 28 721
26 819 29 820
63 369 67 370
55 421 64 421
10 891 14 892
6 864 15 864
2 219 2 228
20 407 23 408
30 271 31 275
55 601 64 601
28 781 29 785
16 351 24 351
55 727 64 727
23 697 32 697
22 301 22 310
55 373 57 375
43 30 52 30
32 729 36 730
45 252 49 253
42 11 46 12
31 349 40 349
50 572 54 573
19 493 23 494
15 498 19 499
37 224 41 225
23 387 27 388
56 739 65 739
31 251 40 251
62 42 69 42
37 681 41 682
12 737 16 738
0 795 0 804
33 192 41 192
51 338 60 338
39 312 43 313
2 705 3 709
61 444 65 445
1 483 2 487
18 419 26 419
40 235 49 235
34 367 43 367
14 511 23 511
53 365 62 365
60 146 64 147
56 458 65 458
50 744 54 745
10 194 11 198
48 131 52 132
54 812 58 813
9 307 9 316
59 826 63 827
22 498 23 502
45 71 49 72
5 421 13 421
54 431 63 431
42 118 43 121
4 363 4 372
42 157 51 157
2 545 3 549
3 319 3 328
56 78 65 78
40 488 44 489
8 861 17 861
34 488 37 489
23 746 27 747
66 810 70 811
37 857 46 857
51 671 55 672
42 687 51 687
5 337 9 338
64 15 68 16
3 312 4 316
36 685 45 685
55 35 64 35
54 629 63 629
50 723 59 723
61 404 62 407
65 276 65 285
17 724 21 725
29 588 29 597
48 97 52 98
42 525 51 525
20 642 24 643
22 177 23 181
62 351 69 351
45 82 49 83
0 428 0 437
14 113 23 113
14 49 18 50
39 24 43 25
33 810 42 810
47 145 56 145
59 137 63 138
27 204 36 204
63 540 72 540
46 483 55 483
28 802 35 802
34 22 43 22
21 579 30 579
0 590 0 599
11 259 20 259
21 708 25 709
22 361 26 362
39 79 43 80
62 103 71 103
5 532 6 536
5 785 6 789
55 771 64 771
0 850 0 859
57 145 64 145
49 546 53 547
63 795 72 795
16 128 20 129
41 23 50 23
11 884 15 885
69 449 70 453
27 527 29 528
14 337 18 338
54 868 55 872
61 6 70 6
64 658 71 658
2 253 11 253
25 642 29 643
33 190 42 190
60 318 69 318
50 368 59 368
22 29 31 29
24 113 28 114
50 740 57 740
39 761 48 761
51 178 60 178
32 824 36 825
49 475 58 475
27 649 31 650
51 389 60 389
59 785 68 785
35 375 39 376
11 661 12 665
46 481 50 482
14 468 18 469
56 494 60 495
48 140 57 140
63 612 67 613
17 550 18 554
57 732 61 733
51 369 52 373
18 821 27 821
53 523 57 524
26 421 34 421
12 57 16 58
14 169 18 170
40 563 49 563
58 825 67 825
63 344 71 344
20 563 29 563
27 533 36 533
14 612 18 613
68 252 72 253
12 347 21 347
38 574 47 574
63 557 72 557
32 871 33 875
33 508 42 508
9 653 10 657
55 860 57 862
32 269 34 271
23 146 32 146
55 684 59 685
60 789 69 789
58 823 62 824
59 184 61 186
2 587 4 589
36 689 43 689
40 26 49 26
4 243 13 243
16 359 25 359
25 143 29 144
5 399 9 400
38 245 42 246
19 370 22 371
50 815 51 819
18 211 27 211
53 829 57 830
62 379 71 379
50 489 59 489
5 13 7 15
10 631 11 635
36 495 40 496
41 196 45 197
20 586 29 586
46 718 55 718
34 312 38 313
48 571 57 571
17 580 26 580
28 271 29 275
16 114 23 114
54 309 58 310
44 118 48 119
50 26 57 26
42 166 45 167
52 686 56 687
16 620 16 629
48 366 57 366
20 272 21 276
28 731 34 731
60 820 69 820
2 116 6 117
51 838 60 838
40 230 48 230
48 195 57 195
39 81 48 81
22 461 31 461
33 131 42 131
51 263 55 264
61 124 65 125
30 711 39 711
26 698 29 699
40 111 49 111
27 459 31 460
63 530 69 530
22 732 26 733
44 312 47 313
58 369 62 370
38 715 42 716
18 571 27 571
47 32 51 33
3 722 3 731
70 537 72 539
62 732 66 733
26 167 27 171
22 272 23 276
26 67 35 67
44 22 53 22
27 58 31 59
3 31 4 35
56 872 65 872
10 34 14 35
70 580 72 582
4 438 5 442
34 465 43 465
22 391 31 391
1 675 1 684
16 270 24 270
34 581 38 582
38 27 47 27
27 790 28 794
58 860 60 862
19 164 23 165
24 377 25 381
48 550 52 551
20 111 24 112
65 218 69 219
47 462 56 462
44 634 46 636
7 280 15 280
9 658 10 662
45 735 54 735
11 126 20 126
16 744 22 744
45 647 49 648
14 869 14 878
12 869 12 878
12 67 16 68
26 358 30 359
32 391 41 391
72 440 72 449
27 279 28 283
63 95 67 96
20 478 22 479
52 129 61 129
5 687 14 687
7 590 7 599
66 124 67 128
7 785 8 789
4 703 13 703
39 248 48 248
27 662 28 666
35 594 39 595
0 227 0 236
4 724 5 728
54 498 63 498
15 862 24 862
30 653 32 655
55 648 59 649
37 399 41 400
57 77 66 77
15 82 19 83
28 171 35 171
63 58 67 59
16 348 25 348
50 662 54 663
24 784 27 785
43 266 52 266
21 448 24 449
31 6 40 6
63 208 67 209
26 254 30 255
34 403 38 404
61 650 70 650
44 212 53 212
11 843 15 844
4 298 13 298
11 447 12 451
53 584 57 585
1 101 1 110
4 260 4 269
1 256 10 256
36 856 45 856
7 363 16 363
1 701 3 703
0 47 0 56
8 719 8 728
19 550 20 554
36 85 40 86
11 348 15 349
44 689 53 689
40 409 44 410
18 104 22 105
62 471 71 471
9 466 18 466
7 371 7 380
15 891 24 891
12 477 16 478
0 90 1 94
46 739 55 739
26 850 35 850
51 444 55 445
52 605 56 606
38 105 47 105
19 244 28 244
17 363 25 363
7 282 16 282
26 722 30 723
22 316 31 316
23 766 32 766
12 232 14 233
47 520 56 520
24 177 27 178
0 488 1 492
56 676 65 676
32 793 41 793
11 850 15 851
53 276 62 276
47 453 51 454
40 649 49 649
56 815 57 819
14 294 15 298
28 712 37 712
62 749 66 750
23 175 27 176
36 327 37 331
9 457 10 461
14 748 18 749
12 54 16 55
10 624 11 628
49 690 58 690
49 628 53 629
53 762 62 762
8 194 9 198
23 152 32 152
49 576 53 577
16 43 20 44
58 373 62 374
67 516 69 518
62 599 71 599
23 392 27 393
6 879 7 883
17 361 21 362
33 381 37 382
52 659 61 659
55 892 59 893
59 627 63 628
29 886 33 887
2 363 2 372
54 66 63 66
9 712 13 713
60 684 64 685
9 467 18 467
6 254 10 255
68 621 69 625
21 466 22 470
58 583 62 584
6 869 7 873
36 56 45 56
16 783 25 783
56 719 65 719
44 355 45 359
46 2 54 2
49 92 58 92
58 274 62 275
48 325 49 328
10 400 19 400
36 128 40 129
7 136 11 137
8 336 17 336
53 814 62 814
14 302 15 306
32 101 33 105
48 443 57 443
42 562 51 562
25 559 29 560
47 721 51 722
68 837 72 838
52 555 61 555
7 95 8 98
53 793 62 793
3 870 3 879
6 620 10 621
13 346 22 346
3 675 3 684
12 76 19 76
26 363 35 363
67 645 72 645
48 861 54 861
41 650 50 650
28 219 37 219
59 832 68 832
3 82 3 91
7 51 11 52
3 307 4 311
13 143 16 144
20 109 24 110
55 312 59 313
32 659 36 660
31 267 34 268
64 886 72 886
64 796 72 796
9 827 12 828
39 679 48 679
5 209 5 217
49 882 57 882
54 243 63 243
50 259 54 260
71 570 72 573
28 482 32 483
61 736 70 736
44 108 53 108
29 830 38 830
50 222 59 222
31 172 35 173
22 212 26 213
15 111 19 112
12 344 16 345
4 824 6 826
12 576 21 576
43 697 47 698
13 756 17 757
47 151 56 151
2 535 2 544
65 572 69 573
42 291 46 292
61 861 65 862
26 404 30 405
58 24 59 28
7 214 16 214
12 726 13 730
34 583 42 583
39 142 43 143
60 183 69 183
50 189 54 190
23 218 27 219
15 93 24 93
52 269 61 269
62 589 66 590
23 228 32 228
58 179 62 180
29 726 33 727
47 606 51 607
8 653 8 662
36 13 40 14
16 349 24 349
68 0 72 1
60 679 64 680
41 263 45 264
58 353 59 357
12 147 13 151
6 249 10 250
5 86 6 88
21 254 25 255
46 36 55 36
30 588 30 597
39 165 48 165
43 736 50 736
56 665 65 665
1 385 5 386
47 11 51 12
28 703 32 704
26 337 30 338
66 866 70 867
44 484 48 485
57 281 58 285
27 659 31 660
47 560 51 561
54 64 63 64
57 686 61 687
8 755 17 755
16 834 20 835
35 436 44 436
26 495 30 496
50 703 59 703
47 477 56 477
49 728 56 728
69 503 70 507
18 336 27 336
13 242 22 242
61 671 65 672
17 356 19 358
5 466 6 470
54 490 61 490
0 720 0 729
43 63 50 63
20 840 29 840
20 771 21 775
58 17 62 18
23 790 24 794
58 549 62 550
63 823 67 824
67 135 68 139
46 49 55 49
55 422 59 423
64 73 68 74
63 130 72 130
9 581 13 582
50 430 59 430
34 19 43 19
32 12 41 12
4 652 4 659
57 224 61 225
1 441 1 450
11 622 15 623
37 249 41 250
50 346 54 347
31 350 40 350
42 662 44 664
57 204 66 204
48 691 57 691
70 119 72 121
59 244 68 244
8 821 17 821
8 364 17 364
46 127 50 128
22 737 26 738
25 832 27 833
52 374 54 375
47 346 49 348
17 443 17 452
11 888 20 888
12 805 13 809
27 34 36 34
58 585 67 585
21 412 25 413
27 36 36 36
42 506 46 507
5 180 5 189
12 795 16 796
33 538 37 539
41 692 45 693
36 415 38 417
33 630 37 631
46 696 55 696
4 579 13 579
22 588 22 597
23 588 23 597
39 877 43 878
57 566 61 567
66 21 70 22
58 268 67 268
14 51 21 51
55 756 64 756
16 578 20 579
13 7 17 8
49 247 53 248
11 84 15 85
65 5 71 5
8 474 15 474
23 40 24 44
1 127 5 128
54 821 63 821
67 749 71 750
20 561 29 561
51 481 60 481
16 885 20 886
53 424 62 424
56 427 60 428
47 832 51 833
2 399 2 408
16 701 25 701
52 486 61 486
40 800 41 804
69 311 71 313
58 208 62 209
33 747 37 748
69 2 71 4
17 491 18 494
42 445 50 445
47 506 56 506
63 406 72 406
70 180 71 184
11 317 15 318
27 868 31 869
8 605 9 609
19 184 25 184
39 619 43 620
45 664 53 664
37 212 41 213
38 486 39 489
43 432 45 434
53 364 62 364
44 158 53 158
5 729 7 731
58 387 67 387
11 753 20 753
69 656 71 657
10 500 19 500
67 363 71 364
65 35 68 36
62 873 71 873
64 79 68 80
71 566 72 569
64 579 68 580
25 260 34 260
70 621 71 625
3 640 7 641
43 290 52 290
43 131 47 132
16 869 16 878
14 726 15 730
6 199 15 199
16 434 20 435
67 238 71 239
21 550 25 551
17 734 26 734
16 647 24 647
32 238 41 238
54 618 57 619
66 408 72 408
21 6 30 6
51 231 55 232
34 492 38 493
0 498 0 507
48 53 52 54
48 385 52 386
33 450 41 450
33 289 41 289
27 736 28 740
71 520 72 524
21 475 30 475
7 653 7 662
65 487 69 488
45 716 54 716
14 374 23 374
63 742 67 743
28 497 31 498
15 273 19 274
19 342 28 342
17 713 21 714
54 172 63 172
47 659 51 660
5 595 5 604
69 462 71 464
52 58 56 59
52 339 53 343
36 739 45 739
69 135 70 139
61 127 65 128
6 715 15 715
28 18 37 18
46 654 54 654
59 397 63 398
44 51 45 55
41 61 45 62
38 702 44 702
34 395 43 395
28 364 32 365
62 409 71 409
7 673 7 682
20 400 28 400
28 218 37 218
22 156 31 156
50 610 59 610
5 493 5 502
14 69 15 73
60 249 61 253
35 5 44 5
53 215 56 216
13 550 14 554
16 771 16 780
38 97 42 98
67 660 71 661
7 121 11 122
24 157 28 158
44 325 45 329
62 159 71 159
28 623 32 624
14 848 23 848
67 462 68 464
67 447 68 450
53 557 62 557
14 752 23 752
19 515 22 516
25 534 29 535
21 317 25 318
53 30 61 30
56 889 60 890
26 284 30 285
43 208 47 209
1 312 2 316
42 443 46 444
43 762 52 762
46 637 55 637
56 681 60 682
51 304 60 304
44 360 48 361
66 565 72 565
36 121 37 125
64 117 67 118
14 802 15 806
22 119 31 119
2 394 3 398
48 227 52 228
27 686 31 687
62 623 67 623
24 188 28 189
53 330 57 331
36 334 40 335
13 208 17 209
36 100 40 101
43 243 52 243
63 655 71 655
53 769 57 770
38 528 40 530
52 599 61 599
29 492 33 493
3 229 3 238
7 88 16 88
28 767 37 767
31 586 40 586
9 172 13 173
40 572 44 573
9 392 11 394
15 518 24 518
38 227 42 228
65 808 69 809
22 739 26 740
70 662 72 664
50 394 59 394
35 40 39 41
46 349 50 350
14 807 18 808
12 529 21 529
12 212 16 213
0 342 1 346
9 707 13 708
59 591 60 595
51 798 60 798
13 176 22 176
6 638 10 639
21 337 25 338
22 453 31 453
38 818 42 819
2 566 11 566
8 842 17 842
26 147 30 148
26 182 30 183
34 405 40 405
53 372 62 372
58 331 67 331
9 767 9 776
48 55 52 56
70 84 71 88
25 537 34 537
9 719 9 728
67 686 71 687
24 137 33 137
16 843 20 844
31 794 40 794
58 53 59 57
61 94 70 94
67 558 70 559
43 172 52 172
15 642 19 643
67 166 71 167
14 889 23 889
19 99 28 99
32 491 41 491
59 322 60 326
62 273 71 273
42 440 50 440
62 519 71 519
44 742 47 743
1 610 1 619
34 812 38 813
58 574 62 575
46 53 47 57
7 719 7 728
37 619 38 623
52 205 60 205
39 455 48 455
29 512 38 512
64 500 72 500
5 74 9 75
10 377 11 381
56 115 65 115
53 367 62 367
31 638 35 639
19 261 20 264
11 676 18 676
44 424 52 424
37 88 46 88
66 501 70 502
5 652 14 652
55 5 64 5
24 511 33 511
42 48 51 48
54 581 58 582
59 856 68 856
22 727 25 728
54 175 63 175
41 419 50 419
32 162 36 163
14 139 18 140
14 200 18 201
64 826 68 827
15 608 24 608
23 445 32 445
70 276 70 285
57 749 61 750
42 471 51 471
55 768 64 768
12 409 19 409
1 259 10 259
67 191 68 193
51 9 60 9
53 266 58 266
1 832 1 841
37 637 45 637
8 754 17 754
16 306 20 307
33 593 34 597
4 739 8 740
1 353 2 357
46 64 50 65
39 706 48 706
48 801 52 802
50 552 59 552
30 143 34 144
12 532 21 532
18 89 22 90
58 226 67 226
31 446 34 447
23 415 32 415
22 529 31 529
48 219 54 219
38 265 47 265
14 222 14 231
16 707 25 707
38 336 47 336
13 375 17 376
63 326 72 326
34 113 38 114
29 164 33 165
3 242 12 242
42 288 46 289
43 89 47 90
62 442 71 442
70 671 72 673
10 289 14 290
36 719 40 720
35 619 36 623
17 637 26 637
23 242 32 242
36 261 40 262
39 564 43 565
25 688 34 688
26 797 30 798
29 414 36 414
21 9 30 9
59 859 68 859
70 668 72 670
0 367 0 376
39 415 41 417
45 421 54 421
69 444 70 448
31 128 35 129
6 867 13 867
11 852 15 853
51 94 60 94
26 68 35 68
64 101 68 102
7 443 11 444
68 737 70 739
41 789 49 789
29 613 38 613
50 344 57 344
25 277 29 278
46 237 55 237
46 707 50 708
18 300 27 300
0 0 9 0
63 260 67 261
20 623 21 627
36 514 45 514
23 490 32 490
54 826 58 827
26 771 26 779
23 160 32 160
42 450 51 450
65 617 69 618
38 330 42 331
6 317 10 318
48 265 54 265
19 360 28 360
50 578 59 578
31 588 31 597
62 490 66 491
68 574 72 575
5 136 6 140
20 588 20 597
4 387 5 391
62 25 71 25
13 565 14 569
61 61 65 62
25 536 34 536
65 255 72 255
57 728 61 729
43 508 51 508
29 881 33 882
24 289 32 289
34 700 38 701
17 453 21 454
32 422 41 422
44 463 47 464
62 41 71 41
15 826 17 828
25 602 34 602
14 763 18 764
0 87 1 89
48 336 57 336
47 509 56 509
28 653 29 656
13 645 22 645
37 119 39 120
52 358 56 359
4 247 13 247
21 356 23 358
25 331 29 332
29 737 30 741
48 439 57 439
50 202 59 202
52 607 61 607
21 335 30 335
45 144 54 144
12 666 13 670
15 880 19 881
53 795 62 795
51 68 57 68
2 563 6 564
15 560 19 561
46 692 50 693
42 371 46 372
66 32 68 34
4 613 8 614
23 319 27 320
61 263 65 264
23 523 27 524
18 861 27 861
69 191 72 192
48 57 57 57
36 695 45 695
7 457 8 461
11 143 12 146
34 498 43 498
8 435 9 439
18 793 22 794
26 636 35 636
64 162 72 162
55 259 63 259
29 509 33 510
61 717 70 717
23 765 32 765
66 639 69 640
13 210 17 211
55 784 64 784
37 781 45 781
14 836 23 836
34 100 35 104
49 656 58 656
9 463 13 464
18 631 22 632
4 615 5 619
61 738 67 738
40 21 49 21
9 402 10 406
35 134 44 134
58 192 62 193
59 806 63 807
23 174 32 174
31 737 35 738
16 254 20 255
23 24 27 25
58 262 67 262
31 358 35 359
4 114 8 115
59 44 67 44
63 161 72 161
44 760 53 760
58 707 59 711
69 31 71 33
49 230 58 230
24 164 28 165
23 478 27 479
37 580 43 580
25 192 27 194
11 114 15 115
48 351 52 352
59 661 66 661
56 263 60 264
31 334 35 335
9 131 10 135
14 463 18 464
49 390 58 390
41 851 50 851
2 790 3 794
62 296 70 296
52 294 58 294
66 477 72 477
33 619 34 623
20 324 28 324
9 584 18 584
67 863 70 864
59 31 68 31
13 572 16 573
0 29 4 30
62 802 71 802
22 54 26 55
7 558 16 558
42 599 51 599
27 30 28 33
1 471 5 472
60 220 69 220
32 588 32 597
51 692 55 693
27 88 36 88
9 763 13 764
50 312 54 313
11 620 15 621
61 681 65 682
2 650 2 659
37 293 46 293
18 246 27 246
56 316 65 316
43 874 47 875
63 343 71 343
8 650 16 650
28 300 32 301
39 324 48 324
23 557 32 557
5 141 9 142
46 51 49 52
41 345 45 346
2 562 11 562
64 456 68 457
9 777 10 781
31 153 40 153
66 887 72 887
29 10 33 11
30 675 32 677
38 51 39 55
30 600 34 601
72 341 72 347
34 662 35 666
48 191 57 191
60 751 69 751
23 628 27 629
15 522 24 522
23 227 32 227
37 558 46 558
17 142 26 142
30 101 31 105
14 723 21 723
55 281 56 285
63 385 67 386
51 61 60 61
41 425 45 426
19 584 28 584
6 334 10 335
16 130 25 130
54 533 63 533
10 644 19 644
52 519 61 519
71 334 72 338
21 15 30 15
10 854 11 858
25 573 34 573
41 791 45 792
11 797 15 798
35 735 44 735
5 891 9 892
36 171 40 172
65 56 69 57
32 461 41 461
58 69 59 73
1 270 1 279
21 56 30 56
62 486 68 486
34 499 38 500
35 768 44 768
38 651 42 652
14 549 23 549
50 467 52 469
32 212 36 213
70 696 72 698
57 240 66 240
66 307 70 308
14 614 23 614
18 651 27 651
66 868 67 872
6 719 6 728
70 782 72 783
63 7 71 7
26 264 35 264
35 220 44 220
30 0 31 4
21 251 30 251
22 57 30 57
16 182 20 183
33 651 37 652
42 519 51 519
39 247 48 247
38 705 47 705
42 4 51 4
63 340 72 340
54 173 63 173
4 296 8 297
46 850 55 850
53 550 57 551
61 604 63 606
52 568 56 569
5 795 6 799
0 37 0 46
38 800 39 804
64 55 72 55
36 281 37 285
24 856 33 856
70 8 71 12
50 325 58 325
0 468 0 477
51 223 60 223
62 686 66 687
36 61 40 62
43 316 47 317
58 277 62 278
58 260 62 261
4 289 8 290
54 500 63 500
1 558 5 559
41 261 44 262
37 648 39 650
34 243 42 243
9 515 13 516
34 816 43 816
53 626 62 626
11 285 15 286
6 559 15 559
4 520 5 524
1 520 1 529
23 16 32 16
20 11 28 11
49 484 55 484
16 121 25 121
14 546 23 546
1 56 10 56
51 683 60 683
6 520 7 524
30 527 34 528
1 854 5 855
44 812 48 813
10 368 19 368
42 129 51 129
36 683 40 684
35 647 44 647
58 476 67 476
29 266 30 269
58 753 62 754
21 698 25 699
65 399 69 400
4 877 4 886
4 719 5 723
52 291 54 293
6 744 15 744
41 427 45 428
63 532 72 532
21 843 25 844
5 550 6 554
50 748 59 748
10 337 13 338
14 784 18 785
48 27 52 28
23 692 24 696
61 669 64 670
7 304 11 305
52 525 61 525
46 408 55 408
33 560 35 562
32 234 36 235
62 252 66 253
8 498 9 502
47 568 51 569
44 179 48 180
48 364 52 365
61 76 70 76
5 877 5 883
33 697 37 698
68 797 72 798
23 508 32 508
55 823 57 825
48 646 57 646
64 8 65 12
2 800 2 809
52 560 61 560
32 795 41 795
44 120 48 121
2 870 2 879
0 508 1 512
24 871 25 875
44 418 53 418
36 855 45 855
45 341 49 342
47 204 56 204
18 422 21 423
54 360 63 360
17 832 24 832
28 265 37 265
15 606 19 607
52 884 61 884
28 530 32 531
24 885 33 885
24 108 33 108
57 863 61 864
53 653 62 653
33 858 42 858
4 101 5 105
21 198 30 198
45 242 54 242
48 463 51 464
43 510 47 511
34 356 38 357
27 538 28 542
16 219 16 228
37 240 46 240
19 451 28 451
43 585 52 585
70 218 72 220
29 138 33 139
64 603 66 605
66 637 69 638
17 654 17 663
46 719 50 720
1 870 1 879
51 63 53 65
7 402 8 406
9 207 10 211
5 541 14 541
11 801 20 801
34 618 43 618
6 653 6 662
0 57 1 61
10 21 14 22
60 726 69 726
28 799 35 799
60 353 61 357
16 334 20 335
63 731 71 731
10 767 10 776
39 388 43 389
48 496 57 496
5 790 6 794
36 237 45 237
18 382 27 382
68 875 72 876
21 67 25 68
1 120 2 124
12 772 13 776
12 377 14 379
29 567 38 567
31 538 32 541
15 833 24 833
31 484 35 485
11 422 13 424
7 445 11 446
50 559 59 559
1 27 5 28
5 688 14 688
51 501 60 501
47 823 54 823
52 590 61 590
55 777 64 777
59 135 63 136
7 239 10 240
47 411 56 411
46 332 55 332
38 630 42 631
16 496 20 497
64 410 64 418
10 607 14 608
42 249 46 250
68 466 72 467
64 49 72 49
10 319 11 322
32 44 41 44
25 109 29 110
63 817 72 817
14 370 18 371
29 346 31 348
1 36 1 45
24 199 28 200
3 670 4 674
20 368 29 368
18 321 24 321
55 597 59 598
22 253 31 253
37 174 38 178
10 498 14 499
30 76 36 76
9 263 13 264
17 36 26 36
51 709 55 710
22 354 31 354
38 755 42 756
34 882 43 882
31 127 40 127
62 303 67 303
36 799 45 799
56 231 60 232
23 37 27 38
42 272 46 273
32 599 41 599
2 720 2 729
32 0 36 1
13 174 17 175
33 224 36 225
63 18 72 18
28 246 37 246
10 45 19 45
18 482 22 483
33 662 33 671
17 839 26 839
28 608 30 610
11 135 20 135
22 735 28 735
22 52 26 53
57 591 58 595
7 839 16 839
8 475 15 475
22 203 26 204
1 795 1 804
34 503 38 504
56 148 64 148
16 822 25 822
60 709 64 710
3 456 3 465
14 548 23 548
65 383 69 384
6 555 10 556
6 381 6 390
58 291 62 292
0 82 1 86
31 73 40 73
28 95 32 96
58 170 67 170
25 321 29 322
64 69 68 70
65 190 72 190
45 168 49 169
30 560 32 562
57 122 61 123
32 29 41 29
69 765 71 766
33 699 42 699
64 63 71 63
35 727 44 727
41 337 45 338
52 596 60 596
6 814 7 817
7 663 7 672
48 173 49 177
13 271 17 272
49 369 50 373
44 181 53 181
59 535 67 535
72 459 72 464
18 628 22 629
66 671 69 672
47 763 55 763
4 111 7 112
6 648 10 649
19 690 28 690
23 867 23 874
8 729 11 730
16 762 23 762
31 778 35 779
25 702 27 704
8 530 12 531
36 198 45 198
25 410 34 410
15 491 16 495
29 690 38 690
29 564 38 564
41 174 45 175
49 101 53 102
7 169 8 173
26 701 33 701
44 215 48 216
66 357 70 358
4 180 4 189
42 122 46 123
19 507 28 507
6 79 7 83
36 634 40 635
22 578 31 578
33 818 37 819
18 741 27 741
20 477 29 477
60 155 64 156
9 679 18 679
66 236 70 237
57 319 66 319
15 377 18 378
21 606 25 607
57 553 61 554
48 89 52 90
30 698 32 700
53 479 62 479
41 87 50 87
5 89 9 90
36 850 40 851
53 287 62 287
60 298 69 298
31 85 35 86
10 224 10 233
8 452 9 456
59 446 68 446
56 602 64 602
49 322 53 323
50 109 59 109
63 583 65 584
10 271 12 272
2 239 6 240
14 582 18 583
1 560 1 569
25 82 29 83
20 648 24 649
36 57 45 57
69 213 71 215
28 102 29 106
47 122 51 123
42 149 51 149
51 425 55 426
22 12 31 12
65 119 69 120
64 266 67 267
49 618 53 619
4 135 4 144
70 412 71 416
21 135 30 135
23 369 24 373
51 828 60 828
65 877 69 878
14 153 15 156
3 353 3 362
44 367 52 367
51 502 60 502
66 718 70 719
59 794 68 794
24 886 28 887
47 635 51 636
38 208 42 209
31 241 40 241
35 42 44 42
26 317 30 318
16 127 25 127
65 466 66 470
7 361 11 362
46 425 50 426
9 503 10 507
26 852 35 852
12 735 21 735
41 106 50 106
23 7 27 8
12 52 16 53
57 508 61 509
42 375 51 375
17 811 20 812
22 120 31 120
44 3 53 3
14 829 18 830
12 222 12 231
0 393 8 393
19 466 20 470
26 497 27 500
62 122 66 123
41 717 50 717
61 281 62 285
51 494 55 495
7 131 8 135
64 533 68 534
54 174 63 174
44 764 53 764
24 21 28 22
7 283 11 284
3 40 10 40
6 366 7 370
31 49 40 49
23 619 27 620
27 314 31 315
48 392 57 392
62 4 68 4
2 610 2 619
19 681 20 685
50 592 51 596
62 587 66 588
31 135 40 135
41 741 50 741
49 135 58 135
7 743 16 743
4 705 8 706
53 245 57 246
63 181 67 182
6 395 15 395
6 484 10 485
41 100 45 101
14 61 15 64
40 740 49 740
49 283 52 284
53 116 62 116
29 734 30 736
35 535 37 537
18 654 18 663
52 122 56 123
26 145 35 145
4 453 4 462
8 731 17 731
7 812 16 812
59 414 63 415
45 815 47 817
5 663 6 667
44 806 48 807
22 150 26 151
2 620 2 629
16 279 20 280
66 395 70 396
56 718 65 718
23 333 32 333
32 418 36 419
68 112 72 113
63 131 72 131
62 722 71 722
8 886 10 888
31 31 35 32
60 28 69 28
38 267 40 269
1 775 1 784
23 866 32 866
65 770 69 771
7 512 8 516
40 109 44 110
51 570 60 570
2 31 2 40
16 654 16 663
53 317 62 317
17 837 26 837
62 9 63 12
31 277 31 286
53 510 57 511
46 286 55 286
32 277 32 286
7 145 7 154
9 360 18 360
39 356 43 357
30 615 34 616
53 790 57 791
65 75 72 75
57 358 61 359
39 99 48 99
32 4 41 4
59 744 68 744
52 491 61 491
67 566 70 567
50 82 54 83
59 499 68 499
36 484 40 485
28 800 32 801
71 844 72 848
36 802 37 805
6 486 10 487
28 191 32 192
36 750 40 751
55 891 64 891
0 695 0 704
8 375 12 376
35 596 39 597
34 137 38 138
45 343 49 344
51 681 55 682
11 43 15 44
62 207 71 207
4 483 5 487
17 124 25 124
45 170 54 170
24 626 27 627
11 740 20 740
49 113 53 114
51 472 60 472
5 890 14 890
41 719 45 720
14 343 23 343
46 137 50 138
24 705 28 706
0 187 0 196
38 325 39 329
47 842 56 842
37 568 41 569
20 667 29 667
16 587 24 587
18 186 22 187
69 397 72 398
36 806 40 807
63 17 72 17
18 442 18 451
57 781 66 781
49 46 53 47
44 46 48 47
24 79 28 80
46 855 55 855
7 748 7 757
12 249 21 249
9 384 13 385
3 620 3 629
14 372 18 373
64 606 72 606
51 406 55 407
61 833 70 833
68 385 70 387
29 728 38 728
28 861 37 861
51 719 55 720
29 706 38 706
57 106 66 106
14 313 23 313
63 300 67 301
68 290 70 292
1 129 5 130
10 663 10 672
20 0 21 4
33 89 37 90
21 811 30 811
46 333 55 333
25 409 34 409
8 819 10 820
48 651 57 651
44 490 53 490
41 551 47 551
11 129 15 130
36 390 43 390
60 194 64 195
33 769 42 769
56 406 60 407
7 9 16 9
11 802 13 804
42 238 46 239
35 82 39 83
53 7 62 7
24 546 29 546
33 762 42 762
44 437 46 439
28 657 32 658
45 5 54 5
16 726 17 730
20 323 29 323
45 860 54 860
17 315 26 315
28 480 32 481
49 657 53 658
1 111 1 119
33 117 40 117
14 355 23 355
5 630 5 639
17 527 21 528
37 76 41 77
44 618 48 619
37 39 44 39
16 691 25 691
23 287 32 287
36 560 38 562
3 169 4 173
63 786 72 786
26 621 27 625
34 881 43 881
34 889 43 889
8 663 8 672
68 256 72 257
12 354 21 354
38 233 47 233
50 188 57 188
44 210 48 211
60 783 69 783
59 503 68 503
4 41 5 45
23 652 27 653
61 543 65 544
27 98 36 98
1 540 1 549
10 109 14 110
12 624 13 628
70 487 71 491
18 630 27 630
46 685 54 685
60 119 64 120
38 385 42 386
39 383 43 384
9 785 10 789
8 377 9 381
1 858 5 859
26 390 35 390
18 547 27 547
68 8 69 12
45 768 54 768
5 319 6 323
24 367 33 367
2 817 2 826
30 375 31 379
5 32 14 32
57 701 66 701
44 526 53 526
66 595 72 595
62 863 66 864
31 254 35 255
14 562 23 562
46 737 50 738
18 194 22 195
7 59 11 60
6 701 15 701
32 644 41 644
7 600 7 609
9 368 9 374
1 498 1 507
49 50 57 50
34 347 38 348
22 147 25 148
26 272 27 276
52 29 61 29
5 33 14 33
1 817 1 826
31 231 35 232
15 890 24 890
18 715 19 719
58 536 67 536
45 615 49 616
33 353 41 353
11 95 15 96
48 829 52 830
64 360 72 360
24 654 25 658
35 260 44 260
60 649 69 649
34 783 38 784
33 277 33 286
30 386 37 386
0 620 0 629
48 630 52 631
34 10 43 10
34 47 38 48
41 223 50 223
13 131 22 131
72 22 72 31
44 479 45 483
7 86 10 87
4 93 13 93
54 203 63 203
67 619 71 620
50 597 54 598
39 113 43 114
13 710 17 711
12 837 16 838
0 121 0 130
33 486 37 487
28 681 29 685
54 608 63 608
52 272 61 272
35 883 44 883
66 861 70 862
55 840 64 840
42 402 51 402
23 771 23 780
46 494 50 495
63 644 72 644
17 681 18 685
60 121 69 121
24 493 28 494
32 168 34 170
45 339 49 340
51 6 60 6
39 342 40 346
1 187 1 196
10 273 14 274
4 866 13 866
1 473 1 482
59 215 68 215
13 793 17 794
52 4 61 4
58 496 67 496
36 2 45 2
11 41 15 42
53 257 57 258
2 755 2 764
35 133 44 133
31 770 35 771
2 560 6 561
19 841 28 841
67 589 70 590
15 100 19 101
38 104 47 104
6 41 10 42
35 206 39 207
58 181 62 182
2 82 2 91
35 229 44 229
26 262 35 262
18 633 22 634
5 580 6 584
44 285 52 285
1 254 5 255
52 33 61 33
4 865 12 865
38 121 39 125
33 188 37 189
61 322 62 326
16 630 17 634
56 179 57 183
64 505 68 506
58 95 62 96
44 744 47 745
48 767 57 767
29 668 30 671
60 748 69 748
60 698 69 698
27 729 31 730
62 715 71 715
43 715 52 715
18 421 25 421
33 16 42 16
33 17 42 17
6 600 6 609
48 625 52 626
18 147 19 151
60 56 64 57
37 291 41 292
45 688 54 688
30 545 34 546
58 140 67 140
64 402 72 402
60 616 64 617
16 798 20 799
41 231 45 232
56 440 60 441
4 473 4 482
31 879 35 880
47 769 48 773
12 194 13 198
44 18 48 19
19 377 21 379
44 498 48 499
30 118 39 118
6 636 10 637
26 408 35 408
51 674 53 676
50 648 54 649
26 268 28 269
37 704 46 704
65 688 72 688
63 89 67 90
63 291 67 292
43 31 45 33
47 88 55 88
43 245 47 246
17 162 21 163
25 35 34 35
20 147 21 151
23 470 30 470
44 267 48 268
64 201 72 201
42 871 46 872
46 255 55 255
61 494 63 495
31 811 40 811
65 723 69 724
30 617 39 617
50 647 59 647
71 69 72 73
9 822 13 823
9 663 9 672
56 867 57 871
67 23 71 24
35 775 44 775
20 481 27 481
3 257 12 257
7 832 16 832
9 61 13 62
39 92 48 92
70 260 72 262
23 325 27 326
62 134 71 134
42 150 46 151
59 706 66 706
58 867 59 871
15 769 15 778
20 82 24 83
61 763 65 764
31 741 40 741
34 355 43 355
38 861 47 861
16 86 25 86
64 633 72 633
40 222 49 222
71 175 72 179
8 476 9 480
45 409 46 413
55 735 64 735
62 852 66 853
40 615 44 616
18 208 27 208
60 597 64 598
44 659 46 660
23 290 27 291
37 763 46 763
15 858 24 858
18 771 18 780
33 530 37 531
42 800 43 804
30 819 32 821
28 547 37 547
39 560 41 562
31 773 40 773
52 824 54 825
4 244 8 245
63 403 67 404
65 229 72 229
10 683 14 684
4 145 5 149
10 160 14 161
12 141 16 142
29 771 30 775
4 443 4 452
33 306 34 310
65 93 72 93
18 275 19 278
39 186 43 187
6 474 6 483
30 394 31 397
46 822 55 822
22 888 31 888
71 542 72 546
46 694 50 695
70 399 72 401
21 880 30 880
58 765 62 766
65 155 72 155
49 548 58 548
19 575 28 575
25 862 34 862
46 61 50 62
17 868 18 872
2 292 2 300
27 141 31 142
6 646 15 646
57 517 61 518
59 293 63 294
14 79 18 80
26 406 30 407
48 474 57 474
51 707 55 708
10 111 14 112
3 174 7 175
10 30 14 31
3 483 3 489
42 73 46 74
40 82 44 83
17 564 26 564
63 179 67 180
26 822 35 822
29 140 38 140
29 199 32 200
54 680 59 680
13 869 13 878
31 774 40 774
23 631 27 632
22 454 31 454
57 657 66 657
25 270 31 270
48 632 57 632
0 387 1 391
56 417 63 417
26 237 35 237
0 845 1 849
69 563 72 564
7 447 7 456
67 629 71 630
25 43 34 43
39 721 46 721
4 620 4 629
27 823 36 823
28 632 37 632
58 343 62 344
24 722 25 726
36 665 45 665
56 638 60 639
59 81 68 81
48 476 57 476
11 6 20 6
16 395 24 395
7 183 8 187
38 65 45 65
29 751 35 751
65 767 69 768
23 353 32 353
35 860 44 860
18 319 22 320
3 860 3 869
44 113 48 114
36 694 45 694
42 29 51 29
52 273 61 273
63 217 72 217
66 61 70 62
13 333 22 333
51 213 52 217
47 437 51 438
66 355 70 356
18 232 22 233
24 588 24 597
6 750 6 759
59 113 63 114
45 828 50 828
23 552 24 556
34 463 38 464
65 874 67 876
1 431 1 440
0 560 0 569
11 1 12 5
5 569 5 578
50 544 58 544
55 482 64 482
23 682 27 683
39 497 48 497
72 599 72 605
60 315 67 315
17 742 26 742
30 82 34 83
0 760 1 764
36 358 38 359
35 707 39 708
72 32 72 41
36 31 40 32
57 477 65 477
18 219 19 223
32 553 36 554
66 593 70 594
0 705 1 709
31 61 35 62
21 185 30 185
11 845 13 846
34 411 36 413
11 15 20 15
14 769 14 778
2 498 2 507
14 823 16 825
67 26 71 27
44 217 48 218
3 26 12 26
34 566 43 566
34 611 38 612
52 32 61 32
23 256 27 257
11 224 11 233
56 49 63 49
3 630 3 639
62 483 71 483
33 319 37 320
28 193 37 193
29 877 38 877
0 72 0 81
36 692 40 693
3 652 3 659
9 169 13 170
61 849 67 849
33 7 42 7
65 684 69 685
61 592 70 592
52 207 61 207
15 652 22 652
10 370 11 374
19 215 23 216
24 465 33 465
41 666 50 666
35 601 44 601
17 620 17 629
56 483 60 484
4 590 5 594
49 226 57 226
55 742 57 744
7 837 11 838
32 399 36 400
40 617 49 617
2 860 2 869
10 138 11 142
64 821 72 821
17 314 26 314
17 572 19 574
60 877 64 878
38 387 47 387
72 300 72 309
43 827 52 827
5 767 6 771
27 54 31 55
23 754 27 755
5 417 13 417
19 436 19 445
44 257 48 258
23 818 32 818
11 767 11 776
56 97 65 97
10 805 11 809
24 498 25 502
19 416 23 417
49 499 58 499
51 84 55 85
47 249 51 250
63 0 67 1
20 565 24 566
7 581 8 584
34 836 43 836
41 236 49 236
3 550 4 554
43 677 47 678
60 254 69 254
61 480 69 480
12 253 21 253
58 816 62 817
6 101 14 101
13 456 22 456
29 187 38 187
29 99 38 99
37 554 46 554
13 415 22 415
63 186 67 187
15 605 24 605
19 139 23 140
9 202 13 203
57 887 65 887
2 409 11 409
6 590 6 599
12 235 21 235
44 564 48 565
12 457 16 458
51 77 55 78
14 341 18 342
42 404 51 404
46 541 50 542
26 172 30 173
4 829 8 830
8 765 12 766
27 867 36 867
27 305 36 305
1 860 1 869
16 13 20 14
28 376 29 380
1 352 10 352
1 207 5 208
12 322 21 322
26 550 30 551
63 774 71 774
36 24 37 28
58 865 66 865
53 772 57 773
12 12 21 12
62 39 66 40
60 723 64 724
64 258 68 259
7 347 8 351
15 206 19 207
29 611 33 612
3 399 4 403
53 786 57 787
58 767 64 767
34 108 43 108
61 638 65 639
33 227 37 228
58 632 67 632
13 865 22 865
38 703 47 703
51 650 60 650
8 874 8 883
32 576 41 576
15 394 24 394
44 845 48 846
26 759 35 759
36 724 38 726
1 317 5 318
60 647 64 648
51 694 55 695
15 160 19 161
28 245 37 245
29 863 38 863
18 640 22 641
58 245 62 246
33 96 37 97
14 147 15 151
18 209 22 210
59 782 68 782
6 194 7 198
41 102 45 103
8 447 9 451
34 764 43 764
9 114 10 118
61 425 65 426
29 217 38 217
68 67 72 68
32 167 41 167
38 537 42 538
67 288 71 289
41 798 50 798
52 507 56 508
12 370 13 374
12 162 16 163
32 74 41 74
39 742 43 743
11 350 15 351
51 738 60 738
21 125 25 126
32 517 41 517
16 831 25 831
24 764 33 764
4 159 13 159
36 141 38 143
6 43 10 44
3 490 5 492
39 458 48 458
57 378 66 378
24 581 28 582
8 772 8 781
0 207 0 216
5 332 14 332
15 323 19 324
19 582 23 583
46 13 55 13
31 197 40 197
68 43 69 47
5 30 9 31
68 585 70 586
63 759 72 759
58 712 62 713
34 625 35 629
70 350 72 351
18 484 20 485
39 469 43 470
35 513 44 513
21 182 25 183
56 136 58 138
29 853 38 853
8 641 17 641
70 637 72 638
42 681 45 682
52 192 57 192
1 856 5 857
55 93 64 93
40 487 49 487
53 429 62 429
50 617 57 617
4 209 4 217
62 620 66 621
27 776 31 777
59 504 68 504
16 117 20 118
38 626 47 626
51 41 59 41
3 610 3 619
9 296 13 297
18 703 21 704
30 513 34 514
16 544 20 545
58 881 62 882
42 479 43 483
11 452 11 461
38 874 42 875
16 715 17 719
67 818 72 818
3 580 4 584
38 712 47 712
42 834 51 834
35 600 44 600
8 600 9 604
5 9 6 12
34 181 43 181
31 196 40 196
65 600 71 600
12 380 21 380
16 69 17 73
26 436 27 440
59 888 68 888
16 95 20 96
19 613 28 613
53 642 62 642
66 545 70 546
19 533 20 537
2 567 2 576
19 807 23 808
11 777 12 781
11 496 15 497
5 160 9 161
35 893 44 893
34 345 38 346
71 196 72 200
36 115 45 115
48 642 52 643
36 317 40 318
66 720 72 720
52 621 61 621
4 67 5 71
44 281 48 282
34 548 38 549
2 660 2 669
23 104 24 107
45 436 53 436
66 417 70 418
58 510 62 511
65 135 66 139
62 288 66 289
20 505 29 505
12 316 21 316
43 227 47 228
59 230 68 230
44 162 53 162
62 659 71 659
3 176 12 176
62 461 71 461
36 845 37 847
29 355 33 356
22 816 28 816
24 404 25 408
55 277 57 279
64 306 71 306
28 166 29 170
6 180 6 189
43 814 52 814
53 774 62 774
56 84 57 88
53 256 62 256
53 624 57 625
43 381 47 382
21 223 30 223
31 15 40 15
20 74 29 74
16 350 24 350
16 87 25 87
5 190 5 199
10 287 14 288
69 204 71 206
58 111 67 111
11 490 20 490
12 164 18 164
26 377 27 381
34 608 43 608
69 485 72 486
41 340 42 344
22 795 26 796
35 731 44 731
52 734 61 734
49 641 58 641
28 702 37 702
11 819 15 820
44 783 53 783
13 165 17 166
16 132 25 132
0 610 0 619
56 671 59 672
17 19 18 23
58 786 62 787
71 383 72 387
46 799 49 800
7 433 11 434
21 341 30 341
22 702 24 704
12 180 16 181
39 535 48 535
41 85 45 86
14 145 23 145
48 510 52 511
21 450 29 450
24 19 28 20
52 296 61 296
9 217 18 217
34 887 43 887
37 200 46 200
32 555 36 556
9 63 13 64
61 847 65 848
37 423 46 423
51 311 59 311
16 304 20 305
1 347 2 351
47 553 51 554
14 624 15 628
51 39 55 40
24 750 33 750
2 473 2 482
32 440 41 440
15 399 24 399
26 412 30 413
54 886 63 886
36 270 45 270
22 162 26 163
57 462 66 462
35 43 44 43
19 372 22 373
71 172 72 174
46 393 55 393
51 405 60 405
7 474 7 483
27 580 36 580
59 656 68 656
10 883 19 883
20 572 24 573
19 679 28 679
37 686 41 687
17 503 18 507
40 325 41 329
35 109 39 110
28 523 32 524
3 660 4 664
3 101 3 108
23 865 32 865
3 493 3 502
39 492 43 493
56 850 65 850
33 831 34 835
28 651 32 652
34 20 38 21
11 40 20 40
62 452 66 453
36 102 40 103
49 604 58 604
62 828 71 828
6 496 10 497
5 588 14 588
62 699 71 699
18 523 22 524
8 246 17 246
3 46 12 46
24 621 25 625
22 576 31 576
5 347 6 351
53 55 57 56
40 411 44 412
3 473 3 482
52 173 53 177
60 107 64 108
8 567 8 576
32 159 41 159
14 17 23 17
39 627 45 627
51 182 53 183
5 513 6 517
2 775 2 784
33 653 42 653
60 610 69 610
2 57 2 66
8 38 12 39
51 775 60 775
20 436 21 440
4 229 4 238
55 65 64 65
18 364 22 365
7 2 8 6
65 840 72 840
5 34 9 35
9 261 13 262
41 586 50 586
1 62 1 71
28 39 36 39
42 560 46 561
25 349 26 352
63 797 67 798
57 454 66 454
25 817 34 817
40 559 49 559
23 514 25 516
50 742 54 743
66 334 68 336
33 521 42 521
56 36 64 36
34 815 43 815
35 252 44 252
67 377 69 378
47 318 56 318
63 549 69 549
23 102 27 103
19 23 28 23
5 420 13 420
7 281 16 281
58 300 62 301
51 241 60 241
21 435 28 435
63 790 66 791
27 553 31 554
16 62 20 63
9 567 9 576
19 188 23 189
23 301 27 302
19 79 23 80
13 1 14 5
5 329 8 330
0 111 0 120
17 540 21 541
60 235 69 235
63 799 72 799
61 797 62 801
25 30 26 34
18 842 27 842
10 567 10 576
61 843 65 844
25 279 26 283
36 671 40 672
46 378 55 378
64 2 68 3
2 565 11 565
61 334 65 335
19 202 28 202
32 662 32 671
55 290 57 292
41 6 50 6
14 813 23 813
36 221 45 221
52 134 61 134
63 447 65 449
39 628 43 629
21 301 21 310
15 91 24 91
7 772 7 781
26 27 30 28
34 139 43 139
47 415 51 416
11 799 15 800
31 772 40 772
6 874 7 878
13 765 17 766
34 247 38 248
58 89 62 90
15 537 16 541
68 880 72 881
0 101 0 110
34 201 43 201
54 622 63 622
54 339 55 343
59 780 68 780
44 881 48 882
16 308 20 309
33 655 42 655
53 757 57 758
71 314 71 320
68 651 72 652
39 402 41 404
25 432 34 432
4 465 13 465
48 854 57 854
7 54 11 55
64 614 68 615
2 880 2 889
15 447 16 451
69 34 71 36
31 406 35 407
52 353 53 357
31 56 35 57
15 16 22 16
43 651 47 652
25 860 34 860
2 341 3 345
72 100 72 109
12 234 21 234
17 669 26 669
53 636 62 636
58 381 62 382
21 610 27 610
12 565 12 573
9 512 18 512
26 328 30 329
21 236 30 236
61 635 70 635
4 795 4 804
46 432 48 434
2 425 6 426
50 69 51 73
17 845 26 845
48 574 52 575
11 307 11 316
62 760 69 760
5 800 6 804
11 236 20 236
12 748 13 752
10 617 19 617
71 444 71 453
9 550 10 554
27 238 31 239
61 297 70 297
19 670 23 671
0 880 0 889
58 290 67 290
53 98 62 98
46 711 55 711
48 865 52 866
67 345 71 346
54 164 58 165
69 744 70 747
4 714 13 714
66 276 66 285
11 610 20 610
0 135 0 144
33 633 42 633
11 56 20 56
29 538 30 542
45 376 49 377
66 458 72 458
69 98 72 99
38 805 47 805
62 459 66 460
71 591 72 594
14 243 23 243
34 277 34 286
31 478 40 478
33 557 42 557
24 296 28 297
38 219 47 219
16 154 18 156
27 564 28 567
52 732 56 733
18 678 27 678
2 488 2 497
57 842 66 842
22 532 31 532
67 451 68 454
49 794 58 794
25 674 29 675
42 555 51 555
52 644 57 644
45 513 54 513
56 286 65 286
42 294 51 294
41 314 42 318
12 671 13 675
29 828 33 829
34 433 38 434
36 522 45 522
21 710 23 712
29 161 38 161
2 590 2 599
0 890 4 891
48 815 49 819
18 802 19 806
34 388 38 389
38 392 47 392
67 156 71 157
32 51 33 55
1 750 1 759
52 529 61 529
34 179 43 179
25 430 29 431
28 175 32 176
18 590 18 599
12 10 16 11
5 668 6 672
67 210 68 214
19 488 28 488
35 546 44 546
10 840 19 840
58 447 62 448
7 61 8 65
21 798 25 799
14 488 18 489
29 790 38 790
26 86 30 87
36 737 40 738
72 310 72 319
55 600 64 600
19 509 28 509
47 423 54 423
9 106 18 106
71 79 72 83
56 565 65 565
58 279 62 280
5 750 5 759
37 351 46 351
0 172 1 176
42 325 43 329
58 818 66 818
65 144 66 148
36 363 45 363
42 748 44 750
52 553 56 554
27 763 36 763
67 353 71 354
7 66 16 66
14 526 23 526
70 596 72 598
23 232 27 233
61 775 65 776
18 37 22 38
37 556 46 556
19 763 23 764
17 477 19 479
55 345 59 346
14 758 21 758
54 79 58 80
0 750 0 759
18 168 25 168
37 413 41 414
57 288 61 289
40 169 44 170
46 864 55 864
9 2 10 6
52 722 61 722
7 741 11 742
39 463 43 464
7 57 11 58
35 831 36 835
28 826 35 826
10 143 10 152
70 639 72 641
54 63 63 63
5 222 5 231
12 545 13 549
59 101 63 102
25 303 26 305
35 180 43 180
15 503 16 507
63 116 72 116
56 200 65 200
3 19 4 23
33 827 42 827
2 145 2 154
60 307 65 307
51 480 60 480
22 542 26 543
55 107 59 108
8 145 8 154
25 42 34 42
20 574 29 574
14 856 23 856
3 209 3 217
0 513 4 514
70 187 72 189
27 150 31 151
9 841 18 841
67 790 71 791
1 249 5 250
61 21 65 22
33 331 35 333
37 645 46 645
56 822 65 822
54 579 58 580
23 748 27 749
26 514 27 517
56 692 58 694
57 587 61 588
50 252 59 252
47 732 51 733
43 810 50 810
36 277 45 277
38 302 47 302
30 753 31 757
34 680 43 680
2 270 2 279
5 169 6 173
62 168 65 169
9 682 16 682
63 574 67 575
65 347 71 347
41 634 43 635
4 712 8 713
5 537 9 538
28 336 37 336
13 447 14 451
50 809 59 809
23 684 27 685
25 5 34 5
68 186 69 189
0 339 4 340
31 84 40 84
20 430 24 431
17 344 21 345
61 484 70 484
63 352 72 352
68 509 72 510
19 491 23 492
5 884 7 886
28 714 37 714
18 24 22 25
24 868 26 870
11 638 20 638
68 302 71 303
19 169 23 170
46 826 53 826
3 800 3 809
4 831 5 835
22 249 26 250
42 353 51 353
58 854 65 854
22 238 26 239
69 533 72 534
52 379 61 379
38 37 42 38
13 167 17 168
58 336 65 336
69 276 69 285
41 182 45 183
22 422 26 423
32 205 41 205
68 240 70 242
49 564 58 564
34 876 43 876
5 268 9 269
46 173 47 177
0 478 0 487
32 239 41 239
31 33 40 33
69 496 71 498
58 227 62 228
59 390 66 390
43 95 47 96
15 588 19 589
50 669 54 670
17 857 26 857
44 800 45 804
60 69 61 73
33 116 42 116
31 87 40 87
48 233 56 233
44 213 48 214
29 859 38 859
32 292 36 293
57 411 58 415
33 765 42 765
52 852 56 853
7 365 16 365
3 333 12 333
44 879 48 880
57 34 65 34
31 341 40 341
4 156 13 156
7 49 11 50
3 585 7 586
37 553 46 553
59 512 68 512
68 412 69 416
55 527 62 527
31 494 40 494
1 80 4 81
44 788 53 788
46 576 48 578
6 835 15 835
24 468 28 469
55 879 64 879
54 353 55 357
54 212 62 212
33 198 35 200
43 537 47 538
67 694 71 695
54 3 63 3
41 675 45 676
54 788 63 788
39 446 48 446
41 406 45 407
61 778 65 779
58 790 62 791
65 513 68 514
56 334 60 335
30 710 39 710
25 306 29 307
3 167 12 167
34 788 43 788
20 692 22 693
24 385 33 385
24 69 25 73
21 268 25 269
14 855 23 855
10 616 19 616
26 123 27 126
41 259 49 259
59 132 63 133
20 133 29 133
28 630 32 631
53 673 59 673
7 164 11 165
38 451 47 451
58 630 62 631
61 593 65 594
36 864 45 864
70 792 72 794
52 303 61 303
38 28 47 28
49 257 52 258
3 270 3 279
38 625 47 625
51 197 55 198
7 564 16 564
57 520 66 520
56 295 65 295
35 271 44 271
23 633 32 633
16 759 25 759
22 411 31 411
15 388 19 389
1 135 1 144
49 497 53 498
15 219 15 228
27 558 36 558
24 169 25 173
53 857 57 858
41 30 42 33
62 238 66 239
58 772 62 773
56 736 60 737
18 18 27 18
66 676 72 676
9 157 13 158
62 129 71 129
17 590 17 599
19 267 28 267
45 662 49 663
42 44 48 44
35 777 44 777
45 592 49 593
7 550 8 554
9 366 13 367
38 732 41 733
59 375 63 376
10 604 18 604
64 355 65 358
1 815 5 816
41 147 45 148
42 686 51 686
3 145 3 154
35 409 39 410
3 665 4 669
22 540 26 541
53 369 57 370
18 366 27 366
57 730 62 730
59 45 67 45
35 299 43 299
39 393 43 394
51 776 60 776
14 47 18 48
43 532 52 532
68 179 69 182
42 852 46 853
28 476 37 476
19 217 28 217
56 843 60 844
14 786 23 786
7 205 16 205
4 569 4 578
21 241 30 241
48 540 57 540
8 884 10 885
44 614 53 614
38 281 39 285
14 367 23 367
9 680 13 681
65 792 69 793
13 353 22 353
24 294 28 295
10 447 10 456
18 696 22 697
59 99 63 100
31 723 39 723
44 784 53 784
2 750 3 754
7 533 16 533
53 880 57 881
31 23 40 23
60 218 64 219
55 166 56 170
66 847 70 848
54 614 63 614
7 381 7 390
41 349 45 350
56 363 65 363
49 856 58 856
38 646 47 646
35 112 44 112
5 23 14 23
56 637 65 637
23 482 27 483
57 506 61 507
53 612 57 613
6 831 15 831
61 380 66 380
20 441 21 445
35 297 39 298
14 81 23 81
44 623 51 623
51 127 55 128
27 870 32 870
16 809 20 810
22 459 26 460
23 389 28 389
35 306 36 310
35 174 36 178
1 209 1 218
32 371 36 372
21 781 24 782
10 435 11 439
58 68 67 68
1 251 5 252
7 138 9 140
2 740 2 747
30 71 34 72
16 122 20 123
42 225 51 225
43 858 52 858
4 729 4 738
44 785 48 786
67 627 71 628
10 408 19 408
60 23 61 27
51 541 55 542
17 823 21 824
16 138 25 138
25 136 33 136
52 887 56 888
60 154 69 154
49 141 51 143
24 673 32 673
8 824 10 826
20 715 21 719
0 540 0 549
7 207 8 211
54 299 63 299
55 110 64 110
61 178 70 178
24 467 33 467
33 146 42 146
44 580 48 581
27 462 36 462
12 590 12 599
17 219 17 228
35 787 44 787
22 0 23 4
15 231 17 233
23 456 32 456
55 190 64 190
22 344 31 344
37 234 46 234
5 91 14 91
30 306 32 308
7 307 7 316
67 389 71 390
31 185 40 185
4 813 13 813
41 171 50 171
30 40 34 41
24 672 33 672
8 13 10 15
51 448 57 448
30 69 34 70
54 402 63 402
58 571 67 571
12 381 21 381
53 530 62 530
59 455 68 455
45 107 54 107
64 82 68 83
31 849 40 849
68 127 72 128
14 866 18 867
23 229 27 230
35 862 44 862
49 164 53 165
18 290 22 291
6 473 15 473
68 834 72 835
63 631 72 631
17 671 18 675
30 625 31 629
3 109 7 110
55 297 59 298
14 581 23 581
17 873 18 877
11 171 20 171
67 754 71 755
44 136 45 139
26 484 30 485
61 223 70 223
38 748 41 749
50 615 54 616
63 276 63 285
31 403 33 405
24 243 33 243
58 539 67 539
27 645 36 645
66 804 70 805
24 618 33 618
24 215 28 216
6 587 15 587
45 862 54 862
5 261 6 265
42 528 51 528
9 224 9 233
21 484 25 485
12 94 19 94
67 13 71 14
41 176 45 177
0 775 0 784
68 689 72 690
17 495 25 495
17 517 25 517
48 758 52 759
14 618 23 618
34 467 43 467
34 668 35 672
33 480 37 481
4 785 4 794
9 798 10 802
29 202 38 202
1 785 1 794
26 726 28 728
15 339 18 340
72 773 72 780
43 624 52 624
40 118 41 122
34 424 43 424
29 50 38 50
69 691 72 692
4 463 8 464
43 713 47 714
48 790 52 791
49 99 53 100
64 293 68 294
53 337 62 337
28 0 29 4
3 712 3 721
62 355 63 359
52 592 56 593
60 202 69 202
19 455 28 455
8 619 17 619
49 324 58 324
46 781 50 782
40 669 49 669
53 37 57 38
34 164 38 165
64 203 72 203
5 589 14 589
50 839 59 839
43 274 47 275
67 105 71 106
49 44 53 45
27 162 31 163
36 473 44 473
8 710 12 711
25 694 33 694
44 79 48 80
58 624 62 625
29 679 38 679
14 760 18 761
10 510 19 510
68 365 72 366
4 889 13 889
53 538 57 539
27 878 36 878
0 145 1 149
7 810 11 811
15 89 17 90
34 490 43 490
66 843 70 844
6 396 15 396
48 199 50 200
33 415 35 417
63 388 72 388
8 307 8 316
59 309 63 310
46 166 50 167
42 354 51 354
35 518 41 518
55 347 64 347
25 572 34 572
6 494 10 495
8 854 9 858
54 99 58 100
31 739 35 740
3 168 12 168
67 490 69 492
4 741 6 743
23 375 27 376
64 508 72 508
49 885 53 886
43 256 52 256
57 463 61 464
28 366 37 366
36 662 38 664
45 787 52 787
3 289 3 298
71 122 72 126
47 517 51 518
25 552 26 556
36 182 40 183
59 580 63 581
71 501 72 505
5 72 9 73
32 119 36 120
15 668 15 675
45 297 49 298
18 7 22 8
15 352 24 352
27 351 36 351
18 815 27 815
11 97 15 98
72 450 72 457
27 62 28 66
8 440 11 441
34 785 38 786
61 841 66 841
59 761 68 761
3 446 3 455
46 197 50 198
7 462 16 462
17 462 26 462
72 728 72 737
28 621 32 622
65 158 72 158
68 300 71 301
68 84 69 88
21 638 25 639
14 263 18 264
49 117 53 118
17 212 21 213
64 497 68 498
6 67 7 71
32 783 33 785
10 748 11 752
13 299 17 300
27 568 31 569
51 185 58 185
14 312 23 312
22 377 23 381
6 102 7 105
4 157 8 158
42 832 46 833
22 771 22 780
64 51 72 51
34 439 43 439
17 480 26 480
4 508 13 508
12 369 21 369
8 590 9 594
8 353 9 357
44 422 53 422
2 694 10 694
63 245 64 249
61 668 69 668
23 279 24 283
45 747 49 748
28 768 32 769
49 679 58 679
54 247 58 248
42 415 46 416
1 590 1 599
48 447 57 447
10 153 13 154
43 539 47 540
39 859 48 859
28 37 32 38
29 324 38 324
62 269 70 269
48 37 52 38
34 452 43 452
70 787 72 789
50 545 58 545
54 492 63 492
33 482 37 483
65 421 69 422
6 673 6 682
42 296 51 296
4 394 5 398
61 547 69 547
38 18 43 18
60 157 64 158
4 545 5 549
64 99 68 100
30 449 32 451
37 371 41 372
18 668 27 668
48 640 57 640
58 163 67 163
8 700 17 700
50 307 59 307
0 740 0 749
0 337 4 338
3 765 7 766
69 612 71 614
42 461 49 461
51 586 60 586
66 443 71 443
11 471 15 472
46 843 50 844
49 305 53 306
58 314 67 314
37 729 41 730
63 37 67 38
24 603 28 604
25 587 34 587
47 58 51 59
53 95 57 96
0 289 2 291
17 459 21 460
33 814 42 814
60 312 64 313
49 218 58 218
55 146 59 147
19 190 23 191
60 84 61 88
21 552 22 556
33 820 37 821
31 317 35 318
62 607 71 607
60 348 69 348
33 734 41 734
1 334 5 335
16 294 17 298
46 529 50 530
34 294 38 295
59 92 68 92
7 535 11 536
43 583 47 584
41 684 50 684
17 141 26 141
32 369 36 370
33 624 42 624
27 418 31 419
33 364 37 365
59 281 60 285
56 103 61 103
49 455 58 455
24 139 28 140
70 526 72 528
25 369 26 373
36 51 37 55
63 46 67 47
8 749 9 753
40 552 49 552
25 107 34 107
68 276 68 285
43 795 52 795
14 515 18 516
2 304 6 305
69 258 72 259
11 639 20 639
30 781 31 785
11 513 20 513
12 36 16 37
63 741 72 741
49 186 53 187
10 520 19 520
16 302 20 303
51 161 60 161
47 292 51 293
7 418 16 418
62 224 66 225
57 531 66 531
22 299 31 299
27 349 30 350
52 460 56 461
56 127 60 128
0 870 0 879
7 47 11 48
15 31 16 35
5 260 14 260
41 484 43 485
7 224 8 228
45 431 53 431
24 760 33 760
32 459 36 460
4 493 4 502
58 383 64 383
44 347 46 348
42 888 51 888
56 237 65 237
46 848 50 849
8 577 12 578
59 451 61 453
0 160 4 161
20 387 22 389
11 28 15 29
10 353 11 357
42 644 51 644
43 7 52 7
3 542 7 543
15 402 16 406
5 733 8 734
65 597 67 598
31 122 35 123
33 869 37 870
59 213 62 214
65 245 66 249
36 408 45 408
56 255 64 255
55 674 59 675
53 759 62 759
11 185 20 185
23 209 32 209
55 249 59 250
4 709 13 709
8 585 12 586
32 316 40 316
57 561 61 562
27 52 31 53
53 532 62 532
46 803 54 803
1 292 1 301
19 77 23 78
69 244 70 248
21 117 25 118
0 392 8 392
68 266 70 268
70 480 72 482
43 403 52 403
9 488 13 489
12 319 14 321
13 386 14 390
14 779 15 783
49 434 53 435
35 160 44 160
38 300 42 301
54 751 58 752
37 369 46 369
15 869 15 878
24 440 25 444
67 865 72 865
6 615 7 619
35 75 44 75
13 656 13 665
60 82 63 83
21 513 29 513
65 391 72 391
63 526 67 527
30 477 39 477
17 281 18 284
0 62 0 71
22 134 29 134
29 548 33 549
29 416 32 417
28 325 37 325
54 660 58 661
16 115 25 115
71 276 72 280
37 520 46 520
52 437 56 438
4 630 4 639
72 617 72 625
41 94 50 94
66 198 68 200
28 233 37 233
31 30 40 30
22 436 22 445
6 498 7 502
4 150 5 154
5 867 5 876
34 578 43 578
66 97 72 97
23 26 32 26
15 289 23 289
42 401 51 401
58 551 64 551
20 295 21 299
34 11 41 11
0 438 0 447
12 283 16 284
63 642 67 643
3 415 7 416
70 529 72 531
42 729 46 730
25 662 26 666
33 766 42 766
31 27 35 28
39 567 47 567
12 47 13 51
1 336 7 336
15 260 24 260
31 20 33 22
46 417 55 417
16 397 25 397
68 642 72 643
21 339 25 340
42 568 46 569
29 761 38 761
62 26 66 27
26 115 35 115
42 657 43 661
60 51 61 55
12 437 13 441
65 879 72 879
15 732 21 732
67 587 70 588
43 364 47 365
17 31 18 35
43 314 47 315
4 817 5 821
29 791 31 793
67 841 71 842
1 46 1 55
68 369 72 370
30 45 39 45
0 247 0 256
40 486 49 486
0 131 4 132
22 51 31 51
17 88 26 88
14 438 18 439
11 486 15 487
67 245 68 249
51 668 60 668
20 609 27 609
52 594 56 595
44 15 48 16
5 431 6 435
51 199 53 201
0 277 0 286
6 471 10 472
0 155 1 159
29 488 33 489
12 245 21 245
32 272 36 273
24 463 28 464
43 633 52 633
58 302 67 302
5 266 9 267
18 826 27 826
12 134 21 134
26 252 34 252
23 640 27 641
53 466 57 467
15 602 24 602
32 568 36 569
60 487 64 488
3 784 12 784
61 515 70 515
61 673 64 674
48 473 57 473
30 109 34 110
52 815 53 819
37 509 39 511
30 436 31 440
71 860 72 864
13 222 13 231
31 542 35 543
16 781 20 782
47 234 56 234
61 524 70 524
42 606 46 607
2 54 6 55
58 857 62 858
24 771 24 780
48 208 57 208
27 369 31 370
63 537 67 538
47 749 56 749
61 570 70 570
24 813 33 813
48 705 57 705
55 219 59 220
12 810 15 811
29 463 33 464
18 256 22 257
72 180 72 186
51 810 60 810
32 401 41 401
42 207 51 207
16 698 20 699
54 832 58 833
55 662 59 663
63 813 67 814
20 598 29 598
19 384 23 385
57 437 61 438
19 512 28 512
41 478 50 478
45 321 54 321
10 481 19 481
41 178 50 178
62 525 71 525
70 42 71 45
16 473 25 473
2 785 3 789
33 209 37 210
51 515 60 515
66 763 70 764
29 77 33 78
52 288 56 289
38 199 47 199
2 346 8 346
25 522 34 522
26 339 30 340
48 330 52 331
39 863 48 863
17 402 18 406
11 386 12 390
62 48 69 48
34 51 35 55
37 373 46 373
57 834 66 834
14 631 15 635
2 155 3 159
41 579 50 579
40 656 48 656
1 530 2 534
63 712 67 713
26 261 35 261
29 186 38 186
21 635 25 636
21 432 23 434
53 820 59 820
17 214 26 214
30 448 39 448
42 869 46 870
65 270 69 271
33 287 42 287
6 492 10 493
43 820 52 820
3 767 3 776
2 730 2 739
36 627 38 629
19 474 28 474
54 179 55 183
42 734 51 734
42 491 51 491
17 686 26 686
14 275 15 279
16 555 20 556
2 508 3 512
7 466 8 470
47 34 56 34
57 213 58 216
38 865 42 866
52 76 60 76
46 427 50 428
59 564 68 564
24 812 33 812
41 185 50 185
42 587 51 587
57 74 63 74
49 812 53 813
25 394 29 395
41 724 50 724
25 692 29 693
28 309 32 310
61 216 70 216
8 673 8 682
4 488 8 489
33 420 42 420
24 416 28 417
8 366 8 374
27 303 31 304
9 611 18 611
12 304 12 313
8 692 17 692
56 339 57 343
30 534 34 535
27 839 36 839
64 276 64 285
54 526 62 526
56 353 57 357
29 721 38 721
4 805 5 809
4 827 8 828
61 586 67 586
32 149 36 150
22 149 31 149
27 588 27 597
19 672 23 673
28 290 32 291
43 276 52 276
26 84 30 85
6 285 10 286
29 79 33 80
46 85 50 86
60 489 69 489
58 646 67 646
30 368 39 368
63 624 67 625
24 272 25 276
40 509 42 511
40 543 44 544
59 210 62 211
30 92 38 92
18 411 20 413
34 871 35 875
47 412 56 412
39 506 41 507
30 674 39 674
40 592 44 593
38 666 39 670
52 754 57 754
16 720 25 720
54 15 58 16
20 222 29 222
16 864 25 864
18 619 22 620
4 190 4 199
35 605 43 605
21 259 30 259
10 19 14 20
30 656 39 656
1 1 10 1
48 536 52 537
16 471 20 472
51 841 60 841
41 843 45 844
17 558 26 558
3 189 3 198
32 141 35 142
27 824 31 825
31 428 40 428
19 829 23 830
21 588 21 597
51 251 59 251
40 707 41 711
59 845 63 846
4 707 8 708
30 890 34 891
18 710 20 712
65 550 69 551
51 86 55 87
31 847 35 848
20 229 22 231
44 611 53 611
47 240 56 240
37 58 41 59
60 521 62 523
40 505 49 505
33 532 42 532
41 530 45 531
65 481 69 482
3 120 4 124
42 414 51 414
52 141 61 141
36 696 45 696
25 518 34 518
20 654 20 663
3 347 4 351
53 699 61 699
39 503 43 504
62 29 66 30
63 753 72 753
42 58 46 59
34 808 40 808
22 383 28 383
44 374 51 374
11 567 11 576
44 398 53 398
30 598 39 598
66 286 72 286
20 879 29 879
68 314 70 316
40 642 43 643
70 468 72 470
36 337 40 338
33 657 37 658
6 125 10 126
64 397 68 398
15 5 24 5
19 158 23 159
41 751 50 751
37 305 43 305
35 144 44 144
57 605 60 606
20 206 24 207
37 162 41 163
58 191 66 191
9 386 10 390
70 46 72 48
64 299 72 299
44 504 53 504
72 2 72 11
60 667 69 667
65 653 69 654
8 102 17 102
14 158 18 159
43 37 47 38
62 560 66 561
47 704 56 704
6 545 7 549
45 600 49 601
44 642 47 643
29 312 33 313
4 750 4 759
54 101 58 102
37 314 40 315
24 247 28 248
48 697 57 697
14 215 18 216
30 692 33 693
36 770 40 771
5 620 5 629
31 797 35 798
47 409 51 410
11 13 15 14
1 850 5 851
13 256 17 257
61 683 70 683
64 19 68 20
17 9 19 11
20 94 29 94
55 799 56 803
50 314 57 314
62 677 71 677
5 331 14 331
23 186 27 187
1 580 1 589
46 153 55 153
28 780 37 780
9 613 13 614
20 892 24 893
4 810 6 812
1 125 5 126
67 781 72 781
20 568 24 569
17 457 26 457
58 697 67 697
55 82 59 83
36 231 40 232
66 153 72 153
69 210 71 212
23 364 27 365
64 845 68 846
9 277 13 278
32 194 41 194
19 47 23 48
47 750 56 750
19 402 20 406
23 662 24 666
56 105 65 105
52 528 61 528
43 630 47 631
39 641 48 641
38 677 42 678
6 411 15 411
26 654 27 658
31 9 38 9
40 594 49 594
21 838 30 838
67 122 70 123
10 412 17 412
7 517 16 517
24 611 28 612
9 829 13 830
14 77 18 78
9 737 11 739
65 65 72 65
16 28 20 29
33 456 42 456
70 890 72 892
45 93 54 93
67 144 68 148
58 396 65 396
21 40 22 44
29 506 33 507
49 706 58 706
61 634 70 634
13 570 17 571
55 144 64 144
67 494 71 495
27 857 36 857
9 145 9 154
18 226 27 226
33 800 37 801
5 732 14 732
1 665 1 674
57 516 66 516
27 457 36 457
46 77 50 78
35 430 39 431
14 750 18 751
21 496 25 497
6 850 10 851
39 46 43 47
67 468 69 470
28 224 32 225
47 868 48 872
7 162 11 163
40 380 49 380
39 603 43 604
21 834 25 835
28 177 32 178
5 458 6 462
9 200 13 201
6 207 6 214
58 640 65 640
24 355 28 356
54 782 58 783
48 523 52 524
36 609 45 609
63 333 72 333
52 729 56 730
44 876 52 876
10 537 14 538
17 204 21 205
2 324 2 333
6 215 8 217
52 450 61 450
51 277 54 278
24 374 33 374
25 780 27 782
16 190 18 191
11 690 15 691
5 21 9 22
33 713 42 713
16 474 18 475
66 196 68 197
47 852 51 853
39 140 42 141
1 410 5 411
46 308 55 308
39 322 48 322
28 123 30 125
34 742 38 743
51 152 60 152
29 815 33 816
17 650 26 650
54 815 55 819
71 135 72 139
2 209 2 218
29 603 33 604
37 370 46 370
3 515 4 519
62 143 71 143
2 135 2 144
59 456 63 457
28 387 37 387
56 609 65 609
10 545 11 549
16 424 21 424
22 234 26 235
37 462 46 462
72 653 72 661
21 84 25 85
42 205 51 205
46 184 55 184
46 459 49 460
2 47 6 48
24 312 28 313
35 445 37 447
12 178 21 178
44 299 53 299
10 869 11 873
38 364 42 365
26 13 30 14
10 881 14 882
34 760 43 760
18 623 19 627
38 516 47 516
27 371 31 372
49 213 50 217
3 570 3 579
49 769 50 773
15 860 24 860
2 306 11 306
26 724 30 725
41 84 50 84
24 357 33 357
63 729 67 730
13 523 17 524
58 188 67 188
21 13 25 14
51 125 60 125
31 63 34 64
27 795 31 796
31 426 35 427
4 612 13 612
63 407 72 407
55 321 62 321
20 45 29 45
2 51 6 52
21 471 30 471
2 387 3 391
5 893 14 893
7 580 16 580
59 320 68 320
42 588 51 588
39 226 48 226
28 229 34 229
40 479 41 483
15 892 19 893
16 884 25 884
41 405 50 405
57 142 61 143
50 348 59 348
60 839 66 839
27 771 28 775
15 600 19 601
65 410 65 418
39 512 48 512
3 329 4 332
33 673 42 673
59 563 68 563
20 617 29 617
2 832 2 841
6 307 6 316
64 71 68 72
43 769 44 773
21 95 22 98
12 314 16 315
39 812 43 813
0 237 0 246
31 147 35 148
11 208 12 211
19 603 23 604
50 235 53 236
67 568 70 569
63 800 72 800
26 330 35 330
34 374 43 374
33 429 42 429
33 155 42 155
52 409 61 409
44 304 48 305
32 625 33 629
3 503 4 507
13 653 22 653
34 550 43 550
7 561 14 561
53 655 62 655
67 132 71 133
38 547 44 547
22 345 31 345
0 675 0 684
50 600 54 601
63 466 64 470
6 57 6 66
24 761 28 762
53 213 56 214
28 7 32 8
44 821 53 821
10 89 14 90
9 325 10 329
14 247 23 247
17 425 21 426
60 422 64 423
43 523 47 524
62 51 63 55
11 666 11 675
21 31 22 35
29 433 33 434
37 831 41 832
58 757 67 757
53 715 61 715
5 737 8 738
53 420 61 420
69 100 71 102
49 320 58 320
60 39 61 43
55 75 64 75
62 505 63 509
27 837 36 837
42 303 51 303
1 827 2 831
45 808 49 809
16 310 20 311
26 0 27 4
21 847 30 847
62 233 66 234
50 799 54 800
54 633 63 633
4 113 13 113
51 171 60 171
37 825 46 825
14 465 23 465
37 782 45 782
51 380 60 380
26 263 35 263
67 380 72 380
5 685 9 686
2 810 3 814
72 547 72 553
26 848 30 849
10 602 14 603
9 275 13 276
16 559 24 559
41 770 42 774
10 685 14 686
49 79 53 80
14 849 23 849
10 92 19 92
29 113 33 114
16 252 25 252
15 568 19 569
63 329 67 330
38 854 47 854
7 431 11 432
30 684 32 685
37 204 46 204
58 385 62 386
36 332 40 333
53 89 57 90
39 396 43 397
30 321 34 322
51 870 53 872
29 695 33 696
0 630 0 639
1 373 1 382
53 865 57 866
10 724 11 728
52 463 56 464
48 355 49 359
29 188 32 189
0 835 0 844
39 164 48 164
45 69 49 70
3 755 3 764
31 608 33 610
37 867 46 867
61 472 70 472
64 149 68 150
38 829 47 829
29 854 33 855
57 399 59 401
45 130 54 130
28 625 29 629
33 523 37 524
1 177 1 186
39 443 41 445
16 664 20 665
1 197 1 206
52 587 56 588
41 332 45 333
5 339 9 340
37 145 46 145
5 232 6 235
48 567 56 567
39 548 48 548
68 117 72 118
48 274 52 275
38 820 42 821
44 657 48 658
19 489 28 489
3 14 4 18
36 638 40 639
4 843 8 844
32 394 33 398
63 317 70 317
55 615 63 615
44 24 52 24
37 457 44 457
8 236 10 238
9 186 12 187
30 111 34 112
8 624 9 628
15 19 16 23
7 11 11 12
0 31 1 35
9 746 18 746
18 271 27 271
49 806 53 807
59 769 68 769
51 62 60 62
19 760 23 761
2 845 3 849
6 622 10 623
13 304 13 313
9 468 13 469
67 552 71 553
36 654 45 654
46 115 55 115
11 117 15 118
48 300 57 300
51 781 56 781
32 314 36 315
20 220 24 221
48 467 49 470
39 581 43 582
7 767 8 771
58 84 59 88
55 271 64 271
31 223 40 223
0 99 4 100
27 352 36 352
27 637 36 637
62 728 71 728
67 459 71 460
12 739 21 739
63 367 72 367
60 875 64 876
48 193 57 193
70 877 72 878
62 450 66 451
30 430 34 431
8 67 9 71
42 590 46 591
1 853 10 853
19 392 22 393
4 341 8 342
14 716 15 720
8 782 12 783
1 219 1 228
32 884 41 884
21 311 30 311
64 66 72 66
31 570 40 570
30 222 39 222
52 48 61 48
69 172 70 176
16 797 25 797
11 629 15 630
32 649 36 650
26 441 35 441
40 297 44 298
13 514 22 514
21 129 30 129
30 642 34 643
53 53 57 54
2 461 2 470
60 618 64 619
28 24 32 25
2 94 11 94
38 193 47 193
49 67 58 67
23 436 23 444
44 469 47 470
55 91 64 91
9 509 18 509
23 309 27 310
48 329 57 329
19 31 20 35
68 822 72 823
58 443 65 443
69 454 71 456
48 652 57 652
13 413 17 414
11 27 20 27
25 544 34 544
24 298 31 298
7 503 8 507
6 190 10 191
3 413 7 414
54 44 58 45
62 664 69 664
22 205 31 205
35 534 44 534
23 827 32 827
6 128 15 128
70 193 72 195
18 452 27 452
36 759 45 759
48 805 57 805
72 721 72 726
35 168 44 168
37 606 41 607
2 748 6 749
50 376 58 376
20 277 24 278
37 460 45 460
46 136 55 136
6 192 10 193
5 95 6 99
38 126 47 126
4 887 7 888
19 19 23 20
28 499 31 500
63 703 66 704
44 661 53 661
46 355 47 359
56 393 65 393
16 250 20 251
27 214 36 214
5 258 14 258
44 311 50 311
25 858 32 858
12 75 21 75
1 720 1 729
5 443 6 447
11 67 11 76
19 64 20 68
65 669 69 670
12 527 16 528
66 427 70 428
33 540 37 541
30 206 34 207
26 442 35 442
61 810 65 811
22 654 23 658
4 836 13 836
39 360 43 361
2 167 2 176
39 323 48 323
10 502 19 502
49 535 58 535
59 15 63 16
9 760 13 761
47 533 53 533
50 543 58 543
14 194 15 198
57 700 66 700
62 568 66 569
16 401 25 401
42 0 51 0
19 590 19 599
66 775 67 779
70 547 71 551
43 765 52 765
24 436 25 439
4 291 8 292
27 234 31 235
7 325 8 328
25 40 29 41
3 590 3 599
19 21 23 22
52 10 56 11
45 892 49 893
53 468 57 469
1 630 2 634
16 390 25 390
29 157 36 157
39 433 42 434
28 436 29 440
24 854 28 855
46 277 50 278
8 270 9 274
47 413 56 413
35 757 39 758
11 824 13 825
49 700 53 701
60 222 69 222
43 1 52 1
13 788 22 788
59 149 63 150
15 666 19 667
58 537 62 538
58 721 67 721
29 61 30 64
50 725 59 725
65 883 72 883
2 413 2 422
14 157 23 157
11 325 12 329
4 373 4 382
29 458 38 458
0 815 0 824
35 527 44 527
63 511 72 511
60 206 68 206
12 74 19 74
13 103 17 104
46 671 50 672
68 473 72 474
23 210 32 210
16 317 20 318
16 275 17 278
58 612 62 613
14 705 15 709
25 565 26 569
27 555 31 556
55 112 64 112
72 866 72 874
42 576 45 577
19 506 28 506
3 417 4 421
15 550 16 554
9 184 18 184
47 319 56 319
49 785 58 785
8 319 9 323
5 673 5 682
41 794 48 794
48 835 57 835
17 238 21 239
13 146 22 146
18 166 27 166
65 756 72 756
46 709 50 710
1 12 1 21
49 859 58 859
10 323 14 324
63 766 68 766
58 805 65 805
33 290 42 290
21 327 25 328
58 829 62 830
20 101 29 101
71 281 72 285
55 120 59 121
54 700 56 702
43 818 47 819
26 634 30 635
54 627 58 628
68 475 72 476
14 721 17 722
8 105 17 105
34 603 38 604
35 107 44 107
29 584 37 584
56 695 63 695
59 411 63 412
58 104 67 104
32 753 36 754
46 270 55 270
22 424 23 428
13 482 17 483
0 347 0 356
31 236 40 236
9 847 13 848
13 26 22 26
18 850 19 854
36 286 45 286
12 816 21 816
21 446 25 447
20 600 24 601
41 67 48 67
31 337 35 338
4 202 8 203
5 772 6 776
45 727 54 727
10 0 19 0
41 668 50 668
16 635 20 636
21 334 30 334
13 577 22 577
45 42 54 42
69 334 70 336
0 302 1 306
53 131 62 131
8 18 17 18
37 303 41 304
6 834 15 834
36 822 45 822
31 124 35 125
69 615 72 616
10 719 11 723
53 27 57 28
23 131 32 131
12 152 21 152
61 427 65 428
62 831 71 831
26 799 27 803
25 104 27 106
14 420 15 424
67 77 71 78
61 851 70 851
15 736 24 736
44 384 53 384
12 733 16 734
19 172 23 173
55 130 62 130
41 448 50 448
61 591 70 591
57 10 61 11
52 517 56 518
70 666 72 667
49 485 58 485
38 746 42 747
3 24 7 25
52 149 58 149
13 46 22 46
25 647 29 648
28 646 37 646
56 395 65 395
13 826 14 828
68 742 72 743
47 14 56 14
42 884 51 884
47 839 49 841
7 790 8 794
35 154 44 154
70 767 71 771
0 267 0 276
45 109 49 110
5 100 14 100
0 395 1 399
15 386 19 387
2 162 6 163
39 217 43 218
68 757 72 758
68 535 69 539
66 168 69 169
40 845 43 846
45 597 49 598
32 845 35 846
56 332 60 333
71 355 72 358
37 272 41 273
68 37 71 38
28 831 30 833
3 695 7 696
3 9 4 13
34 509 36 511
16 419 17 423
68 849 72 850
5 503 6 507
10 339 14 340
5 2 6 6
6 762 15 762
11 693 15 694
44 310 53 310
3 166 12 166
19 49 23 50
44 620 53 620
14 172 18 173
1 383 5 384
32 453 41 453
13 590 13 599
9 291 17 291
8 79 9 83
45 488 49 489
50 456 54 457
21 284 25 285
0 640 0 649
46 479 50 480
51 843 55 844
5 419 14 419
26 834 30 835
16 542 20 543
67 224 70 225
2 243 3 247
46 665 55 665
38 584 42 585
19 873 22 874
13 116 22 116
65 891 69 892
0 685 0 694
30 841 39 841
38 835 47 835
41 671 45 672
23 768 27 769
0 317 0 326
61 205 68 205
29 65 33 66
24 0 25 4
13 814 22 814
18 721 20 722
56 13 65 13
59 176 68 176
50 377 59 377
7 569 7 578
39 783 43 784
14 137 23 137
4 106 8 107
35 93 44 93
34 803 35 807
42 159 51 159
29 581 33 582
68 89 70 91
52 746 61 746
24 433 28 434
25 605 34 605
31 412 33 413
53 765 57 766
23 31 24 35
70 760 72 762
20 288 29 288
26 851 35 851
39 306 48 306
49 120 53 121
30 575 39 575
52 142 56 143
15 136 24 136
47 150 56 150
46 325 47 329
47 890 55 890
6 624 7 628
0 418 0 427
27 607 36 607
14 677 23 677
43 287 52 287
57 58 61 59
31 474 34 475
25 93 34 93
42 831 51 831
42 754 51 754
33 715 37 716
4 526 13 526
50 51 54 52
66 665 72 665
59 19 63 20
22 722 23 726
21 746 22 750
9 716 13 717
40 474 44 475
2 41 3 45
7 212 11 213
28 678 35 678
41 68 50 68
61 60 69 60
29 47 33 48
66 231 70 232
10 615 19 615
64 627 66 629
14 431 15 435
44 283 48 284
55 534 63 534
30 647 34 648
22 850 23 854
31 203 40 203
38 89 42 90
9 330 18 330
61 345 65 346
4 319 4 328
56 349 60 350
12 454 16 455
28 126 37 126
50 110 54 111
32 253 41 253
3 363 3 372
3 530 7 531
4 279 13 279
53 381 57 382
54 845 58 846
23 788 32 788
63 424 70 424
10 301 19 301
56 308 65 308
13 38 17 39
66 583 70 584
9 790 10 794
0 167 1 171
61 196 65 197
67 151 71 152
39 785 43 786
25 62 26 66
23 303 24 307
31 634 35 635
28 381 32 382
54 611 63 611
6 251 15 251
65 423 72 423
0 825 0 834
37 533 46 533
2 177 6 178
31 425 40 425
21 662 22 666
71 512 72 515
47 837 56 837
63 227 67 228
16 476 25 476
32 60 41 60
29 19 30 23
71 144 72 148
39 885 43 886
54 620 61 620
3 685 4 689
6 301 8 303
36 717 40 718
23 46 32 46
68 361 72 362
40 575 47 575
10 501 19 501
64 746 68 747
1 852 10 852
48 95 52 96
7 795 11 796
7 180 11 181
64 693 66 695
2 189 2 198
60 669 60 675
5 840 7 842
44 887 51 887
70 868 71 872
58 758 67 758
33 588 34 592
3 740 3 747
35 277 35 286
63 339 72 339
31 444 38 444
52 60 60 60
31 468 33 470
31 719 35 720
8 24 12 25
59 266 63 267
27 606 36 606
34 506 38 507
4 179 13 179
26 132 35 132
45 546 48 547
59 582 64 582
1 229 1 238
8 545 9 549
22 599 31 599
0 177 0 186
60 662 64 663
31 722 40 722
2 92 9 92
24 808 33 808
8 651 17 651
51 349 55 350
61 541 65 542
5 143 9 144
40 667 49 667
1 805 1 814
30 323 38 323
35 474 39 475
44 492 48 493
5 473 5 482
0 665 0 674
38 675 40 676
0 650 1 654
10 879 19 879
8 103 12 104
49 281 52 282
0 150 1 154
13 542 15 544
32 303 36 304
30 288 39 288
38 63 42 64
68 329 72 330
23 62 24 66
1 555 5 556
72 487 72 496
42 192 51 192
59 576 63 577
37 587 41 588
6 391 11 391
21 263 25 264
20 69 21 73
16 396 25 396
27 292 31 293
28 516 37 516
32 803 33 807
45 777 54 777
42 732 46 733
67 852 71 853
9 470 18 470
15 258 24 258
57 14 66 14
43 429 52 429
31 340 40 340
45 229 54 229
54 384 63 384
46 337 50 338
62 84 63 88
31 838 40 838
55 229 64 229
54 418 63 418
36 852 41 852
58 473 67 473
14 595 15 599
32 519 41 519
14 680 22 680
2 431 2 440
3 260 3 269
56 855 65 855
69 512 70 514
56 408 65 408
32 471 41 471
39 347 43 348
16 705 20 706
67 276 67 285
10 605 14 606
68 857 72 858
17 687 26 687
46 221 55 221
0 1 0 10
58 466 62 467
40 674 49 674
44 388 53 388
2 520 3 524
49 179 53 180
54 410 63 410
69 309 71 310
4 867 4 876
38 753 47 753
69 884 72 885
9 215 13 216
8 863 17 863
38 95 42 96
43 766 52 766
24 752 33 752
23 486 27 487
68 596 69 598
72 763 72 772
2 670 2 679
6 127 15 127
59 692 68 692
4 860 5 864
34 136 43 136
33 174 34 178
11 656 12 660
20 850 21 854
8 415 12 416
47 238 51 239
43 17 52 17
36 426 40 427
9 733 11 735
26 809 30 810
57 460 61 461
62 884 68 884
11 790 12 794
31 662 31 671
24 670 28 671
43 340 44 344
48 301 57 301
67 321 68 325
7 188 11 189
63 881 67 882
44 603 53 603
31 328 35 329
68 208 72 209
60 399 64 400
14 239 16 241
63 256 67 257
48 396 57 396
5 736 14 736
32 151 41 151
42 391 51 391
33 256 42 256
4 675 4 684
17 180 21 181
52 623 61 623
51 736 55 737
17 240 26 240
28 640 37 640
23 97 32 97
3 72 4 76
54 186 58 187
64 53 68 54
43 793 52 793
1 765 1 774
50 789 59 789
6 490 10 491
18 69 19 73
3 544 12 544
40 595 49 595
64 493 66 495
53 274 57 275
41 334 45 335
21 809 25 810
29 503 33 504
38 195 47 195
61 666 69 666
52 194 59 194
14 845 16 847
45 769 46 773
6 854 6 863
1 418 1 426
66 410 70 411
48 387 57 387
46 395 55 395
31 732 32 736
19 866 20 870
67 706 71 707
25 206 29 207
46 804 55 804
40 40 44 41
20 806 29 806
47 369 48 373
3 880 3 889
19 674 21 676
24 503 28 504
7 854 7 863
39 50 48 50
33 242 42 242
44 309 53 309
49 244 58 244
40 891 44 892
66 543 70 544
18 196 20 198
49 267 58 267
36 79 38 81
1 319 2 323
7 803 10 804
67 732 71 733
43 155 52 155
25 676 29 677
45 527 54 527
13 402 14 406
39 257 43 258
4 343 13 343
59 693 63 694
50 458 51 461
16 237 25 237
4 57 4 66
44 622 53 622
61 389 66 389
60 368 69 368
19 654 19 663
8 756 12 757
39 358 43 359
67 328 72 328
18 692 19 695
36 441 40 442
25 75 34 75
41 117 48 117
16 708 20 709
14 436 18 437
1 695 2 699
31 579 40 579
44 389 48 390
61 478 70 478
60 552 66 552
42 399 46 400
2 101 2 110
66 425 70 426
9 95 10 98
26 196 30 197
23 521 32 521
70 56 71 60
52 399 53 402
56 634 60 635
63 429 72 429
20 694 22 695
55 42 59 43
19 200 23 201
9 341 13 342
5 220 9 221
39 690 48 690
27 240 36 240
43 774 52 774
8 299 12 300
62 272 69 272
46 792 55 792
37 307 40 308
33 266 42 266
46 602 55 602
62 553 66 554
21 122 30 122
50 339 51 343
8 814 12 815
54 806 58 807
68 227 72 228
14 416 18 417
65 662 69 663
10 874 11 878
72 163 72 171
31 495 35 496
44 566 50 566
64 788 69 788
31 551 40 551
37 309 40 310
5 324 6 328
53 403 62 403
35 891 39 892
24 195 33 195
15 1 19 2
41 127 45 128
45 134 51 134
21 654 21 661
12 535 16 536
43 300 47 301
12 177 21 177
25 804 29 805
25 892 29 893
58 221 67 221
36 255 45 255
12 69 13 73
45 220 54 220
28 208 37 208
40 597 44 598
8 869 9 873
34 66 43 66
10 702 19 702
30 574 37 574
25 520 34 520
6 427 15 427
63 361 67 362
53 351 61 351
28 641 37 641
37 837 46 837
9 347 10 351
59 819 68 819
43 757 52 757
46 521 50 522
62 867 63 871
59 812 62 813
4 275 8 276
42 873 51 873
25 593 26 597
25 220 34 220
24 81 33 81
2 680 2 689
28 680 33 680
32 791 36 792
37 890 46 890
71 424 72 428
41 309 43 311
8 542 12 543
4 845 8 846
2 241 10 241
55 487 59 488
6 401 15 401
2 577 2 586
41 778 45 779
55 160 64 160
6 222 6 231
35 817 44 817
16 199 23 199
44 393 45 396
39 611 43 612
3 373 3 382
40 45 48 45
69 144 70 148
65 648 72 648
1 461 1 470
11 428 15 429
62 803 71 803
3 431 4 435
43 116 52 116
10 539 14 540
36 797 40 798
29 435 38 435
6 358 8 360
62 517 66 518
26 501 30 502
29 279 30 283
46 514 55 514
44 582 53 582
57 305 66 305
42 797 51 797
20 804 24 805
11 704 17 704
29 294 33 295
19 871 22 872
19 414 28 414
56 198 65 198
6 430 15 430
5 837 6 839
21 866 22 870
53 227 57 228
4 353 4 362
51 769 52 773
39 790 47 790
18 530 22 531
29 244 38 244
43 653 52 653
12 631 13 635
29 30 30 33
62 420 69 420
45 543 49 544
32 756 34 758
45 572 49 573
28 715 32 716
60 645 66 645
12 356 16 357
7 261 8 265
0 765 0 774
29 388 33 389
16 194 17 198
7 319 7 324
21 192 24 193
17 825 26 825
55 126 64 126
59 485 68 485
29 425 30 429
16 147 17 151
3 135 3 144
69 784 72 785
19 281 20 284
40 69 44 70
64 359 72 359
7 116 8 120
62 555 68 555
71 587 72 590
51 638 55 639
8 7 12 8
7 177 11 178
2 111 3 115
46 406 50 407
13 218 22 218
19 746 20 750
52 238 56 239
1 515 2 519
28 588 28 597
28 749 37 749
8 640 17 640
19 463 23 464
60 867 61 871
1 655 1 664
12 461 21 461
24 745 33 745
49 870 50 872
66 263 70 264
14 179 21 179
2 67 3 71
43 557 52 557
62 332 71 332
47 74 56 74
12 445 16 446
63 829 72 829
60 572 64 573
21 533 22 537
50 206 59 206
36 173 45 173
9 265 18 265
18 621 22 622
46 775 50 776
3 436 3 445
11 550 12 554
25 615 29 616
8 817 12 818
17 143 19 144
2 12 2 21
20 615 24 616
4 763 8 764
58 880 67 880
69 321 70 325
43 140 47 141
18 102 22 103
33 525 41 525
4 219 4 228
51 21 60 21
35 63 37 65
49 580 53 581
64 806 68 807
66 84 67 88
47 531 56 531
0 197 0 206
4 82 4 91
0 162 1 166
15 787 24 787
50 470 59 470
26 443 30 444
45 534 54 534
56 270 64 270
57 802 61 803
38 767 47 767
28 753 29 757
62 250 66 251
35 642 39 643
28 744 37 744
57 799 60 800
47 556 56 556
5 219 14 219
47 591 56 591
56 541 60 542
39 215 43 216
1 740 1 749
1 324 1 333
32 781 36 782
63 210 64 214
34 398 43 398
11 147 11 152
63 772 67 773
57 233 61 234
16 268 20 269
34 614 43 614
41 135 48 135
49 845 53 846
26 69 27 73
1 22 2 26
40 596 49 596
70 601 71 605
16 648 19 649
2 229 2 238
68 95 72 96
45 112 54 112
44 201 50 201
61 545 65 546
46 103 55 103
19 265 23 266
25 258 33 258
21 27 25 28
1 78 9 78
54 210 58 211
37 34 46 34
9 843 10 846
45 91 54 91
10 82 14 83
69 69 70 73
18 227 22 228
41 838 50 838
36 848 45 848
65 265 72 265
56 847 60 848
12 695 13 699
20 92 29 92
38 188 42 189
9 107 18 107
34 396 38 397
65 893 72 893
24 848 25 852
0 580 0 589
36 468 45 468
64 867 65 871
14 695 15 699
24 548 28 549
31 831 32 835
5 19 9 20
16 693 17 697
34 438 43 438
7 425 11 426
6 569 6 578
15 287 19 288
24 889 33 889
62 528 66 529
28 319 32 320
39 202 48 202
57 852 61 853
38 479 39 483
6 410 15 410
44 680 53 680
11 190 15 191
28 746 37 746
27 212 31 213
0 515 0 524
43 318 45 320
44 836 52 836
10 600 14 601
12 393 18 393
2 527 11 527
33 37 37 38
6 371 6 380
11 648 15 649
35 35 44 35
11 636 15 637
69 854 71 856
12 452 16 453
70 420 72 422
38 845 39 847
40 51 41 55
3 699 7 700
62 889 71 889
49 877 50 881
1 600 1 609
66 412 67 416
4 277 8 278
42 210 43 213
17 878 26 878
27 249 36 249
0 655 0 664
60 109 69 109
34 343 38 344
32 377 39 377
3 837 4 841
1 456 2 460
56 39 59 40
68 712 72 713
7 36 11 37
68 110 72 111
18 427 19 431
17 533 18 537
34 257 38 258
47 31 56 31
9 874 9 883
0 600 0 609
34 885 38 886
35 421 44 421
48 874 52 875
4 716 8 717
4 344 8 345
64 608 72 608
1 730 1 739
58 835 67 835
1 648 5 649
58 643 62 644
6 448 6 457
68 381 72 382
14 384 18 385
1 427 5 428
7 222 11 223
7 229 8 233
55 731 62 731
71 245 72 249
40 670 49 670
26 719 30 720
43 385 47 386
0 11 0 20
54 235 58 236
26 327 35 327
14 202 18 203
63 321 64 325
6 629 10 630
16 432 20 433
31 472 40 472
21 279 22 283
0 133 4 134
0 448 0 457
44 604 48 605
54 176 58 177
54 576 58 577
58 740 62 741
51 440 55 441
10 642 14 643
33 3 42 3
47 558 56 558
61 890 69 890
50 315 59 315
2 260 2 269
71 240 72 244
13 503 14 507
53 536 57 537
43 188 45 189
62 463 66 464
5 16 14 16
8 695 9 699
45 362 53 362
42 194 51 194
60 377 66 377
63 192 66 193
1 239 1 248
5 353 5 360
46 182 50 183
36 776 45 776
48 302 57 302
58 714 67 714
28 302 37 302
61 707 65 708
24 100 33 100
19 106 22 107
18 174 22 175
55 391 64 391
22 420 31 420
3 2 4 6
48 156 57 156
31 724 35 725
26 117 29 118
13 791 17 792
23 533 24 537
27 778 30 779
50 146 54 147
43 865 47 866
15 229 19 230
60 401 69 401
30 803 31 807
22 800 25 801
71 808 72 811
66 8 67 12
64 611 72 611
54 306 63 306
49 780 58 780
1 285 5 286
0 21 0 28
62 734 68 734
22 527 26 528
42 60 51 60
46 100 48 102
50 698 59 698
11 402 12 406
7 99 16 99
30 552 39 552
3 7 7 8
12 77 13 81
40 869 41 873
0 892 4 893
5 76 9 77
38 254 47 254
49 81 58 81
34 215 38 216
59 164 63 165
38 191 47 191
18 754 22 755
38 744 43 744
5 448 5 457
2 179 2 188
51 724 59 724
65 210 66 214
19 503 23 504
19 784 23 785
54 154 57 155
58 616 59 619
22 538 26 539
12 479 16 480
40 274 42 276
42 51 43 55
58 37 62 38
50 667 59 667
51 23 59 23
31 809 40 809
62 562 70 562
49 446 58 446
12 459 16 460
41 849 45 850
57 558 66 558
52 414 56 415
3 567 7 568
6 353 7 357
8 442 17 442
10 609 19 609
0 257 0 266
18 791 22 792
37 589 46 589
38 869 39 873
68 813 72 814
37 214 43 214
7 868 16 868
21 196 25 197
51 666 60 666
31 443 38 443
23 95 27 96
1 280 2 284
18 585 27 585
21 770 30 770
60 808 64 809
53 385 57 386
36 778 40 779
23 224 27 225
53 574 57 575
46 196 55 196
46 188 49 189
35 868 44 868
19 751 28 751
0 805 0 814
27 742 33 742
17 795 21 796
10 523 12 525
56 327 65 327
12 266 13 270
28 571 37 571
54 19 58 20
63 98 68 98
13 777 13 786
6 805 7 809
36 826 45 826
11 590 11 599
26 401 30 402
42 823 46 824
46 9 50 10
45 43 54 43
3 57 3 66
58 705 67 705
36 147 40 148
26 130 35 130
41 847 50 847
11 555 15 556
19 875 23 876
59 67 67 67
16 769 20 770
36 675 37 678
23 466 32 466
54 201 63 201
38 780 47 780
35 69 39 70
63 801 72 801
44 752 53 752
38 697 42 698
63 287 72 287
68 646 72 647
2 690 6 691
3 466 4 470
31 501 35 502
27 250 36 250
28 707 29 711
3 219 3 228
38 366 47 366
38 541 45 541
1 570 1 579
25 790 26 794
48 209 57 209
43 699 52 699
54 747 63 747
1 451 2 455
23 231 30 231
54 546 58 547
18 726 19 730
6 252 15 252
11 491 12 495
11 239 13 241
23 308 29 308
63 626 72 626
46 627 53 627
2 635 2 644
68 868 69 872
6 270 7 274
45 154 53 154
50 563 58 563
3 643 6 644
8 109 9 112
63 521 65 523
37 590 41 591
0 785 0 794
37 791 40 792
0 550 0 559
14 656 14 665
5 689 14 689
68 341 71 342
46 675 50 676
46 609 55 609
68 403 72 404
18 756 22 757
67 39 71 40
17 538 21 539
65 194 69 195
32 577 41 577
16 668 16 675
27 707 27 716
54 760 61 760
29 398 31 400
53 875 54 879
35 587 36 591
44 877 48 878
52 224 56 225
65 581 69 582
11 758 13 759
14 745 23 745
0 730 0 739
16 285 20 286
72 84 72 92
30 505 39 505
37 842 46 842
50 173 51 177
8 520 9 524
67 233 71 234
26 396 29 397
0 493 1 497
24 425 28 426
19 398 28 398
44 503 53 503
30 380 39 380
48 261 52 262
30 871 31 875
35 572 39 573
31 717 35 718
40 206 49 206
54 47 62 47
42 621 51 621
0 860 0 869
54 399 56 401
0 95 4 96
3 600 3 609
13 817 17 818
1 2 1 11
69 734 71 735
36 263 40 264
39 700 43 701
8 174 12 175
51 877 52 881
7 690 10 691
1 550 2 554
6 84 10 85
43 466 52 466
52 561 56 562
14 261 18 262
72 699 72 707
18 325 22 326
15 565 19 566
23 116 29 116
6 428 10 429
62 353 66 354
12 59 21 59
28 479 37 479
28 871 29 875
11 654 15 655
38 476 47 476
35 615 39 616
48 381 52 382
38 319 42 320
23 530 27 531
57 189 66 189
29 383 33 384
63 787 69 787
15 331 19 332
19 611 23 612
21 402 25 403
37 833 41 834
0 327 0 336
36 278 40 279
59 247 62 248
71 558 72 562
5 361 6 365
1 307 2 311
38 210 41 211
30 116 32 117
69 520 70 523
10 518 14 519
23 89 32 89
11 254 15 255
13 328 17 329
3 38 7 39
29 215 33 216
11 484 15 485
18 863 27 863
3 218 12 218
9 344 11 346
57 837 66 837
12 443 16 444
66 349 69 350
19 458 28 458
17 66 18 68
62 141 66 142
53 24 57 25
20 688 24 689
14 590 15 594
33 732 37 733
54 465 63 465
42 76 51 76
36 67 40 68
12 431 13 435
5 79 5 85
31 311 40 311
16 41 20 42
22 729 26 730
63 364 66 365
2 600 2 609
15 30 24 30
58 257 62 258
33 865 37 866
69 373 71 375
51 847 55 848
69 576 72 577
37 411 39 412
5 539 9 540
39 662 41 664
9 302 13 303
5 57 5 66
22 661 31 661
22 245 27 245
10 77 11 81
56 444 60 445
28 619 32 620
58 366 67 366
61 338 70 338
3 732 3 739
32 454 41 454
38 523 42 524
51 851 60 851
14 767 17 768
70 270 72 272
29 226 38 226
48 753 57 753
45 75 54 75
5 287 9 288
35 339 44 339
18 295 19 299
3 645 12 645
36 184 45 184
2 528 6 529
36 843 40 844
23 814 32 814
0 412 9 412
53 0 57 1
42 707 43 711
0 357 0 366
0 292 0 301
54 162 63 162
46 146 49 147
23 525 32 525
57 704 62 704
5 29 10 29
13 790 22 790
57 166 61 167
39 830 47 830
10 695 11 699
4 605 5 609
56 745 65 745
49 432 53 433
51 334 55 335
8 615 9 618
13 557 22 557
54 22 60 22
52 797 60 797
51 726 59 726
28 326 37 326
60 578 69 578
1 358 2 362
13 530 17 531
9 677 13 678
42 224 51 224
44 465 53 465
58 468 62 469
46 778 50 779
45 473 47 475
58 329 62 330
44 700 48 701
56 139 64 139
33 675 35 677
44 500 53 500
41 683 50 683
52 453 56 454
50 892 54 893
11 206 14 207
26 707 26 716
63 479 72 479
69 815 72 816
65 709 69 710
30 106 39 106
9 563 18 563
41 307 45 308
70 723 71 726
55 513 64 513
57 556 66 556
49 210 53 211
71 321 72 325
69 79 70 83
39 622 43 623
10 476 11 480
32 775 34 777
44 628 48 629
31 94 40 94
50 355 51 359
28 486 32 487
65 321 66 325
72 371 72 379
5 131 6 135
1 429 5 430
6 818 7 821
39 137 43 138
46 8 55 8
0 97 4 98
17 119 21 120
53 874 62 874
41 472 50 472
54 157 57 158
58 678 67 678
56 196 60 197
70 348 72 349
39 728 48 728
24 427 28 428
27 373 36 373
10 220 14 221
15 688 19 689
5 518 9 519
36 610 45 610
42 379 51 379
17 54 21 55
46 363 55 363
47 755 56 755
2 2 2 11
24 614 33 614
17 737 21 738
0 535 1 539
2 49 6 50
32 888 41 888
49 868 53 869
58 50 67 50
56 69 57 73
53 712 57 713
48 742 49 745
25 111 29 112
26 121 35 121
8 805 9 809
55 242 62 242
30 892 34 893
41 152 45 153
3 827 3 836
8 482 12 483
54 603 63 603
18 827 22 828
3 299 7 300
25 600 29 601
54 322 58 323
35 71 39 72
7 124 16 124
63 689 67 690
36 280 45 280
56 514 64 514
6 129 10 130
54 658 63 658
26 717 30 718
46 148 55 148
4 847 8 848
20 76 29 76
50 124 59 124
44 608 53 608
61 419 70 419
69 806 72 807
32 379 41 379
26 446 30 447
47 589 51 590
10 67 10 76
30 707 34 708
28 747 32 748
69 554 72 555
23 90 32 90
17 52 21 53
18 731 27 731
19 771 19 780
56 720 65 720
28 585 37 585
40 430 44 431
31 843 35 844
69 293 71 295
25 787 34 787
25 588 26 592
4 294 13 294
68 274 72 275
63 372 71 372
41 570 50 570
44 549 53 549
30 681 31 683
42 203 51 203
52 69 53 73
36 542 45 542
16 819 20 820
67 29 71 30
35 544 39 545
9 119 16 119
4 270 5 274
32 497 33 500
22 69 23 73
58 341 67 341
43 673 52 673
58 651 62 652
62 69 63 73
46 345 54 345
56 778 60 779
33 300 37 301
48 538 52 539
38 381 42 382
3 532 3 541
63 857 67 858
25 710 25 719
66 327 72 327
48 383 57 383
1 72 2 76
53 449 62 449
11 503 12 507
2 373 2 382
38 539 42 540
24 17 32 17
28 691 37 691
8 595 9 599
1 685 1 694
12 60 21 60
11 334 15 335
29 342 38 342
55 688 64 688
55 716 64 716
0 413 1 417
11 237 15 238
8 383 8 390
29 247 33 248
20 802 24 803
66 854 68 855
46 263 50 264
12 425 16 426
11 358 15 359
22 823 26 824
20 429 28 429
50 487 54 488
54 416 63 416
3 650 7 651
2 206 10 206
54 69 55 73
0 287 4 288
16 800 21 800
61 838 67 838
24 583 33 583
21 261 25 262
44 889 53 889
14 266 15 270
18 224 22 225
4 200 8 201
71 266 72 269
33 736 42 736
35 362 44 362
30 709 39 709
26 871 27 875
66 521 68 523
37 839 46 839
32 274 36 275
49 512 58 512
13 186 17 187
36 636 43 636
24 562 29 562
20 386 29 386
36 501 40 502
67 528 69 529
44 66 53 66
51 778 55 779
39 8 43 9
60 311 68 311
64 84 65 88
58 154 59 158
24 786 33 786
12 854 13 858
3 280 4 284
41 278 45 279
6 647 15 647
37 149 41 150
49 863 56 863
25 883 34 883
18 817 22 818
24 836 33 836
2 765 2 774
19 153 21 155
66 444 68 445
2 423 6 424
1 635 1 644
3 777 4 781
52 249 54 250
6 631 7 635
22 659 26 660
38 352 47 352
33 156 42 156
72 233 72 239
64 164 68 165
26 127 30 128
32 297 34 299
70 376 71 378
33 449 42 449
25 771 25 779
12 391 16 392
21 789 30 789
53 352 62 352
4 155 13 155
55 877 59 878
45 271 54 271
7 642 9 644
45 883 54 883
0 377 0 386
31 789 40 789
58 339 62 340
34 77 35 81
16 427 17 431
28 276 36 276
39 499 43 500
52 832 53 834
44 707 45 711
30 133 34 134
67 702 69 704
52 471 61 471
71 221 72 225
24 526 33 526
18 765 22 766
21 472 30 472
33 515 42 515
22 715 23 719
12 741 16 742
35 828 44 828
10 521 14 522
71 583 72 586
41 267 43 269
24 47 28 48
24 179 33 179
43 190 49 190
50 297 54 298
0 458 0 467
48 712 52 713
27 845 31 846
45 891 54 891
45 260 47 262
28 842 36 842
55 654 64 654
54 664 61 664
28 393 33 393
7 204 16 204
56 432 57 436
54 689 62 689
4 295 13 295
40 376 44 377
6 27 10 28
9 859 18 859
6 438 7 442
19 61 28 61
47 272 51 273
25 180 34 180
9 673 10 676
24 491 28 492
55 883 64 883
21 62 22 66
2 199 3 203
65 601 69 602
5 236 7 238
8 413 12 414
51 811 60 811
22 294 23 298
55 451 58 452
51 442 60 442
7 534 16 534
58 0 62 1
4 436 7 437
13 326 17 327
57 168 61 169
34 526 43 526
26 473 35 473
54 199 63 199
30 166 31 170
47 288 51 289
0 570 0 579
12 188 15 189
61 860 70 860
45 702 53 702
4 532 4 541
71 230 72 232
29 455 38 455
37 274 39 276
5 293 14 293
31 259 40 259
49 492 53 493
37 659 41 660
63 337 70 337
45 756 54 756
51 565 55 566
36 378 45 378
1 880 1 889
55 875 59 876
35 91 44 91
16 802 17 806
49 15 53 16
0 400 1 404
24 710 24 719
67 700 71 701
34 469 38 470
33 683 35 685
26 689 35 689
1 557 10 557
58 361 62 362
38 571 47 571
19 877 28 877
54 432 55 436
64 375 68 376
60 892 64 893
57 885 66 885
3 36 6 37
3 782 7 783
61 349 65 350
57 328 66 328
40 71 44 72
20 519 29 519
18 767 22 768
60 394 69 394
61 171 69 171
34 745 43 745
17 292 26 292
10 590 10 599
41 501 45 502
37 36 45 36
54 397 58 398
46 334 50 335
7 758 10 759
7 528 11 529
24 876 33 876
38 657 41 658
16 84 20 85
40 545 49 545
1 260 1 269
58 691 67 691
14 248 23 248
51 105 55 106
4 108 13 108
26 221 35 221
36 871 37 875
22 758 31 758
32 681 36 682
37 0 41 1
46 231 50 232
15 293 24 293
45 35 54 35
0 710 0 719
4 610 8 611
5 777 6 781
25 91 34 91
44 885 48 886
44 186 48 187
44 397 53 397
17 771 17 780
2 118 6 119
46 681 50 682
9 244 18 244
48 104 57 104
2 301 4 303
52 873 61 873
58 342 67 342
22 674 24 676
48 677 52 678
11 192 20 192
11 785 12 789
29 662 30 666
40 758 47 758
24 49 28 50
62 166 66 167
39 294 41 296
42 281 43 285
70 708 72 710
1 620 1 629
64 309 68 310
3 179 3 188
47 867 55 867
63 762 69 762
20 776 21 780
19 446 20 450
67 603 69 605
11 193 20 193
25 890 29 891
55 51 59 52
40 368 49 368
16 97 20 98
37 823 41 824
1 842 3 844
8 631 9 635
57 238 61 239
10 266 11 270
24 424 33 424
4 718 13 718
15 3 19 4
56 804 65 804
53 17 57 18
69 140 71 142
32 686 36 687
7 234 11 235
68 824 72 825
57 151 66 151
14 712 16 714
55 456 58 457
60 559 66 559
14 508 22 508
58 432 67 432
58 433 62 434
58 435 62 436
58 439 67 439
60 430 69 430
61 440 65 441
62 437 66 438
63 433 67 434
63 435 67 436
66 440 70 441
68 432 72 433
68 434 72 435
68 436 72 437
68 438 72 439
