1476
0 0 11 1
0 2 23 2
0 3 11 4
0 5 1 16
0 18 3 23
0 24 11 25
0 26 1 37
0 40 5 43
0 44 7 46
0 47 3 52
0 53 1 64
0 65 2 72
0 73 5 76
0 77 0 99
0 100 1 111
0 112 7 114
0 120 23 120
0 124 23 124
0 126 7 128
0 129 0 152
0 153 2 160
0 161 5 164
0 166 1 177
0 178 5 181
0 182 0 205
0 206 0 229
0 230 0 253
0 254 0 277
0 278 2 285
0 286 7 288
0 289 1 300
0 301 3 306
0 307 23 307
0 308 23 308
0 309 2 316
0 317 11 318
0 319 2 326
0 327 0 350
0 351 2 358
0 359 7 361
0 362 0 385
0 386 1 397
0 398 7 400
0 403 1 414
0 415 1 426
0 427 5 430
0 431 23 431
0 433 11 434
0 435 23 435
0 436 3 441
0 442 0 465
0 466 0 489
0 490 0 513
0 514 0 537
0 538 0 561
0 562 0 585
0 586 3 591
0 593 7 595
0 596 2 603
0 605 11 606
0 607 22 607
0 608 5 611
0 612 1 623
0 624 5 627
0 628 2 635
0 636 0 659
0 660 0 683
0 684 1 695
0 696 0 719
0 720 0 743
0 744 11 745
0 746 0 769
0 770 5 773
0 774 1 784
0 786 5 789
0 790 1 801
0 803 1 813
0 814 3 819
0 821 7 823
0 825 23 825
0 827 3 832
0 833 1 844
0 846 2 852
0 853 5 856
0 857 7 859
0 860 11 861
0 862 11 863
0 865 1 876
0 878 22 878
0 879 0 902
0 903 2 910
0 911 5 914
0 917 1 928
0 929 0 952
0 953 0 976
0 978 11 979
0 982 1 993
0 994 3 999
1 38 24 38
1 77 12 78
1 79 24 79
1 80 24 80
1 83 12 84
1 88 24 88
1 90 4 95
1 98 12 99
1 116 12 117
1 129 1 152
1 182 23 182
1 184 6 187
1 188 2 199
1 200 3 207
1 208 1 231
1 232 1 255
1 256 2 267
1 268 4 273
1 275 8 277
1 327 1 350
1 362 12 363
1 367 8 369
1 370 2 381
1 382 11 383
1 442 2 453
1 454 1 477
1 478 1 501
1 502 1 525
1 526 1 549
1 550 6 553
1 554 1 577
1 578 3 585
1 636 1 659
1 660 2 671
1 672 3 679
1 680 8 682
1 696 1 719
1 720 12 721
1 722 3 729
1 730 4 735
1 736 6 739
1 740 24 740
1 747 3 754
1 758 2 769
1 879 1 902
1 929 4 934
1 935 24 935
1 936 2 947
1 948 6 951
1 952 2 963
1 964 12 965
1 967 4 972
1 973 6 976
2 5 4 12
2 13 24 13
2 15 24 15
2 16 13 17
2 26 13 27
2 29 4 36
2 37 24 37
2 54 25 54
2 58 5 63
2 64 23 64
2 97 25 97
2 100 4 107
2 108 7 111
2 122 25 122
2 129 4 136
2 137 5 142
2 143 13 144
2 149 9 151
2 152 25 152
2 165 5 170
2 172 5 177
2 208 2 231
2 232 2 255
2 289 3 300
2 327 7 330
2 331 24 331
2 333 24 333
2 334 4 341
2 342 25 342
2 343 4 350
2 384 3 395
2 397 25 397
2 402 9 404
2 405 13 406
2 407 4 414
2 415 3 426
2 454 3 465
2 466 2 489
2 490 2 513
2 514 3 525
2 526 3 537
2 538 5 543
2 544 23 544
2 545 7 548
2 549 23 549
2 554 2 577
2 612 25 612
2 615 4 622
2 623 25 623
2 636 2 659
2 683 4 690
2 691 13 692
2 693 2 716
2 717 9 719
2 774 4 781
2 782 12 783
0 785 23 785
2 790 3 801
2 803 4 809
2 810 25 810
2 812 13 813
2 833 4 840
2 841 7 844
2 864 13 865
2 866 7 869
2 870 13 871
2 872 7 875
2 879 2 902
2 915 5 920
2 921 4 928
2 980 4 987
2 989 9 991
2 993 25 993
3 65 6 70
3 153 5 160
3 188 4 199
3 208 3 231
3 232 3 255
3 256 6 261
3 265 22 265
3 278 5 285
3 309 5 316
3 320 24 320
3 322 8 325
3 351 5 358
3 370 8 373
3 374 23 374
3 375 10 377
3 378 8 381
3 443 8 446
3 447 8 450
3 453 26 453
3 466 4 477
3 478 26 478
3 480 6 485
3 486 3 509
3 510 8 513
3 554 3 577
3 600 14 601
3 603 14 604
3 613 26 613
3 628 3 651
3 652 4 663
3 665 8 668
3 669 9 671
3 694 5 701
3 703 26 703
3 704 4 715
3 742 26 742
3 755 26 755
3 759 25 759
3 763 26 763
3 764 26 764
3 765 8 768
0 845 23 845
3 846 8 849
3 851 14 852
3 879 5 886
3 887 3 910
3 936 4 947
3 952 4 963
4 18 26 18
4 20 15 21
4 47 7 52
4 56 27 56
4 71 15 72
4 115 27 115
4 171 27 171
4 200 4 223
4 224 11 226
4 228 27 228
4 230 6 237
4 238 9 241
4 242 5 253
4 255 25 255
4 289 7 294
4 295 27 295
4 297 27 297
4 302 26 302
4 303 11 305
4 385 15 386
4 388 27 388
4 390 9 393
4 394 11 396
4 415 5 426
4 436 9 439
4 440 27 440
4 454 5 465
4 479 27 479
4 486 4 509
4 514 5 524
4 525 14 526
4 528 15 529
4 530 27 530
4 531 11 533
4 554 4 577
4 578 5 589
4 590 27 590
4 592 27 592
4 628 5 639
4 640 6 647
4 648 25 648
4 649 25 649
4 651 27 651
4 672 7 677
4 679 27 679
4 716 27 716
4 722 9 725
4 726 27 726
4 728 15 729
4 748 23 748
4 749 11 751
4 753 25 753
4 754 27 754
4 790 15 791
4 793 15 794
4 795 7 799
4 801 27 801
4 814 7 819
4 826 9 829
4 832 27 832
4 887 4 910
4 994 7 999
5 6 28 6
5 7 8 12
5 23 28 23
5 29 28 29
5 31 8 36
5 39 28 39
5 89 16 90
5 91 10 94
5 100 7 107
5 123 28 123
5 129 16 130
5 134 28 134
5 148 28 148
5 188 6 199
5 200 6 211
5 212 12 214
5 215 16 216
5 218 8 223
5 254 28 254
5 266 7 273
5 300 28 300
5 334 16 335
5 336 12 338
5 340 16 341
5 343 7 350
5 366 28 366
5 407 7 414
5 466 6 477
5 486 6 497
5 498 12 500
5 503 28 503
5 505 28 505
5 508 28 508
5 536 28 536
5 554 7 561
5 563 25 563
5 566 28 566
5 569 12 571
5 574 16 575
5 576 16 577
5 614 7 621
5 652 6 663
5 683 10 686
5 687 10 690
5 693 28 693
5 704 6 715
5 730 8 735
5 756 16 757
5 775 16 776
5 777 28 777
5 778 28 778
5 780 28 780
0 802 23 802
5 803 12 805
5 806 16 807
5 808 27 808
5 833 7 840
5 887 5 910
5 921 6 932
5 933 16 934
5 936 12 938
5 942 10 945
5 946 16 947
5 952 10 955
5 956 8 961
5 963 28 963
5 967 8 972
5 981 16 982
6 41 13 43
6 57 11 60
6 61 13 63
6 73 11 76
6 95 29 95
6 119 29 119
6 125 29 125
6 135 9 140
6 141 17 142
6 153 7 164
6 165 29 165
6 172 8 179
6 180 17 181
6 242 8 249
6 250 17 251
6 278 8 285
6 296 29 296
6 306 29 306
6 313 11 316
6 351 9 356
6 357 17 358
6 415 7 426
6 427 13 429
6 430 25 430
6 432 29 432
6 441 29 441
6 454 7 465
6 504 29 504
6 514 11 517
6 520 17 521
6 537 11 540
6 541 13 543
6 578 8 585
6 586 17 587
6 608 11 611
6 624 13 626
6 627 8 634
6 636 11 639
6 678 29 678
6 694 8 701
6 746 17 747
6 769 13 771
6 772 13 774
6 786 11 789
6 856 29 856
6 877 29 877
6 879 6 902
6 903 7 913
6 914 11 917
6 918 13 920
6 985 13 987
7 65 10 70
7 185 18 186
7 189 12 192
7 193 18 194
7 195 14 197
7 198 12 201
7 202 18 203
7 206 12 209
7 210 18 211
7 229 9 236
7 256 10 261
7 310 30 310
7 451 30 451
7 466 8 477
7 482 10 487
7 488 18 489
7 491 10 496
7 550 12 553
7 565 30 565
7 572 30 572
7 645 14 647
7 652 10 657
7 658 28 658
7 659 12 662
7 663 18 664
7 704 18 705
7 706 30 706
7 707 12 710
7 711 18 712
7 714 26 714
7 739 30 739
7 850 30 850
7 853 18 854
7 855 30 855
7 879 7 902
7 921 10 926
7 927 30 927
7 928 30 928
7 930 13 932
7 939 14 941
7 948 12 951
7 962 30 962
7 973 12 976
8 14 31 14
8 30 31 30
8 44 10 51
8 100 10 107
8 109 29 109
8 114 29 114
8 126 19 127
8 153 13 156
8 158 11 163
8 167 31 167
8 266 10 273
8 286 11 291
8 292 15 294
8 326 19 327
8 328 31 328
8 343 10 350
8 359 15 361
8 400 19 401
8 407 10 414
8 415 9 426
8 454 9 465
8 535 31 535
8 545 15 547
8 548 27 548
8 554 10 561
8 593 13 596
8 614 13 617
8 621 31 621
8 635 31 635
8 674 19 675
8 758 31 758
8 795 15 797
8 798 19 799
4 800 24 800
8 816 10 823
8 833 9 844
8 857 29 857
8 866 15 868
8 869 31 869
8 873 13 876
8 879 9 889
9 891 13 894
8 891 8 913
8 995 15 997
8 998 19 999
9 9 20 10
9 11 20 12
9 31 32 31
9 35 32 35
9 108 32 108
9 172 11 179
9 217 12 222
9 223 32 223
9 242 11 249
9 252 20 253
9 274 10 285
9 299 32 299
9 324 32 324
9 367 12 372
9 373 32 373
9 378 14 381
9 442 11 449
9 466 32 466
9 468 20 469
9 471 14 474
9 475 16 477
9 510 14 513
9 519 32 519
9 578 11 585
9 627 11 634
9 665 16 667
9 676 32 676
9 680 20 681
9 682 32 682
9 694 11 701
9 731 32 731
9 733 16 735
9 830 32 830
9 846 15 848
9 896 12 901
9 903 14 906
9 907 20 908
9 909 14 912
9 913 32 913
9 956 12 961
9 967 20 968
9 970 16 972
10 131 33 131
10 133 33 133
10 135 13 140
10 229 12 236
10 237 15 240
10 241 31 241
10 321 17 323
10 351 21 352
10 355 21 356
10 389 15 392
10 403 33 403
10 415 33 415
10 416 31 416
10 417 21 418
10 419 15 422
10 424 33 424
10 436 15 439
10 454 11 465
10 568 33 568
10 591 33 591
10 668 15 671
10 717 21 718
10 719 29 719
10 722 15 725
10 762 33 762
10 765 21 766
10 826 33 826
10 828 21 829
10 833 11 844
10 879 11 889
10 989 17 991
11 44 16 47
11 49 22 50
11 67 16 70
11 81 22 82
11 91 34 91
11 92 18 94
11 100 16 103
11 104 18 106
11 183 22 184
11 256 13 263
11 266 13 273
11 274 12 285
11 309 34 309
11 311 34 311
11 329 34 329
11 343 13 350
11 364 22 365
11 375 22 376
11 377 34 377
11 387 34 387
11 398 34 398
11 407 22 408
11 409 18 411
11 412 18 414
11 425 34 425
11 480 13 487
11 491 14 496
11 554 16 557
11 559 21 560
11 567 34 567
11 652 16 655
11 656 22 657
11 684 34 684
11 687 16 690
11 784 34 784
11 815 13 822
11 823 31 823
11 921 14 926
11 942 16 945
11 952 16 955
12 3 23 4
12 24 35 24
12 48 35 48
12 57 17 60
12 73 17 76
12 158 15 163
12 169 35 169
12 172 15 177
12 204 35 204
12 205 35 205
12 225 19 227
12 242 14 249
12 264 35 264
12 286 19 288
12 289 19 291
12 303 19 305
12 315 17 318
12 330 35 330
12 382 19 384
12 396 35 396
12 399 35 399
12 433 35 433
12 442 19 444
12 445 35 445
12 446 18 448
12 454 13 465
12 514 19 516
12 531 19 533
12 537 17 540
12 579 35 579
12 580 17 583
12 584 35 584
12 605 22 606
12 609 35 609
12 627 14 634
12 636 14 643
12 677 35 677
12 694 15 699
12 700 21 701
12 744 35 744
12 749 17 752
12 768 35 768
12 786 17 789
12 833 13 844
12 861 35 861
12 863 35 863
12 872 35 872
12 879 19 881
12 882 15 887
8 890 31 890
12 902 35 902
13 55 36 55
13 98 24 99
13 110 20 112
13 117 36 117
13 145 20 147
13 166 36 166
13 188 18 191
13 192 32 192
13 198 36 198
13 206 24 207
13 208 36 208
13 212 36 212
13 219 36 219
13 220 20 222
13 230 18 233
13 235 24 236
13 274 14 285
13 336 18 339
13 362 24 363
13 369 34 369
13 370 34 370
13 372 36 372
13 497 18 500
13 552 23 553
13 558 36 558
13 571 36 571
13 585 36 585
13 588 24 589
13 659 18 662
13 672 24 673
13 686 36 686
13 707 18 710
13 720 23 721
13 741 36 741
13 781 20 783
13 803 20 805
13 827 36 827
13 895 24 896
13 898 36 898
13 901 36 901
13 936 24 937
13 948 18 951
13 956 18 959
13 960 24 961
13 964 36 964
13 973 24 974
13 975 36 975
14 16 37 16
14 17 37 17
14 27 37 27
14 34 37 34
14 41 21 43
14 52 37 52
14 61 21 63
14 65 25 66
14 84 25 85
14 143 25 144
14 149 21 151
14 153 19 156
14 209 37 209
14 224 37 224
14 234 37 234
14 257 37 257
14 258 21 260
14 261 37 261
14 269 19 272
14 273 37 273
14 312 37 312
14 343 16 350
14 404 21 406
14 428 25 429
14 454 17 459
14 460 19 463
14 480 16 487
14 490 37 490
14 541 21 543
14 593 17 598
14 614 37 614
14 615 37 615
14 616 25 617
14 624 21 626
14 691 25 692
14 715 37 715
14 736 37 736
14 769 17 774
14 792 37 792
14 812 37 812
14 813 16 820
14 821 25 822
14 833 17 838
14 840 25 841
14 842 21 844
14 862 37 862
14 864 24 865
14 870 35 870
14 871 35 871
14 873 19 876
14 888 37 888
14 891 21 893
14 894 34 894
14 929 19 932
14 983 17 988
14 994 37 994
15 51 38 51
15 77 38 77
15 107 38 107
15 195 26 196
15 197 38 197
15 217 38 217
15 242 17 249
15 274 16 285
15 367 38 367
15 378 20 381
15 471 22 473
15 474 34 474
15 491 26 492
15 493 38 493
15 495 25 496
15 509 20 512
15 523 20 526
15 599 18 604
15 627 17 634
15 636 16 647
15 851 26 852
15 858 38 858
15 903 22 905
15 909 20 912
15 918 20 921
15 923 20 926
15 978 38 978
16 1 39 1
16 5 39 5
16 7 27 8
16 19 21 22
16 137 39 137
16 157 18 164
16 172 39 172
16 174 39 174
16 176 35 176
16 200 27 201
16 237 25 238
16 240 39 240
16 262 39 262
16 292 27 293
16 294 38 294
16 314 39 314
16 360 39 360
16 385 27 386
16 389 23 391
16 419 23 421
16 436 21 439
16 528 38 528
16 529 38 529
16 545 27 546
16 569 39 569
16 619 39 619
16 620 39 620
16 668 21 671
16 683 39 683
16 694 27 695
16 696 21 699
16 727 27 728
16 729 27 730
16 790 27 791
16 793 23 795
16 797 39 797
16 846 21 849
16 866 23 868
16 882 19 887
16 899 39 899
16 995 39 995
16 996 39 996
16 997 39 997
17 44 22 47
17 67 24 69
17 70 39 70
17 72 40 72
17 89 39 89
17 90 39 90
17 100 22 103
17 116 40 116
17 118 40 118
17 128 24 130
17 213 22 216
17 274 18 285
17 334 28 335
17 340 27 341
17 343 19 350
17 359 40 359
17 475 24 477
17 480 19 487
17 502 40 502
17 534 40 534
17 555 24 557
17 573 22 576
17 577 40 577
17 611 40 611
17 622 40 622
17 636 18 647
17 653 28 654
17 687 28 688
17 689 40 689
17 690 40 690
17 702 40 702
17 725 40 725
17 732 22 735
17 756 40 756
17 776 40 776
17 815 28 816
17 818 40 818
17 819 40 819
17 933 28 934
17 939 20 944
17 945 40 945
17 947 40 947
17 954 28 955
17 970 40 970
17 972 40 972
17 979 40 979
17 980 28 981
18 32 41 32
18 73 23 76
18 139 23 142
18 178 23 181
18 242 25 244
18 245 21 250
18 267 41 267
18 313 41 313
18 315 23 318
18 322 41 322
18 354 41 354
18 402 41 402
18 454 37 454
18 456 25 458
18 459 41 459
18 520 25 522
18 537 23 540
18 580 37 580
18 586 41 586
18 587 41 587
18 610 41 610
18 627 25 629
18 631 23 634
18 655 41 655
18 747 41 747
18 751 41 751
18 769 21 774
18 786 23 789
18 833 21 838
18 839 41 839
18 897 41 897
18 900 41 900
18 953 41 953
18 965 29 966
18 984 41 984
18 985 41 985
18 988 29 989
19 25 42 25
19 28 42 28
19 59 42 59
19 104 30 105
19 113 42 113
19 121 42 121
19 159 30 160
19 162 42 162
19 164 42 164
19 168 42 168
19 186 22 191
19 193 30 194
19 210 30 211
19 229 24 232
19 251 42 251
19 275 22 280
19 281 24 284
19 285 42 285
19 336 24 339
19 358 42 358
19 371 42 371
19 409 22 414
19 446 24 449
19 488 30 489
19 498 24 501
19 595 22 600
19 602 30 603
19 636 23 639
19 644 24 647
19 660 42 660
19 662 42 662
19 664 42 664
19 705 42 705
19 707 30 708
19 709 40 709
19 938 42 938
19 948 24 951
19 956 24 959
20 127 43 127
20 153 43 153
20 154 43 154
20 155 31 156
20 225 27 227
20 233 43 233
20 268 25 271
20 272 43 272
20 286 23 291
20 303 31 304
20 327 43 327
20 343 23 348
20 382 29 383
20 392 27 394
20 442 43 442
20 443 43 443
20 460 43 460
20 462 31 463
20 480 27 482
20 483 25 486
20 514 42 514
20 531 27 533
20 663 43 663
20 666 43 666
20 675 43 675
20 796 43 796
20 807 43 807
20 873 25 876
20 879 22 886
20 887 43 887
20 916 43 916
20 929 43 929
20 930 31 931
20 976 43 976
20 986 43 986
20 998 31 999
21 9 26 12
21 83 44 83
21 96 44 96
21 185 44 185
21 202 32 203
21 222 44 222
21 378 28 380
21 381 44 381
21 467 32 468
21 469 44 469
21 509 26 512
21 523 42 523
21 525 42 525
21 551 44 551
21 608 44 608
21 652 44 652
21 667 44 667
21 680 31 681
21 779 44 779
21 781 44 781
21 782 32 783
21 803 26 806
21 814 44 814
21 889 44 889
21 910 32 911
21 917 28 919
21 920 44 920
21 921 26 924
21 926 40 926
21 940 28 942
21 967 32 968
22 20 33 21
22 40 27 43
22 61 33 62
22 220 33 221
22 245 25 250
22 260 44 260
22 350 29 352
22 405 33 406
22 418 44 418
22 436 29 438
22 439 44 439
22 541 29 543
22 559 27 562
22 624 28 626
22 668 27 671
22 697 33 698
22 699 29 701
22 766 33 767
22 769 25 774
22 828 32 829
22 833 25 838
22 842 29 844
22 847 44 847
22 848 44 848
23 44 28 47
23 49 32 50
23 100 28 103
23 188 28 191
23 214 44 214
23 258 34 259
23 265 34 266
23 274 28 277
23 278 30 280
23 364 44 364
23 407 25 414
23 422 34 423
23 470 28 473
23 573 28 576
23 599 32 600
23 604 28 607
23 656 34 657
23 737 34 738
23 879 30 881
23 882 30 884
23 885 34 886
23 903 34 904
23 908 34 909
24 4 44 4
24 63 35 64
24 73 29 76
24 120 44 120
24 124 44 124
24 141 35 142
24 177 27 182
24 215 35 216
24 286 27 291
24 307 35 308
24 315 35 316
24 317 34 318
24 343 27 348
24 420 35 421
24 537 29 540
24 552 31 554
24 636 26 643
24 720 29 723
24 748 31 750
24 785 31 787
24 788 34 789
24 794 35 795
24 824 35 825
24 866 31 868
23 878 44 878
24 905 35 906
25 37 36 38
25 67 36 68
25 78 32 80
25 98 36 99
25 128 32 130
25 229 32 231
25 235 36 236
25 281 30 284
25 320 36 321
25 332 36 333
25 390 36 391
25 498 32 500
25 555 34 556
25 644 32 646
25 733 36 734
25 798 32 800
25 895 44 895
25 935 36 936
25 956 28 961
25 973 36 974
25 13 44 13
25 15 44 15
26 143 36 144
26 237 33 239
26 242 28 249
26 255 36 256
25 331 44 331
26 408 31 411
26 412 37 413
26 427 37 428
26 429 37 430
26 434 37 435
26 456 33 458
26 476 37 477
26 484 32 486
26 494 31 497
26 520 36 521
24 544 43 544
24 549 44 549
26 563 37 564
26 616 33 618
26 629 37 630
26 647 33 649
26 691 37 692
26 752 37 753
26 759 37 760
26 835 37 836
26 837 37 838
26 840 37 841
25 864 35 865
26 873 31 876
27 18 37 19
27 65 38 66
27 84 32 87
27 206 38 207
27 270 38 271
27 301 38 302
24 374 44 374
27 509 38 510
27 512 38 513
27 636 38 637
27 703 38 704
27 713 38 714
27 769 38 770
27 851 34 853
27 921 32 924
27 948 38 949
28 41 35 43
28 92 39 93
28 179 39 180
28 195 39 196
28 199 38 200
28 286 31 291
28 292 37 293
28 338 30 345
28 346 33 349
28 355 39 356
28 385 38 386
28 478 35 480
28 530 38 531
28 545 33 548
28 668 33 671
28 694 39 695
28 726 35 728
28 745 39 746
28 763 35 765
28 801 35 803
28 808 39 809
28 831 39 832
29 22 40 23
29 39 40 40
29 44 39 45
29 100 34 103
29 146 36 148
29 188 34 191
29 242 31 248
29 249 40 250
29 274 34 277
29 365 40 366
29 379 40 380
29 470 36 472
29 573 34 576
29 604 40 605
29 623 32 628
29 658 40 659
29 687 40 688
29 754 40 755
29 777 40 778
29 933 40 934
29 939 40 940
29 941 40 942
29 954 31 961
29 982 40 983
29 990 40 991
30 73 37 75
30 109 37 111
30 114 41 115
30 122 41 123
30 125 41 126
30 382 37 384
30 431 41 432
30 436 37 438
30 440 41 441
30 503 36 505
30 536 32 543
30 638 41 639
30 699 37 701
30 718 35 721
30 729 41 730
30 790 41 791
30 815 41 816
30 833 41 834
30 842 35 845
30 856 41 857
31 2 42 3
31 7 42 8
31 9 42 10
31 94 42 95
31 104 42 105
31 278 34 283
31 334 34 339
31 340 34 345
31 517 42 518
31 565 42 566
31 706 42 707
31 739 40 740
31 804 42 805
31 879 38 881
31 927 42 928
31 962 42 963
31 988 42 989
32 29 43 30
32 138 43 139
32 151 43 152
32 156 35 161
32 243 35 248
32 407 37 410
32 416 43 417
32 446 43 447
32 462 43 463
32 494 39 496
32 582 43 583
32 588 39 590
32 592 37 595
32 634 43 635
32 673 43 674
32 678 37 681
32 742 43 743
32 785 43 786
32 822 43 823
32 854 43 855
32 866 37 869
32 873 37 876
32 917 39 919
32 950 43 951
32 954 43 955
32 957 37 960
32 998 43 999
33 56 40 58
33 79 44 80
33 128 40 130
33 181 44 182
33 183 44 184
33 192 44 193
33 228 38 231
33 252 44 253
33 288 44 289
33 299 44 300
33 394 44 395
33 483 38 486
33 491 44 492
33 499 40 501
33 535 35 542
33 599 40 601
33 624 40 626
33 643 44 644
33 645 44 646
33 773 40 775
33 798 44 799
33 810 44 811
33 828 40 830
33 910 36 915
33 967 40 969
33 992 44 993
34 60 41 62
34 131 41 133
34 237 40 239
32 241 43 242
34 545 41 547
34 697 44 698
33 49 44 50
35 100 40 103
35 225 42 227
35 274 37 281
35 309 42 311
35 317 42 319
35 323 40 326
35 336 38 341
35 342 38 347
35 368 42 370
35 424 42 426
35 455 40 458
35 473 42 475
35 554 40 557
35 656 44 657
35 782 42 784
35 787 42 789
35 852 44 853
35 891 40 894
35 903 44 904
36 155 43 157
36 159 43 161
36 169 42 171
36 175 43 177
36 188 43 190
36 243 39 248
36 263 43 265
36 305 41 308
36 328 43 330
36 387 43 389
36 396 39 401
36 419 43 421
36 536 43 538
36 539 41 542
36 572 41 575
36 631 43 633
36 647 43 649
36 669 43 671
36 716 41 719
36 726 43 728
36 842 41 845
36 863 43 865
36 870 43 872
36 930 43 932
37 35 41 38
37 97 43 99
37 142 44 144
37 254 44 256
37 332 42 335
37 390 42 393
37 470 44 472
37 503 42 506
37 519 42 522
37 684 44 686
37 733 44 735
37 825 44 827
37 905 39 912
37 913 44 915
37 964 44 966
37 973 44 975
38 16 41 21
38 52 43 55
38 273 40 280
38 290 43 293
38 406 41 411
38 427 43 430
38 449 41 454
38 464 43 467
38 476 43 479
38 560 43 563
38 578 43 581
38 612 41 617
38 677 41 682
38 699 44 701
38 759 43 762
38 835 43 838
38 873 43 876
39 73 44 76
39 145 42 150
39 197 44 200
39 204 44 207
39 215 42 220
39 228 44 231
39 268 44 271
39 294 44 297
39 346 44 349
39 383 44 386
39 433 44 436
39 510 44 513
39 526 42 531
39 763 44 766
39 768 44 771
39 879 41 886
39 956 42 961
40 42 43 47
40 63 42 70
40 88 43 93
40 243 43 248
41 234 44 239
41 277 44 282
41 495 43 502
41 597 44 602
41 618 43 625
41 708 44 713
41 736 44 741
41 921 44 926
42 16 44 23
42 31 44 38
42 336 44 343
42 404 44 411
42 448 44 455
42 569 44 576
42 584 44 591
42 609 44 616
42 676 44 683
42 714 43 725
42 746 44 753
42 839 44 846
42 977 44 984
43 162 44 173
43 514 44 525
43 933 44 944
44 97 44 119
44 301 44 324
44 526 44 548
44 617 44 640
