1480
5 536 28 536
11 491 14 496
20 480 27 482
36 243 39 248
24 537 29 540
23 737 34 738
0 624 5 627
20 443 43 443
3 703 26 703
17 980 28 981
26 408 31 411
3 370 8 373
27 921 32 924
0 746 0 769
25 864 35 865
30 729 41 730
13 206 24 207
5 574 16 575
15 923 20 926
28 745 39 746
12 768 35 768
18 985 41 985
3 554 3 577
5 129 16 130
9 913 32 913
29 941 40 942
40 526 42 533
1 680 8 682
16 793 23 795
32 416 43 417
2 879 2 902
6 879 6 902
6 415 7 426
7 962 30 962
20 663 43 663
32 673 43 674
31 565 42 566
35 903 44 904
33 491 44 492
30 436 37 438
4 554 4 577
22 245 25 250
6 803 13 805
8 614 13 617
2 129 4 136
19 956 24 959
0 917 1 928
14 624 21 626
23 265 34 266
35 787 42 789
6 73 11 76
8 857 29 857
31 988 42 989
31 2 42 3
25 498 32 500
4 302 26 302
12 454 13 465
8 798 19 799
0 953 0 976
33 299 44 300
8 400 19 401
32 873 37 876
2 208 2 231
5 6 28 6
1 200 3 207
38 560 43 563
13 588 24 589
9 324 32 324
3 652 4 663
19 229 24 232
13 827 36 827
5 652 6 663
30 73 37 75
9 578 11 585
2 5 4 12
13 192 32 192
1 550 6 553
15 509 17 516
24 141 35 142
3 478 26 478
18 833 21 838
31 104 42 105
15 495 26 496
6 454 7 465
7 939 14 941
14 769 17 774
9 830 32 830
27 636 38 637
16 240 39 240
8 548 27 548
2 683 4 690
0 18 3 23
7 707 12 710
31 804 42 805
33 49 44 50
12 442 19 444
33 810 44 811
7 930 13 932
19 285 42 285
10 826 33 826
1 327 1 350
15 197 38 197
0 40 5 43
13 212 36 212
16 314 39 314
8 153 13 156
6 427 13 429
12 204 35 204
34 545 41 547
32 822 43 823
18 897 41 897
12 399 35 399
9 903 14 906
2 37 24 37
28 668 33 671
0 786 5 789
2 782 12 783
15 367 38 367
17 702 40 702
14 541 21 543
14 929 19 932
6 357 17 358
3 742 26 742
7 706 30 706
18 586 41 586
33 128 40 130
3 613 26 613
13 960 24 961
6 694 8 701
42 569 44 576
38 578 43 581
11 407 22 408
6 608 11 611
36 419 43 421
2 232 2 255
0 911 5 914
11 364 22 365
4 528 15 529
5 508 28 508
18 139 23 142
9 108 32 108
2 16 13 17
13 672 24 673
11 656 22 657
14 614 37 614
1 672 3 679
22 624 28 626
39 204 44 207
13 895 24 896
29 990 40 991
2 554 2 577
24 120 44 120
30 718 35 721
9 846 15 848
14 404 21 406
39 768 44 771
20 916 43 916
19 371 42 371
13 145 20 147
39 145 42 150
3 265 22 265
24 785 31 787
8 454 9 465
7 520 30 520
12 315 17 318
24 905 35 906
0 770 5 773
5 775 16 776
20 998 31 999
25 895 44 895
7 879 7 902
28 41 35 43
13 369 36 369
5 503 28 503
11 952 16 955
42 84 44 91
14 17 37 17
18 509 21 514
3 466 4 477
13 558 36 558
19 707 30 708
20 155 31 156
31 94 42 95
1 129 1 152
8 44 10 51
12 48 35 48
37 390 42 393
1 268 4 273
23 422 34 423
4 303 11 305
2 64 23 64
5 981 16 982
14 864 24 865
8 359 15 361
15 77 38 77
11 894 34 894
0 978 11 979
39 73 44 76
1 964 12 965
9 519 32 519
20 153 43 153
21 781 44 781
10 989 17 991
31 706 42 707
0 586 3 591
18 354 41 354
17 815 28 816
16 294 38 294
14 224 37 224
17 359 40 359
0 129 0 152
24 4 44 4
5 780 28 780
9 891 16 893
24 788 34 789
37 684 44 686
16 683 39 683
21 381 44 381
7 704 18 705
0 790 1 801
3 232 3 255
36 396 39 401
25 555 36 556
14 490 37 490
22 828 33 829
5 218 8 223
19 636 23 639
15 217 38 217
37 332 42 335
21 96 44 96
2 636 2 659
37 733 44 735
7 853 18 854
7 714 26 714
14 821 25 822
11 554 16 557
17 213 22 216
11 652 16 655
13 55 36 55
20 976 43 976
26 509 37 510
32 678 37 681
4 228 27 228
7 65 10 70
4 224 11 226
9 682 32 682
9 956 12 961
7 491 10 496
38 449 41 454
18 587 41 587
36 155 43 157
32 29 43 30
4 651 27 651
17 689 40 689
40 194 42 201
3 952 4 963
22 61 33 62
0 903 2 910
16 262 39 262
14 269 19 272
32 957 37 960
41 495 43 502
17 653 28 654
0 44 7 46
4 578 5 589
10 717 21 718
11 687 16 690
32 854 43 855
1 736 6 739
11 309 34 309
4 726 27 726
0 3 11 4
11 329 34 329
4 415 5 426
16 729 27 730
15 491 26 492
19 275 22 280
18 313 41 313
28 92 39 93
22 509 25 514
2 466 2 489
16 137 39 137
9 475 16 477
5 921 6 932
9 442 11 449
19 409 22 414
10 133 33 133
28 346 33 349
35 274 37 281
19 488 30 489
26 563 37 564
10 131 33 131
8 998 19 999
24 544 43 544
14 833 17 838
0 929 0 952
13 220 20 222
35 455 40 458
36 539 41 542
0 466 0 489
8 415 9 426
26 427 37 428
36 842 41 845
11 81 22 82
12 609 35 609
1 275 8 277
10 668 15 671
14 812 37 812
32 156 35 161
19 28 42 28
32 151 43 152
9 274 10 285
1 83 12 84
26 840 37 841
5 952 10 955
22 766 33 767
17 555 24 557
8 326 19 327
4 814 7 819
24 636 26 643
0 431 23 431
0 317 11 318
16 996 39 996
36 328 43 330
8 109 31 109
0 785 23 785
17 44 22 47
11 921 14 926
20 343 23 348
33 394 44 395
4 71 15 72
11 684 34 684
20 442 43 442
13 235 24 236
0 821 7 823
17 274 18 285
7 310 30 310
8 621 31 621
15 378 20 381
11 343 13 350
26 476 37 477
32 243 35 248
4 649 25 649
17 979 40 979
29 365 40 366
5 300 28 300
17 116 40 116
0 865 1 876
11 942 16 945
5 942 10 945
17 72 40 72
42 16 44 23
0 386 1 397
44 526 44 548
13 370 36 370
18 32 41 32
27 206 38 207
0 607 22 607
0 309 2 316
33 181 44 182
3 755 26 755
4 479 27 479
0 5 1 16
0 254 0 277
4 793 15 794
13 707 18 710
36 726 43 728
0 308 23 308
9 31 32 31
10 454 11 465
8 30 31 30
4 394 11 396
36 387 43 389
6 296 29 296
22 847 44 847
7 973 12 976
26 429 37 430
9 378 14 381
32 785 43 786
13 117 36 117
6 57 11 60
0 307 23 307
6 914 11 917
39 383 44 386
3 764 26 764
17 475 24 477
4 385 15 386
0 161 5 164
0 605 11 606
37 913 44 915
2 15 24 15
12 205 35 205
4 592 27 592
32 109 37 112
16 528 39 528
23 278 30 280
18 73 23 76
18 747 41 747
35 336 38 341
4 295 27 295
14 261 37 261
0 774 1 784
6 624 13 626
3 256 6 261
13 110 20 112
12 694 15 699
12 445 35 445
28 199 39 200
12 833 13 844
30 503 37 505
23 258 34 259
14 209 37 209
5 569 12 571
25 798 32 800
28 179 39 180
42 609 44 616
5 683 10 686
11 377 34 377
33 499 40 501
2 872 7 875
0 53 1 64
1 526 1 549
9 252 20 253
27 948 38 949
5 466 6 477
9 694 11 701
2 691 13 692
27 494 32 497
9 299 32 299
0 351 2 358
1 208 1 231
8 100 10 107
16 360 39 360
22 405 33 406
21 917 28 919
16 797 39 797
0 47 3 52
20 225 27 227
24 866 31 868
20 796 43 796
39 215 42 220
6 278 8 285
2 790 3 801
13 956 18 959
30 833 41 834
6 504 29 504
29 658 40 659
16 292 27 293
17 756 40 756
4 648 25 648
2 526 3 537
18 580 37 580
17 945 40 945
37 368 44 370
20 303 31 304
20 929 43 929
32 592 37 595
26 434 37 435
2 334 4 341
13 571 36 571
11 256 13 263
25 235 36 236
7 466 8 477
37 554 42 557
18 242 25 244
16 157 18 164
20 446 25 449
37 519 42 522
1 80 24 80
18 537 23 540
8 545 15 547
14 34 37 34
2 137 5 142
18 965 29 966
12 57 17 60
7 198 12 201
25 78 32 80
2 108 7 111
15 918 20 921
8 816 10 823
40 243 43 248
14 870 35 870
39 268 44 271
33 483 38 486
20 460 43 460
12 872 35 872
8 879 9 889
23 364 44 364
14 616 25 617
1 935 24 935
29 754 40 755
11 44 16 47
3 510 8 513
20 879 22 886
12 636 14 643
13 936 24 937
13 198 36 198
10 351 21 352
0 120 23 120
14 257 37 257
17 819 40 819
5 936 12 938
14 41 21 43
15 195 26 196
7 927 30 927
0 26 1 37
0 442 0 465
37 235 40 239
19 660 42 660
7 521 30 521
21 378 28 380
11 815 13 822
28 831 39 832
16 385 27 386
17 690 40 690
9 466 32 466
37 825 44 827
6 918 13 920
18 786 23 789
14 143 25 144
14 615 37 615
15 851 26 852
12 382 19 384
4 748 23 748
8 795 15 797
0 879 0 902
30 122 41 123
0 862 11 863
21 608 44 608
30 815 41 816
0 230 0 253
18 402 41 402
12 303 19 305
32 446 43 447
12 537 17 540
35 782 42 784
12 579 35 579
4 200 4 223
3 309 5 316
23 188 28 191
5 91 10 94
36 572 41 575
22 833 25 838
10 415 33 415
3 704 4 715
9 676 32 676
9 223 32 223
24 549 44 549
6 678 29 678
19 121 42 121
2 415 3 426
16 545 27 546
21 910 32 911
7 850 30 850
11 100 16 103
4 754 27 754
4 523 11 525
14 27 37 27
14 873 19 876
14 84 25 85
11 398 34 398
22 848 44 848
6 806 17 807
20 272 43 272
24 215 35 216
30 638 41 639
27 703 38 704
24 73 29 76
2 97 25 97
5 188 6 199
4 795 7 799
33 798 44 799
0 845 23 845
1 948 6 951
12 73 17 76
8 593 13 596
17 954 28 955
29 188 34 191
3 803 5 810
38 503 43 506
19 104 30 105
3 887 3 910
1 722 3 729
22 668 27 671
7 482 10 487
26 456 33 458
6 985 13 987
4 440 27 440
3 765 8 768
3 374 23 374
1 90 4 95
15 599 18 604
20 891 27 893
41 921 44 926
28 195 39 196
2 58 5 63
15 242 17 249
13 219 36 219
0 286 7 288
15 493 38 493
17 611 40 611
2 149 9 151
29 878 34 881
19 193 30 194
3 322 8 325
9 9 20 10
14 715 37 715
10 591 33 591
1 367 8 369
30 431 41 432
26 242 28 249
29 573 34 576
4 672 7 677
1 38 24 38
1 77 12 78
12 330 35 330
13 372 36 372
41 597 44 602
36 536 43 538
18 627 25 629
24 63 35 64
16 5 39 5
19 25 42 25
14 428 25 429
4 826 9 829
3 763 26 763
4 679 27 679
1 730 4 735
0 833 1 844
2 327 7 330
10 241 31 241
12 879 19 881
12 902 35 902
1 636 1 659
28 763 35 765
4 531 11 533
4 790 15 791
28 355 39 356
12 786 17 789
23 878 28 881
29 44 39 45
33 288 44 289
17 334 28 335
6 772 13 774
16 176 39 176
31 278 34 283
10 403 33 403
14 149 21 151
22 418 44 418
5 100 7 107
19 705 42 705
6 430 25 430
2 514 3 525
8 167 31 167
6 61 13 63
20 392 27 394
0 853 5 856
44 301 44 324
7 645 14 647
11 387 34 387
29 379 40 380
4 56 27 56
10 719 29 719
32 954 43 955
16 997 39 997
29 954 31 961
17 947 40 947
8 869 31 869
3 665 8 668
0 612 1 623
22 439 44 439
0 814 3 819
0 427 5 430
24 343 27 348
22 436 29 438
3 628 3 651
2 407 4 414
44 617 44 640
5 730 8 735
42 584 44 591
9 733 16 735
0 825 23 825
11 409 18 411
38 873 41 878
16 436 21 439
19 709 40 709
19 644 24 647
0 327 0 350
37 905 39 912
28 801 35 803
14 994 37 994
24 748 31 750
28 808 39 809
34 828 41 830
27 713 38 714
2 717 9 719
0 24 11 25
2 623 25 623
29 249 40 250
24 177 27 182
1 116 12 117
10 762 33 762
2 841 7 844
2 402 9 404
5 39 28 39
5 778 28 778
13 901 36 901
20 675 43 675
0 636 0 659
37 35 41 38
12 289 19 291
36 669 43 671
14 842 21 844
39 433 44 436
5 29 28 29
1 88 24 88
0 696 0 719
26 837 37 838
4 994 7 999
1 382 11 383
13 497 18 500
34 131 41 133
7 206 12 209
22 842 29 844
5 704 6 715
19 498 24 501
32 866 37 869
14 312 37 312
1 740 24 740
16 569 39 569
0 593 7 595
4 728 15 729
3 600 14 601
0 398 7 400
14 840 25 841
12 433 35 433
17 534 40 534
14 983 17 988
28 530 39 531
10 765 21 766
4 640 6 647
15 274 16 285
33 992 44 993
12 286 19 288
1 952 2 963
1 879 1 902
0 720 0 743
12 627 14 634
8 758 31 758
37 142 44 144
29 933 40 934
18 631 23 634
1 502 1 525
35 424 42 426
3 694 5 701
16 866 23 868
31 739 40 740
9 627 11 634
38 273 40 280
4 47 7 52
14 871 35 871
16 172 39 172
2 612 25 612
7 195 14 197
3 188 4 199
23 882 30 884
20 327 43 327
33 535 35 542
14 343 16 350
6 856 29 856
20 286 23 291
4 18 26 18
13 898 36 898
12 3 23 4
28 237 35 239
5 887 5 910
27 18 37 19
23 885 34 886
35 100 40 103
8 554 10 561
4 171 27 171
5 407 7 414
2 538 5 543
9 468 20 469
14 273 37 273
0 206 0 229
11 266 13 273
26 484 32 486
16 882 19 887
12 700 23 701
16 846 21 849
5 200 6 211
20 531 27 533
38 290 43 293
5 563 25 563
21 202 32 203
38 16 41 21
9 11 20 12
12 446 19 448
25 956 28 961
16 19 21 22
16 237 27 238
4 454 5 465
9 510 14 513
26 759 37 760
2 29 4 36
3 375 10 377
7 210 18 211
7 711 18 712
2 693 2 716
18 984 41 984
9 731 32 731
4 716 27 716
0 319 2 326
18 322 41 322
16 694 27 695
43 162 44 173
16 200 27 201
2 921 4 928
17 89 40 89
33 773 40 775
7 855 30 855
13 975 36 975
12 882 15 887
12 158 15 163
0 860 11 861
0 112 7 114
20 666 43 666
10 355 21 356
38 677 41 682
21 926 40 926
23 470 28 473
1 696 1 719
17 343 19 350
6 306 29 306
2 980 4 987
7 202 18 203
12 744 35 744
34 697 44 698
36 315 41 318
1 936 2 947
1 232 1 255
16 790 27 791
5 336 12 338
25 13 44 13
21 222 44 222
17 687 28 688
0 153 2 160
0 660 0 683
25 332 36 333
22 697 33 698
25 128 32 130
12 531 19 533
1 79 24 79
6 242 8 249
13 781 20 783
7 514 12 517
16 174 39 174
6 441 29 441
41 618 43 625
38 612 41 617
6 586 17 587
24 315 35 316
5 777 28 777
19 113 42 113
37 964 44 966
43 933 44 944
5 212 12 214
16 7 27 8
42 873 44 880
42 977 44 984
13 208 36 208
16 529 39 529
20 462 31 463
5 89 16 90
23 908 34 909
18 610 41 610
17 622 40 622
8 114 29 114
4 749 11 751
1 188 2 199
10 419 15 422
0 994 3 999
32 241 43 242
25 98 36 99
33 910 36 915
21 9 26 12
11 567 34 567
20 986 43 986
18 315 23 318
1 362 12 363
11 425 34 425
32 699 39 701
11 92 18 94
17 725 40 725
12 861 35 861
8 14 31 14
25 733 36 734
1 660 2 671
2 122 25 122
5 693 28 693
28 694 39 695
1 720 12 721
1 98 12 99
6 432 29 432
2 833 4 840
3 603 14 604
5 23 28 23
0 436 3 441
11 480 13 487
36 879 41 882
4 590 27 590
38 759 43 762
14 460 19 463
0 182 0 205
24 824 35 825
22 350 29 352
2 549 23 549
17 577 40 577
3 378 8 381
36 631 43 633
11 823 31 823
17 502 40 502
6 541 13 543
14 16 37 16
7 652 10 657
7 928 30 928
29 777 40 778
11 49 22 50
0 538 0 561
21 551 44 551
19 336 24 339
6 351 9 356
36 870 43 872
17 67 24 69
28 338 30 345
2 870 13 871
5 756 16 757
4 115 27 115
7 550 12 553
5 956 8 961
8 635 31 635
1 554 1 577
8 674 19 675
16 696 21 699
7 659 12 662
1 442 2 453
33 494 40 496
7 229 9 236
8 866 15 868
7 921 10 926
6 153 7 164
17 118 40 118
6 627 8 634
32 582 43 583
0 846 2 852
18 178 23 181
17 90 40 90
24 420 35 421
1 758 2 769
0 278 2 285
31 927 42 928
4 486 4 509
5 334 16 335
8 407 10 414
2 152 25 152
30 440 41 441
23 44 28 47
38 835 43 838
11 375 22 376
17 972 40 972
4 20 15 21
41 736 44 741
0 827 3 832
11 311 34 311
9 35 32 35
26 629 37 630
7 572 30 572
26 873 31 876
32 998 43 999
6 172 8 179
18 839 41 839
1 747 3 754
44 97 44 119
12 396 35 396
30 856 41 857
24 286 27 291
3 320 24 320
7 488 18 489
1 182 23 182
9 242 11 249
31 7 42 8
27 65 38 66
4 832 27 832
2 545 7 548
7 189 12 192
5 933 16 934
29 274 34 277
4 722 9 725
35 891 40 894
20 483 25 486
16 419 23 421
3 759 25 759
15 51 38 51
6 769 13 771
16 619 39 619
17 100 22 103
13 362 24 363
0 362 0 385
21 921 26 924
2 774 4 781
17 818 40 818
17 970 40 970
30 513 41 514
4 436 9 439
0 403 1 414
3 453 26 453
31 334 34 339
25 281 30 284
1 370 2 381
38 52 43 55
2 143 13 144
8 891 8 913
11 91 34 91
14 593 17 598
26 616 33 618
5 576 16 577
24 124 44 124
6 165 29 165
16 1 39 1
8 890 31 890
14 52 37 52
28 292 37 293
9 471 14 474
4 801 27 801
18 267 41 267
0 562 0 585
18 751 41 751
19 251 42 251
5 215 16 216
29 242 31 248
0 100 1 111
5 963 28 963
22 803 27 806
24 552 31 554
9 665 16 667
0 2 23 2
20 873 25 876
3 278 5 285
6 578 8 585
26 143 36 144
8 535 31 535
2 989 9 991
20 930 31 931
31 962 42 963
8 286 11 291
10 416 31 416
0 596 2 603
9 907 20 908
5 254 28 254
28 726 35 728
27 301 38 302
6 313 11 316
41 699 44 704
23 559 34 560
33 183 44 184
10 833 11 844
9 680 20 681
30 114 41 115
10 828 21 829
20 233 43 233
2 866 7 869
24 794 35 795
28 545 33 548
39 956 42 961
9 526 32 526
3 879 5 886
25 331 44 331
7 658 28 658
32 138 43 139
21 889 44 889
21 814 44 814
10 436 15 439
15 107 38 107
0 124 23 124
10 417 21 418
2 172 5 177
33 228 38 231
0 359 7 361
5 498 12 500
41 708 44 713
19 602 30 603
33 967 40 969
9 172 11 179
42 336 44 343
21 920 44 920
23 214 44 214
36 263 43 265
3 443 8 446
27 851 34 853
13 686 36 686
4 289 7 294
5 833 7 840
4 238 9 241
12 863 35 863
10 424 33 424
6 903 7 913
12 584 35 584
3 208 3 231
24 374 44 374
11 412 18 414
23 599 32 600
16 995 39 995
6 810 29 810
10 389 15 392
19 186 22 191
25 935 36 936
5 134 28 134
13 188 18 191
10 568 33 568
20 807 43 807
31 340 34 345
2 864 13 865
9 367 12 372
19 662 42 662
19 159 30 160
30 790 41 791
11 183 22 184
5 505 28 505
2 54 25 54
2 165 5 170
4 514 6 521
42 448 44 455
12 225 19 227
15 627 17 634
26 255 36 256
10 237 15 240
0 73 5 76
14 813 16 820
32 917 39 919
32 950 43 951
38 406 41 411
4 628 5 639
5 486 6 497
10 135 13 140
15 474 34 474
17 480 19 487
5 343 7 350
19 164 42 164
9 967 20 968
2 384 3 395
7 663 18 664
13 552 23 553
32 407 37 410
36 930 43 932
25 644 32 646
0 126 7 128
14 258 21 260
12 677 35 677
13 166 36 166
24 699 31 701
20 887 43 887
40 63 42 70
0 0 11 1
6 41 13 43
32 382 38 384
8 158 11 163
23 49 32 50
10 229 12 236
4 800 24 800
2 397 25 397
19 168 42 168
29 982 40 983
37 254 44 256
4 255 25 255
36 159 43 161
35 225 42 227
32 462 43 463
18 953 41 953
33 79 44 80
0 490 0 513
29 604 40 605
16 668 21 671
41 234 44 239
19 948 24 951
12 169 35 169
3 351 5 358
17 573 22 576
0 65 2 72
22 220 33 221
33 192 44 193
23 604 28 607
29 687 40 688
0 433 11 434
18 900 41 900
0 289 1 300
14 454 17 459
4 388 27 388
21 667 44 667
31 9 42 10
0 857 7 859
13 741 36 741
5 566 28 566
6 877 29 877
25 229 32 231
1 929 4 934
21 779 44 779
39 294 44 297
22 40 27 43
2 993 25 993
26 412 37 413
35 323 40 326
25 37 36 38
26 647 33 649
36 716 41 719
38 427 43 430
1 256 2 267
37 470 44 472
26 835 37 836
2 490 2 513
30 536 32 543
5 554 7 561
22 541 29 543
2 342 25 342
30 125 41 126
6 125 29 125
5 148 28 148
6 746 17 747
29 146 36 148
9 373 32 373
0 628 2 635
21 782 32 783
5 687 10 690
13 585 36 585
21 185 44 185
10 321 17 323
9 970 16 972
0 982 1 993
17 128 24 130
28 478 35 480
19 938 42 938
3 480 6 485
13 230 18 233
0 878 22 878
11 104 18 106
31 517 42 518
25 67 36 68
24 307 35 308
1 184 6 187
14 736 37 736
20 268 25 271
12 24 35 24
26 511 29 516
13 659 18 662
17 636 18 647
1 973 6 976
18 988 29 989
8 995 15 997
22 20 33 21
13 964 36 964
21 469 44 469
12 580 17 583
8 266 10 273
7 256 10 261
39 346 44 349
6 180 17 181
18 515 23 518
28 385 38 386
33 252 44 253
23 656 34 657
3 486 3 509
18 454 37 454
9 217 12 222
4 390 9 393
29 22 40 23
3 669 9 671
42 839 44 846
35 309 42 311
2 454 3 465
15 858 38 858
12 172 15 177
4 530 27 530
2 289 3 300
8 328 31 328
21 652 44 652
33 643 44 644
6 250 17 251
29 100 34 103
40 42 43 47
2 331 24 331
3 936 4 947
0 178 5 181
25 15 44 15
27 270 38 271
3 65 6 70
10 722 15 725
0 803 2 810
39 883 44 886
18 459 41 459
32 634 43 635
15 978 38 978
21 680 31 681
0 415 1 426
18 769 21 774
27 769 38 770
12 522 17 525
19 664 42 664
14 888 37 888
13 720 24 721
21 967 32 968
14 153 19 156
21 83 44 83
6 808 27 808
8 833 9 844
35 656 44 657
22 260 44 260
7 739 30 739
17 939 20 944
17 776 40 776
16 389 23 391
7 565 30 565
13 274 14 285
36 188 43 190
8 873 13 876
16 620 39 620
7 948 12 951
6 537 11 540
12 749 17 752
20 154 43 154
15 471 22 473
20 127 43 127
29 39 40 40
19 281 24 284
9 896 12 901
29 470 36 472
21 940 28 942
25 320 36 321
1 967 4 972
36 647 43 649
36 169 42 171
42 746 44 753
6 636 11 639
13 336 18 339
13 948 18 951
3 447 8 450
23 100 28 103
0 514 0 537
5 946 16 947
16 727 27 728
25 722 32 724
2 333 24 333
18 456 25 458
37 973 44 975
0 744 11 745
38 476 43 479
0 166 1 177
2 343 4 350
2 615 4 622
2 405 13 406
3 846 8 849
17 933 28 934
29 623 32 628
0 802 23 802
42 404 44 411
18 245 21 250
4 230 6 237
27 84 32 87
2 26 13 27
12 242 14 249
7 451 30 451
18 655 41 655
6 786 11 789
35 473 42 475
2 544 23 544
14 234 37 234
42 313 43 324
17 732 22 735
14 65 25 66
6 119 29 119
33 645 44 646
33 511 44 512
9 909 14 912
36 863 43 865
39 228 44 231
0 812 11 813
33 624 40 626
1 454 1 477
39 763 44 766
8 343 10 350
30 842 35 845
4 297 27 297
38 464 43 467
0 301 3 306
42 31 44 38
11 67 16 70
26 691 37 692
14 480 16 487
19 210 30 211
22 769 25 774
0 608 5 611
32 742 43 743
1 478 1 501
6 135 9 140
11 274 12 285
0 435 23 435
6 95 29 95
5 366 28 366
23 407 25 414
3 851 14 852
28 286 31 291
5 266 7 273
5 7 8 12
19 595 22 600
8 292 15 294
4 242 5 253
19 358 42 358
1 578 3 585
0 684 1 695
12 264 35 264
17 70 39 70
42 676 44 683
4 887 4 910
11 559 22 560
6 141 17 142
37 97 43 99
25 390 36 391
14 862 37 862
20 382 31 383
7 185 18 186
10 879 11 889
5 967 8 972
11 784 34 784
7 193 18 194
13 98 24 99
32 588 39 590
43 514 44 525
25 973 36 974
26 752 37 753
33 599 40 601
15 636 16 647
2 100 4 107
2 915 5 920
5 123 28 123
12 605 22 606
36 305 41 308
4 753 25 753
2 13 24 13
21 467 32 468
14 803 21 805
5 31 8 36
15 909 20 912
13 973 24 974
23 274 28 277
5 340 16 341
8 126 19 127
23 573 28 576
14 691 25 692
35 342 38 347
3 153 5 160
17 340 27 341
40 172 42 179
5 614 7 621
29 939 40 940
41 277 44 282
0 77 0 99
24 317 35 318
35 852 44 853
42 714 43 725
19 162 42 162
16 899 39 899
15 903 22 905
23 903 34 904
14 792 37 792
33 56 40 58
34 60 41 62
19 59 42 59
14 61 21 63
18 525 41 525
19 522 30 523
31 521 36 524
