678
0 0 0 38
0 39 0 77
0 78 0 116
0 117 0 155
0 156 0 194
0 195 0 233
0 234 0 272
0 273 0 311
0 312 0 350
0 351 0 389
0 390 0 428
0 429 0 467
0 468 0 506
0 507 0 545
0 546 0 584
0 585 0 623
0 624 0 662
0 663 0 701
0 702 0 740
0 741 0 779
0 780 0 818
0 819 0 857
0 858 0 896
0 897 0 935
0 936 12 938
0 939 12 941
0 942 27 942
1 0 1 38
1 39 1 77
1 78 1 116
1 117 1 155
1 156 1 194
1 195 1 233
1 234 1 272
1 273 1 311
1 312 1 350
1 351 1 389
1 390 1 428
1 429 1 467
1 468 1 506
1 507 1 545
1 546 1 584
1 585 1 623
1 624 1 662
1 663 1 701
1 702 1 740
1 741 1 779
1 780 1 818
1 819 1 857
1 858 1 896
1 897 1 935
2 0 2 38
2 39 2 77
2 78 2 116
2 117 2 155
2 156 2 194
2 195 2 233
2 234 2 272
2 273 2 311
2 312 2 350
2 351 2 389
2 390 2 428
2 429 2 467
2 468 2 506
2 507 2 545
2 546 2 584
2 585 2 623
2 624 2 662
2 663 2 701
2 702 2 740
2 741 2 779
2 780 2 818
2 819 2 857
2 858 2 896
2 897 2 935
3 0 3 38
3 39 3 77
3 78 3 116
3 117 3 155
3 156 3 194
3 195 3 233
3 234 3 272
3 273 3 311
3 312 3 350
3 351 3 389
3 390 3 428
3 429 3 467
3 468 3 506
3 507 3 545
3 546 3 584
3 585 3 623
3 624 3 662
3 663 3 701
3 702 3 740
3 741 3 779
3 780 3 818
3 819 3 857
3 858 3 896
3 897 3 935
4 0 4 38
4 39 4 77
4 78 4 116
4 117 4 155
4 156 4 194
4 195 4 233
4 234 4 272
4 273 4 311
4 312 4 350
4 351 4 389
4 390 4 428
4 429 4 467
4 468 4 506
4 507 4 545
4 546 4 584
4 585 4 623
4 624 4 662
4 663 4 701
4 702 4 740
4 741 4 779
4 780 4 818
4 819 4 857
4 858 4 896
4 897 4 935
5 0 5 38
5 39 5 77
5 78 5 116
5 117 5 155
5 156 5 194
5 195 5 233
5 234 5 272
5 273 5 311
5 312 5 350
5 351 5 389
5 390 5 428
5 429 5 467
5 468 5 506
5 507 5 545
5 546 5 584
5 585 5 623
5 624 5 662
5 663 5 701
5 702 5 740
5 741 5 779
5 780 5 818
5 819 5 857
5 858 5 896
5 897 5 935
6 0 6 38
6 39 6 77
6 78 6 116
6 117 6 155
6 156 6 194
6 195 6 233
6 234 6 272
6 273 6 311
6 312 6 350
6 351 6 389
6 390 6 428
6 429 6 467
6 468 6 506
6 507 6 545
6 546 6 584
6 585 6 623
6 624 6 662
6 663 6 701
6 702 6 740
6 741 6 779
6 780 6 818
6 819 6 857
6 858 6 896
6 897 6 935
7 0 7 38
7 39 7 77
7 78 7 116
7 117 7 155
7 156 7 194
7 195 7 233
7 234 7 272
7 273 7 311
7 312 7 350
7 351 7 389
7 390 7 428
7 429 7 467
7 468 7 506
7 507 7 545
7 546 7 584
7 585 7 623
7 624 7 662
7 663 7 701
7 702 7 740
7 741 7 779
7 780 7 818
7 819 7 857
7 858 7 896
7 897 7 935
8 0 8 38
8 39 8 77
8 78 8 116
8 117 8 155
8 156 8 194
8 195 8 233
8 234 8 272
8 273 8 311
8 312 8 350
8 351 8 389
8 390 8 428
8 429 8 467
8 468 8 506
8 507 8 545
8 546 8 584
8 585 8 623
8 624 8 662
8 663 8 701
8 702 8 740
8 741 8 779
8 780 8 818
8 819 8 857
8 858 8 896
8 897 8 935
9 0 9 38
9 39 9 77
9 78 9 116
9 117 9 155
9 156 9 194
9 195 9 233
9 234 9 272
9 273 9 311
9 312 9 350
9 351 9 389
9 390 9 428
9 429 9 467
9 468 9 506
9 507 9 545
9 546 9 584
9 585 9 623
9 624 9 662
9 663 9 701
9 702 9 740
9 741 9 779
9 780 9 818
9 819 9 857
9 858 9 896
9 897 9 935
10 0 10 38
10 39 10 77
10 78 10 116
10 117 10 155
10 156 10 194
10 195 10 233
10 234 10 272
10 273 10 311
10 312 10 350
10 351 10 389
10 390 10 428
10 429 10 467
10 468 10 506
10 507 10 545
10 546 10 584
10 585 10 623
10 624 10 662
10 663 10 701
10 702 10 740
10 741 10 779
10 780 10 818
10 819 10 857
10 858 10 896
10 897 10 935
11 0 11 38
11 39 11 77
11 78 11 116
11 117 11 155
11 156 11 194
11 195 11 233
11 234 11 272
11 273 11 311
11 312 11 350
11 351 11 389
11 390 11 428
11 429 11 467
11 468 11 506
11 507 11 545
11 546 11 584
11 585 11 623
11 624 11 662
11 663 11 701
11 702 11 740
11 741 11 779
11 780 11 818
11 819 11 857
11 858 11 896
11 897 11 935
12 0 12 38
12 39 12 77
12 78 12 116
12 117 12 155
12 156 12 194
12 195 12 233
12 234 12 272
12 273 12 311
12 312 12 350
12 351 12 389
12 390 12 428
12 429 12 467
12 468 12 506
12 507 12 545
12 546 14 558
12 559 12 597
12 598 12 636
12 637 12 675
12 676 12 714
12 715 12 753
12 754 12 792
12 793 12 831
12 832 12 870
12 871 12 909
12 910 14 922
12 923 14 935
13 0 13 38
13 39 13 77
13 78 13 116
13 117 13 155
13 156 13 194
13 195 13 233
13 234 13 272
13 273 13 311
13 312 13 350
13 351 13 389
13 390 13 428
13 429 13 467
13 468 13 506
13 507 13 545
13 559 13 597
13 598 13 636
13 637 13 675
13 676 13 714
13 715 13 753
13 754 13 792
13 793 13 831
13 832 13 870
13 871 13 909
13 936 25 938
13 939 25 941
14 0 14 38
14 39 14 77
14 78 14 116
14 117 14 155
14 156 14 194
14 195 14 233
14 234 14 272
14 273 14 311
14 312 14 350
14 351 14 389
14 390 14 428
14 429 14 467
14 468 14 506
14 507 14 545
14 559 14 597
14 598 14 636
14 637 14 675
14 676 14 714
14 715 14 753
14 754 14 792
14 793 14 831
14 832 14 870
14 871 14 909
15 0 15 38
15 39 15 77
15 78 15 116
15 117 15 155
15 156 15 194
15 195 15 233
15 234 15 272
15 273 15 311
15 312 15 350
15 351 15 389
15 390 15 428
15 429 15 467
15 468 15 506
15 507 15 545
15 546 15 584
15 585 15 623
15 624 15 662
15 663 15 701
15 702 15 740
15 741 15 779
15 780 15 818
15 819 15 857
15 858 15 896
15 897 15 935
16 0 16 38
16 39 16 77
16 78 16 116
16 117 16 155
16 156 16 194
16 195 16 233
16 234 16 272
16 273 16 311
16 312 16 350
16 351 16 389
16 390 16 428
16 429 16 467
16 468 16 506
16 507 16 545
16 546 16 584
16 585 16 623
16 624 16 662
16 663 16 701
16 702 16 740
16 741 16 779
16 780 16 818
16 819 16 857
16 858 16 896
16 897 16 935
17 0 17 38
17 39 17 77
17 78 17 116
17 117 17 155
17 156 17 194
17 195 17 233
17 234 17 272
17 273 17 311
17 312 17 350
17 351 17 389
17 390 17 428
17 429 17 467
17 468 17 506
17 507 17 545
17 546 17 584
17 585 17 623
17 624 17 662
17 663 17 701
17 702 17 740
17 741 17 779
17 780 17 818
17 819 17 857
17 858 17 896
17 897 17 935
18 0 18 38
18 39 18 77
18 78 18 116
18 117 18 155
18 156 18 194
18 195 18 233
18 234 18 272
18 273 18 311
18 312 18 350
18 351 18 389
18 390 18 428
18 429 18 467
18 468 18 506
18 507 18 545
18 546 18 584
18 585 18 623
18 624 18 662
18 663 18 701
18 702 18 740
18 741 18 779
18 780 18 818
18 819 18 857
18 858 18 896
18 897 18 935
19 0 19 38
19 39 19 77
19 78 19 116
19 117 19 155
19 156 19 194
19 195 19 233
19 234 19 272
19 273 19 311
19 312 19 350
19 351 19 389
19 390 19 428
19 429 19 467
19 468 19 506
19 507 19 545
19 546 19 584
19 585 19 623
19 624 19 662
19 663 19 701
19 702 19 740
19 741 19 779
19 780 19 818
19 819 19 857
19 858 19 896
19 897 19 935
20 0 20 38
20 39 20 77
20 78 20 116
20 117 20 155
20 156 20 194
20 195 20 233
20 234 20 272
20 273 20 311
20 312 20 350
20 351 20 389
20 390 20 428
20 429 20 467
20 468 20 506
20 507 20 545
20 546 20 584
20 585 20 623
20 624 20 662
20 663 20 701
20 702 20 740
20 741 20 779
20 780 20 818
20 819 20 857
20 858 20 896
20 897 20 935
21 0 21 38
21 39 21 77
21 78 21 116
21 117 21 155
21 156 21 194
21 195 21 233
21 234 21 272
21 273 21 311
21 312 21 350
21 351 21 389
21 390 21 428
21 429 21 467
21 468 21 506
21 507 21 545
21 546 21 584
21 585 21 623
21 624 21 662
21 663 21 701
21 702 21 740
21 741 21 779
21 780 21 818
21 819 21 857
21 858 21 896
21 897 21 935
22 0 22 38
22 39 22 77
22 78 22 116
22 117 22 155
22 156 22 194
22 195 22 233
22 234 22 272
22 273 22 311
22 312 22 350
22 351 22 389
22 390 22 428
22 429 22 467
22 468 22 506
22 507 22 545
22 546 22 584
22 585 22 623
22 624 22 662
22 663 22 701
22 702 22 740
22 741 22 779
22 780 22 818
22 819 22 857
22 858 22 896
22 897 22 935
23 0 23 38
23 39 23 77
23 78 23 116
23 117 23 155
23 156 23 194
23 195 23 233
23 234 23 272
23 273 23 311
23 312 23 350
23 351 23 389
23 390 23 428
23 429 23 467
23 468 23 506
23 507 23 545
23 546 23 584
23 585 23 623
23 624 23 662
23 663 23 701
23 702 23 740
23 741 23 779
23 780 23 818
23 819 23 857
23 858 23 896
23 897 23 935
24 0 24 38
24 39 24 77
24 78 24 116
24 117 24 155
24 156 24 194
24 195 24 233
24 234 24 272
24 273 24 311
24 312 24 350
24 351 24 389
24 390 24 428
24 429 24 467
24 468 24 506
24 507 24 545
24 546 24 584
24 585 24 623
24 624 24 662
24 663 24 701
24 702 24 740
24 741 24 779
24 780 24 818
24 819 24 857
24 858 24 896
24 897 24 935
25 0 25 38
25 39 25 77
25 78 25 116
25 117 25 155
25 156 25 194
25 195 25 233
25 234 25 272
25 273 25 311
25 312 25 350
25 351 25 389
25 390 25 428
25 429 25 467
25 468 25 506
25 507 25 545
25 546 25 584
25 585 25 623
25 624 25 662
25 663 25 701
25 702 25 740
25 741 25 779
25 780 25 818
25 819 25 857
25 858 25 896
25 897 25 935
26 0 26 38
26 39 26 77
26 78 26 116
26 117 26 155
26 156 26 194
26 195 26 233
26 234 26 272
26 273 26 311
26 312 26 350
26 351 26 389
26 390 26 428
26 429 26 467
26 468 26 506
26 507 26 545
26 546 26 584
26 585 26 623
26 624 26 662
26 663 26 701
26 702 26 740
26 741 26 779
26 780 26 818
26 819 26 857
26 858 26 896
26 897 26 922
26 923 27 941
27 0 27 38
27 39 27 77
27 78 27 116
27 117 27 155
27 156 27 194
27 195 27 233
27 234 27 272
27 273 27 311
27 312 27 350
27 351 27 389
27 390 27 428
27 429 27 467
27 468 27 506
27 507 27 545
27 546 27 584
27 585 27 623
27 624 27 662
27 663 27 701
27 702 27 740
27 741 27 779
27 780 27 818
27 819 27 857
27 858 27 896
27 897 27 922
