1237
0 0 10 0
0 1 10 1
0 2 10 2
0 3 10 3
0 4 10 4
0 6 10 6
0 7 4 8
0 9 0 19
0 20 10 20
0 21 10 21
0 22 4 23
0 25 10 25
0 26 1 30
0 31 0 41
0 42 10 42
0 43 10 43
0 44 4 45
0 46 8 46
0 47 0 57
0 58 0 68
0 69 0 79
0 80 0 90
0 91 0 101
0 102 10 102
0 103 10 103
0 105 9 105
0 106 10 106
0 107 10 107
0 110 8 110
0 111 8 111
0 112 10 112
0 113 10 113
0 114 10 114
0 116 10 116
0 117 10 117
0 119 4 120
0 121 10 121
0 123 10 123
0 124 10 124
0 125 10 125
0 126 10 126
0 127 0 137
0 138 0 148
0 150 10 150
0 151 0 161
0 162 10 162
0 163 10 163
0 164 1 168
0 170 0 180
0 181 0 191
0 192 0 202
0 203 0 213
0 214 9 214
0 215 2 217
0 218 0 228
0 229 0 239
0 240 0 249
0 250 0 260
0 261 0 271
0 272 10 272
0 273 0 283
0 284 10 284
0 285 10 285
0 286 0 296
0 297 0 307
0 309 0 319
0 320 0 328
0 329 0 339
0 340 0 350
0 351 0 361
0 362 10 362
0 363 4 364
0 368 0 375
0 376 0 386
0 387 0 397
0 398 0 407
0 409 0 419
0 420 0 430
0 431 9 431
0 433 0 443
0 444 1 448
0 449 10 449
0 450 10 450
0 451 1 455
0 456 0 465
0 466 1 470
0 472 10 472
0 473 10 473
0 475 1 479
0 480 10 480
0 481 10 481
0 482 10 482
0 484 10 484
0 485 4 486
0 487 4 488
0 489 10 489
0 490 1 494
0 495 2 497
0 499 10 499
0 500 10 500
0 501 10 501
0 502 10 502
3 503 10 503
0 503 2 505
0 506 10 506
0 507 10 507
0 508 0 518
0 519 10 519
0 520 1 524
0 525 10 525
0 526 10 526
0 527 10 527
0 529 0 539
0 541 8 541
0 542 2 544
0 545 10 545
0 548 0 558
0 559 0 569
0 570 0 580
0 581 0 591
0 592 0 602
0 603 1 607
0 608 8 608
0 610 10 610
0 611 10 611
1 10 11 10
1 11 11 11
1 12 9 12
1 16 11 16
1 17 8 17
1 19 11 19
1 32 5 33
1 34 11 34
1 35 11 35
1 37 5 38
1 40 11 40
1 47 11 47
1 48 11 48
1 51 11 51
1 52 11 52
1 54 3 56
1 57 11 57
1 59 11 59
1 60 1 70
1 71 1 81
1 82 1 89
4 93 14 93
1 90 1 100
1 101 11 101
1 127 1 137
1 140 3 142
1 152 11 152
1 153 11 153
1 157 11 157
1 159 11 159
1 160 11 160
1 161 11 161
1 169 1 179
1 180 11 180
1 181 11 181
1 182 11 182
1 183 1 193
1 194 11 194
1 195 2 199
1 200 1 210
1 211 11 211
1 212 11 212
1 213 9 213
1 218 1 228
1 229 11 229
1 230 2 234
1 235 10 235
1 236 10 236
1 237 5 238
1 239 10 239
1 240 11 240
1 241 11 241
1 242 5 243
1 245 11 245
1 246 11 246
1 247 9 247
1 248 5 249
1 250 11 250
1 252 11 252
1 253 11 253
1 255 3 257
1 258 1 268
1 270 5 271
1 273 1 282
1 286 1 296
1 297 10 297
1 298 5 299
1 302 11 302
1 303 8 303
1 305 11 305
1 307 11 307
1 310 1 320
1 321 1 331
1 332 1 342
1 343 1 353
1 354 11 354
1 355 2 359
1 360 11 360
0 365 2 367
1 368 11 368
1 371 11 371
1 373 1 383
1 384 1 394
1 395 1 405
1 406 5 407
0 408 10 408
1 409 11 409
1 411 9 411
1 412 1 422
1 426 11 426
1 427 11 427
1 428 8 428
1 429 11 429
1 434 2 438
1 439 3 441
1 442 11 442
1 457 11 457
1 458 11 458
1 460 2 464
1 465 11 465
1 498 11 498
1 508 11 508
1 509 11 509
1 510 11 510
1 511 11 511
1 512 11 512
1 514 5 515
1 516 11 516
1 517 11 517
1 529 11 529
1 531 11 531
1 533 11 533
1 535 11 535
1 537 11 537
1 538 11 538
1 539 11 539
1 546 11 546
1 547 5 548
1 551 11 551
1 553 2 557
1 558 5 559
1 560 11 560
1 561 11 561
1 562 11 562
1 563 11 563
1 564 1 574
1 575 2 579
1 582 1 592
1 593 11 593
1 594 11 594
1 595 2 599
1 600 11 600
1 609 11 609
2 5 12 5
2 26 12 26
2 27 4 29
2 30 12 30
2 39 12 39
2 58 12 58
2 60 2 70
2 71 2 79
4 82 12 82
2 80 2 90
2 93 3 97
2 98 12 98
2 100 12 100
2 118 12 118
2 122 12 122
2 127 2 137
2 139 12 139
2 147 12 147
2 149 12 149
2 151 12 151
2 164 12 164
2 165 12 165
2 166 2 176
2 178 12 178
2 183 2 193
2 200 12 200
2 201 12 201
2 202 12 202
2 204 10 204
2 205 6 206
2 207 6 208
2 209 6 210
2 218 2 228
2 251 12 251
2 258 2 268
2 273 2 282
2 288 12 288
2 290 9 290
2 291 3 295
2 296 12 296
2 308 12 308
2 311 2 321
2 322 12 322
2 323 2 333
2 337 3 341
2 342 12 342
2 345 3 349
2 353 11 353
2 369 12 369
2 372 2 382
2 383 12 383
2 384 12 384
2 385 6 386
2 388 4 390
2 391 12 391
2 392 2 402
2 403 11 403
2 404 6 405
2 410 12 410
2 415 12 415
2 416 4 418
2 419 9 419
2 420 3 424
2 444 6 445
2 446 12 446
2 448 12 448
2 451 3 455
2 466 12 466
2 470 11 470
2 475 12 475
2 478 12 478
2 513 12 513
2 518 12 518
2 520 3 524
2 534 12 534
2 549 12 549
2 564 2 574
2 582 2 592
2 602 3 606
2 607 12 607
3 14 13 14
5 60 15 60
3 60 4 64
3 65 13 65
3 66 13 66
3 67 7 68
3 70 13 70
3 71 4 75
3 77 13 77
3 78 3 87
6 89 13 89
3 88 5 90
3 108 13 108
3 127 13 127
3 128 7 129
3 130 13 130
3 131 4 135
3 136 13 136
3 158 13 158
3 166 3 176
3 177 13 177
3 183 13 183
3 184 13 184
6 185 13 185
3 185 5 187
3 189 4 193
3 216 13 216
3 217 4 221
3 222 4 226
3 231 13 231
3 234 12 234
3 258 13 258
3 259 13 259
3 260 13 260
3 261 13 261
3 263 7 264
3 267 13 267
3 273 4 277
3 278 7 279
3 280 13 280
3 281 13 281
3 282 13 282
1 283 11 283
3 301 13 301
3 309 3 318
3 319 7 320
3 323 3 333
3 355 13 355
3 356 5 358
3 359 13 359
3 367 13 367
3 372 4 376
3 377 13 377
3 378 13 378
3 381 7 382
3 392 3 402
3 430 13 430
3 432 13 432
3 433 13 433
3 434 5 436
3 456 13 456
3 460 4 464
3 494 5 496
3 497 13 497
3 504 13 504
3 505 13 505
3 536 13 536
3 544 13 544
3 553 5 555
3 556 13 556
3 557 13 557
3 564 4 568
3 569 13 569
3 571 13 571
3 572 13 572
3 574 3 584
3 585 13 585
3 586 13 586
3 587 4 591
3 592 13 592
3 595 7 596
3 598 13 598
4 50 14 50
4 56 12 56
4 80 14 80
4 81 14 81
4 83 5 87
4 96 14 96
4 97 13 97
4 141 14 141
4 142 14 142
4 166 4 176
4 195 14 195
4 196 14 196
4 199 14 199
4 257 14 257
4 269 14 269
4 292 12 292
4 294 14 294
4 295 14 295
4 310 14 310
4 311 14 311
4 312 14 312
4 313 14 313
4 314 14 314
4 315 14 315
4 316 14 316
4 317 14 317
4 318 12 318
4 323 14 323
4 324 12 324
4 325 8 326
4 327 14 327
4 328 14 328
4 329 14 329
4 330 5 334
4 338 14 338
4 339 14 339
4 340 14 340
4 341 14 341
4 343 4 352
4 365 14 365
4 380 14 380
4 392 4 402
4 421 14 421
4 422 14 422
4 451 5 455
4 477 14 477
4 490 14 490
4 520 5 524
4 576 14 576
4 577 8 578
4 580 6 582
4 599 14 599
4 604 8 605
5 9 15 9
5 28 15 28
5 31 15 31
5 45 15 45
5 61 6 64
5 71 9 72
5 74 15 74
5 75 15 75
5 94 15 94
5 119 15 119
5 120 15 120
5 135 14 135
5 166 5 176
5 189 7 191
5 192 13 192
5 193 15 193
5 217 9 218
5 219 13 219
5 220 9 221
5 223 14 223
5 224 6 228
5 256 15 256
5 268 15 268
5 273 6 277
5 335 15 335
5 336 15 336
5 348 6 352
5 363 9 364
5 372 6 376
5 388 14 388
5 389 15 389
5 392 5 402
5 416 15 416
5 417 9 418
5 437 6 441
5 443 15 443
5 447 15 447
5 459 6 463
5 464 15 464
5 485 15 485
5 486 7 488
5 567 9 568
5 574 15 574
5 588 15 588
5 591 15 591
5 602 15 602
5 606 15 606
6 83 16 83
6 84 16 84
6 85 16 85
6 86 16 86
6 87 16 87
6 90 16 90
6 166 6 176
6 230 16 230
6 233 16 233
6 237 10 238
6 242 16 242
6 243 16 243
6 270 14 270
6 300 16 300
6 331 16 331
6 332 15 332
6 334 16 334
6 361 16 361
6 392 6 402
6 436 15 436
6 452 16 452
6 455 16 455
6 467 16 467
6 515 16 515
6 520 16 520
6 521 16 521
6 524 16 524
6 543 16 543
6 548 16 548
6 554 16 554
6 558 16 558
6 559 16 559
6 579 16 579
7 49 17 49
7 63 17 63
7 69 17 69
7 154 11 155
7 166 11 167
7 168 8 172
7 173 17 173
7 176 17 176
7 203 17 203
7 205 8 209
7 224 11 225
7 226 17 226
7 228 16 228
7 274 16 274
7 276 17 276
7 309 17 309
7 349 15 349
7 350 15 350
7 372 11 373
7 374 17 374
7 375 11 376
7 386 11 387
7 390 17 390
7 392 17 392
7 395 16 395
7 396 11 397
7 398 17 398
7 400 17 400
7 401 17 401
7 402 17 402
7 404 17 404
7 438 17 438
7 459 9 461
7 462 17 462
7 463 17 463
7 530 17 530
7 575 17 575
7 583 11 584
7 601 17 601
8 15 18 15
8 24 18 24
8 54 12 55
8 64 18 64
8 88 18 88
8 137 18 137
8 179 18 179
8 198 18 198
8 244 18 244
8 255 18 255
8 271 18 271
8 279 18 279
8 289 18 289
8 299 18 299
8 319 18 319
8 320 12 321
8 344 18 344
8 356 18 356
8 382 18 382
8 394 18 394
8 407 18 407
8 424 18 424
8 425 18 425
8 439 18 439
8 453 18 453
8 454 18 454
8 468 12 469
8 471 18 471
8 474 18 474
8 494 18 494
8 495 18 495
8 550 18 550
8 564 18 564
8 573 18 573
8 595 16 595
8 596 16 596
9 17 13 18
9 23 19 23
9 33 19 33
9 37 13 38
9 62 19 62
9 67 13 68
9 79 19 79
9 109 11 111
9 128 19 128
9 168 19 168
9 169 19 169
9 170 19 170
9 171 19 171
9 172 19 172
9 187 10 191
9 207 19 207
9 254 19 254
9 273 19 273
9 287 19 287
9 303 13 304
9 306 19 306
9 325 18 325
9 326 19 326
9 333 19 333
9 343 19 343
9 352 19 352
9 357 19 357
9 406 19 406
9 420 19 420
9 540 19 540
9 541 13 542
9 553 19 553
9 578 19 578
9 590 19 590
9 603 11 605
10 12 20 12
10 71 14 72
10 73 20 73
10 92 20 92
10 95 20 95
10 104 14 105
10 206 20 206
10 213 12 215
10 217 13 218
10 221 20 221
10 247 12 249
10 277 14 278
10 290 14 291
10 330 20 330
10 358 20 358
10 363 20 363
10 364 20 364
10 379 20 379
10 399 20 399
10 405 20 405
10 411 14 412
10 413 20 413
10 418 14 419
10 445 20 445
10 460 19 460
10 565 20 565
10 568 20 568
10 577 20 577
11 0 21 0
11 2 13 4
11 6 15 7
11 20 21 20
11 21 21 21
11 41 21 41
11 42 19 42
9 46 19 46
11 102 19 102
11 103 21 103
11 106 20 106
11 107 20 107
11 113 21 113
11 114 21 114
11 116 20 116
11 117 20 117
11 123 15 124
11 125 21 125
11 126 21 126
11 162 18 162
11 189 21 189
11 204 15 205
11 235 12 239
11 272 19 272
11 284 21 284
11 285 21 285
11 346 21 346
11 362 21 362
11 408 21 408
10 431 20 431
11 441 21 441
11 449 21 449
11 450 15 451
11 472 21 472
11 482 21 482
11 489 20 489
11 499 21 499
11 500 21 500
11 501 21 501
11 502 21 502
11 503 21 503
11 506 19 506
11 507 21 507
11 522 21 522
11 523 21 523
11 525 19 525
11 526 14 527
11 545 19 545
11 547 21 547
11 555 21 555
11 566 21 566
11 570 21 570
9 608 19 608
11 611 21 611
12 8 22 8
12 10 22 10
12 11 22 11
12 16 22 16
12 34 22 34
12 47 16 48
12 51 22 51
12 59 19 59
12 109 22 109
12 111 22 111
12 143 22 143
12 150 22 150
12 152 16 153
12 159 22 159
12 160 16 161
12 167 22 167
12 180 20 180
12 181 15 182
12 194 22 194
12 208 13 212
12 225 21 225
12 240 22 240
12 241 21 241
12 245 22 245
12 246 22 246
12 252 22 252
12 253 22 253
11 297 15 298
12 302 22 302
12 305 19 305
12 337 22 337
12 353 16 354
12 360 20 360
12 368 22 368
12 370 22 370
12 371 14 373
12 387 20 387
12 393 22 393
12 396 16 397
12 426 21 426
12 427 22 427
9 428 19 428
12 429 22 429
12 434 22 434
12 457 22 457
12 458 22 458
12 465 22 465
12 476 22 476
12 483 22 483
12 498 22 498
12 508 22 508
12 510 21 510
12 511 21 511
12 512 21 512
12 516 22 516
12 517 22 517
12 529 19 529
12 532 22 532
12 537 19 537
12 563 21 563
12 593 22 593
12 603 22 603
12 605 22 605
12 609 21 609
13 5 23 5
13 26 23 26
13 35 23 35
13 36 23 36
13 39 21 39
13 43 17 44
13 52 23 52
13 56 15 58
13 78 23 78
13 82 23 82
13 98 15 100
13 118 20 118
13 122 23 122
13 139 23 139
13 140 23 140
13 149 23 149
13 151 23 151
13 155 23 155
13 157 23 157
13 164 17 165
13 178 23 178
13 200 23 200
13 201 23 201
13 202 23 202
13 213 23 213
13 229 23 229
16 235 25 235
13 234 15 236
13 238 17 239
13 247 23 247
13 248 23 248
13 249 22 249
13 250 17 251
13 263 23 263
13 288 21 288
13 292 17 293
13 296 23 296
13 307 17 308
13 320 23 320
13 322 23 322
13 342 22 342
13 347 23 347
13 383 17 384
13 391 23 391
12 403 22 403
13 409 17 410
13 415 23 415
13 440 23 440
13 466 23 466
13 469 23 469
12 470 22 470
13 513 17 514
13 518 17 519
13 531 23 531
13 538 23 538
13 580 23 580
13 607 23 607
14 3 24 3
14 4 24 4
14 14 23 14
14 54 24 54
14 65 24 65
14 66 21 66
14 89 24 89
14 108 24 108
14 130 24 130
14 136 24 136
14 145 18 146
14 158 22 158
14 163 24 163
14 185 16 187
14 190 24 190
14 191 24 191
14 209 24 209
14 212 24 212
14 215 15 219
14 227 24 227
14 231 24 231
14 237 24 237
14 261 24 261
14 264 16 266
14 280 24 280
14 281 18 282
14 286 24 286
14 303 24 303
14 359 24 359
14 367 22 367
14 376 18 377
14 378 24 378
14 430 24 430
14 433 24 433
14 456 22 456
14 480 24 480
14 493 24 493
14 504 24 504
14 535 17 536
14 541 24 541
14 546 24 546
14 556 23 556
14 557 23 557
14 569 23 569
14 572 23 572
14 587 24 587
14 592 24 592
14 598 24 598
15 22 25 22
15 50 25 50
15 72 23 72
15 91 25 91
15 96 24 96
14 97 24 97
15 112 25 112
15 134 19 135
15 138 25 138
15 141 19 142
15 148 25 148
15 195 25 195
15 196 25 196
15 199 24 199
15 222 19 223
15 257 25 257
15 269 19 270
15 277 25 277
15 290 25 290
15 294 23 294
15 295 23 295
15 311 25 311
15 312 16 316
15 317 25 317
13 318 23 318
15 323 24 323
13 324 23 324
15 327 23 327
15 339 25 339
15 340 25 340
15 365 25 365
15 372 25 372
15 373 25 373
15 380 22 380
15 381 25 381
15 411 25 411
15 417 25 417
15 418 24 418
15 419 24 419
15 421 25 421
15 477 25 477
15 490 25 490
15 492 25 492
15 526 17 528
15 561 19 562
15 589 25 589
15 597 25 597
15 610 25 610
16 2 26 2
16 13 26 13
16 19 26 19
16 31 26 31
16 37 20 38
16 56 26 56
16 74 26 74
16 75 26 75
16 98 17 101
16 105 26 105
16 119 26 119
16 123 26 123
16 124 26 124
16 156 26 156
16 181 18 183
14 192 24 192
16 193 25 193
16 204 26 204
16 217 26 217
16 232 26 232
16 234 25 234
16 304 26 304
16 328 26 328
16 335 26 335
16 338 26 338
16 348 20 349
16 350 20 351
15 388 25 388
16 416 25 416
16 435 20 436
16 443 26 443
16 447 26 447
16 464 24 464
16 487 26 487
16 544 26 544
16 574 25 574
16 583 26 583
16 588 24 588
16 600 26 600
16 606 26 606
17 7 27 7
17 29 27 29
17 47 21 48
17 53 27 53
17 55 27 55
17 84 21 85
17 86 27 86
17 90 27 90
17 132 27 132
17 152 27 152
17 161 27 161
17 210 27 210
17 216 27 216
17 233 25 233
17 256 27 256
17 274 27 274
17 291 27 291
17 300 27 300
17 312 21 313
17 314 24 314
17 315 24 315
17 316 27 316
17 331 27 331
16 332 26 332
17 353 27 353
17 355 27 355
17 395 21 396
17 397 27 397
17 446 27 446
17 450 27 450
17 452 27 452
17 455 27 455
17 467 27 467
17 478 27 478
17 515 26 515
17 520 27 520
17 524 27 524
17 558 27 558
17 559 27 559
17 579 27 579
17 594 19 596
17 602 27 602
18 44 27 44
18 69 22 70
18 98 22 99
18 165 22 166
18 173 19 177
18 203 27 203
18 226 26 226
17 228 27 228
18 238 22 239
18 251 27 251
18 292 27 292
18 374 27 374
18 400 22 401
18 404 25 404
18 410 27 410
18 438 27 438
18 463 27 463
18 527 27 527
18 533 19 536
18 584 22 585
18 601 27 601
19 24 27 24
19 88 27 88
19 153 23 154
19 179 27 179
19 181 20 185
19 197 23 198
19 243 23 244
19 271 27 271
19 279 27 279
19 281 23 282
19 298 23 299
19 319 27 319
19 356 27 356
19 389 23 390
19 407 27 407
19 439 27 439
19 453 23 454
19 473 23 474
19 494 27 494
19 550 27 550
20 32 24 33
20 58 24 59
20 101 24 102
20 127 24 128
20 168 21 172
20 186 24 187
20 222 24 223
20 272 24 273
20 306 27 306
19 325 27 325
20 422 24 423
20 459 24 460
20 505 24 506
20 528 24 529
20 536 24 537
20 553 24 554
21 27 25 28
21 92 25 93
21 115 25 116
21 180 22 184
21 205 25 206
21 349 23 351
21 357 24 358
21 360 25 361
21 363 25 364
21 386 25 387
21 398 25 399
21 412 25 413
21 488 25 489
21 577 25 578
22 0 26 1
22 20 26 21
22 37 23 41
20 42 27 42
22 48 25 49
22 61 26 62
22 66 26 67
22 83 24 85
22 103 26 104
21 106 25 107
22 113 26 114
21 117 25 118
19 162 27 162
22 168 22 177
22 188 26 189
22 218 26 219
22 224 26 225
22 241 26 242
22 254 26 255
22 258 26 259
22 287 26 288
22 383 26 384
22 394 26 395
22 408 26 409
22 425 26 426
22 441 26 442
22 461 26 462
22 499 26 500
22 502 26 503
22 509 23 513
22 521 26 522
20 525 27 525
22 539 26 540
20 545 27 545
22 547 26 548
22 560 23 564
22 608 26 609
23 8 24 12
23 109 25 111
23 120 27 121
23 125 27 126
23 143 27 144
23 158 25 160
23 164 23 174
23 183 27 184
23 238 25 240
23 245 27 246
23 249 27 250
23 252 27 253
23 267 27 268
20 305 27 305
23 341 26 342
23 345 27 346
23 366 24 370
23 379 27 380
23 444 27 445
23 456 27 457
23 475 27 476
23 481 24 485
23 507 27 508
23 516 26 517
22 518 26 519
23 551 27 552
23 567 27 568
24 14 25 18
24 39 26 41
24 71 27 72
24 80 26 82
24 139 26 141
24 166 27 167
24 174 25 178
24 247 27 248
24 262 27 263
24 281 25 285
24 293 25 297
24 326 27 327
24 510 26 512
24 555 26 557
24 561 26 563
24 569 25 573
25 8 26 12
25 32 27 34
25 83 27 85
25 94 26 98
25 128 27 130
25 133 26 137
25 168 26 172
23 180 27 181
25 185 27 187
25 197 26 201
25 313 27 315
25 321 27 323
25 357 27 359
25 366 26 370
25 418 27 420
25 464 27 466
25 479 27 481
25 504 27 506
25 529 27 531
25 535 27 537
25 564 27 566
25 586 27 588
25 592 27 594
26 48 27 52
26 106 27 110
26 191 27 195
26 233 27 237
26 280 27 284
26 400 27 404
26 412 27 416
26 427 26 437
26 482 27 486
26 489 27 493
26 573 27 577
27 91 27 101
27 111 27 119
27 217 27 227
27 332 27 342
27 360 27 370
27 382 27 392
27 422 27 432
27 509 27 519
