1237
7 168 8 172
1 240 11 240
12 605 22 605
4 292 14 292
5 189 7 191
8 289 18 289
0 545 10 545
0 608 8 608
19 453 23 454
2 311 2 321
12 529 19 529
10 411 14 412
2 5 12 5
0 485 4 486
8 179 18 179
18 226 26 226
23 164 23 174
7 228 16 228
21 363 25 364
27 240 27 250
23 305 24 309
13 201 23 201
12 470 22 470
22 113 26 114
17 216 27 216
5 336 15 336
24 166 27 167
15 195 25 195
5 606 15 606
8 564 18 564
7 350 15 350
9 578 19 578
0 6 10 6
4 437 5 441
1 60 1 70
27 332 27 342
8 319 18 319
1 236 10 236
4 520 5 524
23 183 27 184
10 363 20 363
7 530 17 530
15 196 25 196
20 536 24 537
12 208 13 212
9 46 19 46
10 290 14 291
14 190 24 190
14 145 18 146
0 125 10 125
1 252 11 252
2 127 2 137
14 359 24 359
0 124 10 124
22 100 23 104
11 450 15 451
6 455 16 455
7 274 16 274
12 370 22 370
1 40 11 40
23 385 25 387
2 30 12 30
15 381 25 381
17 256 27 256
11 109 21 109
9 79 19 79
0 475 1 479
15 365 25 365
17 291 27 291
13 347 23 347
14 108 24 108
2 290 9 290
1 411 9 411
3 432 13 432
16 119 26 119
8 454 18 454
10 358 20 358
3 260 13 260
1 10 11 10
1 242 5 243
1 384 1 394
3 136 13 136
8 453 18 453
1 582 1 592
3 234 12 234
13 296 23 296
0 43 10 43
6 543 16 543
17 446 27 446
0 273 0 283
16 443 26 443
12 508 22 508
1 235 10 235
14 535 17 536
20 32 24 33
3 301 13 301
1 140 3 142
26 280 27 284
14 191 24 191
2 466 12 466
7 390 17 390
18 463 27 463
0 309 0 319
11 441 21 441
1 360 11 360
0 4 10 4
0 1 10 1
1 11 11 11
11 499 21 499
22 502 26 503
8 439 18 439
11 114 21 114
22 37 23 41
0 368 10 368
3 216 13 216
14 158 22 158
0 482 10 482
6 436 16 436
5 447 15 447
1 564 1 574
3 60 4 64
19 181 20 185
1 395 1 405
27 111 27 119
0 502 10 502
4 312 14 312
15 526 17 528
8 271 18 271
9 357 19 357
3 319 7 320
7 226 17 226
5 273 6 277
22 408 26 409
13 466 23 466
13 320 23 320
11 523 21 523
24 281 25 285
9 303 13 304
16 13 26 13
10 364 20 364
7 69 17 69
19 407 27 407
11 116 21 116
19 389 23 390
1 47 11 47
13 5 23 5
4 310 14 310
21 205 25 206
10 577 20 577
14 504 24 504
15 327 23 327
1 245 11 245
7 396 11 397
0 490 1 494
21 360 25 361
12 396 16 397
1 546 11 546
3 258 13 258
4 323 14 323
15 277 25 277
20 422 24 423
1 595 2 599
6 248 10 249
12 457 22 457
6 233 16 233
12 427 22 427
21 513 25 514
11 522 21 522
5 71 9 72
0 409 0 419
0 103 10 103
0 214 9 214
8 64 18 64
13 513 17 514
1 253 11 253
17 86 27 86
16 123 26 123
25 305 26 309
0 526 10 526
1 241 11 241
22 511 26 512
6 579 16 579
12 603 22 603
11 362 21 362
6 554 16 554
6 84 16 84
1 426 11 426
3 259 13 259
14 367 24 367
27 70 27 80
3 587 4 591
25 357 27 359
25 32 27 34
5 256 15 256
17 355 27 355
1 434 2 438
0 203 0 213
0 261 0 271
0 370 4 371
8 382 18 382
16 2 26 2
12 371 14 373
17 579 27 579
5 335 15 335
9 540 19 540
3 273 4 277
8 137 18 137
12 241 22 241
12 510 22 510
1 200 1 210
14 541 24 541
3 544 13 544
24 14 25 18
23 456 27 457
12 10 22 10
4 294 14 294
7 49 17 49
0 329 0 339
25 168 26 172
15 72 25 72
3 372 4 376
1 529 11 529
0 507 10 507
22 61 26 62
16 447 26 447
2 100 12 100
19 356 27 356
16 217 26 217
0 119 4 120
23 369 25 371
4 380 14 380
1 538 11 538
23 345 27 346
12 240 22 240
13 580 23 580
23 8 24 12
5 193 15 193
2 27 4 29
0 44 4 45
22 109 24 111
22 287 26 288
15 421 25 421
3 592 13 592
20 222 24 223
0 2 10 2
7 386 11 387
12 403 22 403
0 150 10 150
15 295 25 295
5 567 9 568
12 247 22 247
22 57 26 58
15 419 25 419
10 221 20 221
26 482 27 486
3 309 3 318
9 62 19 62
7 176 17 176
16 350 20 351
17 559 27 559
14 587 24 587
1 270 5 271
1 160 11 160
3 70 13 70
6 334 16 334
14 163 24 163
2 420 3 424
5 464 15 464
2 202 12 202
0 387 0 397
1 182 11 182
4 451 5 455
19 153 23 154
13 415 23 415
9 352 19 352
13 26 23 26
26 417 27 421
13 322 23 322
7 583 11 584
3 189 4 193
16 156 26 156
0 285 10 285
1 152 11 152
9 343 19 343
12 8 22 8
7 349 15 349
22 518 26 519
15 199 24 199
7 601 17 601
26 106 27 110
18 251 27 251
11 189 21 189
1 558 5 559
11 285 21 285
3 185 5 187
4 142 14 142
1 101 11 101
1 298 5 299
6 166 6 176
6 230 16 230
15 317 25 317
1 247 11 247
15 418 25 418
18 533 19 536
5 109 7 111
4 96 14 96
22 224 26 225
13 164 17 165
19 281 23 282
6 524 16 524
10 330 20 330
5 389 15 389
0 365 2 367
24 569 25 573
1 332 1 342
24 555 26 557
13 238 17 239
8 244 18 244
7 276 17 276
21 106 25 107
4 577 8 578
0 284 10 284
7 63 17 63
5 486 7 488
0 3 10 3
15 323 25 323
13 342 23 342
4 313 14 313
12 498 22 498
8 279 18 279
1 12 9 12
2 342 12 342
19 88 27 88
0 451 1 455
1 273 1 282
11 113 21 113
16 348 20 349
5 220 9 221
22 66 26 67
22 83 24 85
10 418 14 419
4 338 14 338
1 218 1 228
0 250 0 260
17 450 27 450
3 381 7 382
27 539 27 549
1 512 11 512
21 357 24 358
8 550 18 550
2 475 12 475
0 489 10 489
16 606 26 606
2 151 12 151
2 582 2 592
3 574 3 584
0 58 0 68
7 438 17 438
2 98 12 98
14 261 24 261
10 92 20 92
0 106 10 106
0 102 10 102
11 248 21 248
17 228 27 228
2 60 2 70
0 21 10 21
0 31 0 41
6 515 16 515
16 31 26 31
19 319 27 319
15 490 25 490
13 36 23 36
4 316 14 316
2 200 12 200
3 281 13 281
0 495 2 497
23 245 24 249
0 487 4 488
4 324 12 324
13 440 23 440
8 425 18 425
1 82 1 89
11 501 21 501
24 98 25 102
17 47 21 48
6 85 16 85
15 411 25 411
5 217 9 218
1 560 11 560
2 207 6 208
4 340 14 340
2 372 2 382
13 35 23 35
22 168 22 177
3 356 5 358
4 477 14 477
0 272 10 272
20 186 24 187
3 434 5 436
17 152 27 152
5 135 15 135
16 105 26 105
16 98 17 101
10 104 14 105
2 451 3 455
6 361 16 361
16 583 26 583
10 399 20 399
23 238 24 242
11 0 21 0
9 603 11 605
4 83 5 87
5 602 15 602
0 472 10 472
14 219 18 220
3 433 13 433
1 17 8 17
3 572 13 572
24 341 26 343
1 159 11 159
2 416 4 418
0 480 10 480
2 204 10 204
2 534 12 534
6 270 16 270
11 408 21 408
9 306 19 306
22 0 26 1
2 209 6 210
21 577 25 578
21 349 23 351
9 420 19 420
3 497 13 497
0 117 10 117
5 74 15 74
11 525 19 525
4 341 14 341
18 584 22 585
4 81 14 81
14 136 24 136
27 360 27 370
19 279 27 279
0 192 0 202
0 286 0 296
1 157 11 157
3 158 13 158
13 118 20 118
0 503 2 505
10 413 20 413
15 610 25 610
22 539 26 540
3 569 13 569
18 238 22 239
18 173 19 177
23 158 25 160
0 398 0 407
11 506 19 506
13 469 23 469
13 324 23 324
12 387 22 387
12 167 22 167
10 213 20 213
3 66 13 66
1 547 5 548
8 424 18 424
3 280 13 280
5 591 15 591
11 125 21 125
0 110 4 111
14 89 24 89
11 526 14 527
4 604 8 605
20 505 24 506
7 224 11 225
17 7 27 7
2 258 2 268
7 401 17 401
3 65 13 65
4 80 14 80
4 269 14 269
8 573 18 573
12 360 20 360
16 181 18 183
11 126 21 126
4 327 14 327
16 135 26 135
3 88 5 90
0 47 0 57
16 193 26 193
2 607 12 607
1 169 1 179
14 212 24 212
1 239 10 239
23 180 27 181
1 457 11 457
12 51 22 51
11 368 21 368
12 465 22 465
1 283 11 283
13 288 21 288
2 39 12 39
14 130 24 130
10 217 14 218
13 200 23 200
14 433 24 433
1 535 11 535
1 427 11 427
0 215 2 217
17 29 27 29
18 404 25 404
0 433 0 443
11 566 21 566
3 430 13 430
25 464 27 466
0 408 10 408
0 542 2 544
10 277 14 278
0 164 1 168
11 500 21 500
25 564 27 566
1 373 1 383
13 98 15 100
14 237 24 237
2 122 12 122
27 581 27 591
3 456 13 456
0 113 10 113
18 69 22 70
0 112 10 112
14 192 24 192
0 46 8 46
17 274 27 274
2 337 3 341
3 231 13 231
16 106 20 107
6 331 16 331
7 392 17 392
6 298 16 298
4 490 14 490
17 455 27 455
17 132 27 132
15 597 25 597
1 213 9 213
9 287 19 287
8 320 12 321
9 128 19 128
14 3 24 3
1 561 11 561
20 168 21 172
22 20 26 21
14 493 24 493
0 484 10 484
4 421 14 421
12 593 22 593
17 435 21 436
18 601 27 601
9 406 19 406
3 77 13 77
5 166 5 176
0 297 0 307
1 248 5 249
0 363 4 364
2 602 3 606
11 272 21 272
13 52 23 52
22 441 26 442
22 461 26 462
3 557 13 557
1 230 2 234
0 340 0 350
4 97 13 97
25 236 25 244
9 170 19 170
0 508 0 518
21 412 25 413
25 185 27 187
1 409 11 409
13 234 15 236
9 169 19 169
0 541 8 541
5 9 15 9
18 410 27 410
5 268 15 268
2 288 12 288
1 343 1 353
0 525 10 525
15 380 22 380
17 300 27 300
3 282 13 282
1 180 11 180
1 498 11 498
12 59 22 59
13 151 23 151
0 501 10 501
3 130 13 130
1 71 1 81
14 556 23 556
1 57 11 57
4 93 14 93
0 151 0 161
19 298 23 299
2 446 12 446
11 502 21 502
25 8 26 12
0 181 0 191
8 394 18 394
0 80 0 90
24 80 26 82
2 470 11 470
9 590 19 590
1 537 11 537
20 525 27 525
1 428 8 428
16 124 26 124
0 127 0 137
3 494 5 496
5 94 15 94
1 305 11 305
2 383 12 383
14 430 24 430
3 503 10 503
3 377 13 377
11 235 12 239
3 564 4 568
1 229 11 229
15 417 25 417
13 155 23 155
2 183 2 193
12 426 21 426
10 445 20 445
6 185 13 185
4 82 14 82
26 320 27 324
12 252 22 252
2 296 12 296
1 355 2 359
21 117 25 118
17 452 27 452
4 257 14 257
1 32 5 33
10 405 20 405
9 326 19 326
12 253 22 253
0 26 1 30
19 243 23 244
14 65 24 65
2 564 2 574
1 237 5 238
15 290 25 290
11 117 20 117
6 332 15 332
6 300 16 300
2 251 12 251
19 271 27 271
2 419 9 419
16 328 26 328
1 52 11 52
0 114 10 114
17 90 27 90
13 409 17 410
4 317 14 317
22 115 26 116
8 198 18 198
12 249 22 249
23 444 27 445
15 112 25 112
2 345 3 349
12 11 22 11
13 250 17 251
0 229 0 239
5 443 15 443
0 548 0 558
8 471 18 471
3 571 13 571
1 161 11 161
0 611 10 611
11 482 21 482
7 398 17 398
3 586 13 586
1 514 5 515
15 292 25 292
9 33 19 33
27 509 27 519
14 54 24 54
5 370 9 371
15 492 25 492
23 516 26 517
9 428 19 428
1 509 11 509
17 467 27 467
5 28 15 28
10 71 14 72
2 384 12 384
13 607 23 607
5 75 15 75
6 83 16 83
11 507 21 507
27 91 27 101
11 204 15 205
2 26 12 26
12 512 21 512
18 400 22 401
2 513 12 513
2 308 12 308
27 382 27 392
7 309 17 309
16 19 26 19
0 431 9 431
6 243 16 243
1 551 11 551
1 307 11 307
2 80 2 90
14 97 24 97
4 311 14 311
12 434 22 434
8 407 18 407
8 494 18 494
2 291 3 295
9 168 19 168
3 78 3 87
7 154 11 155
11 489 20 489
4 330 5 334
9 37 13 38
1 508 11 508
14 280 24 280
6 87 16 87
3 128 7 129
1 517 11 517
1 246 11 246
1 181 11 181
11 570 21 570
17 515 26 515
14 572 23 572
1 594 11 594
1 439 3 441
10 565 20 565
7 203 17 203
5 61 6 64
17 520 27 520
22 188 26 189
15 561 19 562
16 234 25 234
27 422 27 432
2 549 12 549
1 458 11 458
4 196 14 196
0 506 10 506
17 266 18 270
11 449 21 449
9 67 13 68
6 558 16 558
0 592 0 602
9 553 19 553
11 123 15 124
11 472 21 472
13 139 23 139
4 422 14 422
5 31 15 31
7 395 16 395
12 516 22 516
0 218 0 228
14 66 21 66
12 429 22 429
5 417 9 418
10 73 20 73
17 331 27 331
15 388 25 388
0 570 0 580
7 459 9 461
15 91 25 91
1 303 8 303
16 37 20 38
1 563 11 563
8 344 18 344
13 229 23 229
0 123 10 123
13 202 23 202
12 47 16 48
10 431 20 431
6 521 16 521
12 34 22 34
1 302 11 302
13 383 17 384
0 351 0 361
14 303 24 303
5 416 15 416
3 108 13 108
12 483 22 483
1 575 2 579
7 404 17 404
13 263 23 263
8 255 18 255
13 531 23 531
20 42 27 42
2 139 12 139
6 86 16 86
16 75 26 75
5 60 15 60
0 116 10 116
25 592 27 594
1 310 1 320
13 43 17 44
2 518 12 518
17 524 27 524
12 143 22 143
16 416 25 416
15 141 25 141
1 255 3 257
12 337 22 337
18 165 22 166
8 88 18 88
0 519 10 519
7 375 11 376
27 217 27 227
2 93 3 97
12 517 22 517
26 573 27 577
0 500 10 500
10 206 20 206
22 254 26 255
8 495 18 495
6 89 13 89
1 34 11 34
9 608 19 608
19 595 23 596
1 35 11 35
2 323 2 333
3 585 13 585
23 143 27 144
16 600 26 600
22 521 26 522
1 511 11 511
14 4 24 4
7 462 17 462
11 346 21 346
7 173 17 173
16 74 26 74
2 410 12 410
2 392 2 402
1 286 1 296
16 133 20 134
4 56 12 56
21 180 22 184
0 105 9 105
14 592 24 592
9 325 18 325
0 121 10 121
10 568 20 568
1 258 1 268
5 388 14 388
16 487 26 487
23 125 27 126
14 185 16 187
18 203 27 203
0 91 0 101
26 48 27 52
15 257 25 257
14 557 23 557
27 190 27 200
4 315 14 315
3 504 13 504
2 353 11 353
2 444 6 445
12 458 22 458
9 541 13 542
26 400 27 404
0 481 10 481
0 456 0 465
1 539 11 539
6 452 16 452
1 609 11 609
0 444 1 448
2 178 12 178
12 305 22 305
15 589 25 589
14 598 24 598
0 25 10 25
17 478 27 478
3 71 4 75
15 96 25 96
5 348 6 352
12 353 16 354
3 392 3 402
13 39 21 39
2 218 2 228
13 538 23 538
16 235 25 235
23 267 27 268
0 107 10 107
1 211 11 211
3 131 4 135
1 127 1 137
7 400 17 400
25 83 27 85
0 240 0 249
4 50 14 50
2 322 12 322
14 227 24 227
3 378 13 378
2 520 3 524
0 603 1 607
7 575 17 575
17 602 27 602
3 278 7 279
17 558 27 558
0 376 0 386
18 438 27 438
14 378 24 378
13 391 23 391
1 153 11 153
1 510 11 510
15 138 25 138
4 314 14 314
17 161 27 161
4 318 12 318
2 415 12 415
1 442 11 442
12 225 21 225
5 574 15 574
22 425 26 426
14 456 22 456
26 233 27 237
12 150 22 150
8 111 18 111
4 295 14 295
23 481 24 485
1 412 1 422
17 353 27 353
11 503 21 503
12 194 22 194
12 152 16 153
4 365 14 365
11 41 21 41
14 286 24 286
5 119 15 119
9 172 19 172
19 24 27 24
22 383 26 384
19 439 27 439
15 340 25 340
6 520 16 520
9 333 19 333
4 199 14 199
20 127 24 128
2 201 12 201
2 166 2 176
1 51 11 51
2 118 12 118
25 128 27 130
6 392 6 402
14 569 23 569
2 71 2 79
6 90 16 90
1 48 11 48
2 164 12 164
7 372 11 373
22 258 26 259
9 254 19 254
14 209 24 209
4 195 14 195
11 42 19 42
1 553 2 557
11 106 15 107
3 505 13 505
9 207 19 207
5 372 6 376
1 465 11 465
12 245 22 245
20 553 24 554
17 210 27 210
13 140 23 140
23 120 27 121
10 460 20 460
3 595 7 596
0 42 10 42
1 250 11 250
4 343 4 352
2 391 12 391
14 376 18 377
2 149 12 149
4 339 14 339
8 468 12 469
13 122 23 122
0 449 10 449
11 103 21 103
5 120 15 120
3 323 3 333
1 19 11 19
16 574 25 574
6 467 16 467
3 14 13 14
10 95 20 95
25 479 27 481
2 205 6 206
19 494 27 494
22 394 26 395
2 403 11 403
15 294 25 294
13 78 23 78
4 576 14 576
10 214 20 214
0 450 10 450
4 141 14 141
0 22 4 23
1 195 2 199
0 138 0 148
16 335 26 335
5 588 15 588
23 551 27 552
5 485 15 485
3 184 13 184
1 429 11 429
1 600 11 600
12 180 20 180
7 402 17 402
5 45 15 45
25 197 26 201
21 27 25 28
12 609 21 609
16 332 26 332
0 126 10 126
0 170 0 180
7 374 17 374
4 580 6 582
2 385 6 386
17 397 27 397
11 284 21 284
2 388 4 390
14 231 24 231
23 379 27 380
15 50 25 50
1 59 11 59
4 329 14 329
3 222 4 226
26 292 27 296
12 159 22 159
9 171 19 171
22 608 26 609
3 367 13 367
12 246 22 246
4 392 4 402
7 463 17 463
15 222 19 223
0 610 10 610
1 90 1 100
16 588 26 588
17 55 27 55
17 233 25 233
26 363 26 373
1 533 11 533
9 187 10 191
17 53 27 53
8 299 18 299
8 595 18 595
14 281 18 282
3 359 13 359
3 261 13 261
19 179 27 179
11 2 13 4
12 16 22 16
16 304 26 304
4 325 8 326
2 273 2 282
5 224 6 228
12 160 16 161
1 531 11 531
0 9 0 19
0 499 10 499
21 488 25 489
12 563 21 563
3 556 13 556
25 245 26 249
16 204 26 204
22 272 26 273
1 460 2 464
11 21 21 21
6 548 16 548
0 7 4 8
6 237 10 238
9 23 19 23
3 536 13 536
16 464 24 464
8 356 18 356
0 69 0 79
19 162 27 162
3 460 4 464
25 535 27 537
10 379 20 379
1 37 5 38
3 553 5 555
20 528 24 529
24 39 26 41
19 197 23 198
5 223 14 223
23 507 27 508
8 24 18 24
13 56 15 58
4 328 14 328
1 194 11 194
26 94 26 104
18 374 27 374
11 555 21 555
11 20 21 20
4 599 14 599
0 581 0 591
13 157 23 157
11 6 15 7
15 81 19 82
11 102 21 102
1 16 11 16
2 165 12 165
8 54 12 55
25 529 27 531
1 354 11 354
0 20 10 20
24 174 25 178
15 22 25 22
11 611 21 611
23 252 27 253
1 54 3 56
6 242 16 242
2 478 12 478
17 84 21 85
26 136 27 140
12 532 22 532
23 567 27 568
13 149 23 149
5 459 6 463
11 545 21 545
15 477 25 477
13 518 17 519
10 12 20 12
22 499 26 500
1 593 11 593
1 406 5 407
0 0 10 0
22 547 26 548
0 320 0 328
1 516 11 516
1 297 11 297
0 529 0 539
3 598 13 598
22 48 25 49
18 44 27 44
0 362 10 362
25 504 27 506
3 177 13 177
3 217 4 221
9 273 19 273
1 183 1 193
3 127 13 127
14 480 24 480
3 166 3 176
0 520 1 524
2 448 12 448
15 148 25 148
1 562 11 562
5 392 5 402
12 393 22 393
1 321 1 331
24 326 27 327
2 404 6 405
16 56 26 56
3 267 13 267
2 58 12 58
0 466 1 470
26 489 27 493
15 339 25 339
13 178 23 178
0 163 10 163
17 395 21 396
0 420 0 430
8 15 18 15
8 474 18 474
0 527 10 527
14 546 24 546
16 338 26 338
14 264 16 266
18 527 27 527
11 547 21 547
9 17 13 18
2 147 12 147
8 596 18 596
7 166 11 167
12 537 19 537
19 473 23 474
11 162 18 162
24 296 25 299
14 14 23 14
21 398 25 399
12 302 22 302
1 212 11 212
4 166 4 176
19 325 27 325
5 192 13 192
3 67 7 68
21 459 25 460
0 559 0 569
16 544 26 544
5 219 13 219
0 162 10 162
2 369 12 369
12 181 15 182
5 363 9 364
6 559 16 559
26 427 26 437
23 475 27 476
7 205 8 209
3 355 13 355
16 232 26 232
3 263 7 264
0 473 10 473
18 98 22 99
24 262 27 263
26 412 27 416
12 476 22 476
19 550 27 550
8 110 18 110
3 183 13 183
22 218 26 219
22 560 23 564
24 561 26 563
12 511 21 511
13 318 23 318
21 92 25 93
15 372 25 372
15 373 25 373
13 307 17 308
15 311 25 311
15 312 16 316
17 312 21 313
17 314 27 314
17 315 27 315
17 316 27 316
27 303 27 313
