1146
0 0 0 31
0 32 0 63
0 64 0 95
0 96 0 127
0 128 0 159
0 160 0 191
0 192 0 223
0 224 1 239
0 240 31 240
1 0 1 31
1 32 1 63
1 64 1 95
1 96 1 127
1 128 1 159
1 160 1 191
1 192 1 223
2 0 2 31
2 32 2 63
2 64 2 95
2 96 2 127
2 128 2 159
2 160 2 191
2 192 2 223
2 224 3 239
3 0 3 31
3 32 3 63
3 64 3 95
3 96 3 127
3 128 3 159
3 160 3 191
3 192 3 223
4 0 4 31
4 32 4 63
4 64 4 95
4 96 4 127
4 128 4 159
4 160 4 191
4 192 4 223
4 224 5 239
5 0 5 31
5 32 5 63
5 64 5 95
5 96 5 127
5 128 5 159
5 160 5 191
5 192 5 223
6 0 6 31
6 32 6 63
6 64 6 95
6 96 6 127
6 128 6 159
6 160 6 191
6 192 6 223
6 224 7 239
7 0 7 31
7 32 7 63
7 64 7 95
7 96 7 127
7 128 7 159
7 160 7 191
7 192 7 223
8 0 8 31
8 32 8 63
8 64 8 95
8 96 8 127
8 128 8 159
8 160 8 191
8 192 8 223
8 224 9 239
9 0 9 31
9 32 9 63
9 64 9 95
9 96 9 127
9 128 9 159
9 160 9 191
9 192 9 223
10 0 10 31
10 32 10 63
10 64 10 95
10 96 10 127
10 128 10 159
10 160 10 191
10 192 10 223
10 224 11 239
11 0 11 31
11 32 11 63
11 64 11 95
11 96 11 127
11 128 11 159
11 160 11 191
11 192 11 223
12 0 12 31
12 32 12 63
12 64 12 95
12 96 12 127
12 128 12 159
12 160 12 191
12 192 12 223
12 224 13 239
13 0 13 31
13 32 13 63
13 64 13 95
13 96 13 127
13 128 13 159
13 160 13 191
13 192 13 223
14 0 14 31
14 32 14 63
14 64 14 95
14 96 14 127
14 128 14 159
14 160 14 191
14 192 14 223
14 224 15 239
15 0 15 31
15 32 15 63
15 64 15 95
15 96 15 127
15 128 15 159
15 160 15 191
15 192 15 223
16 0 16 31
16 32 16 63
16 64 16 95
16 96 16 127
16 128 16 159
16 160 16 191
16 192 16 223
16 224 17 239
17 0 17 31
17 32 17 63
17 64 17 95
17 96 17 127
17 128 17 159
17 160 17 191
17 192 17 223
18 0 18 31
18 32 18 63
18 64 18 95
18 96 18 127
18 128 18 159
18 160 18 191
18 192 18 223
18 224 19 239
19 0 19 31
19 32 19 63
19 64 19 95
19 96 19 127
19 128 19 159
19 160 19 191
19 192 19 223
20 0 20 31
20 32 20 63
20 64 20 95
20 96 20 127
20 128 20 159
20 160 20 191
20 192 20 223
20 224 21 239
21 0 21 31
21 32 21 63
21 64 21 95
21 96 21 127
21 128 21 159
21 160 21 191
21 192 21 223
22 0 22 31
22 32 22 63
22 64 22 95
22 96 22 127
22 128 22 159
22 160 22 191
22 192 22 223
22 224 23 239
23 0 23 31
23 32 23 63
23 64 23 95
23 96 23 127
23 128 23 159
23 160 23 191
23 192 23 223
24 0 24 31
24 32 24 63
24 64 24 95
24 96 24 127
24 128 24 159
24 160 24 191
24 192 24 223
24 224 25 239
25 0 25 31
25 32 25 63
25 64 25 95
25 96 25 127
25 128 25 159
25 160 25 191
25 192 25 223
26 0 26 31
26 32 26 63
26 64 26 95
26 96 26 127
26 128 26 159
26 160 26 191
26 192 26 223
26 224 27 239
27 0 27 31
27 32 27 63
27 64 27 95
27 96 27 127
27 128 27 159
27 160 27 191
27 192 27 223
28 0 28 31
28 32 28 63
28 64 28 95
28 96 28 127
28 128 28 159
28 160 28 191
28 192 28 223
28 224 29 239
29 0 29 31
29 32 29 63
29 64 29 95
29 96 29 127
29 128 29 159
29 160 29 191
29 192 29 223
30 0 30 31
30 32 30 63
30 64 30 95
30 96 30 127
30 128 30 159
30 160 30 191
30 192 30 223
30 224 31 239
31 0 31 31
31 32 31 63
31 64 31 95
31 96 31 127
31 128 31 159
31 160 31 191
31 192 31 223
32 0 32 31
32 32 32 63
32 64 32 95
32 96 32 127
32 128 32 159
32 160 32 191
32 192 32 223
32 224 33 239
32 240 63 240
33 0 33 31
33 32 33 63
33 64 33 95
33 96 33 127
33 128 33 159
33 160 33 191
33 192 33 223
34 0 34 31
34 32 34 63
34 64 34 95
34 96 34 127
34 128 34 159
34 160 34 191
34 192 34 223
34 224 35 239
35 0 35 31
35 32 35 63
35 64 35 95
35 96 35 127
35 128 35 159
35 160 35 191
35 192 35 223
36 0 36 31
36 32 36 63
36 64 36 95
36 96 36 127
36 128 36 159
36 160 36 191
36 192 36 223
36 224 37 239
37 0 37 31
37 32 37 63
37 64 37 95
37 96 37 127
37 128 37 159
37 160 37 191
37 192 37 223
38 0 38 31
38 32 38 63
38 64 38 95
38 96 38 127
38 128 38 159
38 160 38 191
38 192 38 223
38 224 39 239
39 0 39 31
39 32 39 63
39 64 39 95
39 96 39 127
39 128 39 159
39 160 39 191
39 192 39 223
40 0 40 31
40 32 40 63
40 64 40 95
40 96 40 127
40 128 40 159
40 160 40 191
40 192 40 223
40 224 41 239
41 0 41 31
41 32 41 63
41 64 41 95
41 96 41 127
41 128 41 159
41 160 41 191
41 192 41 223
42 0 42 31
42 32 42 63
42 64 42 95
42 96 42 127
42 128 42 159
42 160 42 191
42 192 42 223
42 224 43 239
43 0 43 31
43 32 43 63
43 64 43 95
43 96 43 127
43 128 43 159
43 160 43 191
43 192 43 223
44 0 44 31
44 32 44 63
44 64 44 95
44 96 44 127
44 128 44 159
44 160 44 191
44 192 44 223
44 224 45 239
45 0 45 31
45 32 45 63
45 64 45 95
45 96 45 127
45 128 45 159
45 160 45 191
45 192 45 223
46 0 46 31
46 32 46 63
46 64 46 95
46 96 46 127
46 128 46 159
46 160 46 191
46 192 46 223
46 224 47 239
47 0 47 31
47 32 47 63
47 64 47 95
47 96 47 127
47 128 47 159
47 160 47 191
47 192 47 223
48 0 48 31
48 32 48 63
48 64 48 95
48 96 48 127
48 128 48 159
48 160 48 191
48 192 48 223
48 224 49 239
49 0 49 31
49 32 49 63
49 64 49 95
49 96 49 127
49 128 49 159
49 160 49 191
49 192 49 223
50 0 50 31
50 32 50 63
50 64 50 95
50 96 50 127
50 128 50 159
50 160 50 191
50 192 50 223
50 224 51 239
51 0 51 31
51 32 51 63
51 64 51 95
51 96 51 127
51 128 51 159
51 160 51 191
51 192 51 223
52 0 52 31
52 32 52 63
52 64 52 95
52 96 52 127
52 128 52 159
52 160 52 191
52 192 52 223
52 224 53 239
53 0 53 31
53 32 53 63
53 64 53 95
53 96 53 127
53 128 53 159
53 160 53 191
53 192 53 223
54 0 54 31
54 32 54 63
54 64 54 95
54 96 54 127
54 128 54 159
54 160 54 191
54 192 54 223
54 224 55 239
55 0 55 31
55 32 55 63
55 64 55 95
55 96 55 127
55 128 55 159
55 160 55 191
55 192 55 223
56 0 56 31
56 32 56 63
56 64 56 95
56 96 56 127
56 128 56 159
56 160 56 191
56 192 56 223
56 224 57 239
57 0 57 31
57 32 57 63
57 64 57 95
57 96 57 127
57 128 57 159
57 160 57 191
57 192 57 223
58 0 58 31
58 32 58 63
58 64 58 95
58 96 58 127
58 128 58 159
58 160 58 191
58 192 58 223
58 224 59 239
59 0 59 31
59 32 59 63
59 64 59 95
59 96 59 127
59 128 59 159
59 160 59 191
59 192 59 223
60 0 60 31
60 32 60 63
60 64 60 95
60 96 60 127
60 128 60 159
60 160 60 191
60 192 60 223
60 224 61 239
61 0 61 31
61 32 61 63
61 64 61 95
61 96 62 111
61 112 61 143
61 144 61 175
61 176 61 207
61 208 62 223
62 0 62 31
62 32 62 63
62 64 62 95
62 112 62 143
62 144 62 175
62 176 62 207
62 224 63 239
63 0 63 31
63 32 63 63
63 64 63 95
63 96 63 127
63 128 63 159
63 160 63 191
63 192 63 223
64 0 64 31
64 32 64 63
64 64 64 95
64 96 64 127
64 128 64 159
64 160 64 191
64 192 64 223
64 224 65 239
64 240 95 240
65 0 65 31
65 32 65 63
65 64 65 95
65 96 65 127
65 128 65 159
65 160 65 191
65 192 65 223
66 0 66 31
66 32 66 63
66 64 66 95
66 96 66 127
66 128 66 159
66 160 66 191
66 192 66 223
66 224 67 239
67 0 67 31
67 32 67 63
67 64 67 95
67 96 67 127
67 128 67 159
67 160 67 191
67 192 67 223
68 0 68 31
68 32 68 63
68 64 68 95
68 96 68 127
68 128 68 159
68 160 68 191
68 192 68 223
68 224 69 239
69 0 69 31
69 32 69 63
69 64 69 95
69 96 69 127
69 128 69 159
69 160 69 191
69 192 69 223
70 0 70 31
70 32 70 63
70 64 70 95
70 96 70 127
70 128 70 159
70 160 70 191
70 192 70 223
70 224 71 239
71 0 71 31
71 32 71 63
71 64 71 95
71 96 71 127
71 128 71 159
71 160 71 191
71 192 71 223
72 0 72 31
72 32 73 47
72 48 72 79
72 80 72 111
72 112 72 143
72 144 72 175
72 176 72 207
72 208 72 239
73 0 73 31
73 48 73 79
73 80 73 111
73 112 73 143
73 144 73 175
73 176 73 207
73 208 73 239
74 0 74 31
74 32 74 63
74 64 74 95
74 96 74 127
74 128 74 159
74 160 74 191
74 192 74 223
74 224 75 239
75 0 75 31
75 32 75 63
75 64 75 95
75 96 75 127
75 128 75 159
75 160 75 191
75 192 75 223
76 0 76 31
76 32 76 63
76 64 76 95
76 96 76 127
76 128 76 159
76 160 76 191
76 192 76 223
76 224 77 239
77 0 77 31
77 32 77 63
77 64 77 95
77 96 77 127
77 128 77 159
77 160 77 191
77 192 77 223
78 0 78 31
78 32 78 63
78 64 78 95
78 96 78 127
78 128 78 159
78 160 78 191
78 192 78 223
78 224 79 239
79 0 79 31
79 32 79 63
79 64 79 95
79 96 79 127
79 128 79 159
79 160 79 191
79 192 79 223
80 0 80 31
80 32 80 63
80 64 80 95
80 96 80 127
80 128 80 159
80 160 80 191
80 192 80 223
80 224 81 239
81 0 81 31
81 32 81 63
81 64 81 95
81 96 81 127
81 128 81 159
81 160 81 191
81 192 81 223
82 0 82 31
82 32 82 63
82 64 82 95
82 96 82 127
82 128 82 159
82 160 82 191
82 192 82 223
82 224 83 239
83 0 83 31
83 32 83 63
83 64 83 95
83 96 83 127
83 128 83 159
83 160 83 191
83 192 83 223
84 0 84 31
84 32 84 63
84 64 84 95
84 96 84 127
84 128 84 159
84 160 84 191
84 192 84 223
84 224 85 239
85 0 85 31
85 32 85 63
85 64 85 95
85 96 85 127
85 128 85 159
85 160 85 191
85 192 85 223
86 0 86 31
86 32 86 63
86 64 86 95
86 96 86 127
86 128 86 159
86 160 86 191
86 192 86 223
86 224 87 239
87 0 87 31
87 32 87 63
87 64 87 95
87 96 87 127
87 128 87 159
87 160 87 191
87 192 87 223
88 0 88 31
88 32 88 63
88 64 88 95
88 96 88 127
88 128 88 159
88 160 88 191
88 192 88 223
88 224 89 239
89 0 89 31
89 32 89 63
89 64 89 95
89 96 89 127
89 128 89 159
89 160 89 191
89 192 89 223
90 0 90 31
90 32 90 63
90 64 90 95
90 96 90 127
90 128 90 159
90 160 90 191
90 192 90 223
90 224 91 239
91 0 91 31
91 32 91 63
91 64 91 95
91 96 91 127
91 128 91 159
91 160 91 191
91 192 91 223
92 0 92 31
92 32 92 63
92 64 92 95
92 96 92 127
92 128 92 159
92 160 92 191
92 192 92 223
92 224 93 239
93 0 93 31
93 32 93 63
93 64 93 95
93 96 93 127
93 128 93 159
93 160 93 191
93 192 93 223
94 0 94 31
94 32 94 63
94 64 94 95
94 96 94 127
94 128 94 159
94 160 94 191
94 192 94 223
94 224 95 239
95 0 95 31
95 32 95 63
95 64 95 95
95 96 95 127
95 128 95 159
95 160 95 191
95 192 95 223
96 0 96 31
96 32 96 63
96 64 96 95
96 96 96 127
96 128 96 159
96 160 96 191
96 192 96 223
96 224 97 239
96 240 127 240
97 0 97 31
97 32 97 63
97 64 97 95
97 96 97 127
97 128 97 159
97 160 97 191
97 192 97 223
98 0 98 31
98 32 98 63
98 64 98 95
98 96 98 127
98 128 98 159
98 160 98 191
98 192 98 223
98 224 99 239
99 0 99 31
99 32 99 63
99 64 99 95
99 96 99 127
99 128 99 159
99 160 99 191
99 192 99 223
100 0 100 31
100 32 100 63
100 64 100 95
100 96 100 127
100 128 100 159
100 160 100 191
100 192 100 223
100 224 101 239
101 0 101 31
101 32 101 63
101 64 101 95
101 96 101 127
101 128 101 159
101 160 101 191
101 192 101 223
102 0 102 31
102 32 102 63
102 64 102 95
102 96 102 127
102 128 102 159
102 160 102 191
102 192 102 223
102 224 103 239
103 0 103 31
103 32 103 63
103 64 103 95
103 96 103 127
103 128 103 159
103 160 103 191
103 192 103 223
104 0 104 31
104 32 104 63
104 64 104 95
104 96 104 127
104 128 104 159
104 160 104 191
104 192 104 223
104 224 105 239
105 0 105 31
105 32 105 63
105 64 105 95
105 96 105 127
105 128 105 159
105 160 105 191
105 192 105 223
106 0 106 31
106 32 106 63
106 64 106 95
106 96 106 127
106 128 106 159
106 160 106 191
106 192 106 223
106 224 107 239
107 0 107 31
107 32 107 63
107 64 107 95
107 96 107 127
107 128 107 159
107 160 107 191
107 192 107 223
108 0 108 31
108 32 108 63
108 64 108 95
108 96 108 127
108 128 108 159
108 160 108 191
108 192 108 223
108 224 109 239
109 0 109 31
109 32 109 63
109 64 109 95
109 96 109 127
109 128 109 159
109 160 109 191
109 192 109 223
110 0 110 31
110 32 110 63
110 64 110 95
110 96 110 127
110 128 110 159
110 160 110 191
110 192 110 223
110 224 111 239
111 0 111 31
111 32 111 63
111 64 111 95
111 96 111 127
111 128 111 159
111 160 111 191
111 192 111 223
112 0 112 31
112 32 112 63
112 64 112 95
112 96 112 127
112 128 112 159
112 160 112 191
112 192 112 223
112 224 113 239
113 0 113 31
113 32 113 63
113 64 113 95
113 96 113 127
113 128 113 159
113 160 113 191
113 192 113 223
114 0 114 31
114 32 114 63
114 64 114 95
114 96 114 127
114 128 114 159
114 160 114 191
114 192 114 223
114 224 115 239
115 0 115 31
115 32 115 63
115 64 115 95
115 96 115 127
115 128 115 159
115 160 115 191
115 192 115 223
116 0 116 31
116 32 116 63
116 64 116 95
116 96 116 127
116 128 116 159
116 160 116 191
116 192 116 223
116 224 117 239
117 0 117 31
117 32 117 63
117 64 117 95
117 96 117 127
117 128 117 159
117 160 117 191
117 192 117 223
118 0 118 31
118 32 118 63
118 64 118 95
118 96 118 127
118 128 118 159
118 160 118 191
118 192 118 223
118 224 119 239
119 0 119 31
119 32 119 63
119 64 119 95
119 96 119 127
119 128 119 159
119 160 119 191
119 192 119 223
120 0 120 31
120 32 120 63
120 64 120 95
120 96 120 127
120 128 120 159
120 160 120 191
120 192 120 223
120 224 121 239
121 0 121 31
121 32 121 63
121 64 121 95
121 96 121 127
121 128 121 159
121 160 121 191
121 192 121 223
122 0 122 31
122 32 122 63
122 64 122 95
122 96 122 127
122 128 122 159
122 160 122 191
122 192 122 223
122 224 123 239
123 0 123 31
123 32 123 63
123 64 123 95
123 96 123 127
123 128 123 159
123 160 123 191
123 192 123 223
124 0 124 31
124 32 124 63
124 64 124 95
124 96 124 127
124 128 124 159
124 160 125 175
124 176 124 207
124 208 124 239
125 0 125 31
125 32 125 63
125 64 125 95
125 96 125 127
125 128 125 159
125 176 125 207
125 208 125 239
126 0 126 31
126 32 126 63
126 64 126 95
126 96 126 127
126 128 126 159
126 160 126 191
126 192 126 223
126 224 127 239
127 0 127 31
127 32 127 63
127 64 127 95
127 96 127 127
127 128 127 159
127 160 127 191
127 192 127 223
128 0 128 31
128 32 128 63
128 64 128 95
128 96 128 127
128 128 128 159
128 160 128 191
128 192 128 223
128 224 129 238
128 239 142 240
129 0 129 31
129 32 129 63
129 64 129 95
129 96 129 127
129 128 129 159
129 160 129 191
129 192 129 223
130 0 130 31
130 32 130 63
130 64 130 95
130 96 130 127
130 128 130 159
130 160 130 191
130 192 130 223
130 224 133 231
130 232 137 235
130 236 145 237
130 238 151 238
131 0 131 31
131 32 131 63
131 64 131 95
131 96 131 127
131 128 131 159
131 160 131 191
131 192 131 223
132 0 132 31
132 32 132 63
132 64 132 95
132 96 132 127
132 128 132 159
132 160 132 191
132 192 132 223
133 0 133 31
133 32 133 63
133 64 133 95
133 96 133 127
133 128 133 159
133 160 133 191
133 192 133 223
134 0 134 31
134 32 134 63
134 64 134 95
134 96 134 127
134 128 134 159
134 160 134 191
134 192 134 223
134 224 137 231
135 0 135 31
135 32 135 63
135 64 135 95
135 96 135 127
135 128 135 159
135 160 135 191
135 192 135 223
136 0 136 31
136 32 136 63
136 64 136 95
136 96 136 127
136 128 136 159
136 160 136 191
136 192 136 223
137 0 137 31
137 32 137 63
137 64 137 95
137 96 137 127
137 128 137 159
137 160 137 191
137 192 137 223
138 0 138 31
138 32 138 63
138 64 138 95
138 96 138 127
138 128 138 159
138 160 138 191
138 192 138 223
138 224 141 231
138 232 145 235
139 0 139 31
139 32 139 63
139 64 139 95
139 96 139 127
139 128 139 159
139 160 139 191
139 192 139 223
140 0 140 31
140 32 140 63
140 64 140 95
140 96 140 127
140 128 140 159
140 160 140 191
140 192 140 223
141 0 141 31
141 32 141 63
141 64 141 95
141 96 141 127
141 128 141 159
141 160 141 191
141 192 141 223
142 0 142 31
142 32 142 63
142 64 142 95
142 96 142 127
142 128 142 159
142 160 142 191
142 192 142 223
142 224 145 231
143 0 143 31
143 32 143 63
143 64 143 95
143 96 143 127
143 128 143 159
143 160 143 191
143 192 143 223
144 0 144 31
144 32 144 63
144 64 144 95
144 96 144 127
144 128 144 159
144 160 144 191
144 192 144 223
143 239 151 240
145 0 145 31
145 32 145 63
145 64 145 95
145 96 145 127
145 128 145 159
145 160 145 191
145 192 145 223
146 0 146 31
146 32 146 63
146 64 146 95
146 96 146 127
146 128 146 159
146 160 146 191
146 192 146 223
146 224 149 231
146 232 149 237
147 0 147 31
147 32 147 63
147 64 147 95
147 96 147 127
147 128 147 159
147 160 147 191
147 192 147 223
148 0 148 31
148 32 148 63
148 64 148 95
148 96 148 127
148 128 148 159
148 160 148 191
148 192 148 223
149 0 149 31
149 32 149 63
149 64 149 95
149 96 149 127
149 128 149 159
149 160 149 191
149 192 149 223
150 0 150 31
150 32 150 63
150 64 150 95
150 96 150 127
150 128 150 159
150 160 150 191
150 192 150 221
150 222 151 237
151 0 151 31
151 32 151 63
151 64 151 95
151 96 151 127
151 128 151 159
151 160 151 191
151 192 151 221
