1563
0 0 0 13
0 14 0 27
0 28 0 41
0 42 0 55
0 56 0 69
0 70 0 83
0 84 0 97
0 98 0 111
0 112 0 125
0 126 0 139
0 140 0 153
0 154 0 167
0 168 0 181
0 182 0 195
0 196 0 209
0 210 0 223
0 224 0 237
0 238 0 251
0 252 0 265
0 266 0 279
0 280 0 293
0 294 0 307
0 308 0 321
0 322 0 335
0 336 0 349
0 350 0 363
0 364 1 370
0 371 0 384
0 385 0 398
0 399 0 412
0 413 0 426
0 427 0 440
0 441 0 454
0 455 0 468
0 469 0 482
0 483 0 496
0 497 0 510
0 511 0 524
0 525 0 538
0 539 0 552
0 553 0 566
0 567 0 580
0 581 0 594
0 595 0 608
0 609 0 622
0 623 0 636
0 637 0 650
0 651 0 664
0 665 0 678
0 679 0 692
0 693 0 706
0 707 0 720
0 721 0 734
0 735 0 748
0 749 0 762
0 763 0 776
0 777 0 790
0 791 0 804
0 805 0 818
0 819 0 832
0 833 0 846
0 847 0 860
0 861 0 874
0 875 0 888
0 889 0 902
0 903 0 916
0 917 0 930
0 931 6 932
0 933 6 934
0 935 6 936
1 0 1 13
1 14 1 27
1 28 1 41
1 42 1 55
1 56 1 69
1 70 1 83
1 84 1 97
1 98 1 111
1 112 1 125
1 126 1 139
1 140 1 153
1 154 1 167
1 168 1 181
1 182 1 195
1 196 1 209
1 210 2 216
1 217 1 230
1 231 1 244
1 245 1 258
1 259 1 272
1 273 1 286
1 287 1 300
1 301 1 314
1 315 1 328
1 329 1 342
1 343 1 356
1 357 2 363
1 371 1 384
1 385 2 391
1 392 1 405
1 406 1 419
1 420 1 433
1 434 1 447
1 448 1 461
1 462 1 475
1 476 1 489
1 490 1 503
1 504 1 517
1 518 1 531
1 532 1 545
1 546 1 559
1 560 1 573
1 574 1 587
1 588 1 601
1 602 1 615
1 616 1 629
1 630 1 643
1 644 1 657
1 658 1 671
1 672 1 685
1 686 1 699
1 700 1 713
1 714 1 727
1 728 1 741
1 742 1 755
1 756 1 769
1 770 7 771
1 772 1 785
1 786 1 799
1 800 1 813
1 814 1 827
1 828 1 841
1 842 1 855
1 856 1 869
1 870 1 883
1 884 1 897
1 898 1 911
1 912 1 925
1 926 7 927
1 928 7 929
1 930 14 930
2 0 2 13
2 14 2 27
2 28 2 41
2 42 2 55
2 56 2 69
2 70 2 83
2 84 2 97
2 98 2 111
2 112 2 125
2 126 2 139
2 140 2 153
2 154 2 167
2 168 2 181
2 182 2 195
2 196 2 209
2 217 2 230
2 231 2 244
2 245 2 258
2 259 2 272
2 273 2 286
2 287 2 300
2 301 2 314
2 315 2 328
2 329 2 342
2 343 2 356
2 364 2 377
2 378 3 384
2 392 2 405
2 406 2 419
2 420 2 433
2 434 2 447
2 448 2 461
2 462 2 475
2 476 8 477
2 478 2 491
2 492 2 505
2 506 2 519
2 520 2 533
2 534 2 547
2 548 2 561
2 562 2 575
2 576 2 589
2 590 2 603
2 604 2 617
2 618 2 631
2 632 2 645
2 646 2 659
2 660 2 673
2 674 2 687
2 688 2 701
2 702 3 708
2 709 2 722
2 723 3 729
2 730 2 743
2 744 2 757
2 758 3 764
2 765 8 766
2 767 8 768
2 769 15 769
2 772 2 785
2 786 2 799
2 800 2 813
2 814 2 827
2 828 2 841
2 842 2 855
2 856 2 869
2 870 2 883
2 884 2 897
2 898 2 911
2 912 2 925
3 0 4 6
3 7 3 20
3 21 3 34
3 35 3 48
3 49 3 62
3 63 3 76
3 77 3 90
3 91 3 104
3 105 3 118
3 119 3 132
3 133 3 146
3 147 3 160
3 161 3 174
3 175 3 188
3 189 3 202
3 203 3 216
3 217 3 230
3 231 3 244
3 245 3 258
3 259 3 272
3 273 3 286
3 287 3 300
3 301 3 314
3 315 3 328
3 329 3 342
3 343 3 356
3 357 3 370
3 371 4 377
3 385 3 398
3 399 3 412
3 413 3 426
3 427 3 440
3 441 3 454
3 455 9 456
3 457 9 458
3 459 4 465
3 466 4 472
3 473 9 474
3 475 16 475
3 478 3 491
3 492 3 505
3 506 3 519
3 520 3 533
3 534 3 547
3 548 3 561
3 562 3 575
3 576 3 589
3 590 3 603
3 604 3 617
3 618 3 631
3 632 3 645
3 646 3 659
3 660 3 673
3 674 3 687
3 688 3 701
3 709 3 722
3 730 3 743
3 744 3 757
3 772 3 785
3 786 3 799
3 800 3 813
3 814 3 827
3 828 3 841
3 842 3 855
3 856 3 869
3 870 3 883
3 884 3 897
3 898 3 911
3 912 3 925
4 7 4 20
4 21 4 34
4 35 4 48
4 49 4 62
4 63 4 76
4 77 4 90
4 91 4 104
4 105 4 118
4 119 4 132
4 133 4 146
4 147 4 160
4 161 4 174
4 175 4 188
4 189 4 202
4 203 4 216
4 217 4 230
4 231 4 244
4 245 4 258
4 259 4 272
4 273 4 286
4 287 4 300
4 301 4 314
4 315 4 328
4 329 4 342
4 343 4 356
4 357 4 370
4 378 4 391
4 392 4 405
4 406 4 419
4 420 4 433
4 434 4 447
4 448 5 454
4 478 4 491
4 492 4 505
4 506 10 507
4 508 10 509
4 510 4 523
4 524 4 537
4 538 4 551
4 552 4 565
4 566 4 579
4 580 4 593
4 594 4 607
4 608 4 621
4 622 4 635
4 636 4 649
4 650 4 663
4 664 4 677
4 678 4 691
4 692 4 705
4 706 4 719
4 720 4 733
4 734 4 747
4 748 4 761
4 762 10 763
4 764 17 764
4 772 4 785
4 786 4 799
4 800 4 813
4 814 4 827
4 828 4 841
4 842 4 855
4 856 4 869
4 870 4 883
4 884 4 897
4 898 4 911
4 912 4 925
5 0 5 13
5 14 5 27
5 28 5 41
5 42 5 55
5 56 5 69
5 70 6 76
5 77 6 83
5 84 5 97
5 98 5 111
5 112 5 125
5 126 5 139
5 140 5 153
5 154 5 167
5 168 5 181
5 182 5 195
5 196 5 209
5 210 5 223
5 224 5 237
5 238 6 244
5 245 5 258
5 259 5 272
5 273 5 286
5 287 5 300
5 301 5 314
5 315 11 316
5 317 11 318
5 319 5 332
5 333 5 346
5 347 5 360
5 361 5 374
5 375 5 388
5 389 5 402
5 403 5 416
5 417 5 430
5 431 5 444
5 445 11 446
5 447 18 447
5 459 5 472
5 478 5 491
5 492 5 505
5 510 5 523
5 524 5 537
5 538 5 551
5 552 5 565
5 566 5 579
5 580 5 593
5 594 5 607
5 608 5 621
5 622 5 635
5 636 5 649
5 650 5 663
5 664 5 677
5 678 5 691
5 692 5 705
5 706 5 719
5 720 5 733
5 734 5 747
5 748 5 761
5 772 6 778
5 779 5 792
5 793 5 806
5 807 5 820
5 821 5 834
5 835 5 848
5 849 5 862
5 863 5 876
5 877 5 890
5 891 5 904
5 905 5 918
5 919 6 925
6 0 6 13
6 14 6 27
6 28 6 41
6 42 6 55
6 56 6 69
6 84 6 97
6 98 6 111
6 112 6 125
6 126 6 139
6 140 6 153
6 154 6 167
6 168 6 181
6 182 6 195
6 196 6 209
6 210 6 223
6 224 6 237
6 245 6 258
6 259 6 272
6 273 6 286
6 287 7 293
6 294 6 307
6 308 7 314
6 319 6 332
6 333 6 344
6 345 6 358
6 359 6 372
6 373 6 386
6 387 6 400
6 401 6 414
6 415 6 428
6 429 6 442
6 443 12 444
6 448 7 454
6 459 6 472
6 478 6 491
6 492 6 505
6 510 6 523
6 524 6 537
6 538 6 551
6 552 6 565
6 566 6 579
6 580 6 593
6 594 6 607
6 608 7 614
6 615 6 628
6 629 6 642
6 643 6 656
6 657 6 670
6 671 6 684
6 685 6 698
6 699 6 712
6 713 6 726
6 727 6 740
6 741 6 754
6 755 7 761
6 779 6 792
6 793 6 806
6 807 6 820
6 821 6 834
6 835 6 848
6 849 6 862
6 863 6 876
6 877 6 890
6 891 7 897
6 898 6 911
6 912 7 918
7 0 7 13
7 14 7 27
7 28 7 41
7 42 7 55
7 56 7 69
7 70 7 83
7 84 7 97
7 98 7 111
7 112 7 125
7 126 7 139
7 140 7 153
7 154 7 167
7 168 7 181
7 182 7 195
7 196 7 209
7 210 7 223
7 224 7 237
7 238 7 251
7 252 7 265
7 266 7 279
7 280 8 286
7 294 7 307
7 319 7 332
7 333 7 346
7 347 7 360
7 361 7 374
7 375 7 388
7 389 8 395
7 396 13 397
7 398 13 399
7 400 13 401
7 402 20 402
7 403 8 409
7 410 7 423
7 424 7 437
7 438 20 438
7 439 20 439
7 440 13 441
7 442 20 442
7 459 7 472
7 478 7 491
7 492 7 505
7 510 7 523
7 524 7 537
7 538 7 551
7 552 7 565
7 566 7 579
7 580 7 593
7 594 7 607
7 615 7 628
7 629 7 642
7 643 7 656
7 657 13 658
7 659 8 665
7 666 13 667
7 668 13 669
7 670 7 683
7 684 7 697
7 698 7 711
7 712 7 725
7 726 7 739
7 740 7 753
7 754 20 754
7 772 7 785
7 786 7 799
7 800 7 813
7 814 7 827
7 828 7 841
7 842 8 848
7 849 7 862
7 863 7 876
7 877 7 890
7 898 7 911
7 919 8 925
7 931 19 931
7 932 19 932
7 933 19 933
7 934 13 935
7 936 19 936
8 0 8 13
8 14 8 27
8 28 8 41
8 42 8 55
8 56 8 69
8 70 21 70
8 71 21 71
8 72 14 73
8 74 14 75
8 76 8 89
8 90 8 103
8 104 8 117
8 118 8 131
8 132 8 145
8 146 8 159
8 160 8 173
8 174 8 187
8 188 8 201
8 202 8 215
8 216 8 229
8 230 9 236
8 237 9 243
8 244 8 257
8 258 8 271
8 272 9 278
8 279 21 279
8 287 8 300
8 301 8 314
8 319 8 332
8 333 8 346
8 347 8 360
8 361 8 374
8 375 8 388
8 410 8 423
8 424 8 437
8 448 9 454
8 459 8 472
8 478 8 491
8 492 8 505
8 510 8 523
8 524 8 537
8 538 8 551
8 552 8 565
8 566 8 579
8 580 8 593
8 594 8 607
8 608 8 621
8 622 8 635
8 636 8 649
8 650 9 656
8 670 8 683
8 684 8 697
8 698 8 711
8 712 8 725
8 726 9 732
8 733 9 739
8 740 8 753
8 755 9 761
8 770 8 783
8 784 8 797
8 798 8 811
8 812 8 825
8 826 8 839
8 840 14 841
8 849 8 862
8 863 8 876
8 877 8 890
8 891 8 904
8 905 8 918
8 926 14 927
8 928 14 929
9 0 10 6
9 7 9 20
9 21 9 34
9 35 9 48
9 49 9 62
9 63 10 69
9 76 9 89
9 90 9 103
9 104 9 117
9 118 9 131
9 132 9 145
9 146 9 159
9 160 9 173
9 174 9 187
9 188 9 201
9 202 9 215
9 216 9 229
9 244 9 257
9 258 9 271
9 280 9 293
9 294 9 307
9 308 10 314
9 319 9 332
9 333 9 346
9 347 9 360
9 361 9 374
9 375 10 381
9 382 9 395
9 403 9 416
9 417 9 430
9 431 10 437
9 459 9 472
9 476 10 482
9 483 9 496
9 497 10 503
9 504 15 505
9 510 9 523
9 524 10 530
9 531 9 544
9 545 9 558
9 559 9 572
9 573 9 586
9 587 9 600
9 601 9 614
9 615 9 628
9 629 9 642
9 643 10 649
9 659 10 665
9 670 9 683
9 684 9 697
9 698 9 711
9 712 9 725
9 740 10 746
9 747 10 753
9 765 15 766
9 767 15 768
9 770 9 783
9 784 9 797
9 798 9 811
9 812 9 825
9 826 9 839
9 842 9 855
9 856 9 869
9 870 10 876
9 877 9 890
9 891 9 904
9 905 9 918
9 919 10 925
10 7 10 20
10 21 10 34
10 35 11 41
10 42 11 48
10 49 10 62
10 76 10 89
10 90 11 96
10 97 10 110
10 111 10 124
10 125 10 138
10 139 10 152
10 153 10 166
10 167 10 180
10 181 16 182
10 183 16 184
10 185 10 198
10 199 11 205
10 206 10 219
10 220 10 233
10 234 10 247
10 248 10 261
10 262 10 275
10 276 16 277
10 278 21 278
10 280 10 293
10 294 10 307
10 319 10 332
10 333 10 346
10 347 10 360
10 361 10 374
10 382 10 395
10 403 10 416
10 417 10 430
10 448 11 454
10 455 10 468
10 469 16 470
10 471 16 472
10 473 16 474
10 483 10 496
10 510 10 523
10 531 10 544
10 545 10 558
10 559 10 572
10 573 10 586
10 587 10 600
10 601 10 614
10 615 10 628
10 629 10 642
10 650 11 656
10 670 16 671
10 672 11 678
10 679 10 692
10 693 11 698
10 701 16 701
10 702 10 715
10 716 10 729
10 730 11 736
10 737 16 738
10 739 22 739
10 755 11 761
10 770 10 783
10 784 10 797
10 798 10 811
10 812 10 825
10 826 10 839
10 842 10 855
10 856 10 869
10 877 10 890
10 891 10 904
10 905 10 918
11 0 11 13
11 14 11 27
11 28 12 34
11 49 11 62
11 63 12 69
11 76 11 89
11 97 11 110
11 111 11 124
11 125 11 138
11 139 11 152
11 153 11 166
11 167 11 180
11 185 11 198
11 206 11 219
11 220 11 233
11 234 11 247
11 248 11 261
11 262 12 268
11 269 12 275
11 280 11 293
11 294 11 307
11 308 12 314
11 319 11 332
11 333 11 346
11 347 11 360
11 361 11 374
11 375 11 388
11 389 12 395
11 403 11 416
11 417 11 430
11 431 12 437
11 455 12 461
11 462 12 468
11 476 11 489
11 490 11 503
11 506 11 519
11 520 11 533
11 534 11 547
11 548 12 554
11 555 12 561
11 562 11 575
11 576 11 589
11 590 11 603
11 604 12 610
11 611 11 624
11 625 11 638
11 639 12 645
11 646 17 647
11 648 17 649
11 659 12 665
11 679 11 692
11 702 11 715
11 716 11 729
11 740 11 753
11 762 17 763
11 770 11 783
11 784 11 797
11 798 11 811
11 812 11 825
11 826 11 839
11 842 11 855
11 856 11 869
11 870 11 883
11 884 11 897
11 898 11 911
11 912 11 925
12 0 12 13
12 14 12 27
12 35 12 48
12 49 12 62
12 76 12 89
12 90 12 103
12 104 12 117
12 118 12 131
12 132 12 145
12 146 12 159
12 160 12 173
12 174 13 180
12 185 12 198
12 199 12 212
12 213 12 226
12 227 12 240
12 241 12 254
12 255 13 261
12 280 12 293
12 294 13 300
12 301 13 307
12 315 12 328
12 329 12 342
12 343 12 356
12 357 12 370
12 371 12 384
12 385 18 386
12 387 18 388
12 403 12 416
12 417 12 430
12 445 18 446
12 448 13 454
12 476 12 489
12 490 12 503
12 506 12 519
12 520 18 521
12 522 18 523
12 524 12 537
12 538 13 544
12 545 18 546
12 547 18 547
12 562 12 575
12 576 12 589
12 590 12 603
12 611 12 624
12 625 12 638
12 650 13 656
12 672 12 685
12 686 12 698
12 702 12 715
12 716 12 729
12 730 13 736
12 740 12 753
12 755 18 756
12 757 18 758
12 759 18 760
12 761 22 761
12 770 12 783
12 784 12 797
12 798 12 811
12 812 12 825
12 826 12 839
12 842 12 855
12 856 12 869
12 870 12 883
12 884 12 897
12 898 12 911
12 912 12 925
13 0 13 13
13 14 13 27
13 28 13 41
13 42 13 55
13 56 13 69
13 76 13 89
13 90 13 103
13 104 13 117
13 118 13 131
13 132 13 145
13 146 13 159
13 160 13 173
13 185 13 198
13 199 13 212
13 213 14 219
13 220 13 233
13 234 14 240
13 241 13 254
13 262 13 275
13 280 13 293
13 308 13 321
13 322 13 335
13 336 13 349
13 350 13 363
13 364 13 377
13 378 14 384
13 389 14 395
13 403 13 416
13 417 13 430
13 431 14 437
13 443 19 444
13 455 13 468
13 476 13 489
13 490 13 503
13 506 13 519
13 524 13 537
13 548 13 561
13 562 13 575
13 576 13 589
13 590 13 603
13 604 13 617
13 618 13 631
13 632 13 645
13 659 14 665
13 672 13 684
13 687 14 692
13 693 19 694
13 695 19 696
13 697 19 698
10 699 16 700
13 702 13 715
13 716 13 729
13 740 13 753
13 770 13 783
13 784 13 797
13 798 13 811
13 812 13 825
13 826 13 839
13 842 13 855
13 856 13 869
13 870 13 883
13 884 13 897
13 898 13 911
13 912 13 925
14 0 14 13
14 14 14 27
14 28 14 41
14 42 14 55
14 56 14 69
14 76 14 89
14 90 14 103
14 104 14 117
14 118 14 131
14 132 14 145
14 146 14 159
14 160 14 173
14 174 15 180
14 185 14 198
14 199 14 212
14 220 14 233
14 241 14 254
14 255 14 268
14 269 15 275
14 280 14 293
14 294 14 307
14 308 14 321
14 322 14 335
14 336 14 349
14 350 14 363
14 364 14 377
14 396 20 397
14 398 20 399
14 400 20 401
14 403 14 416
14 417 14 430
14 440 20 441
14 448 14 461
14 462 15 468
14 476 14 489
14 490 14 503
14 506 14 519
14 524 14 537
14 538 19 539
14 540 17 542
14 543 17 544
14 548 14 561
14 562 14 575
14 576 14 589
14 590 14 603
14 604 14 617
14 618 14 631
14 632 14 645
14 650 15 656
14 657 20 658
14 666 20 667
14 668 20 669
14 672 15 678
14 679 19 680
14 681 19 682
14 683 19 684
13 685 19 686
14 702 14 715
14 716 14 729
14 730 15 736
14 740 14 753
14 770 14 783
14 784 14 797
14 798 14 811
14 812 14 825
14 826 14 839
14 842 14 855
14 856 14 869
14 870 14 883
14 884 15 890
14 891 14 904
14 905 14 918
14 919 14 925
14 934 19 935
15 0 15 13
15 14 15 27
15 28 21 29
15 30 15 43
15 44 15 57
15 58 21 59
15 60 21 61
15 62 16 67
15 68 20 69
15 72 15 85
15 86 15 99
15 100 15 113
15 114 15 127
15 128 15 141
15 142 15 155
15 156 15 166
18 169 20 171
15 172 20 173
15 185 15 198
15 199 15 212
15 213 15 226
15 227 15 240
15 241 15 254
15 255 15 268
15 280 15 293
15 294 15 307
15 308 15 321
15 322 15 335
15 336 15 349
15 350 15 363
15 364 15 377
15 378 16 384
15 389 16 395
15 403 15 416
15 417 15 430
15 431 16 437
15 448 15 461
15 476 15 489
15 490 15 503
15 506 15 519
15 524 15 537
15 548 15 561
15 562 15 575
15 576 15 589
15 590 15 603
15 604 15 617
15 618 15 631
15 632 15 645
15 659 16 665
15 687 21 688
15 689 21 690
15 691 21 692
15 702 15 715
15 716 15 729
15 740 15 753
15 770 15 783
15 784 15 797
15 798 15 811
15 812 15 825
15 826 15 839
15 840 15 853
15 854 15 867
15 868 15 881
15 882 21 883
15 891 15 904
15 905 15 918
16 926 21 927
16 928 19 930
15 919 15 930
16 0 16 13
16 14 16 27
16 30 16 43
16 44 16 57
16 72 16 85
16 86 16 99
16 100 16 113
16 114 16 127
16 128 16 140
16 143 17 148
16 149 16 159
18 163 21 164
18 165 21 166
16 160 17 166
15 169 17 171
16 174 17 180
16 185 16 198
16 199 17 205
16 206 16 219
16 220 16 233
16 234 16 247
16 248 16 261
16 262 16 275
16 280 16 293
16 294 16 307
16 308 16 321
16 322 16 335
16 336 16 349
16 350 16 363
16 364 16 377
16 403 16 416
16 417 16 430
16 448 16 461
16 462 17 468
16 476 16 489
16 490 16 503
16 504 16 517
16 518 22 519
16 524 16 537
16 548 16 561
16 562 16 575
16 576 16 589
16 590 16 603
16 604 16 617
16 618 16 631
16 632 16 645
16 650 17 656
16 672 17 678
16 702 16 715
16 716 16 729
16 730 17 736
16 740 16 753
16 765 16 778
16 779 16 792
16 793 16 806
16 807 16 820
16 821 16 834
16 835 16 848
16 849 16 862
16 863 16 876
16 877 22 878
16 879 22 879
16 880 22 881
16 884 16 897
16 898 16 911
16 912 16 925
17 0 17 13
17 14 17 27
17 30 17 43
17 44 17 57
17 62 18 67
17 72 17 85
17 86 17 99
17 100 17 113
17 114 17 127
17 128 17 140
17 149 18 155
17 156 18 159
17 181 17 194
17 195 19 198
17 206 17 219
17 220 17 233
17 234 17 247
17 248 17 261
17 262 17 275
17 276 22 277
17 280 17 293
17 294 17 307
17 308 17 321
17 322 17 335
17 336 17 349
17 350 17 363
17 364 17 377
17 378 18 384
17 389 18 395
17 403 17 416
17 417 17 430
17 431 18 437
17 448 17 461
17 469 17 482
17 483 17 495
17 496 17 509
17 510 18 515
17 516 22 517
17 524 17 537
17 548 17 561
17 562 17 575
17 576 17 589
17 590 17 603
17 604 17 617
17 618 17 631
17 632 18 638
17 639 18 645
17 659 18 665
17 670 21 671
17 699 17 712
17 713 17 725
17 726 19 729
17 737 22 738
17 740 17 753
17 765 17 778
17 779 17 792
17 793 17 806
17 807 17 820
17 821 17 834
17 835 17 848
17 849 17 862
17 863 18 869
17 870 18 876
17 884 17 897
17 898 17 911
17 912 17 925
18 0 18 13
18 14 18 27
18 30 18 43
18 44 18 57
18 72 18 85
18 86 18 99
18 100 18 113
18 114 18 127
18 128 18 140
18 143 19 148
18 160 21 162
15 167 21 168
18 174 18 184
18 188 19 194
18 199 18 212
18 213 18 226
18 227 18 240
18 241 18 254
18 255 18 268
18 269 19 275
18 280 18 293
18 294 18 307
18 308 18 321
18 322 18 335
18 336 19 342
18 343 19 349
18 350 18 363
18 364 18 377
18 403 18 416
18 417 18 430
18 448 18 461
18 462 18 475
18 476 18 489
18 490 18 502
18 503 19 509
18 524 18 537
18 540 22 541
18 542 21 544
18 548 18 561
18 562 18 575
18 576 18 589
18 590 18 603
18 604 18 617
18 618 18 631
18 646 19 652
18 653 20 656
18 672 19 678
18 699 18 712
18 713 19 719
18 720 19 725
18 730 19 736
18 740 18 753
18 762 18 775
18 776 18 789
18 790 18 803
18 804 18 817
18 818 18 831
18 832 18 845
18 846 18 856
18 859 20 862
18 884 18 897
18 898 18 911
18 912 18 925
19 0 19 13
19 14 19 27
19 30 19 43
19 44 19 57
19 62 20 67
19 72 19 85
19 86 19 99
19 100 19 113
19 114 19 126
19 127 20 133
19 134 20 140
16 141 21 142
19 149 19 159
19 174 20 180
19 181 21 184
18 185 21 187
19 199 19 212
19 213 19 226
19 227 19 240
19 241 19 254
19 255 19 268
19 280 19 293
19 294 19 307
19 308 19 321
19 322 19 335
19 350 19 363
19 364 19 377
19 378 19 391
19 392 21 395
19 403 19 416
19 417 19 430
19 431 20 437
19 445 19 458
19 459 19 472
19 473 19 486
19 487 19 499
19 500 21 502
19 510 20 515
19 520 19 533
19 534 21 537
19 545 21 547
19 548 19 561
19 562 19 575
19 576 19 589
19 590 19 603
19 604 19 617
19 618 19 631
19 632 19 645
19 659 20 665
19 699 19 712
19 740 19 753
19 755 20 760
19 762 19 775
19 776 19 789
19 790 19 803
19 804 19 817
19 818 19 831
19 832 19 845
19 846 19 856
19 863 19 876
19 884 19 897
19 898 19 911
19 912 19 925
20 0 20 13
20 14 20 27
20 30 20 43
20 44 20 57
20 72 20 85
20 86 20 99
20 100 20 113
20 114 21 120
20 121 21 126
20 143 20 155
20 156 21 159
20 188 20 201
20 202 20 215
20 216 20 229
20 230 20 243
20 244 20 257
20 258 20 271
20 272 22 275
20 280 20 293
20 294 20 307
20 308 20 321
20 322 20 335
20 336 20 349
20 350 20 363
20 364 20 377
20 378 20 391
20 403 20 416
20 417 20 430
20 443 20 456
20 457 20 470
20 471 20 484
20 485 20 495
20 496 21 499
20 503 21 509
20 523 20 533
20 548 20 561
20 562 20 575
20 576 20 589
20 590 20 603
20 604 20 617
20 618 20 631
20 632 20 645
20 646 21 652
20 672 21 676
20 684 21 686
20 693 20 706
20 707 20 720
20 721 20 732
20 733 22 736
20 740 20 753
20 762 20 775
20 776 20 789
20 790 20 803
20 804 20 817
20 818 20 831
20 832 20 845
20 846 21 851
20 852 22 855
18 857 22 858
20 863 20 876
20 884 20 897
20 898 20 911
20 912 20 925
20 930 21 936
21 0 22 6
21 7 21 20
21 21 22 27
21 30 21 43
21 44 21 57
21 63 22 69
21 72 21 85
21 86 21 99
21 100 21 113
21 127 21 140
21 143 22 149
21 150 22 155
21 169 22 175
21 176 22 180
21 188 21 201
21 202 21 215
21 216 21 229
21 230 21 243
21 244 21 257
21 258 21 271
21 280 21 293
21 294 21 307
21 308 21 321
21 322 21 335
21 336 21 349
21 350 21 363
21 364 21 377
21 378 21 391
21 396 21 409
21 410 21 423
21 424 21 437
21 438 21 451
21 452 21 465
21 466 21 479
21 480 21 488
21 489 21 495
21 510 22 515
21 523 21 533
20 538 22 539
21 548 21 561
21 562 21 575
21 576 21 589
21 590 21 603
21 604 21 617
21 618 21 631
21 632 21 645
21 653 21 662
21 663 21 669
20 677 22 680
20 681 22 683
21 693 22 699
21 700 21 713
21 714 21 725
21 726 22 732
21 740 21 753
21 754 22 760
21 762 21 775
21 776 21 789
21 790 21 803
21 804 21 817
21 818 21 831
21 832 21 845
21 859 22 865
21 870 22 876
21 884 21 897
21 898 21 911
21 912 21 925
22 7 22 20
22 28 22 41
22 42 22 52
22 53 22 62
22 70 22 83
22 84 22 97
22 98 22 111
22 112 22 125
22 126 22 135
22 136 22 142
22 156 22 168
22 181 22 190
22 191 22 204
22 205 22 218
22 219 22 232
22 233 22 246
22 247 22 260
22 261 22 271
22 278 22 291
22 292 22 305
22 306 22 319
22 320 22 333
22 334 22 347
22 348 22 361
22 362 22 375
22 376 22 388
22 389 22 402
22 403 22 416
22 417 22 430
22 431 22 443
22 444 22 457
22 458 22 471
22 472 22 485
22 486 22 495
22 496 22 509
20 520 22 522
22 523 22 536
22 542 22 555
22 556 22 569
22 570 22 583
22 584 22 597
22 598 22 611
22 612 22 625
22 626 22 639
22 640 22 653
22 654 22 662
22 663 22 676
22 684 22 692
22 700 22 713
22 714 22 725
22 740 22 753
22 762 22 775
22 776 22 789
22 790 22 803
22 804 22 817
22 818 22 831
22 832 22 844
22 845 22 851
22 882 22 895
22 896 22 909
22 910 22 923
22 924 22 936
