716
0 0 0 20
0 21 20 21
0 22 2 28
0 29 0 49
0 50 0 70
0 71 1 80
0 81 2 87
0 88 0 108
0 109 0 129
0 130 0 150
0 151 2 157
0 158 0 178
0 179 1 188
0 189 6 191
1 0 1 20
1 29 1 49
1 50 1 70
1 88 3 94
1 95 21 95
1 96 3 102
1 103 3 109
1 110 1 130
1 131 21 131
1 132 3 138
1 139 7 141
1 143 21 143
1 144 7 146
1 147 7 149
1 150 19 150
1 158 3 164
1 165 7 167
1 168 7 170
1 171 7 173
1 174 21 174
1 175 5 178
2 0 2 20
2 29 2 49
2 50 2 70
2 71 8 73
2 74 4 80
2 110 4 116
2 117 4 123
2 124 4 130
2 179 3 188
3 0 3 19
3 22 5 28
3 29 3 49
3 50 9 52
3 53 23 53
3 54 9 56
3 57 5 63
3 64 5 70
3 81 5 87
3 151 5 157
4 1 10 3
4 4 10 6
4 7 10 9
4 10 6 16
4 17 10 19
3 20 23 20
4 29 6 35
4 36 6 42
4 44 10 46
4 47 10 49
4 88 6 94
4 96 10 98
4 99 24 99
4 100 10 102
4 103 6 109
4 132 10 134
4 135 10 137
4 158 6 164
4 179 6 185
4 186 10 188
5 74 11 76
5 77 11 79
5 80 25 80
5 110 5 130
6 22 8 28
6 57 8 63
6 65 26 65
6 66 26 66
6 67 26 67
6 69 26 69
6 70 26 70
6 81 26 81
6 82 12 84
6 85 12 87
6 110 25 110
6 112 8 118
6 119 8 125
6 126 12 128
6 151 12 153
6 155 12 157
6 175 12 177
7 10 9 16
7 29 9 35
7 36 12 38
7 39 13 41
7 42 16 43
7 88 9 94
7 103 13 105
7 106 27 106
7 107 27 107
7 129 27 129
7 158 13 160
7 161 13 163
7 164 27 164
7 179 13 181
7 182 27 182
7 183 13 185
7 189 13 191
8 138 28 138
8 139 17 140
8 141 27 141
8 144 14 146
8 147 14 149
8 165 10 171
8 172 28 172
8 178 28 178
9 22 11 28
9 57 15 59
9 60 29 60
9 61 29 61
9 62 29 62
9 64 29 64
9 71 15 73
9 111 11 117
9 118 11 124
9 125 29 125
9 154 29 154
10 10 16 12
10 13 19 14
10 15 30 15
10 29 12 35
10 50 16 52
10 54 16 56
10 88 16 90
10 91 16 93
10 94 30 94
11 1 29 1
11 2 13 8
11 16 17 18
11 19 29 19
11 44 16 46
11 47 31 47
11 48 31 48
11 49 31 49
11 96 30 96
11 97 30 97
11 100 17 102
11 132 17 134
11 135 17 137
11 165 13 171
11 186 17 188
12 22 14 28
12 74 18 76
12 77 18 79
12 111 14 117
12 118 14 124
13 29 19 31
13 32 15 38
13 63 33 63
13 82 19 84
13 85 33 85
13 108 33 108
13 126 31 126
13 127 33 127
13 151 19 153
13 155 31 155
13 156 33 156
13 157 33 157
13 175 33 175
13 176 33 176
13 177 33 177
14 2 16 8
14 39 34 39
14 40 34 40
14 41 34 41
14 86 34 86
14 87 34 87
14 103 20 105
14 109 34 109
14 142 34 142
14 158 20 160
14 161 20 163
14 165 16 171
14 173 34 173
14 180 34 180
14 181 34 181
14 183 34 183
14 184 34 184
14 185 34 185
14 189 20 191
15 9 35 9
15 22 17 28
15 111 17 117
15 118 17 124
15 144 21 146
15 147 35 147
15 149 35 149
15 179 35 179
16 34 36 34
16 36 22 38
16 58 35 58
16 59 34 59
16 71 36 71
16 148 36 148
17 2 19 8
17 10 23 12
17 32 37 32
17 42 37 42
17 43 21 46
17 50 36 50
17 54 23 56
17 57 37 57
17 72 37 72
17 88 23 90
17 91 23 93
17 128 37 128
17 165 19 171
18 22 20 28
18 100 24 102
18 112 27 113
18 114 38 114
18 115 37 115
18 117 24 119
18 120 24 122
18 123 27 124
18 132 22 135
18 136 38 136
18 137 38 137
18 139 27 140
18 186 24 188
19 16 25 18
19 33 39 33
19 73 21 79
19 111 39 111
20 2 22 8
20 14 40 14
20 29 26 31
20 82 26 84
20 98 40 98
20 151 40 151
20 152 40 152
20 165 22 171
21 21 23 27
21 103 27 105
21 158 27 160
21 161 30 162
21 163 41 163
21 189 41 189
21 190 41 190
22 43 31 44
22 45 42 45
22 46 42 46
22 52 42 52
22 68 42 68
22 73 24 79
22 131 42 131
22 143 42 143
22 144 42 144
22 145 42 145
20 150 40 150
22 174 42 174
23 2 25 8
23 35 29 37
23 95 43 95
23 130 43 130
23 133 42 133
23 134 43 134
23 165 29 167
23 168 43 168
23 169 43 169
24 10 44 10
24 11 44 11
24 12 44 12
24 20 26 26
24 28 44 28
24 38 44 38
24 53 30 55
24 56 44 56
24 88 27 92
24 93 44 93
25 73 27 79
25 99 45 99
25 100 31 102
25 116 27 122
25 186 31 188
26 2 28 8
26 16 34 17
26 18 46 18
26 80 46 80
26 132 46 132
26 170 46 170
26 171 46 171
27 20 33 22
27 23 33 25
27 30 45 30
27 31 47 31
27 65 47 65
27 66 36 67
27 81 33 83
26 110 46 110
28 69 48 69
28 73 30 79
28 91 48 91
28 92 48 92
28 103 48 103
28 105 34 107
28 112 48 112
28 113 48 113
28 116 30 122
28 123 48 123
28 124 48 124
28 129 46 129
28 139 48 139
28 140 37 141
28 158 34 160
28 164 48 164
28 182 48 182
28 191 48 191
29 2 31 8
29 89 49 89
29 138 49 138
29 172 49 172
30 0 39 1
30 26 50 26
30 35 36 37
30 60 39 61
30 62 50 62
30 64 48 64
30 153 39 154
30 165 36 167
30 178 50 178
31 15 51 15
31 53 37 55
31 73 37 75
31 76 37 78
31 90 51 90
31 94 51 94
31 104 51 104
31 116 37 118
31 119 40 120
31 121 40 122
31 161 51 161
31 162 51 162
32 2 34 8
30 19 50 19
32 27 52 27
32 43 52 43
32 44 52 44
32 47 38 49
32 70 52 70
32 79 52 79
31 96 40 97
32 100 38 102
32 125 41 126
32 146 52 146
32 186 38 188
34 20 39 22
34 23 54 23
34 63 54 63
34 81 40 83
34 84 42 85
34 108 54 108
34 127 54 127
34 135 54 135
32 155 52 155
34 156 54 156
34 157 54 157
34 175 40 177
35 2 37 8
35 39 40 41
35 86 41 88
35 106 55 106
35 107 55 107
35 158 41 160
35 173 55 173
35 180 55 180
35 181 55 181
35 183 41 185
35 16 44 17
36 25 56 25
36 147 56 147
37 34 43 36
37 50 46 51
36 58 56 58
35 59 55 59
37 66 46 67
37 71 57 71
37 148 57 148
37 165 43 167
37 179 57 179
38 2 44 4
38 5 58 5
38 6 58 6
38 9 58 9
38 24 58 24
38 37 58 37
38 53 58 53
38 54 47 55
38 72 40 78
38 115 42 118
38 128 58 128
38 149 58 149
39 47 45 49
39 100 59 100
39 101 59 101
39 114 58 114
39 136 58 136
39 137 59 137
39 140 59 140
39 142 59 142
39 186 59 186
39 188 59 188
40 0 59 0
40 1 59 1
40 57 60 57
40 60 60 60
40 61 58 61
40 109 60 109
40 111 57 111
40 153 60 153
40 154 60 154
41 7 61 7
41 13 50 14
40 20 46 22
41 32 61 32
41 33 61 33
41 39 45 42
41 72 43 78
41 81 47 83
41 96 47 98
41 119 47 121
41 122 61 122
41 150 47 152
41 175 47 177
42 86 48 88
42 102 62 102
42 126 62 126
42 158 48 160
42 163 62 163
42 183 48 185
42 187 62 187
42 189 51 190
43 8 63 8
43 45 63 45
43 46 60 46
43 68 63 68
43 174 63 174
44 34 50 36
44 72 46 78
43 84 52 85
44 115 48 118
44 130 64 130
43 133 63 133
44 166 64 166
44 167 50 169
45 2 54 3
45 4 65 4
45 10 64 10
45 12 65 12
45 16 65 16
45 17 65 17
45 28 65 28
45 38 65 38
45 93 65 93
45 143 65 143
46 29 55 30
46 39 52 41
46 47 52 49
46 52 66 52
46 99 66 99
46 105 66 105
46 144 66 144
47 18 65 18
47 20 53 22
47 50 67 50
47 51 67 51
47 66 67 66
47 72 53 74
47 75 53 77
47 80 65 80
47 165 67 165
47 170 67 170
48 31 66 31
48 54 54 56
48 67 68 67
48 81 54 83
48 97 68 97
48 98 68 98
48 119 54 121
48 150 54 152
48 171 68 171
48 175 54 177
49 86 55 88
49 91 69 91
49 96 69 96
49 112 58 113
49 115 55 117
49 123 55 125
47 129 67 129
49 158 55 160
49 164 67 164
49 182 55 184
49 185 69 185
49 191 66 191
50 89 70 89
50 131 59 132
50 172 70 172
51 14 71 14
51 34 71 34
51 35 71 35
51 36 71 36
51 62 71 62
49 64 69 64
51 134 71 134
51 169 68 169
51 178 71 178
52 92 72 92
52 94 72 94
52 104 70 104
52 161 72 161
52 162 72 162
52 189 72 189
52 190 72 190
53 13 73 13
53 26 62 27
53 39 57 42
53 43 73 43
53 44 73 44
53 47 59 49
53 69 62 70
53 84 73 84
53 85 73 85
53 118 73 118
53 145 62 146
53 155 73 155
53 168 73 168
54 15 74 15
54 19 60 21
54 22 74 22
54 72 56 78
54 138 74 138
54 139 74 139
55 54 64 55
55 63 75 63
55 65 75 65
55 81 61 83
55 108 75 108
55 119 61 121
55 150 60 152
55 156 75 156
55 157 75 157
55 175 61 177
56 2 65 3
56 29 76 29
56 30 76 30
56 56 76 56
56 59 74 59
56 86 62 88
56 95 76 95
56 106 65 107
56 115 76 115
56 116 76 116
56 117 76 117
56 123 62 125
56 158 62 160
56 173 76 173
56 180 62 182
57 58 74 58
57 72 59 78
57 127 77 127
57 147 77 147
58 25 78 25
58 39 64 41
58 110 67 111
58 135 78 135
58 167 78 167
59 5 79 5
59 23 79 23
59 37 79 37
59 53 76 53
59 103 79 103
59 112 65 114
59 128 77 128
59 149 78 149
59 179 79 179
60 47 66 49
60 71 62 77
60 90 80 90
60 100 80 100
60 131 80 131
60 132 80 132
59 136 79 136
60 140 65 142
60 186 78 186
60 188 80 188
60 0 69 1
61 19 67 21
61 42 81 42
61 57 81 57
59 61 79 61
61 109 81 109
61 150 65 153
61 154 81 154
62 7 82 7
62 32 82 32
62 60 82 60
62 81 68 83
62 101 82 101
62 119 68 121
62 175 82 175
62 177 82 177
62 183 71 184
63 24 83 24
63 33 83 33
63 69 65 75
63 76 69 78
63 86 69 88
63 102 83 102
63 122 69 124
63 125 72 126
63 145 81 145
63 159 83 159
63 163 83 163
63 180 69 182
63 187 83 187
64 8 84 8
64 27 84 27
64 45 84 45
61 46 81 46
64 133 84 133
64 146 84 146
64 160 84 160
64 174 84 174
64 176 84 176
65 9 74 10
65 39 71 41
65 54 74 55
65 130 84 130
66 2 84 2
66 16 72 18
66 38 84 38
66 68 68 74
66 75 84 75
66 79 75 80
66 106 75 107
66 112 75 113
66 140 70 143
66 150 70 153
67 47 73 49
67 99 84 99
68 19 77 20
68 50 76 51
68 164 74 166
67 31 84 31
69 66 75 68
69 69 75 71
69 72 75 74
69 119 74 121
69 169 74 171
70 181 79 182
67 191 84 191
71 87 77 89
71 96 80 97
71 104 80 105
71 110 80 111
71 140 75 143
71 151 77 153
72 34 78 36
72 39 77 41
72 183 78 185
73 81 82 82
73 91 78 93
73 123 77 126
73 161 82 162
73 189 82 190
74 47 80 49
74 76 80 78
75 3 84 4
75 14 84 15
75 16 84 17
75 54 84 55
75 118 81 120
75 137 80 139
75 164 81 166
75 168 78 172
76 62 78 68
76 69 82 71
76 72 82 74
76 106 82 108
76 141 80 144
77 50 81 53
75 58 84 59
77 112 83 114
77 115 83 117
77 156 83 158
78 18 84 20
78 28 84 30
78 86 84 88
78 123 80 129
78 150 84 152
78 39 84 41
79 62 81 68
79 91 82 95
79 147 84 149
79 167 81 173
79 183 83 186
81 135 84 139
82 46 84 52
82 140 84 145
82 164 84 170
83 60 84 69
82 120 84 126
