717
24 53 30 55
37 50 46 51
59 103 79 103
48 54 54 56
45 38 65 38
38 54 47 55
35 158 41 160
42 158 48 160
47 66 67 66
26 2 28 8
73 91 79 93
10 10 16 12
55 54 64 55
31 76 37 78
17 88 23 90
42 187 62 187
18 112 27 113
30 153 39 154
43 133 63 133
30 178 50 178
60 71 62 77
43 68 63 68
80 91 83 95
17 2 19 8
20 14 40 14
47 51 67 51
9 22 11 28
13 85 33 85
28 91 48 91
14 180 34 180
73 123 77 126
24 93 44 93
6 119 8 125
17 42 37 42
29 172 49 172
40 111 57 111
7 161 13 163
17 91 23 93
18 132 22 135
4 100 10 102
72 34 78 36
69 119 75 121
1 88 3 94
43 8 63 8
13 175 33 175
4 179 6 185
4 36 6 42
24 38 44 38
50 89 70 89
76 62 78 68
28 140 37 141
1 103 3 109
44 115 48 118
14 161 20 163
55 108 75 108
71 87 77 89
31 116 37 118
54 72 56 78
53 47 59 49
31 104 51 104
2 117 4 123
49 182 55 184
16 58 35 58
44 34 50 36
75 16 84 17
22 45 42 45
16 59 34 59
18 136 38 136
9 125 29 125
47 72 53 74
11 186 17 188
41 7 61 7
56 2 65 3
28 116 30 122
45 12 65 12
6 112 8 118
69 72 75 74
52 92 72 92
1 168 7 170
38 115 42 118
28 112 48 112
28 73 30 79
13 108 33 108
49 91 69 91
70 181 79 182
40 0 59 0
14 158 20 160
49 86 55 88
32 43 52 43
41 175 47 177
28 124 48 124
66 106 75 107
7 29 9 35
11 135 17 137
24 88 27 92
38 9 58 9
11 1 29 1
1 147 7 149
22 131 42 131
81 135 84 139
45 2 54 3
2 179 3 188
65 9 74 10
79 147 84 149
9 62 29 62
38 5 58 5
52 94 72 94
9 111 11 117
4 96 10 98
63 33 83 33
14 181 34 181
0 29 0 49
53 26 62 27
6 155 12 157
56 115 76 115
32 125 41 126
15 179 35 179
41 72 43 78
23 134 43 134
6 57 8 63
1 132 3 138
26 171 46 171
13 29 19 31
41 96 47 98
48 150 54 152
63 187 83 187
73 189 82 190
62 119 68 121
4 186 10 188
49 158 55 160
75 58 84 59
14 189 20 191
54 139 74 139
35 86 41 88
0 179 1 188
68 16 74 18
80 179 82 185
11 48 31 48
48 171 68 171
62 177 82 177
4 29 6 35
38 6 58 6
39 142 59 142
37 148 57 148
31 121 40 122
36 58 56 58
30 19 50 19
27 66 36 67
15 149 35 149
35 106 55 106
32 44 52 44
63 163 83 163
3 50 9 52
39 137 59 137
4 47 10 49
49 112 58 113
55 119 61 121
0 189 6 191
13 156 33 156
47 170 67 170
46 144 66 144
23 168 43 168
48 98 68 98
24 12 44 12
45 143 65 143
22 43 31 44
17 43 21 46
28 105 34 107
36 147 56 147
2 74 4 80
49 164 67 164
49 115 55 117
59 128 79 128
44 130 64 130
20 82 26 84
68 164 74 166
0 158 0 178
4 99 24 99
31 96 40 97
15 147 35 147
13 63 33 63
55 156 75 156
60 131 80 131
31 15 51 15
24 20 26 26
35 107 55 107
23 133 42 133
18 114 38 114
34 81 40 83
10 29 12 35
61 150 65 153
4 135 10 137
4 132 10 134
63 122 69 124
16 71 36 71
62 7 82 7
3 20 23 20
60 140 66 142
59 5 79 5
1 144 7 146
32 70 52 70
41 119 47 121
64 174 84 174
10 50 16 52
65 130 84 130
14 184 34 184
44 166 64 166
28 123 48 123
41 32 61 32
27 20 33 22
45 16 65 16
14 183 34 183
77 115 83 117
43 45 63 45
17 72 37 72
9 61 29 61
52 161 72 161
7 42 16 43
63 86 69 88
1 175 5 178
14 173 34 173
40 153 60 153
21 190 41 190
53 118 73 118
38 128 58 128
82 164 84 170
35 39 40 41
72 183 78 185
38 37 58 37
75 14 84 15
61 42 81 42
48 67 68 67
17 54 23 56
1 171 7 173
28 92 48 92
9 64 29 64
2 71 8 73
18 22 20 28
62 60 82 60
0 81 2 87
78 28 84 30
75 164 81 166
48 119 54 121
20 150 40 150
47 50 67 50
29 138 49 138
8 139 17 140
35 183 41 185
45 93 65 93
54 15 74 15
49 96 69 96
13 176 33 176
35 2 37 8
18 137 38 137
14 40 34 40
8 165 10 171
14 41 34 41
45 28 65 28
18 115 37 115
34 108 54 108
6 66 26 66
10 54 16 56
76 72 82 74
7 103 13 105
40 1 59 1
12 111 14 117
31 94 51 94
55 175 61 177
9 60 29 60
47 165 67 165
9 154 29 154
34 23 54 23
13 126 31 126
60 132 80 132
3 29 3 49
14 87 34 87
1 131 21 131
39 186 59 186
13 177 33 177
0 0 0 20
39 101 59 101
15 9 35 9
14 86 34 86
39 136 58 136
20 98 40 98
73 161 82 162
17 57 37 57
15 22 17 28
30 165 36 167
58 25 78 25
61 19 67 21
61 57 81 57
78 18 84 20
71 151 77 153
47 129 67 129
7 189 13 191
32 79 52 79
3 22 5 28
11 132 17 134
1 29 1 49
20 152 40 152
1 0 1 20
21 158 27 160
10 13 19 14
58 110 67 111
13 127 33 127
65 39 71 41
16 148 36 148
17 50 36 50
42 126 62 126
8 172 28 172
27 23 33 25
53 155 73 155
6 151 12 153
57 127 77 127
0 130 0 150
53 44 73 44
44 167 50 169
51 134 71 134
35 173 55 173
32 100 38 102
60 47 66 49
59 37 79 37
23 165 29 167
32 155 52 155
28 182 48 182
42 86 48 88
50 172 70 172
38 24 58 24
47 75 53 77
25 116 27 122
62 183 71 184
7 88 9 94
59 179 79 179
56 30 76 30
63 69 65 75
56 95 76 95
75 168 78 172
59 23 79 23
13 157 33 157
60 188 80 188
55 81 61 83
64 8 84 8
35 181 55 181
34 84 42 85
46 105 66 105
55 150 60 152
56 117 76 117
51 34 71 34
7 129 27 129
40 60 60 60
3 64 5 70
62 81 68 83
26 80 46 80
14 185 34 185
41 81 47 83
11 16 17 18
20 151 40 151
47 18 67 18
59 61 79 61
39 100 59 100
61 46 81 46
30 62 50 62
18 117 24 119
56 56 76 56
62 175 82 175
10 94 30 94
78 86 84 88
1 158 3 164
45 17 65 17
34 157 54 157
29 89 49 89
54 138 74 138
46 29 55 30
41 39 45 42
8 138 28 138
1 139 7 141
55 157 75 157
32 27 52 27
10 88 16 90
1 50 1 70
22 143 42 143
42 183 48 185
21 161 30 162
66 68 68 74
56 86 62 88
43 46 60 46
21 189 41 189
34 156 54 156
83 177 84 186
34 175 40 177
13 82 19 84
30 64 48 64
22 73 24 79
4 88 6 94
54 19 60 21
25 73 27 79
79 167 81 173
22 174 42 174
5 110 5 130
30 26 50 26
67 47 73 49
51 62 71 62
45 4 65 4
6 126 12 128
26 110 46 110
15 144 21 146
53 168 73 168
57 72 59 78
43 174 63 174
24 11 44 11
28 139 48 139
29 2 31 8
26 16 34 17
77 50 81 53
30 60 39 61
9 118 11 124
64 160 84 160
16 34 36 34
18 100 24 102
38 72 40 78
40 57 60 57
27 31 47 31
78 150 84 152
55 63 75 63
42 102 62 102
34 20 39 22
63 125 72 126
26 170 46 170
4 158 6 164
51 14 71 14
58 167 78 167
7 179 13 181
23 169 43 169
37 71 57 71
7 182 27 182
23 2 25 8
6 65 26 65
2 50 2 70
14 39 34 39
37 66 46 67
35 180 55 180
59 136 79 136
46 39 52 41
79 62 81 68
4 10 6 16
1 174 21 174
56 59 74 59
23 130 43 130
7 10 9 16
24 28 44 28
25 99 45 99
19 111 39 111
67 191 84 191
73 81 82 82
43 84 52 85
9 57 15 59
19 33 39 33
24 10 44 10
39 188 59 188
40 61 58 61
40 20 46 22
18 120 24 122
35 59 55 59
62 32 82 32
2 29 2 49
39 140 59 140
4 17 10 19
11 97 30 97
48 31 66 31
74 76 80 78
25 100 31 102
66 112 75 113
56 29 76 29
14 103 20 105
22 52 42 52
3 81 5 87
61 154 81 154
46 52 66 52
69 66 75 68
54 22 74 22
2 0 2 20
60 90 80 90
7 39 13 41
35 16 44 17
32 2 34 8
60 186 80 186
22 68 42 68
49 64 69 64
32 186 38 188
10 91 16 93
31 90 51 90
11 47 31 47
28 103 48 103
57 147 77 147
51 169 68 169
12 74 18 76
38 53 58 53
47 80 65 80
48 97 68 97
0 151 2 157
6 81 26 81
8 147 14 149
3 53 23 53
1 95 21 95
58 135 78 135
22 145 42 145
30 0 39 1
38 149 58 149
51 36 71 36
77 112 83 114
17 165 19 171
52 190 72 190
64 146 84 146
11 19 29 19
22 144 42 144
77 156 83 158
76 106 82 108
46 47 52 49
3 151 5 157
69 169 74 171
74 47 80 49
53 145 62 146
41 13 50 14
31 119 40 120
6 67 26 67
48 81 54 83
12 77 18 79
71 140 75 143
45 10 64 10
32 47 38 49
52 104 70 104
28 191 48 191
42 163 62 163
41 33 61 33
26 18 46 18
27 65 47 65
5 80 25 80
4 7 10 9
6 82 12 84
58 39 64 41
21 163 41 163
21 21 23 27
11 100 17 102
12 118 14 124
6 69 26 69
65 54 74 55
20 165 22 171
28 113 48 113
71 110 80 111
14 2 16 8
7 158 13 160
49 185 69 185
67 140 70 144
8 178 28 178
67 31 84 31
11 165 13 171
27 81 33 83
0 71 1 80
8 141 27 141
63 180 69 182
82 46 84 52
15 111 17 117
64 27 84 27
61 109 81 109
6 70 26 70
53 13 73 13
17 32 37 32
53 69 62 70
51 35 71 35
56 158 62 160
1 165 7 167
82 140 84 145
31 161 51 161
11 2 13 8
52 189 72 189
59 53 76 53
68 50 76 51
11 96 30 96
31 162 51 162
18 123 27 124
13 151 19 153
14 165 16 171
75 137 80 139
2 110 4 116
6 22 8 28
7 183 13 185
31 73 37 75
13 155 31 155
8 144 14 146
52 162 72 162
1 96 3 102
60 0 69 1
7 36 12 38
63 24 83 24
1 150 19 150
36 25 56 25
4 4 10 6
5 77 11 79
11 49 31 49
50 131 59 132
34 127 54 127
3 57 5 63
27 30 45 30
63 145 81 145
32 146 52 146
4 1 10 3
49 191 66 191
69 69 75 71
25 186 31 188
55 65 75 65
0 109 0 129
75 54 84 55
62 101 82 101
0 88 0 108
30 35 36 37
7 164 27 164
22 46 42 46
53 84 73 84
56 116 76 116
34 135 54 135
41 122 61 122
20 2 22 8
7 106 27 106
4 44 10 46
40 109 60 109
57 58 74 58
0 21 20 21
66 79 75 80
28 69 48 69
46 99 66 99
37 165 43 167
9 71 15 73
76 141 80 144
64 176 84 176
6 85 12 87
13 32 15 38
67 99 84 99
21 103 27 105
59 112 65 114
41 150 47 152
42 189 51 190
5 74 11 76
28 129 46 129
39 47 45 49
44 72 46 78
63 159 83 159
19 73 21 79
18 186 24 188
56 123 62 125
6 175 12 177
11 44 16 46
66 150 70 153
51 178 71 178
56 106 65 107
64 133 84 133
60 100 80 100
28 164 48 164
71 104 80 105
63 102 83 102
59 149 78 149
56 173 76 173
0 50 0 70
0 22 2 28
37 34 43 36
24 56 44 56
6 110 25 110
40 154 60 154
4 103 6 109
1 110 1 130
10 15 30 15
1 143 21 143
31 53 37 55
49 123 55 125
48 175 54 177
68 19 77 20
26 132 46 132
64 45 84 45
14 109 34 109
38 2 44 4
37 179 57 179
17 10 23 12
23 95 43 95
19 16 25 18
56 180 62 182
16 36 22 38
3 54 9 56
23 35 29 37
28 158 34 160
47 20 53 22
34 63 54 63
15 118 17 124
20 29 26 31
71 96 80 97
39 114 58 114
3 0 3 19
76 69 82 71
66 75 84 75
7 107 27 107
14 142 34 142
83 60 84 69
17 128 37 128
12 22 14 28
2 124 4 130
63 76 69 78
53 85 73 85
18 139 27 140
78 39 84 41
66 2 84 2
66 38 84 38
75 3 84 4
53 39 57 42
72 39 77 41
53 43 73 43
76 118 82 120
78 121 80 127
81 121 84 125
