1079
0 0 1 0
0 1 0 2
0 4 0 5
0 6 0 7
0 9 1 9
0 10 1 10
0 18 0 19
0 20 0 21
0 25 0 26
0 27 0 28
0 32 1 32
0 33 0 34
0 35 0 36
0 39 0 40
0 41 0 42
0 44 1 44
0 45 0 46
0 47 0 48
0 49 0 50
0 51 0 52
0 53 1 53
0 54 0 55
0 56 0 57
0 58 0 59
0 60 1 60
0 61 0 62
0 64 0 65
0 66 0 67
0 68 1 68
0 70 0 71
0 72 0 73
0 74 0 75
0 76 0 77
0 78 0 79
0 80 0 81
0 82 0 83
0 84 0 85
0 87 0 88
0 90 0 91
0 92 0 93
0 94 0 95
0 96 1 96
0 97 0 98
0 99 0 100
0 106 0 107
0 108 0 109
0 110 0 111
0 112 0 113
0 114 0 115
0 116 1 116
0 118 1 118
0 119 1 119
0 120 0 121
0 122 1 122
0 123 0 124
0 125 0 126
0 127 0 128
0 130 0 131
0 132 0 133
0 134 0 135
0 137 0 138
0 139 1 139
0 140 1 140
0 141 1 141
0 144 1 144
0 145 0 146
0 147 0 148
0 149 0 150
0 152 1 152
0 153 0 154
0 155 1 155
0 156 0 157
0 158 0 159
0 160 0 161
0 162 1 162
0 163 0 164
0 165 1 165
0 168 1 168
0 169 0 170
0 172 0 173
0 174 1 174
0 177 0 178
0 179 0 180
0 181 0 182
0 183 1 183
0 184 1 184
0 185 1 185
0 190 1 190
0 192 0 193
0 196 0 197
0 198 1 198
0 199 1 199
0 200 0 201
0 202 1 202
0 203 1 203
0 204 1 204
0 205 0 206
0 207 0 208
0 209 0 210
0 212 0 213
0 215 1 215
0 216 1 216
0 219 0 220
0 221 0 222
0 223 1 223
0 224 0 225
0 227 1 227
0 231 0 232
0 233 0 234
0 236 0 237
0 240 0 241
0 242 0 243
0 244 0 245
0 246 1 246
0 247 0 248
0 249 0 250
0 253 1 253
0 255 0 256
0 257 1 257
0 258 0 259
0 260 0 261
0 262 1 262
0 263 1 263
0 264 0 265
0 266 0 267
0 268 0 269
0 270 1 270
0 271 0 272
0 273 1 273
0 274 0 275
0 276 0 277
0 278 0 279
0 280 0 281
0 282 0 283
0 285 0 286
0 288 0 289
0 290 1 290
0 292 0 293
0 295 0 296
0 299 0 300
0 301 0 302
0 303 0 304
0 305 1 305
0 306 1 306
0 307 1 307
0 308 0 309
0 310 0 311
0 312 1 312
0 313 1 313
0 314 0 315
0 316 1 316
0 317 0 318
0 319 0 320
0 321 0 322
0 324 1 324
0 327 0 328
0 330 0 331
0 333 1 333
0 334 1 334
0 335 1 335
0 336 0 337
0 339 0 340
0 342 0 343
0 344 0 345
0 347 0 348
0 352 0 353
0 354 0 355
0 356 0 357
0 358 0 359
0 361 0 362
0 364 0 365
0 366 0 367
0 369 1 369
0 370 0 371
0 372 0 373
0 374 0 375
0 376 1 376
0 377 0 378
0 384 0 385
0 386 1 386
0 387 1 387
0 388 0 389
0 390 1 390
0 391 0 392
0 393 0 394
0 395 1 395
0 397 0 398
0 399 1 399
0 400 0 401
0 402 0 403
0 404 1 404
0 405 1 405
0 407 0 408
0 409 0 410
0 411 0 412
0 413 1 413
0 414 0 415
0 417 1 417
0 418 0 419
0 420 0 421
0 422 0 423
0 424 1 424
0 425 0 426
0 428 1 428
0 429 0 430
0 431 1 431
0 434 0 435
0 436 1 436
0 437 0 438
0 439 0 440
0 443 0 444
0 445 0 446
0 447 0 448
0 449 0 450
0 451 0 452
0 453 0 454
0 455 1 455
0 456 0 457
0 458 1 458
0 461 0 462
0 463 0 464
0 465 1 465
0 466 0 467
0 468 1 468
0 471 0 472
0 473 0 474
0 475 0 476
0 477 1 477
0 480 0 481
0 482 0 483
0 487 0 488
0 489 1 489
0 490 1 490
0 492 1 492
0 494 0 495
0 496 0 497
0 499 0 500
0 502 0 503
0 504 1 504
0 505 0 506
0 508 0 509
0 510 0 511
0 513 1 513
0 515 0 516
0 517 1 517
0 518 1 518
0 519 1 519
0 520 0 521
0 527 0 528
0 531 0 532
0 533 1 533
0 534 1 534
0 535 0 536
0 537 0 538
0 540 0 541
0 543 0 544
0 545 1 545
0 546 0 547
0 548 1 548
0 549 1 549
0 550 0 551
0 553 1 553
0 556 0 557
0 559 0 560
0 561 0 562
0 564 0 565
0 569 0 570
0 571 0 572
0 574 0 575
0 577 0 578
0 579 0 580
0 581 0 582
0 583 1 583
0 584 1 584
0 585 1 585
0 586 0 587
0 588 1 588
0 589 0 590
0 591 0 592
0 593 0 594
0 595 1 595
0 596 0 597
0 598 0 599
0 600 0 601
0 603 1 603
0 605 1 605
0 606 0 607
0 608 0 609
0 612 0 613
0 616 0 617
0 618 1 618
0 621 0 622
0 623 1 623
0 625 0 626
0 627 0 628
0 629 0 630
0 631 0 632
0 633 1 633
0 634 0 635
0 636 0 637
0 638 0 639
0 640 0 641
0 642 0 643
0 644 0 645
0 646 0 647
0 648 0 649
0 651 1 651
0 652 1 652
0 653 0 654
0 655 0 656
0 659 1 659
0 660 1 660
0 661 0 662
0 663 1 663
0 664 1 664
0 665 0 666
0 667 1 667
0 668 0 669
0 671 0 672
0 674 0 675
0 676 1 676
0 679 1 679
0 680 1 680
0 681 0 682
0 684 1 684
0 685 0 686
0 689 0 690
0 691 0 692
0 693 0 694
0 696 0 697
0 698 1 698
0 699 1 699
0 700 1 700
0 701 0 702
0 703 0 704
0 705 0 706
0 707 0 708
0 709 0 710
0 711 1 711
0 712 0 713
0 714 1 714
0 715 1 715
0 716 0 717
0 719 0 720
0 721 0 722
0 724 1 724
0 725 0 726
0 727 0 728
0 730 1 730
0 731 1 731
0 732 0 733
0 734 0 735
0 737 0 738
0 740 0 741
0 743 0 744
0 745 1 745
0 746 0 747
0 748 0 749
0 750 0 751
0 752 0 753
0 754 0 755
0 756 0 757
0 759 1 759
0 762 1 762
0 763 0 764
0 766 1 766
0 767 0 768
1 1 2 1
1 2 1 3
1 4 1 5
1 8 2 8
1 11 2 11
1 12 2 12
1 13 2 13
1 14 2 14
1 20 1 21
1 23 2 23
1 25 1 26
1 27 2 27
1 28 1 29
1 30 2 30
1 31 2 31
1 33 1 34
1 35 1 36
1 37 2 37
1 38 1 39
1 40 1 41
1 42 1 43
1 45 1 46
1 47 2 47
1 48 2 48
1 49 1 50
1 52 2 52
1 54 1 55
1 58 1 59
1 61 2 61
1 62 1 63
1 64 1 65
1 66 1 67
1 70 1 71
1 74 1 75
1 76 2 76
1 77 2 77
1 78 1 79
1 82 1 83
1 84 2 84
1 85 1 86
1 87 1 88
1 89 1 90
1 92 1 93
1 94 1 95
1 105 1 106
1 107 1 108
1 109 1 110
1 111 1 112
1 113 1 114
1 120 1 121
1 123 1 124
1 125 2 125
1 126 1 127
1 128 2 128
1 129 1 130
1 131 2 131
1 132 1 133
1 134 1 135
1 137 1 138
1 145 2 145
1 146 2 146
1 148 2 148
1 149 2 149
1 150 2 150
1 154 2 154
1 156 2 156
1 158 1 159
1 161 2 161
1 163 2 163
1 166 2 166
1 170 1 171
1 173 2 173
1 175 2 175
1 177 2 177
1 178 1 179
1 180 1 181
1 187 2 187
1 191 1 192
1 193 2 193
1 195 1 196
1 197 2 197
1 200 1 201
1 205 1 206
1 207 2 207
1 208 1 209
1 210 1 211
1 213 2 213
1 221 2 221
1 224 1 225
1 228 2 228
1 229 2 229
1 230 1 231
1 232 1 233
1 234 2 234
1 238 2 238
1 241 2 241
1 243 2 243
1 247 2 247
1 248 2 248
1 249 1 250
1 254 2 254
1 256 2 256
1 258 1 259
1 260 1 261
1 266 2 266
1 267 1 268
1 272 2 272
1 274 1 275
1 276 2 276
1 278 2 278
1 283 1 284
1 286 1 287
1 288 1 289
1 293 1 294
1 295 1 296
1 298 1 299
1 302 1 303
1 308 1 309
1 310 1 311
1 314 1 315
1 317 1 318
1 319 1 320
1 322 1 323
1 325 2 325
1 328 2 328
1 329 2 329
1 332 2 332
1 336 2 336
1 338 1 339
1 343 1 344
1 347 2 347
1 349 2 349
1 350 2 350
1 351 1 352
1 353 1 354
1 355 1 356
1 357 2 357
1 358 1 359
1 360 2 360
1 362 2 362
1 363 2 363
1 364 1 365
1 366 2 366
1 370 1 371
1 372 1 373
1 374 1 375
1 377 1 378
1 379 2 379
1 381 2 381
1 382 2 382
1 383 2 383
1 388 1 389
1 391 1 392
1 394 2 394
1 396 1 397
1 400 1 401
1 402 1 403
1 406 2 406
1 407 2 407
1 409 1 410
1 411 1 412
1 414 1 415
1 416 2 416
1 418 1 419
1 420 2 420
1 421 1 422
1 423 2 423
1 425 1 426
1 427 2 427
1 429 1 430
1 432 2 432
1 435 2 435
1 437 1 438
1 439 1 440
1 442 2 442
1 443 2 443
1 444 1 445
1 446 2 446
1 447 1 448
1 449 1 450
1 451 2 451
1 453 2 453
1 454 2 454
1 456 1 457
1 459 2 459
1 460 1 461
1 463 1 464
1 466 1 467
1 470 2 470
1 473 1 474
1 475 1 476
1 481 2 481
1 482 2 482
1 484 2 484
1 486 1 487
1 488 2 488
1 498 2 498
1 499 2 499
1 500 1 501
1 503 2 503
1 506 1 507
1 508 1 509
1 511 1 512
1 515 2 515
1 516 2 516
1 522 2 522
1 524 2 524
1 527 2 527
1 529 2 529
1 530 1 531
1 532 2 532
1 535 1 536
1 537 1 538
1 539 1 540
1 541 1 542
1 543 1 544
1 546 1 547
1 558 1 559
1 560 1 561
1 563 1 564
1 565 2 565
1 566 2 566
1 568 2 568
1 569 1 570
1 571 2 571
1 574 1 575
1 576 1 577
1 578 2 578
1 580 2 580
1 581 1 582
1 586 1 587
1 589 1 590
1 591 1 592
1 597 2 597
1 598 2 598
1 599 1 600
1 601 1 602
1 606 2 606
1 607 2 607
1 609 1 610
1 611 2 611
1 612 2 612
1 615 1 616
1 617 2 617
1 619 2 619
1 621 2 621
1 625 1 626
1 627 2 627
1 628 1 629
1 630 1 631
1 634 1 635
1 640 2 640
1 641 1 642
1 643 1 644
1 645 2 645
1 646 1 647
1 653 1 654
1 655 1 656
1 658 2 658
1 661 1 662
1 666 2 666
1 669 2 669
1 671 1 672
1 674 2 674
1 675 2 675
1 677 2 677
1 678 2 678
1 681 1 682
1 686 2 686
1 687 2 687
1 688 1 689
1 691 2 691
1 694 2 694
1 695 2 695
1 697 2 697
1 701 2 701
1 702 2 702
1 704 2 704
1 705 1 706
1 707 1 708
1 712 2 712
1 713 2 713
1 716 2 716
1 717 1 718
1 720 2 720
1 721 2 721
1 722 1 723
1 727 1 728
1 732 1 733
1 734 1 735
1 736 2 736
1 738 1 739
1 740 2 740
1 741 1 742
1 743 1 744
1 746 1 747
1 748 2 748
1 749 1 750
1 752 1 753
1 754 1 755
1 756 1 757
1 758 2 758
1 761 2 761
1 764 2 764
1 768 2 768
2 0 3 0
2 2 2 3
2 4 2 5
2 6 3 6
2 9 3 9
2 10 3 10
2 15 3 15
2 17 3 17
2 19 3 19
2 21 3 21
2 25 3 25
2 26 3 26
2 28 2 29
2 33 3 33
2 34 3 34
2 36 3 36
2 38 2 39
2 40 2 41
2 42 3 42
2 43 2 44
2 45 3 45
2 50 2 51
2 53 3 53
2 54 2 55
2 57 2 58
2 59 2 60
2 63 2 64
2 67 2 68
2 69 3 69
2 70 2 71
2 74 2 75
2 82 2 83
2 86 2 87
2 88 3 88
2 89 2 90
2 91 2 92
2 93 3 93
2 94 2 95
2 96 3 96
2 97 3 97
2 99 3 99
2 100 3 100
2 101 3 101
2 104 2 105
2 106 2 107
2 108 2 109
2 110 2 111
2 115 3 115
2 116 3 116
2 117 2 118
2 119 3 119
2 120 2 121
2 122 2 123
2 124 3 124
2 130 3 130
2 133 3 133
2 136 3 136
2 138 2 139
2 140 2 141
2 142 3 142
2 144 3 144
2 153 3 153
2 157 3 157
2 158 3 158
2 164 2 165
2 168 3 168
2 170 3 170
2 171 2 172
2 174 3 174
2 178 2 179
2 180 2 181
2 183 2 184
2 189 2 190
2 191 3 191
2 198 3 198
2 199 2 200
2 203 3 203
2 205 2 206
2 208 2 209
2 210 3 210
2 211 2 212
2 214 2 215
2 217 3 217
2 219 3 219
2 222 2 223
2 224 3 224
2 225 2 226
2 230 2 231
2 237 3 237
2 245 3 245
2 246 3 246
2 249 2 250
2 257 3 257
2 261 3 261
2 262 2 263
2 268 2 269
2 273 2 274
2 275 3 275
2 277 3 277
2 280 3 280
2 282 2 283
2 285 2 286
2 288 2 289
2 290 2 291
2 292 2 293
2 294 2 295
2 296 3 296
2 297 3 297
2 298 2 299
2 301 3 301
2 302 2 303
2 308 2 309
2 310 3 310
2 311 2 312
2 313 3 313
2 314 3 314
2 315 2 316
2 317 2 318
2 320 2 321
2 322 3 322
2 323 3 323
2 333 2 334
2 340 3 340
2 343 3 343
2 346 3 346
2 348 3 348
2 352 3 352
2 353 2 354
2 355 2 356
2 358 2 359
2 361 3 361
2 364 3 364
2 369 2 370
2 371 3 371
2 372 2 373
2 376 3 376
2 385 3 385
2 386 3 386
2 388 2 389
2 391 2 392
2 393 3 393
2 396 2 397
2 398 3 398
2 404 3 404
2 405 3 405
2 409 2 410
2 411 3 411
2 412 3 412
2 415 3 415
2 417 2 418
2 419 3 419
2 421 2 422
2 425 3 425
2 428 2 429
2 430 2 431
2 433 3 433
2 436 3 436
2 437 2 438
2 439 2 440
2 441 3 441
2 444 3 444
2 447 2 448
2 449 3 449
2 450 3 450
2 455 2 456
2 457 2 458
2 460 2 461
2 464 3 464
2 467 3 467
2 471 3 471
2 473 2 474
2 475 3 475
2 476 2 477
2 478 3 478
2 486 3 486
2 489 2 490
2 491 2 492
2 494 3 494
2 495 3 495
2 496 3 496
2 497 3 497
2 500 2 501
2 502 3 502
2 504 3 504
2 506 2 507
2 508 3 508
2 509 2 510
2 511 3 511
2 512 2 513
2 514 3 514
2 517 3 517
2 519 2 520
2 523 3 523
2 528 3 528
2 530 2 531
2 533 2 534
2 537 2 538
2 539 2 540
2 541 2 542
2 543 2 544
2 547 3 547
2 548 2 549
2 552 2 553
2 554 3 554
2 556 3 556
2 557 3 557
2 558 3 558
2 559 2 560
2 561 2 562
2 567 3 567
2 569 2 570
2 572 3 572
2 582 3 582
2 583 2 584
2 585 2 586
2 588 2 589
2 590 2 591
2 599 2 600
2 601 3 601
2 602 2 603
2 605 3 605
2 609 3 609
2 610 3 610
2 614 3 614
2 615 2 616
2 624 3 624
2 625 2 626
2 628 2 629
2 630 2 631
2 632 2 633
2 635 3 635
2 643 3 643
2 647 2 648
2 650 2 651
2 653 2 654
2 655 2 656
2 657 3 657
2 663 2 664
2 667 2 668
2 670 3 670
2 676 3 676
2 679 3 679
2 680 2 681
2 683 2 684
2 689 3 689
2 690 3 690
2 692 3 692
2 693 3 693
2 696 3 696
2 698 2 699
2 700 3 700
2 703 3 703
2 706 2 707
2 708 3 708
2 710 2 711
2 714 3 714
2 717 2 718
2 722 3 722
2 724 3 724
2 726 3 726
2 729 3 729
2 730 2 731
2 732 2 733
2 734 2 735
2 738 3 738
2 743 3 743
2 744 3 744
2 746 2 747
2 751 2 752
2 753 3 753
2 754 2 755
2 759 2 760
2 762 2 763
2 766 3 766
3 1 3 2
3 3 3 4
3 13 3 14
3 28 3 29
3 37 3 38
3 46 3 47
3 49 3 50
3 55 3 56
3 66 3 67
3 70 3 71
3 73 3 74
3 75 3 76
3 81 3 82
3 83 3 84
3 86 3 87
3 90 3 91
3 94 3 95
3 103 3 104
3 105 3 106
3 107 3 108
3 109 3 110
3 111 3 112
3 117 3 118
3 120 3 121
3 125 3 126
3 127 3 128
3 140 3 141
3 149 3 150
3 155 3 156
3 176 3 177
3 178 3 179
3 181 3 182
3 183 3 184
3 192 3 193
3 196 3 197
3 206 3 207
3 208 3 209
3 211 3 212
3 221 3 222
3 225 3 226
3 227 3 228
3 230 3 231
3 233 3 234
3 242 3 243
3 247 3 248
3 249 3 250
3 253 3 254
3 255 3 256
3 262 3 263
3 267 3 268
3 269 3 270
3 281 3 282
3 283 3 284
3 285 3 286
3 287 3 288
3 289 3 290
3 291 3 292
3 298 3 299
3 308 3 309
3 311 3 312
3 316 3 317
3 320 3 321
3 333 3 334
3 353 3 354
3 357 3 358
3 366 3 367
3 369 3 370
3 381 3 382
3 383 3 384
3 387 3 388
3 389 3 390
3 391 3 392
3 416 3 417
3 422 3 423
3 427 3 428
3 434 3 435
3 438 3 439
3 442 3 443
3 453 3 454
3 455 3 456
3 457 3 458
3 460 3 461
3 498 3 499
3 505 3 506
3 512 3 513
3 515 3 516
3 518 3 519
3 520 3 521
3 526 3 527
3 531 3 532
3 534 3 535
3 537 3 538
3 539 3 540
3 543 3 544
3 551 3 552
3 560 3 561
3 562 3 563
3 564 3 565
3 569 3 570
3 590 3 591
3 596 3 597
3 598 3 599
3 602 3 603
3 606 3 607
3 612 3 613
3 615 3 616
3 617 3 618
3 620 3 621
3 625 3 626
3 630 3 631
3 645 3 646
3 647 3 648
3 650 3 651
3 654 3 655
3 658 3 659
3 663 3 664
3 665 3 666
3 667 3 668
3 674 3 675
3 686 3 687
3 698 3 699
3 706 3 707
3 709 3 710
3 717 3 718
3 731 3 732
3 733 3 734
3 735 3 736
3 739 3 740
3 746 3 747
3 748 3 749
3 754 3 755
3 758 3 759
3 761 3 762
