548
0 0 1 7
0 8 16 8
0 9 3 12
0 13 16 13
0 14 13 14
2 1 16 1
2 2 4 6
2 7 18 7
4 9 7 12
5 2 12 3
5 6 18 6
7 0 23 0
8 10 12 12
9 4 25 4
10 9 26 9
13 2 29 2
13 3 29 3
13 10 29 10
16 11 32 11
17 8 32 8
14 14 30 14
17 1 33 1
19 5 23 7
19 12 35 12
24 0 40 0
24 5 40 5
26 7 42 7
27 9 43 9
28 13 44 13
30 2 46 2
30 10 46 10
31 14 47 14
33 11 46 11
33 8 49 8
36 4 52 4
36 12 52 12
39 3 55 3
40 1 56 1
41 0 57 0
41 5 57 5
43 6 59 6
44 9 60 9
45 13 61 13
47 2 63 2
47 10 54 11
48 14 64 14
50 8 66 8
53 4 69 4
53 12 69 12
55 7 71 7
55 10 62 11
56 3 72 3
58 0 74 0
58 5 74 5
60 1 76 1
61 9 72 9
62 13 78 13
63 6 79 6
63 11 78 11
65 14 81 14
66 2 82 2
67 8 83 8
68 10 84 10
70 4 86 4
70 12 86 12
72 7 88 7
73 3 89 3
75 0 91 0
75 5 89 5
77 1 91 1
73 9 89 9
80 6 96 6
79 11 95 11
82 14 98 14
87 2 103 2
87 12 103 12
88 8 104 8
88 13 104 13
89 7 105 7
90 4 97 5
92 0 99 1
95 9 111 9
96 10 103 11
97 6 113 6
98 4 114 4
99 14 115 14
100 0 116 0
100 5 116 5
104 1 120 1
104 11 111 12
105 2 121 2
105 8 121 8
105 13 121 13
106 7 122 7
112 9 114 12
113 3 129 3
115 4 131 4
116 6 132 6
115 9 118 12
116 14 132 14
117 0 133 0
117 5 133 5
119 11 135 11
119 12 135 12
121 1 137 1
122 2 138 2
122 8 129 9
123 7 139 7
124 10 140 10
130 3 146 3
130 8 146 8
132 4 148 4
133 6 149 6
134 0 150 0
134 5 150 5
136 11 152 11
138 1 154 1
139 2 155 2
139 9 155 9
140 7 156 7
140 12 156 12
140 13 156 13
142 14 158 14
147 3 163 3
147 8 163 8
149 4 165 4
150 6 166 6
151 0 167 0
151 5 167 5
156 2 172 2
156 9 172 9
157 1 173 1
157 7 168 7
157 10 160 13
159 14 175 14
161 11 177 11
161 12 174 12
161 13 174 13
164 3 180 3
164 8 180 8
165 10 181 10
166 4 182 4
168 0 184 0
168 5 181 5
169 6 175 7
173 2 189 2
173 9 189 9
175 1 191 1
176 14 192 14
176 6 181 7
178 11 194 11
182 12 194 12
175 12 181 13
181 3 197 3
181 8 193 8
183 4 199 4
182 5 186 7
186 13 202 13
187 5 203 5
190 2 205 2
190 9 206 9
192 1 205 1
192 6 208 6
194 7 201 8
195 10 202 11
195 12 211 12
198 3 214 3
200 4 216 4
201 14 217 14
202 8 217 8
203 0 219 0
203 11 219 11
203 13 219 13
204 5 220 5
206 1 213 2
207 9 223 9
209 6 225 6
212 12 228 12
214 1 228 1
214 2 230 2
215 7 231 7
215 10 231 10
217 4 233 4
218 3 234 3
218 14 234 14
218 8 233 8
220 11 236 11
220 13 236 13
221 5 237 5
226 6 242 6
229 0 236 1
229 9 245 9
231 2 247 2
231 12 247 12
232 10 248 10
234 4 250 4
234 7 241 8
235 3 251 3
236 14 252 14
237 0 253 0
237 1 253 1
237 11 251 11
237 13 253 13
238 5 254 5
242 7 249 8
243 6 259 6
246 9 262 9
248 12 264 12
249 2 265 2
250 7 266 7
250 8 266 8
251 4 262 4
252 10 259 11
253 14 269 14
254 0 270 0
254 1 270 1
255 5 271 5
258 3 274 3
260 6 276 6
260 10 276 10
260 11 276 11
263 9 279 9
265 12 281 12
266 2 282 2
267 7 282 7
263 4 279 4
271 0 278 1
271 13 287 13
272 5 288 5
273 8 289 8
275 14 291 14
277 6 293 6
277 10 293 10
277 11 293 11
279 1 295 1
280 9 296 9
282 4 298 4
282 12 298 12
283 2 299 2
283 7 299 7
288 0 304 0
288 13 303 13
290 8 306 8
292 14 303 14
294 6 310 6
294 10 310 10
294 11 308 11
295 3 311 3
296 1 312 1
298 9 314 9
299 4 313 4
299 12 315 12
300 2 316 2
300 7 316 7
305 0 321 0
304 13 311 14
307 5 323 5
307 8 323 8
311 6 327 6
311 10 326 10
309 11 325 11
312 13 328 13
312 14 328 14
313 1 329 1
314 3 321 4
316 12 332 12
317 7 333 7
318 9 334 9
319 2 335 2
322 0 338 0
322 3 338 3
322 4 338 4
324 5 340 5
324 8 340 8
327 10 334 11
328 6 344 6
329 13 345 13
329 14 345 14
332 1 348 1
333 12 349 12
334 7 350 7
335 10 351 10
336 2 348 2
336 9 352 9
339 0 355 0
339 3 354 3
339 4 354 4
341 5 357 5
341 8 354 8
342 11 358 11
345 6 361 6
346 13 362 13
346 14 360 14
349 1 356 2
350 12 366 12
352 10 365 10
355 8 362 9
356 0 372 0
355 3 362 4
358 5 374 5
359 11 370 11
360 2 376 2
362 1 378 1
362 6 376 6
363 4 379 4
363 13 379 13
361 14 377 14
364 3 380 3
366 8 370 10
367 12 383 12
371 9 386 9
371 10 387 10
375 5 391 5
371 11 387 11
377 2 393 2
377 6 384 7
378 14 394 14
379 1 390 1
380 4 396 4
380 13 396 13
381 3 397 3
384 12 400 12
385 6 392 7
387 9 403 9
388 10 403 10
391 0 398 1
392 5 408 5
394 2 410 2
395 8 411 8
395 11 411 11
395 14 411 14
397 4 413 4
397 13 413 13
398 3 414 3
398 6 414 6
399 0 415 0
399 1 415 1
401 12 417 12
404 9 411 10
409 5 422 5
411 2 427 2
411 7 427 7
412 8 427 8
412 9 419 10
412 14 427 14
413 11 429 11
414 4 430 4
414 13 427 13
415 3 430 3
416 0 432 0
416 1 432 1
418 12 434 12
420 6 436 6
420 9 427 10
423 5 439 5
428 2 444 2
428 7 435 8
428 9 442 9
428 10 442 10
428 13 435 14
430 11 446 11
431 3 438 4
433 0 449 0
433 1 449 1
435 12 448 12
436 13 448 13
437 6 453 6
437 7 453 7
439 3 455 3
443 8 447 10
444 5 460 5
445 2 460 2
447 11 463 11
449 8 465 8
449 12 453 14
450 0 457 1
450 9 457 10
454 6 470 6
454 12 470 12
454 13 470 13
457 3 473 3
457 14 473 14
458 0 474 0
461 1 468 2
461 5 477 5
464 9 480 9
464 10 471 11
465 4 481 4
466 7 473 8
469 1 485 1
469 2 485 2
471 6 487 6
471 12 478 13
472 11 483 11
474 3 490 3
474 7 481 8
477 0 493 0
478 5 492 5
479 10 495 10
482 4 498 4
482 8 498 8
484 11 488 13
486 1 502 1
488 14 504 14
490 2 506 2
491 3 507 3
491 6 507 6
492 13 508 13
494 0 510 0
494 7 510 7
494 11 510 11
494 12 510 12
493 5 509 5
496 9 512 9
496 10 512 10
499 4 515 4
499 8 515 8
503 1 515 1
507 2 523 2
508 3 523 3
508 6 522 6
509 13 525 13
511 5 527 5
511 11 527 11
513 9 529 9
516 0 523 1
516 4 529 4
516 8 532 8
516 12 532 12
522 14 538 14
523 6 539 6
524 0 527 3
526 13 542 13
528 0 532 2
528 3 542 3
530 4 537 5
530 9 546 9
529 7 545 7
531 10 547 10
533 1 549 1
533 11 540 12
538 4 554 4
538 5 554 5
539 0 555 0
539 8 555 8
539 14 555 14
541 11 548 12
543 2 550 3
543 13 559 13
546 6 552 7
547 9 563 9
548 10 564 10
549 12 565 12
550 1 566 1
551 2 558 3
553 6 560 7
555 4 571 4
555 5 571 5
556 8 572 8
556 11 572 11
556 14 569 14
559 2 575 2
559 3 575 3
560 13 576 13
561 0 577 0
561 6 568 7
564 9 580 9
565 10 581 10
567 1 583 1
569 6 585 6
572 4 588 4
572 5 587 5
573 11 580 12
570 14 586 14
574 7 590 7
576 2 583 3
577 13 593 13
578 0 594 0
578 8 594 8
581 9 597 9
582 10 598 10
584 1 600 1
585 3 601 3
586 6 602 6
588 11 595 12
589 4 602 4
588 5 604 5
589 14 605 14
591 7 607 7
594 13 610 13
595 0 611 0
595 8 611 8
596 2 612 2
596 11 609 11
596 12 609 12
598 9 614 9
601 1 613 1
602 3 618 3
603 6 618 6
605 5 618 5
603 4 618 4
608 7 624 7
610 10 614 12
611 13 626 13
612 0 628 0
612 8 628 8
615 9 631 9
615 10 631 10
615 11 631 11
615 12 631 12
614 1 630 1
619 2 621 6
619 14 635 14
622 2 638 2
622 3 625 6
625 7 637 7
626 3 629 6
627 13 643 13
629 0 644 0
629 8 645 8
630 3 646 3
630 4 646 4
630 5 646 5
630 6 646 6
632 9 648 9
632 10 639 11
632 12 648 12
637 1 653 1
639 2 652 2
641 11 657 11
638 7 654 7
644 13 660 13
645 0 661 0
646 8 661 8
647 3 662 3
647 4 662 4
647 10 663 10
648 6 664 6
649 12 665 12
649 14 665 14
652 9 668 9
654 1 670 1
653 2 669 2
658 11 672 11
662 7 667 8
663 3 667 5
668 3 672 5
668 6 672 8
