548
474 3 490 3
96 10 103 11
237 0 253 0
104 1 120 1
464 10 471 11
496 10 512 10
529 7 545 7
641 11 657 11
201 14 217 14
472 11 488 11
649 12 665 12
2 7 18 7
151 0 167 0
469 2 485 2
58 0 74 0
53 4 69 4
2 1 16 1
218 3 234 3
272 5 288 5
249 2 265 2
44 9 60 9
559 3 575 3
65 14 81 14
663 3 667 5
490 2 506 2
395 14 411 14
309 11 325 11
100 5 116 5
260 6 276 6
8 10 12 12
207 9 223 9
458 0 474 0
100 0 116 0
190 9 206 9
221 5 237 5
619 2 621 6
428 13 435 14
428 2 444 2
428 9 442 9
168 5 181 5
334 7 350 7
584 1 600 1
567 1 583 1
494 7 510 7
428 10 442 10
295 3 311 3
516 12 532 12
345 6 361 6
576 2 583 3
13 3 29 3
414 4 430 4
2 2 4 6
88 13 104 13
530 9 546 9
469 1 485 1
31 14 47 14
530 4 537 5
339 3 354 3
13 10 29 10
67 8 83 8
322 0 338 0
391 0 398 1
582 10 598 10
17 1 33 1
595 0 611 0
314 3 321 4
282 12 298 12
381 3 397 3
226 6 242 6
508 6 522 6
591 7 607 7
611 13 626 13
242 7 249 8
132 4 148 4
336 2 348 2
561 6 568 7
647 10 663 10
367 12 383 12
457 3 473 3
5 6 18 6
653 2 669 2
195 10 202 11
200 4 216 4
99 14 115 14
491 6 507 6
507 2 523 2
503 1 515 1
159 14 175 14
294 6 310 6
294 11 308 11
395 8 411 8
43 6 59 6
362 6 376 6
649 14 665 14
399 0 415 0
156 9 172 9
161 13 175 13
324 8 340 8
204 5 220 5
322 4 338 4
312 14 328 14
630 4 646 4
637 1 653 1
299 4 313 4
585 3 601 3
324 5 340 5
578 0 594 0
549 12 565 12
629 8 645 8
267 7 282 7
612 8 628 8
630 5 646 5
95 9 111 9
105 8 121 8
214 1 228 1
134 0 150 0
294 10 310 10
538 4 554 4
494 12 510 12
478 5 492 5
273 8 289 8
366 8 370 10
329 13 345 13
401 12 417 12
68 10 84 10
237 13 253 13
639 2 652 2
668 3 672 5
358 5 374 5
548 10 564 10
615 9 631 9
658 11 672 11
73 9 89 9
104 11 111 12
183 4 199 4
449 8 465 8
513 9 529 9
516 4 529 4
39 3 55 3
311 10 326 10
215 10 231 10
388 10 403 10
493 5 509 5
202 8 217 8
312 13 328 13
48 14 64 14
140 12 156 12
161 11 177 11
601 1 613 1
234 4 250 4
0 8 16 8
9 4 25 4
212 12 228 12
332 1 348 1
151 5 167 5
565 10 581 10
36 4 52 4
431 3 438 4
147 8 163 8
415 3 430 3
350 12 366 12
13 2 29 2
466 7 473 8
397 4 413 4
329 14 345 14
361 14 377 14
420 6 436 6
115 9 118 12
149 4 165 4
439 3 455 3
58 5 74 5
277 6 293 6
17 8 32 8
615 11 631 11
195 12 211 12
36 12 52 12
328 6 344 6
574 7 590 7
471 6 487 6
605 5 618 5
164 3 180 3
486 1 502 1
404 9 411 10
589 4 602 4
231 12 247 12
465 4 481 4
316 12 332 12
516 8 532 8
181 3 197 3
203 11 219 11
237 1 253 1
349 1 356 2
420 9 427 10
187 5 203 5
511 11 527 11
598 9 614 9
282 4 298 4
339 0 355 0
398 6 414 6
72 7 88 7
136 11 152 11
260 10 276 10
322 3 338 3
360 2 376 2
218 8 233 8
98 4 114 4
313 1 329 1
14 14 30 14
619 14 635 14
398 3 414 3
371 10 387 10
117 5 133 5
594 13 610 13
339 4 354 4
265 12 281 12
307 5 323 5
481 12 488 13
560 13 576 13
496 9 512 9
359 11 370 11
522 14 538 14
461 5 477 5
232 10 248 10
142 14 158 14
260 11 276 11
164 8 180 8
203 13 219 13
395 11 411 11
258 3 274 3
371 9 386 9
203 0 219 0
494 11 510 11
615 10 631 10
531 10 547 10
298 9 314 9
471 12 478 13
385 6 392 7
87 12 103 12
625 7 637 7
19 12 35 12
89 7 105 7
122 8 129 9
116 6 132 6
630 6 646 6
629 0 644 0
477 0 493 0
147 3 163 3
139 9 155 9
464 9 480 9
355 3 362 4
157 10 160 13
296 1 312 1
0 9 3 12
271 0 278 1
277 10 293 10
384 12 400 12
63 11 78 11
175 12 191 12
217 4 233 4
61 9 72 9
311 6 327 6
238 5 254 5
578 8 594 8
70 4 86 4
584 11 600 11
356 0 372 0
92 0 99 1
24 0 40 0
450 0 457 1
547 9 563 9
60 1 76 1
157 7 168 7
26 7 42 7
553 6 560 7
214 2 230 2
300 7 316 7
266 2 282 2
436 13 448 13
198 3 214 3
251 4 262 4
41 0 57 0
121 1 137 1
411 2 427 2
122 2 138 2
449 12 453 14
119 12 135 12
168 0 184 0
47 2 63 2
299 12 315 12
632 12 648 12
508 3 523 3
454 12 470 12
275 14 291 14
215 7 231 7
595 8 611 8
317 7 333 7
377 6 384 7
236 14 252 14
209 6 225 6
133 6 149 6
648 6 664 6
630 3 646 3
646 8 661 8
33 11 46 11
263 4 279 4
581 9 597 9
516 0 523 1
573 11 580 12
524 0 527 3
243 6 259 6
33 8 49 8
130 8 146 8
45 13 61 13
543 2 550 3
626 3 629 6
250 7 266 7
622 2 638 2
70 12 86 12
66 2 82 2
220 13 236 13
161 12 174 12
336 9 352 9
559 2 575 2
447 11 463 11
346 13 362 13
28 13 44 13
181 8 193 8
586 6 602 6
292 14 303 14
378 14 394 14
363 13 379 13
638 7 654 7
47 10 54 11
307 8 323 8
254 1 270 1
387 9 403 9
596 2 612 2
411 7 427 7
138 1 154 1
433 0 449 0
346 14 360 14
252 10 259 11
119 11 135 11
0 13 16 13
602 3 618 3
16 11 32 11
380 13 396 13
546 6 552 7
156 2 172 2
528 3 542 3
50 8 66 8
10 9 26 9
509 13 525 13
632 9 648 9
124 10 140 10
364 3 380 3
19 5 23 7
300 2 316 2
474 7 481 8
423 5 439 5
255 5 271 5
363 4 379 4
288 13 303 13
229 0 236 1
190 2 205 2
443 8 447 10
555 4 571 4
123 7 139 7
528 0 532 2
492 13 508 13
416 1 432 1
572 4 588 4
97 6 113 6
428 7 435 8
570 14 586 14
615 12 631 12
280 9 296 9
279 1 295 1
341 5 357 5
379 1 390 1
556 14 569 14
305 0 321 0
175 1 191 1
30 2 46 2
253 14 269 14
413 11 429 11
229 9 245 9
115 4 131 4
614 1 630 1
134 5 150 5
444 5 460 5
482 4 498 4
112 9 114 12
608 7 624 7
499 4 515 4
543 13 559 13
601 10 608 11
533 11 540 12
319 2 335 2
231 2 247 2
41 5 57 5
206 1 213 2
55 7 71 7
341 8 357 8
435 12 448 12
288 0 304 0
173 2 189 2
577 13 593 13
538 5 554 5
333 12 349 12
304 13 311 14
82 14 98 14
117 0 133 0
4 9 7 12
412 8 427 8
335 10 351 10
550 1 566 1
87 2 103 2
362 1 378 1
454 6 470 6
56 3 72 3
318 9 334 9
603 4 618 4
140 7 156 7
0 14 13 14
53 12 69 12
612 0 628 0
556 11 572 11
5 2 12 3
55 10 62 11
409 5 422 5
105 2 121 2
589 14 605 14
140 13 156 13
632 10 639 11
430 11 446 11
176 6 181 7
555 5 571 5
169 6 175 7
539 0 555 0
380 4 396 4
437 7 453 7
88 8 104 8
610 10 614 12
150 6 166 6
40 1 56 1
358 7 362 9
157 1 173 1
30 10 46 10
644 13 660 13
647 4 662 4
394 2 410 2
237 11 251 11
569 6 585 6
541 11 548 12
106 7 122 7
652 9 668 9
165 10 181 10
588 5 604 5
399 1 415 1
482 8 498 8
491 3 507 3
670 6 672 10
454 13 470 13
392 5 408 5
271 13 287 13
73 3 89 3
116 14 132 14
377 2 393 2
176 13 183 14
192 1 205 1
192 6 208 6
24 5 40 5
523 6 539 6
556 8 572 8
533 1 549 1
603 6 618 6
166 4 182 4
572 5 587 5
234 7 241 8
105 13 121 13
182 5 186 7
27 9 43 9
327 10 334 11
479 10 495 10
450 9 457 10
511 5 527 5
342 11 358 11
277 11 293 11
622 3 625 6
551 2 558 3
412 9 419 10
488 14 504 14
494 0 510 0
0 0 1 7
645 0 661 0
414 13 427 13
397 13 413 13
263 9 279 9
220 11 236 11
539 14 555 14
375 5 391 5
194 7 201 8
75 0 91 0
63 6 79 6
352 10 365 10
254 0 270 0
283 7 299 7
561 0 577 0
461 1 468 2
283 2 299 2
526 13 542 13
416 0 432 0
654 1 670 1
139 2 155 2
433 1 449 1
589 12 605 12
186 13 202 13
62 13 78 13
178 11 194 11
539 8 555 8
412 14 427 14
7 0 23 0
627 13 643 13
113 3 129 3
184 14 200 14
418 12 434 12
250 8 266 8
662 7 669 8
457 14 473 14
445 2 460 2
564 9 580 9
173 9 189 9
218 14 234 14
647 3 662 3
130 3 146 3
437 6 453 6
371 11 387 11
235 3 251 3
499 8 515 8
246 9 262 9
248 12 264 12
290 8 306 8
75 5 91 5
77 1 91 1
79 11 95 11
80 6 96 6
93 3 97 5
