64
0 0 0 35
0 36 3 44
0 45 1 62
0 63 0 98
0 99 0 134
0 135 1 151
0 152 3 160
0 161 5 166
0 167 1 184
0 185 1 202
0 203 0 238
0 239 5 244
0 245 1 262
0 263 5 268
0 269 2 280
0 281 0 316
0 317 0 352
0 353 0 388
1 0 1 35
1 63 1 98
1 99 1 134
1 203 1 232
1 281 1 316
1 317 1 352
1 353 1 388
2 0 5 8
2 10 4 21
2 23 5 31
2 45 2 80
2 81 2 116
2 117 3 134
2 135 5 143
2 144 5 151
2 167 3 184
2 185 2 220
2 221 3 232
2 245 3 262
2 281 2 316
2 317 2 352
2 353 2 388
3 45 3 80
3 81 3 116
3 185 3 220
3 269 3 301
3 302 4 319
3 320 3 355
3 356 4 373
3 374 4 388
4 32 4 67
4 68 4 103
4 104 5 121
4 167 4 197
4 198 5 214
4 215 5 232
1 233 5 238
4 245 5 262
4 269 5 286
4 320 4 355
5 32 5 65
5 66 5 101
5 167 5 197
5 290 5 325
5 326 5 353
5 354 5 388
