176
0 0 0 5
0 6 0 11
0 12 0 17
0 18 0 23
0 24 0 29
0 30 0 35
0 36 2 37
0 38 3 38
0 39 0 44
0 45 2 46
0 47 3 47
0 48 0 53
0 54 0 59
0 60 1 62
0 63 1 65
0 66 0 71
0 72 0 77
0 78 0 83
0 84 0 89
0 90 1 92
0 93 0 98
0 99 0 104
0 105 0 110
0 111 2 112
0 113 0 118
0 119 0 124
0 125 0 130
0 131 0 136
0 138 2 139
0 140 0 145
0 146 0 151
0 152 0 157
0 158 0 163
0 164 0 169
0 170 0 175
0 176 2 177
0 178 0 183
0 184 0 189
0 190 0 195
0 196 0 201
0 202 0 207
0 208 0 213
0 214 0 219
0 220 1 222
0 223 0 228
0 229 0 234
0 235 0 240
0 241 0 245
0 246 2 247
0 249 1 251
0 252 0 257
0 258 0 263
0 264 0 268
0 270 2 271
1 0 1 5
1 6 1 11
1 12 2 14
1 15 1 20
1 21 1 26
1 27 2 29
1 30 1 35
1 40 2 42
1 43 2 44
1 48 3 49
1 50 1 55
1 56 3 57
1 58 3 59
1 66 1 71
1 72 1 77
1 78 2 80
1 81 2 83
1 84 1 89
1 93 1 98
1 99 1 104
1 105 1 108
1 113 2 115
1 116 2 118
1 119 2 121
1 122 1 127
1 128 1 133
1 134 2 136
1 140 1 145
1 146 1 151
1 152 1 157
1 159 3 160
1 161 1 166
1 167 1 172
1 173 2 175
1 181 3 182
1 183 3 184
1 185 1 190
1 191 2 193
1 194 1 199
1 200 1 205
1 206 1 211
1 212 1 217
1 218 3 219
1 223 1 228
1 229 2 231
1 232 1 237
1 238 1 243
1 244 3 245
1 252 1 257
1 258 1 263
1 264 1 268
2 0 2 5
2 6 2 11
2 16 2 21
2 22 3 24
2 30 3 31
2 32 3 34
2 51 3 53
2 54 3 55
2 60 2 65
2 66 2 71
2 72 2 77
2 84 3 86
2 87 2 92
2 93 2 98
2 99 3 101
2 102 2 106
2 107 3 108
1 109 3 110
2 122 2 127
2 131 3 133
2 140 2 145
2 146 2 151
2 152 2 156
2 157 3 158
2 161 2 166
2 167 2 172
2 185 2 190
2 194 2 199
2 200 2 205
2 206 2 211
2 212 2 215
2 220 2 225
2 226 3 228
2 232 2 237
2 238 2 243
2 248 3 250
2 251 2 256
2 257 3 259
2 261 3 263
2 266 3 268
0 269 3 269
3 0 3 5
3 6 3 11
3 15 3 20
3 41 3 46
3 60 3 65
3 66 3 71
3 72 3 77
3 78 3 83
3 87 3 91
3 92 3 97
3 102 3 106
3 111 3 116
3 118 3 123
3 124 3 129
3 134 3 139
3 140 3 145
3 146 3 151
3 152 3 156
3 161 3 164
3 165 3 170
3 172 3 177
3 185 3 190
3 191 3 196
3 204 3 209
3 210 3 215
2 216 3 217
3 220 3 225
3 230 3 235
3 237 3 242
3 251 3 256
