176
3 251 3 256
3 140 3 145
0 220 1 222
3 237 3 242
1 99 1 104
1 140 1 145
0 45 2 46
0 164 0 169
0 196 0 201
2 87 2 92
1 128 1 133
1 48 3 49
1 105 1 108
2 107 3 108
1 78 2 80
3 161 3 164
0 138 2 139
1 40 2 42
0 190 0 195
0 84 0 89
1 109 3 110
1 161 1 166
0 249 1 251
2 72 2 77
0 72 0 77
1 58 3 59
3 111 3 116
0 113 0 118
0 63 1 65
2 102 2 106
0 184 0 189
1 15 1 20
3 118 3 123
0 170 0 175
0 60 1 62
0 0 0 5
0 99 0 104
1 72 1 77
0 105 0 110
1 43 2 44
1 167 1 172
2 16 2 21
3 41 3 46
0 140 0 145
0 223 0 228
2 54 3 55
3 87 3 91
3 191 3 196
1 223 1 228
1 56 3 57
1 12 2 14
2 60 2 65
0 66 0 71
2 248 3 250
0 252 0 257
0 24 0 29
3 15 3 20
0 158 0 163
0 119 0 124
1 81 2 83
0 125 0 130
1 252 1 257
0 18 0 23
3 210 3 215
3 124 3 129
2 122 2 127
2 266 2 271
2 251 2 256
3 266 3 271
3 6 3 11
1 93 1 98
1 200 1 205
0 258 0 263
2 216 3 217
3 134 3 139
2 226 3 228
2 140 2 145
2 84 3 86
0 54 0 59
3 102 3 106
0 78 0 83
3 72 3 77
2 257 3 259
2 261 3 263
3 92 3 97
2 93 2 98
0 47 3 47
2 6 2 11
3 165 3 170
0 208 0 213
0 264 0 268
1 181 3 182
2 167 2 172
2 200 2 205
0 93 0 98
0 131 0 136
0 269 1 271
0 176 2 177
2 220 2 225
1 66 1 71
1 191 2 193
2 66 2 71
2 22 3 24
3 78 3 83
0 146 0 151
1 183 3 184
3 60 3 65
1 134 2 136
3 0 3 5
1 185 1 190
1 30 1 35
2 99 3 101
2 30 3 32
1 27 2 29
3 220 3 225
2 206 2 211
1 229 2 231
1 212 1 217
1 116 2 118
2 146 2 151
1 194 1 199
2 131 3 133
0 229 0 234
0 6 0 11
0 235 0 240
2 161 2 166
2 157 3 158
1 113 2 115
0 48 0 53
1 264 1 268
1 258 1 263
2 212 2 215
1 0 1 5
1 146 1 151
3 204 3 209
0 30 0 35
3 152 3 156
2 0 2 5
0 178 0 183
1 152 1 157
0 202 0 207
0 90 1 92
1 159 3 160
2 194 2 199
2 185 2 190
3 146 3 151
2 51 3 53
1 6 1 11
3 185 3 190
0 38 3 38
3 66 3 71
1 84 1 89
0 39 0 44
0 152 0 157
2 232 2 237
1 173 2 175
3 172 3 177
0 36 2 37
1 206 1 211
0 214 0 219
3 230 3 235
2 152 2 156
3 33 3 37
1 232 1 237
1 50 1 55
1 122 1 127
1 21 1 26
1 218 3 219
1 119 2 121
0 111 2 112
0 12 0 17
0 241 0 246
1 238 1 243
1 244 3 245
1 246 3 247
2 238 2 243
