279
0 0 2 16
0 17 16 19
3 0 5 16
6 0 8 16
9 0 11 16
12 0 14 16
15 0 17 16
17 17 33 19
18 0 20 16
21 0 23 16
24 0 26 16
27 0 29 16
30 0 32 16
33 0 35 16
34 17 50 19
36 0 38 16
39 0 41 16
42 0 44 16
45 0 47 16
48 0 50 16
51 0 53 16
51 17 67 19
54 0 56 16
57 0 59 16
60 0 62 16
63 0 65 16
66 0 68 16
68 17 84 19
69 0 71 16
72 0 74 16
75 0 77 16
78 0 80 16
81 0 83 16
84 0 86 16
85 17 101 19
87 0 89 16
90 0 92 16
93 0 95 16
96 0 98 16
99 0 101 16
102 0 104 16
102 17 118 19
105 0 107 16
108 0 110 16
111 0 113 16
114 0 116 16
117 0 119 16
119 17 135 19
120 0 122 16
123 0 125 16
126 0 128 16
129 0 131 16
132 0 134 16
135 0 137 16
136 17 152 19
138 0 140 16
141 0 143 16
144 0 146 16
147 0 149 16
150 0 152 16
153 0 155 16
153 17 169 19
156 0 158 16
159 0 161 16
162 0 164 16
165 0 167 16
168 0 170 16
170 17 186 19
171 0 173 16
174 0 176 16
177 0 179 16
180 0 182 16
183 0 185 16
186 0 188 16
187 17 203 19
189 0 191 16
192 0 194 16
195 0 197 16
198 0 200 16
201 0 203 16
204 0 206 16
204 17 220 19
207 0 209 16
210 0 212 16
213 0 215 16
216 0 218 16
219 0 221 16
221 17 237 19
222 0 224 16
225 0 227 16
228 0 230 16
231 0 233 16
234 0 236 16
237 0 239 16
238 17 254 19
240 0 242 16
243 0 245 16
246 0 248 16
249 0 251 16
252 0 254 16
255 0 257 16
255 17 271 19
258 0 260 16
261 0 263 16
264 0 266 16
267 0 269 16
270 0 272 16
272 17 288 19
273 0 275 16
276 0 278 16
279 0 281 16
282 0 284 16
285 0 287 16
288 0 290 16
289 17 305 19
291 0 293 16
294 0 296 16
297 0 299 16
300 0 302 16
303 0 305 16
306 0 308 16
306 17 322 19
309 0 311 16
312 0 314 16
315 0 317 16
318 0 320 16
321 0 323 16
323 17 339 19
324 0 326 16
327 0 329 16
330 0 332 16
333 0 335 16
336 0 338 16
339 0 341 16
340 17 356 19
342 0 344 16
345 0 347 16
348 0 350 16
351 0 353 16
354 0 356 16
357 0 359 16
357 17 373 19
360 0 362 16
363 0 365 16
366 0 368 16
369 0 371 16
372 0 374 16
374 17 390 19
375 0 377 16
378 0 380 16
381 0 383 16
384 0 386 16
387 0 389 16
390 0 392 16
391 17 407 19
393 0 395 16
396 0 398 16
399 0 401 16
402 0 404 16
405 0 407 16
408 0 410 16
408 17 424 19
411 0 413 16
414 0 416 16
417 0 419 16
420 0 422 16
423 0 425 16
425 17 441 19
426 0 428 16
429 0 431 16
432 0 434 16
435 0 437 16
438 0 440 16
441 0 443 16
442 17 458 19
444 0 446 16
447 0 449 16
450 0 452 16
453 0 455 16
456 0 458 16
459 0 461 16
459 17 475 19
462 0 464 16
465 0 467 16
468 0 470 16
471 0 473 16
474 0 476 16
476 17 492 19
477 0 479 16
480 0 482 16
483 0 485 16
486 0 488 16
489 0 491 16
492 0 494 16
493 17 509 19
495 0 497 16
498 0 500 16
501 0 503 16
504 0 506 16
507 0 509 16
510 0 512 16
510 17 526 19
513 0 515 16
516 0 518 16
519 0 521 16
522 0 524 16
525 0 527 16
527 17 543 19
528 0 530 16
531 0 533 16
534 0 536 16
537 0 539 16
540 0 542 16
543 0 545 16
544 17 560 19
546 0 548 16
549 0 551 16
552 0 554 16
555 0 557 16
558 0 560 16
561 0 563 16
561 17 577 19
564 0 566 16
567 0 569 16
570 0 572 16
573 0 575 16
576 0 578 16
578 17 594 19
579 0 581 16
582 0 584 16
585 0 587 16
588 0 590 16
591 0 593 16
594 0 596 16
595 17 611 19
597 0 599 16
600 0 602 16
603 0 605 16
606 0 608 16
609 0 611 16
612 0 614 16
612 17 628 19
615 0 617 16
618 0 620 16
621 0 623 16
624 0 626 16
627 0 629 16
629 17 645 19
630 0 632 16
633 0 635 16
636 0 638 16
639 0 641 16
642 0 644 16
645 0 647 16
646 17 662 19
648 0 650 16
651 0 653 16
654 0 656 16
657 0 659 16
660 0 662 16
663 0 665 16
663 17 679 19
666 0 668 16
669 0 671 16
672 0 674 16
675 0 677 16
678 0 680 16
680 17 696 19
681 0 683 16
684 0 686 16
687 0 689 16
690 0 692 16
693 0 695 16
696 0 698 16
697 17 710 19
699 0 701 16
702 0 704 16
705 0 707 16
708 0 710 16
