189
0 0 0 4
0 5 0 9
0 10 0 14
0 15 0 19
0 20 0 24
0 25 0 28
0 30 4 30
0 31 4 31
0 32 0 36
0 37 0 41
0 42 0 46
0 47 0 51
0 52 0 56
0 57 0 61
0 62 0 66
0 67 0 71
0 72 0 76
0 77 0 81
0 82 0 86
0 87 4 87
0 88 4 88
0 89 4 89
0 90 4 90
1 0 1 4
1 5 1 9
1 10 1 14
1 15 1 19
1 20 1 24
1 25 1 28
1 32 1 36
1 37 1 41
1 42 1 46
1 47 1 51
1 52 1 56
1 57 5 57
1 58 5 58
1 59 5 59
1 60 1 64
1 65 1 69
1 70 1 74
1 75 1 79
1 80 1 84
1 85 5 85
1 86 5 86
2 0 6 0
2 1 6 1
2 2 2 6
2 7 2 11
2 12 2 16
2 17 2 21
2 22 2 26
2 27 6 27
2 28 6 28
0 29 4 29
2 32 2 36
2 37 2 41
2 42 2 46
2 47 2 51
2 52 2 56
2 60 2 64
2 65 2 69
2 70 2 74
2 75 2 79
2 80 2 84
3 2 3 6
3 7 3 11
3 12 3 16
3 17 3 21
3 22 3 26
3 32 3 36
3 37 3 41
3 42 7 42
3 43 3 47
3 48 3 52
3 53 7 53
3 54 7 54
3 55 7 55
3 56 7 56
3 60 3 64
3 65 3 69
3 70 3 74
3 75 3 79
3 80 3 84
4 2 4 6
4 7 4 11
4 12 4 16
4 17 4 21
4 22 4 26
4 32 4 36
4 37 4 41
4 44 4 48
4 49 8 49
4 50 8 50
4 51 8 51
4 52 8 52
4 60 4 64
4 65 4 69
4 70 4 74
4 75 4 79
4 80 4 84
5 2 5 6
5 7 5 11
5 12 8 12
5 13 9 13
5 14 5 18
5 19 5 23
5 24 9 24
5 25 9 25
5 26 7 26
5 29 5 33
5 34 5 38
5 39 6 40
5 41 9 41
5 43 9 43
5 44 9 44
5 45 9 45
5 46 9 46
5 47 9 47
5 48 9 48
5 60 5 64
5 65 5 69
5 70 5 74
5 75 5 79
5 80 5 84
5 87 9 87
5 88 9 88
5 89 9 89
5 90 9 90
6 2 6 6
6 7 6 11
6 14 6 18
6 19 6 23
6 29 6 33
6 34 6 38
6 57 6 60
6 61 6 65
6 66 9 66
6 67 7 68
6 69 6 73
6 74 6 78
6 79 6 83
6 84 7 85
6 86 9 86
7 0 7 4
7 5 7 9
7 10 8 11
7 14 7 18
7 19 7 23
7 27 7 31
7 32 7 35
7 36 7 40
7 57 7 61
7 62 7 65
7 69 7 73
7 74 7 78
7 79 7 83
8 0 8 4
8 5 8 9
8 14 9 15
8 16 8 20
8 21 9 22
8 23 9 23
8 26 8 27
8 28 8 32
8 33 8 36
8 37 8 40
8 42 9 42
8 53 8 57
8 58 8 62
8 63 9 64
8 65 9 65
8 67 8 71
8 72 8 76
8 77 8 81
8 82 8 85
9 0 9 4
9 5 9 9
9 10 9 12
9 16 9 20
9 26 9 30
9 31 9 35
9 36 9 40
9 49 9 53
9 54 9 58
9 59 9 62
9 67 9 71
9 72 9 76
9 77 9 81
9 82 9 85
