507
0 0 0 39
0 40 7 43
0 44 19 45
1 0 1 39
2 0 9 4
2 5 21 6
2 7 3 26
2 27 5 36
2 37 21 38
2 39 41 39
4 7 5 26
6 7 7 26
6 27 9 36
8 7 9 26
8 40 17 43
10 0 17 4
10 7 11 26
10 27 13 36
12 7 13 26
14 7 15 26
14 27 17 36
16 7 17 26
18 0 25 4
18 7 19 26
18 27 21 36
18 40 27 43
20 7 21 26
20 44 39 45
22 5 23 24
22 25 25 34
22 35 31 38
24 5 25 24
26 0 27 19
26 20 29 29
26 30 33 34
28 0 29 19
28 40 37 43
30 0 31 19
30 20 33 29
32 0 33 19
32 35 41 38
34 0 35 19
34 20 37 29
34 30 41 34
36 0 37 19
38 0 39 19
38 20 41 29
38 40 47 43
40 0 41 19
40 44 59 45
42 0 42 39
43 0 43 39
44 0 44 39
45 0 45 39
46 0 46 39
47 0 47 39
48 0 48 39
48 40 57 43
49 0 50 19
49 20 56 24
49 25 56 29
49 30 58 33
49 34 58 37
49 38 88 38
49 39 88 39
51 0 52 19
53 0 54 19
55 0 56 19
57 0 58 19
57 20 60 29
58 40 67 43
59 0 60 19
59 30 63 37
60 44 79 45
61 0 62 19
61 20 68 24
61 25 80 26
61 27 80 28
61 29 100 29
63 0 64 19
64 30 68 37
65 0 66 19
67 0 68 19
68 40 77 43
69 0 70 19
69 20 76 24
69 30 73 37
71 0 72 19
73 0 74 19
74 30 81 34
74 35 93 36
74 37 113 37
75 0 76 19
77 0 78 19
77 20 84 24
78 40 87 43
79 0 80 19
80 44 99 45
81 0 82 19
81 25 90 28
82 30 89 34
83 0 84 19
85 0 86 19
85 20 92 24
87 0 88 19
88 40 97 43
89 0 90 19
89 38 108 39
90 30 97 34
91 0 92 19
91 25 100 28
93 0 94 19
93 20 100 24
94 35 113 36
95 0 96 19
97 0 98 19
98 30 105 34
98 40 107 43
99 0 100 19
100 44 119 45
101 0 102 19
101 20 104 29
103 0 106 9
103 10 107 17
103 18 122 19
105 20 108 29
106 30 113 34
107 0 110 9
108 10 112 17
108 40 117 43
109 20 112 29
109 38 128 39
111 0 114 9
113 10 117 17
113 20 116 29
114 30 118 37
115 0 118 9
117 20 120 29
118 10 122 17
118 40 127 43
119 0 122 9
119 30 123 37
120 44 139 45
121 20 124 29
123 0 124 19
124 30 128 37
125 0 128 9
125 10 126 29
127 10 128 29
128 40 137 43
129 0 129 39
130 0 130 39
131 0 131 39
132 0 132 39
133 0 133 39
134 0 134 39
135 0 135 39
136 0 136 39
137 0 137 39
138 0 138 39
138 40 147 43
139 0 139 39
140 0 140 39
140 44 159 45
141 0 142 19
141 20 142 39
143 0 143 39
144 0 144 39
145 0 145 39
146 0 146 39
147 0 147 39
148 0 148 39
148 40 157 43
149 0 149 39
150 0 150 39
151 0 151 39
152 0 152 39
153 0 156 9
153 10 154 29
153 30 156 39
155 10 156 29
157 0 157 39
158 0 158 39
158 40 167 43
159 0 159 39
160 0 160 39
160 44 179 45
161 0 161 39
162 0 162 39
163 0 163 39
164 0 164 39
165 0 165 39
166 0 166 39
167 0 167 39
168 0 168 39
168 40 177 43
169 0 169 39
170 0 170 39
171 0 171 39
172 0 172 39
173 0 173 39
174 0 174 39
175 0 175 39
176 0 176 39
177 0 177 39
178 0 178 39
178 40 187 43
179 0 179 39
180 0 180 39
180 44 199 45
181 0 181 39
182 0 182 39
183 0 183 39
184 0 185 19
184 20 185 39
186 0 186 39
187 0 187 39
188 0 188 39
188 40 197 43
189 0 189 39
190 0 190 39
191 0 191 39
192 0 192 39
193 0 193 39
194 0 194 39
195 0 195 39
196 0 196 39
197 0 197 39
198 0 198 39
198 40 207 43
199 0 199 39
200 0 200 39
200 44 219 45
201 0 201 39
202 0 202 39
203 0 203 39
204 0 204 39
205 0 205 39
206 0 206 39
207 0 207 39
208 0 208 39
208 40 217 43
209 0 209 39
210 0 210 39
211 0 211 39
212 0 212 39
213 0 213 39
214 0 214 39
215 0 215 39
216 0 216 39
217 0 217 39
218 0 218 39
218 40 227 43
219 0 219 39
220 0 220 39
220 44 239 45
221 0 221 39
222 0 222 39
223 0 223 39
224 0 224 39
225 0 225 39
226 0 226 39
227 0 227 39
228 0 228 39
228 40 237 43
229 0 229 39
230 0 230 39
231 0 231 39
232 0 232 39
233 0 233 39
234 0 234 39
235 0 235 39
236 0 236 39
237 0 237 39
238 0 238 39
238 40 247 43
239 0 239 39
240 0 240 39
240 44 258 45
241 0 241 39
242 0 242 39
243 0 243 39
244 0 244 39
245 0 245 39
246 0 246 39
247 0 247 39
248 0 248 39
248 40 257 43
249 0 249 39
250 0 250 39
251 0 251 39
252 0 253 19
252 20 255 29
252 30 256 37
252 38 271 39
254 0 255 19
256 0 257 19
256 20 259 29
257 30 261 37
258 0 259 19
258 40 277 41
258 42 297 42
259 43 271 45
260 0 261 19
260 20 263 29
262 0 263 19
262 30 266 37
264 0 265 19
264 20 267 29
266 0 267 19
267 30 271 37
268 0 269 19
268 20 275 24
268 25 275 29
270 0 271 19
272 0 273 19
272 30 275 39
272 43 291 44
272 45 311 45
274 0 275 19
276 0 276 39
277 0 277 39
278 0 278 39
278 40 297 41
279 0 279 39
280 0 280 39
281 0 281 39
282 0 282 39
283 0 283 39
284 0 284 39
285 0 285 39
286 0 286 39
287 0 287 39
288 0 288 39
289 0 289 39
290 0 290 39
291 0 291 39
292 0 292 39
292 43 311 44
293 0 293 39
294 0 294 39
295 0 296 19
295 20 296 39
297 0 297 39
298 0 298 39
298 40 317 41
298 42 337 42
299 0 299 39
300 0 300 39
301 0 301 39
302 0 302 39
303 0 303 39
304 0 304 39
305 0 305 39
306 0 306 39
307 0 307 39
308 0 308 39
309 0 309 39
310 0 310 39
311 0 311 39
312 0 312 39
312 43 331 44
312 45 351 45
313 0 313 39
314 0 314 39
315 0 316 19
315 20 316 39
317 0 317 39
318 0 318 39
318 40 337 41
319 0 319 39
320 0 320 39
321 0 321 39
322 0 322 39
323 0 323 39
324 0 324 39
325 0 325 39
326 0 326 39
327 0 327 39
328 0 328 39
329 0 329 39
330 0 330 39
331 0 331 39
332 0 332 39
332 43 351 44
333 0 333 39
334 0 334 39
335 0 335 39
336 0 336 39
337 0 337 39
338 0 338 39
338 40 357 41
338 42 377 42
339 0 339 39
340 0 340 39
341 0 341 39
342 0 342 39
343 0 343 39
344 0 344 39
345 0 345 39
346 0 346 39
347 0 348 19
347 20 348 39
349 0 349 39
350 0 350 39
351 0 351 39
352 0 352 39
352 43 371 44
352 45 391 45
353 0 353 39
354 0 355 19
354 20 355 39
356 0 356 39
357 0 357 39
358 0 358 39
358 40 377 41
359 0 359 39
360 0 360 39
361 0 361 39
362 0 362 39
363 0 363 39
364 0 364 39
365 0 365 39
366 0 366 39
367 0 367 39
368 0 368 39
369 0 369 39
370 0 370 39
371 0 371 39
372 0 372 39
372 43 391 44
373 0 373 39
374 0 374 39
375 0 375 39
376 0 376 39
377 0 377 39
378 0 378 39
378 40 397 41
378 42 411 42
379 0 379 39
380 0 381 19
380 20 383 29
380 30 383 39
382 0 383 19
384 0 384 39
385 0 385 39
386 0 386 39
387 0 387 39
388 0 388 39
389 0 389 39
390 0 390 39
391 0 391 39
392 0 392 39
392 43 411 44
392 45 431 45
393 0 393 39
394 0 394 39
395 0 395 39
396 0 396 39
397 0 397 39
398 0 398 39
398 40 417 41
399 0 399 39
400 0 400 39
401 0 401 39
402 0 402 39
403 0 403 39
404 0 404 39
405 0 405 39
406 0 406 39
407 0 407 39
408 0 408 39
409 0 409 39
410 0 410 39
411 0 411 39
412 0 412 39
412 42 424 44
413 0 413 39
414 0 414 39
415 0 415 39
416 0 416 39
417 0 417 39
418 0 418 29
421 40 436 41
418 30 420 41
419 0 420 19
419 20 422 29
421 0 422 19
421 30 424 39
423 0 424 19
423 22 426 29
425 0 426 19
425 30 428 39
425 42 437 44
427 0 428 19
427 22 430 29
429 0 430 19
429 30 432 39
431 0 432 19
431 22 434 29
433 0 434 19
433 30 436 39
435 0 436 19
435 22 439 29
437 0 438 19
437 30 439 41
423 20 439 21
