208
0 0 0 17
0 18 0 35
0 36 0 53
0 54 0 71
0 72 0 89
0 90 0 107
0 108 0 125
0 126 0 143
0 144 0 161
0 162 0 179
0 180 0 197
0 198 0 215
0 216 0 233
0 234 0 251
0 252 0 269
0 270 0 287
0 288 0 305
0 306 0 323
0 324 0 341
0 342 0 359
0 360 0 377
0 378 0 395
0 396 0 413
0 414 0 431
0 432 0 449
0 450 1 457
0 458 4 460
1 0 1 17
1 18 1 35
1 36 1 53
1 54 1 71
1 72 1 89
1 90 1 107
1 108 1 125
1 126 1 143
1 144 1 161
1 162 1 179
1 180 1 197
1 198 1 215
1 216 1 233
1 234 1 251
1 252 1 269
1 270 1 287
1 288 1 305
1 306 1 323
1 324 1 341
1 342 1 359
1 360 1 377
1 378 1 395
1 396 1 413
1 414 1 431
1 432 1 449
2 0 2 17
2 18 2 35
2 36 2 53
2 54 2 71
2 72 2 89
2 90 2 107
2 108 2 125
2 126 2 143
2 144 2 161
2 162 2 179
2 180 2 197
2 198 2 215
2 216 2 233
2 234 2 251
2 252 2 269
2 270 2 287
2 288 2 305
2 306 2 323
2 324 2 341
2 342 2 359
2 360 2 377
2 378 2 395
2 396 2 413
2 414 2 431
2 432 2 449
2 450 4 454
2 455 4 457
3 0 3 17
3 18 3 35
3 36 3 53
3 54 3 71
3 72 3 89
3 90 3 107
3 108 3 125
3 126 3 143
3 144 3 161
3 162 3 179
3 180 3 197
3 198 3 215
3 216 3 233
3 234 3 251
3 252 3 269
3 270 3 287
3 288 3 305
3 306 3 323
3 324 3 341
3 342 3 359
3 360 3 377
3 378 3 395
3 396 3 413
3 414 3 431
3 432 3 449
4 0 4 17
4 18 4 35
4 36 4 53
4 54 4 71
4 72 4 89
4 90 4 107
4 108 4 125
4 126 4 143
4 144 4 161
4 162 4 179
4 180 4 197
4 198 4 215
4 216 4 233
4 234 4 251
4 252 4 269
4 270 4 287
4 288 4 305
4 306 4 323
4 324 4 341
4 342 4 359
4 360 4 377
4 378 4 395
4 396 4 413
4 414 4 431
4 432 4 449
5 0 5 17
5 18 5 35
5 36 5 53
5 54 5 71
5 72 5 89
5 90 5 107
5 108 5 125
5 126 7 131
5 132 5 149
5 150 5 167
5 168 5 185
5 186 5 203
5 204 5 221
5 222 5 239
5 240 5 257
5 258 5 275
5 276 5 293
5 294 5 311
5 312 5 329
5 330 5 347
5 348 5 365
5 366 5 383
5 384 5 401
5 402 5 419
5 420 5 437
5 438 6 446
5 447 6 452
5 453 7 457
6 0 6 17
6 18 6 35
6 36 6 53
6 54 6 71
6 72 6 89
6 90 6 107
6 108 6 120
6 132 6 149
6 150 6 167
6 168 6 185
6 186 6 203
6 204 6 221
6 222 6 239
6 240 6 257
6 258 6 275
6 276 6 293
6 294 6 311
6 312 6 329
6 330 6 347
6 348 6 365
6 366 6 383
6 384 6 401
6 402 6 419
6 420 6 437
5 458 7 460
7 0 7 17
7 18 7 34
7 35 7 52
7 53 7 70
7 71 7 88
7 89 7 106
7 107 7 120
6 121 7 125
7 132 7 149
7 150 7 167
7 168 7 185
7 186 7 203
7 204 7 221
7 222 7 239
7 240 7 257
7 258 7 275
7 276 7 293
7 294 7 311
7 312 7 329
7 330 7 347
7 348 7 365
7 366 7 383
7 384 7 401
7 402 7 419
7 420 7 437
7 438 7 452
