1103
0 1 13 1
0 2 0 16
0 17 0 31
0 32 0 46
0 47 13 47
0 49 14 49
0 51 4 53
0 54 2 58
0 59 0 73
0 74 0 88
0 89 0 103
0 104 0 118
0 119 2 123
0 124 0 138
0 139 0 153
0 154 0 168
0 169 2 173
0 174 14 174
0 175 14 175
0 177 12 177
0 179 0 193
0 194 2 198
0 199 0 213
0 214 0 228
0 229 0 243
0 244 1 250
0 251 0 265
0 266 0 280
0 281 4 283
0 284 13 284
0 286 13 286
0 287 6 288
0 290 0 304
0 305 1 309
0 310 14 310
0 311 14 311
0 312 1 318
0 319 0 333
0 334 0 348
0 349 2 353
0 354 2 358
0 359 0 373
0 374 2 378
0 379 2 383
0 384 0 398
0 399 2 403
0 404 0 418
0 419 0 433
0 434 0 448
0 449 0 463
0 464 0 478
0 479 0 493
0 494 2 498
0 500 0 514
0 515 0 529
0 530 0 544
0 545 0 559
0 560 2 564
0 565 2 568
5 570 19 570
0 569 4 571
0 573 14 573
0 574 14 574
0 577 12 577
0 580 4 582
0 583 0 597
0 598 2 602
0 603 0 617
0 618 0 632
0 633 0 647
0 648 2 652
0 653 2 657
0 658 4 660
0 661 13 661
1 2 1 16
1 17 1 31
1 32 1 45
1 59 3 63
1 64 1 78
1 79 1 93
1 94 3 98
1 99 1 113
1 114 3 118
1 124 1 138
1 139 1 153
1 154 1 168
1 178 15 178
1 179 1 193
1 199 1 213
1 214 1 228
1 229 1 243
1 251 1 265
1 266 1 275
1 291 5 293
1 294 5 296
1 297 3 301
1 319 1 333
1 334 3 338
1 339 3 343
1 344 5 346
1 347 15 347
1 359 1 373
1 384 3 388
1 389 3 393
1 394 15 394
1 395 15 395
1 396 15 396
1 397 7 398
1 404 14 404
1 406 15 406
1 409 1 423
1 425 5 427
1 428 15 428
1 429 3 433
1 434 3 438
1 439 3 443
1 444 3 448
1 449 1 463
1 464 1 478
1 479 1 493
1 499 1 513
1 514 1 528
1 529 1 543
1 544 1 558
1 559 15 559
1 579 15 579
1 583 1 597
1 603 3 607
1 608 14 608
1 609 14 609
1 610 1 624
1 625 1 639
1 640 3 644
1 645 14 645
1 647 15 647
2 2 16 2
2 3 6 5
2 7 2 21
2 22 2 36
2 37 6 39
2 40 4 44
2 45 15 45
1 46 15 46
2 48 16 48
2 50 16 50
2 64 2 78
2 79 2 93
2 99 4 103
2 104 3 110
2 111 16 111
2 112 16 112
2 124 2 138
2 139 2 153
2 154 2 168
2 176 16 176
2 179 6 181
2 182 6 184
2 185 4 189
2 190 6 192
2 193 15 193
2 199 2 213
2 214 2 228
2 229 4 233
2 234 4 238
2 239 4 243
2 244 16 244
2 246 3 252
2 253 2 267
2 268 3 274
2 275 16 275
4 276 16 276
1 276 3 280
2 302 16 302
2 303 3 309
2 312 2 326
2 327 4 331
2 332 16 332
2 333 16 333
2 359 4 363
2 364 6 366
2 367 4 371
2 372 16 372
2 373 14 373
2 407 2 421
2 422 16 422
2 423 16 423
2 449 2 463
2 464 2 478
2 479 2 493
2 499 2 513
2 514 2 528
2 529 2 543
2 544 2 558
2 583 2 597
2 610 2 624
2 625 8 626
2 627 16 627
2 628 16 628
2 629 12 629
2 630 3 635
2 637 6 639
3 6 3 20
3 21 3 35
3 54 5 58
3 64 3 78
3 79 5 83
3 85 17 85
3 87 5 91
3 93 17 93
3 119 3 133
3 134 3 148
3 149 3 163
3 164 5 168
3 169 7 171
3 172 17 172
3 194 3 208
3 209 3 223
3 224 5 228
3 253 7 255
3 256 5 260
3 261 5 265
3 266 17 266
3 289 17 289
3 313 7 315
3 316 9 317
3 318 5 322
3 323 7 325
3 348 5 352
3 353 5 356
3 357 9 358
3 374 4 380
3 381 17 381
3 382 17 382
3 383 17 383
3 399 5 403
3 408 4 414
3 415 5 419
3 420 17 420
3 421 16 421
3 449 3 463
3 464 3 478
3 479 3 492
3 493 7 495
3 496 9 497
3 499 3 513
3 514 3 528
3 529 5 533
3 534 15 534
3 536 4 542
3 543 3 557
3 560 15 560
3 561 5 565
3 566 7 568
3 583 3 597
3 598 5 602
3 610 3 624
3 648 15 648
3 649 5 653
3 654 16 654
3 655 7 657
4 6 6 10
4 11 6 15
4 16 6 20
4 21 6 25
4 27 16 27
4 28 16 28
4 29 16 29
4 32 15 32
4 59 4 73
4 74 6 78
4 84 18 84
4 86 18 86
4 94 6 98
4 105 6 109
4 110 18 110
4 113 6 117
4 118 18 118
4 119 4 133
4 134 18 134
4 135 4 149
4 150 8 152
4 153 6 157
4 158 6 162
4 194 4 207
4 208 6 212
4 213 6 217
4 218 6 222
4 223 17 223
4 245 8 247
4 248 18 248
4 249 18 249
4 251 16 251
4 268 10 269
4 270 17 270
4 271 18 271
4 272 8 274
4 277 18 277
4 280 18 280
4 297 6 301
4 305 6 309
4 335 8 337
4 338 18 338
4 339 6 343
4 384 6 388
4 389 5 393
4 405 18 405
4 429 4 442
4 443 5 449
4 450 6 454
4 455 4 469
4 470 6 474
4 475 4 489
4 490 7 492
4 498 4 512
4 513 4 525
4 526 8 528
4 543 4 557
4 575 18 575
4 576 18 576
4 583 4 597
4 603 6 607
4 610 4 624
4 633 8 635
2 636 16 636
4 640 6 644
5 0 19 0
5 30 19 30
5 33 11 34
5 40 7 44
5 51 9 53
5 59 5 73
5 100 19 100
5 101 19 101
5 119 11 120
5 121 9 123
5 124 7 128
5 129 19 129
5 130 11 131
5 132 18 132
5 133 18 133
5 135 5 149
5 185 7 189
5 194 7 198
5 201 9 203
5 205 19 205
5 206 19 206
5 229 7 233
5 234 7 238
5 239 7 243
5 250 19 250
5 267 19 267
5 281 9 283
5 326 7 330
5 359 7 363
5 367 7 371
5 376 19 376
5 378 19 378
5 379 19 379
5 408 7 412
5 413 19 413
5 414 19 414
5 429 7 433
5 434 7 438
5 439 9 441
5 442 19 442
5 455 5 469
5 475 5 489
5 498 5 512
5 513 6 519
5 520 7 524
5 535 5 548
5 551 7 554
5 555 9 557
5 558 19 558
5 571 19 571
5 581 9 583
5 584 9 586
5 587 7 591
5 592 7 596
5 597 15 597
5 610 5 624
5 658 9 660
6 35 20 35
6 54 6 68
6 69 8 73
6 79 20 79
6 80 20 80
6 81 20 81
6 82 11 83
6 87 10 89
6 90 12 91
6 99 20 99
6 102 20 102
6 104 20 104
6 135 6 149
6 163 8 167
6 168 20 168
6 173 20 173
6 224 8 228
6 252 20 252
6 256 8 260
6 261 8 265
6 290 10 292
6 293 20 293
6 294 10 296
6 318 8 322
6 344 10 346
6 348 12 349
6 352 18 352
6 353 10 355
6 356 16 356
6 377 20 377
6 399 8 403
6 418 20 418
6 424 9 426
6 427 19 427
6 445 8 449
6 455 6 469
6 475 6 489
6 498 6 512
6 529 10 531
6 532 20 532
6 533 20 533
6 535 6 548
6 561 10 563
6 564 20 564
6 569 20 569
6 572 20 572
6 598 10 600
6 601 19 601
6 610 6 624
6 630 12 631
6 646 20 646
6 649 10 651
6 652 20 652
7 3 7 17
7 18 9 22
7 23 11 25
7 31 21 31
7 36 13 37
7 54 7 68
7 74 9 78
7 96 21 96
7 105 9 109
7 113 9 117
7 135 21 135
7 137 9 141
7 142 9 146
7 147 11 149
7 153 9 157
7 158 9 162
7 180 11 182
7 183 16 183
7 184 19 184
7 190 11 192
7 207 11 209
7 211 11 213
7 214 9 218
7 219 11 221
7 222 17 222
7 279 21 279
7 288 17 288
7 297 19 297
7 298 11 300
7 303 8 309
7 339 9 343
7 350 13 351
7 364 11 366
7 374 13 375
7 385 11 387
7 388 21 388
6 389 8 393
7 415 21 415
7 450 7 464
7 465 8 471
7 472 11 474
7 475 21 475
7 478 11 480
7 481 9 485
7 486 11 488
7 489 21 489
7 498 7 512
7 513 8 519
7 535 13 536
7 537 21 537
9 538 23 538
7 538 8 544
7 545 9 548
7 565 21 565
7 580 21 580
7 602 9 605
7 606 11 607
7 610 7 624
7 637 9 641
7 642 11 644
8 3 8 17
8 38 10 42
8 43 21 43
8 44 21 44
8 54 8 68
8 124 10 128
8 169 20 169
8 185 10 189
8 194 10 197
8 198 14 199
8 229 8 243
8 253 12 255
8 312 12 314
8 315 22 315
8 323 10 327
8 328 12 329
8 330 14 331
8 359 12 361
8 362 20 362
8 363 20 363
8 367 10 371
8 397 20 397
8 398 22 398
8 407 10 411
8 412 19 412
8 429 10 433
8 434 10 438
8 450 8 464
8 476 22 476
8 493 11 495
8 498 12 500
8 501 10 505
8 506 10 509
8 511 22 511
8 512 22 512
8 520 12 522
8 523 20 523
8 524 22 524
8 525 22 525
8 551 10 554
8 568 22 568
8 578 22 578
8 587 10 591
8 592 10 596
8 610 8 624
8 655 12 657
9 3 9 17
9 54 9 68
9 69 11 73
9 92 23 92
9 98 23 98
9 150 13 152
9 165 23 165
9 224 9 238
9 239 11 243
9 245 13 247
9 256 13 258
9 259 11 263
9 264 23 264
9 272 13 274
9 287 23 287
9 304 13 306
9 307 23 307
9 308 23 308
9 309 23 309
9 318 11 322
9 334 13 336
9 337 23 337
9 384 23 384
9 389 11 393
9 399 11 403
9 416 23 416
9 419 23 419
9 443 9 457
10 458 12 462
9 458 9 471
13 490 25 490
8 490 12 492
9 513 23 513
9 514 11 518
9 519 21 519
9 527 22 527
9 528 22 528
9 539 23 539
9 540 21 540
9 541 21 541
9 542 21 542
9 543 23 543
9 544 23 544
9 610 9 624
9 632 13 634
9 635 22 635
10 3 10 17
10 18 12 22
10 51 10 65
10 66 21 66
10 67 21 67
10 68 24 68
10 74 19 74
10 75 16 76
10 77 24 77
10 78 21 78
10 97 24 97
10 105 12 109
10 113 23 113
10 114 23 114
10 115 23 115
10 116 24 116
10 117 24 117
10 121 23 121
10 122 23 122
10 136 16 137
10 138 14 140
10 141 12 145
10 146 24 146
10 154 14 156
10 157 12 161
10 162 24 162
10 164 24 164
10 171 24 171
10 200 14 202
10 214 14 216
10 217 24 217
10 224 10 238
10 265 24 265
10 281 20 281
10 282 19 282
10 316 23 316
10 317 23 317
10 339 13 341
10 357 23 357
10 380 24 380
10 417 24 417
10 439 14 441
10 443 24 443
10 444 12 448
10 449 14 451
10 452 24 452
10 454 24 454
10 455 14 457
10 463 12 467
10 468 14 470
10 471 24 471
10 481 14 483
10 545 24 545
10 546 14 548
5 549 11 550
10 555 14 557
10 567 24 567
10 581 12 584
10 585 15 586
10 602 14 604
10 610 10 624
10 637 12 641
10 658 14 660
11 3 13 7
11 8 13 12
11 13 15 15
11 16 25 16
11 17 25 17
11 38 13 42
11 51 13 55
11 56 13 60
11 61 25 61
11 62 25 62
11 63 15 65
11 87 15 89
11 123 13 127
11 128 25 128
11 170 25 170
11 185 13 189
11 194 15 196
11 224 11 238
11 268 17 269
11 290 15 292
11 294 15 296
11 323 13 327
11 344 15 346
11 354 23 354
11 367 13 371
11 407 13 411
10 424 14 426
11 429 17 430
11 431 12 437
11 438 25 438
11 501 22 501
11 502 22 502
11 504 15 506
11 507 25 507
11 508 17 509
8 510 22 510
11 529 15 531
11 551 15 553
11 554 20 554
11 561 15 563
11 587 13 591
11 592 13 596
11 598 15 600
11 610 11 624
11 649 23 649
11 651 25 651
12 23 25 23
12 24 25 24
12 34 26 34
12 69 14 73
12 94 18 95
12 119 23 119
12 131 23 131
12 147 26 147
12 148 26 148
12 163 26 163
12 180 18 181
12 190 24 190
12 192 24 192
12 197 26 197
12 207 14 211
12 212 24 212
12 213 24 213
12 219 16 221
12 224 12 238
12 239 14 243
12 259 16 261
12 262 26 262
12 263 26 263
12 298 16 300
12 318 14 322
12 364 16 366
12 385 23 385
12 386 26 386
12 387 26 387
12 389 14 393
12 399 14 403
13 458 26 458
13 459 26 459
13 462 26 462
12 472 26 472
12 473 26 473
12 478 16 480
12 487 25 487
12 488 25 488
12 493 14 497
12 514 14 518
12 605 16 607
12 610 12 624
12 642 16 644
13 19 17 21
13 22 25 22
12 82 18 83
13 105 15 109
13 141 15 145
13 157 15 161
13 224 13 238
13 253 19 254
13 255 24 255
13 312 17 314
13 328 19 329
13 349 24 349
13 358 17 360
13 361 26 361
13 431 14 437
13 445 19 446
13 447 19 448
13 460 19 461
13 464 17 466
13 492 25 492
13 499 19 500
13 521 26 521
13 581 17 583
13 610 13 623
13 624 17 626
13 629 19 630
13 631 26 631
13 637 17 638
13 640 26 640
13 655 16 657
14 3 16 6
14 7 18 9
14 36 18 38
14 39 26 39
14 40 20 41
14 51 18 53
14 54 16 58
14 59 20 60
14 123 16 127
14 149 16 153
14 185 16 189
14 224 14 238
14 245 26 245
14 256 18 258
14 272 20 273
14 283 16 286
14 303 16 306
14 323 16 327
14 334 20 335
14 339 16 343
14 351 26 351
14 367 16 371
14 407 16 411
14 536 26 536
14 587 16 591
14 592 16 596
14 610 16 614
14 615 16 619
14 621 18 623
14 632 18 634
14 1 26 1
15 10 19 12
14 47 26 47
15 49 26 49
15 69 17 73
15 138 19 140
15 156 26 156
15 174 20 175
13 177 26 177
15 198 17 202
15 207 17 211
15 214 19 216
15 224 15 237
15 238 19 240
15 241 18 243
15 310 20 311
15 318 17 322
15 330 26 330
15 373 19 375
15 391 19 393
15 399 17 402
15 424 19 426
15 431 19 433
15 434 19 436
15 437 26 437
15 439 19 441
15 449 25 449
15 451 26 451
15 455 26 455
15 467 19 469
15 481 17 485
15 493 19 495
15 514 17 518
15 546 17 550
15 555 19 557
15 573 21 574
13 577 26 577
15 603 26 603
15 658 19 660
14 661 26 661
16 13 20 15
16 32 22 33
16 45 21 46
16 63 20 65
16 87 26 87
16 88 19 90
16 105 18 109
16 141 18 145
16 157 18 161
16 178 26 178
16 193 20 195
16 224 18 228
16 229 18 233
16 234 20 236
16 237 26 237
16 294 20 296
16 344 18 348
16 394 20 396
15 403 19 404
16 406 26 406
16 456 22 457
16 503 20 505
16 529 20 531
16 534 22 535
16 551 20 553
16 559 18 563
16 579 26 579
16 584 20 586
16 597 22 598
16 599 25 599
15 608 20 609
15 645 26 645
16 647 22 648
17 2 19 6
17 25 19 29
17 54 18 58
17 111 23 112
17 123 19 127
17 136 23 137
17 149 19 153
17 182 23 183
17 185 19 189
17 218 21 220
17 259 21 261
17 275 22 276
17 298 19 302
17 332 23 333
17 339 21 341
17 355 23 356
17 364 19 368
17 369 23 370
17 371 23 372
17 408 23 409
17 421 21 423
17 477 23 478
17 480 26 480
17 587 19 591
17 592 19 596
17 604 21 606
17 610 19 614
17 615 19 619
17 627 23 628
17 641 23 642
17 643 23 644
17 653 19 657
18 18 24 19
18 69 20 73
18 198 20 202
18 207 24 208
18 221 22 223
18 268 21 270
18 288 20 292
18 303 20 306
18 318 20 322
18 323 24 324
18 358 22 360
18 381 23 382
18 399 22 401
18 428 22 430
18 463 22 465
18 481 20 485
18 508 24 509
18 514 22 516
18 546 20 550
18 581 22 583
18 624 24 625
18 636 24 637
13 639 26 639
19 7 22 9
19 50 23 52
19 53 20 58
19 82 23 84
19 85 25 86
19 93 25 94
19 105 21 108
19 109 25 110
19 132 23 134
19 141 21 145
19 157 25 158
19 224 21 228
19 229 21 233
19 241 21 244
19 246 25 247
17 251 26 251
19 256 23 258
14 274 26 274
19 344 21 348
19 352 25 353
19 559 21 563
19 632 22 634
20 3 24 5
20 25 22 29
20 74 26 75
20 89 24 91
20 100 26 101
20 123 24 125
20 138 24 140
20 149 22 153
20 159 24 161
20 184 24 186
20 187 26 188
20 205 26 206
20 214 24 216
20 238 24 240
20 248 24 250
20 253 24 254
20 266 26 267
20 282 22 286
20 299 22 302
20 325 22 329
20 342 26 343
20 364 24 366
20 373 23 375
20 378 26 379
20 389 24 391
20 402 26 403
20 404 26 405
20 410 22 414
20 424 22 427
20 431 22 434
20 435 26 436
20 439 25 440
20 441 25 442
20 444 22 448
20 466 23 468
20 493 22 497
20 498 24 500
20 555 24 557
20 587 24 589
20 590 22 594
20 595 25 596
20 600 24 602
21 610 24 612
21 613 22 619
20 610 20 623
20 654 21 660
21 12 25 14
21 53 23 57
21 58 24 60
21 63 25 65
21 69 23 73
21 102 25 104
21 167 25 169
21 172 23 176
21 193 24 195
21 234 25 236
21 280 26 281
21 292 23 296
21 303 25 305
21 310 23 314
21 318 23 322
21 334 25 336
21 393 23 397
21 481 23 485
21 522 26 523
21 529 23 533
21 546 22 552
21 553 26 554
21 569 25 571
21 607 25 609
21 620 25 622
22 40 23 46
22 78 26 80
22 106 26 108
22 141 24 145
22 200 26 202
22 218 26 220
22 224 24 228
22 229 24 233
22 241 26 243
22 259 26 261
20 297 24 298
22 338 26 340
22 344 24 348
22 420 26 421
22 422 26 423
22 517 26 519
22 559 24 563
22 564 25 566
22 572 24 576
22 654 26 656
22 658 26 660
23 6 25 10
23 25 25 29
23 149 25 153
23 221 26 223
22 268 26 270
23 275 25 279
23 299 25 302
21 362 26 363
23 398 25 401
23 411 25 415
23 425 26 427
23 428 24 434
23 444 25 448
23 474 26 476
23 493 25 497
23 501 25 505
23 514 26 516
23 524 25 528
23 546 24 552
23 590 25 594
23 613 24 619
24 40 26 44
24 111 26 115
24 118 26 122
24 129 26 133
24 134 26 137
24 172 26 176
24 306 26 310
24 311 26 315
24 316 26 320
24 325 26 329
24 354 25 360
24 371 26 375
24 381 26 385
24 392 26 396
24 463 25 469
24 481 26 485
22 540 26 542
23 632 25 635
24 646 26 650
25 54 26 60
22 66 26 67
25 138 26 144
25 189 26 195
25 208 26 214
25 225 26 231
25 252 26 258
24 289 26 293
25 344 26 350
25 364 26 370
25 428 26 434
25 529 26 535
25 581 26 587
25 611 26 617
26 2 26 16
26 17 26 31
26 438 26 450
26 486 26 500
26 555 26 566
26 567 26 576
26 588 26 602
