1107
15 42 19 44
10 114 24 114
3 383 17 383
9 239 11 243
2 629 12 629
6 352 18 352
7 364 11 366
9 528 22 528
24 392 26 396
1 610 1 624
17 54 18 58
20 439 25 440
0 577 12 577
6 87 10 89
15 373 19 375
4 610 4 624
3 464 3 478
6 427 19 427
1 297 3 301
0 177 12 177
9 69 11 73
7 3 7 17
6 168 20 168
3 261 5 265
2 583 2 597
21 334 25 336
21 522 26 523
11 508 17 509
11 529 15 531
0 124 0 138
5 378 19 378
2 544 2 558
6 569 20 569
16 529 20 531
9 544 23 544
15 514 17 518
14 7 18 9
1 319 1 333
10 113 24 113
7 537 21 537
8 229 8 243
5 326 7 330
26 588 26 602
7 298 11 300
17 123 19 127
10 452 24 452
12 259 16 261
5 267 19 267
3 420 17 420
5 135 5 149
9 538 23 538
7 610 7 624
11 3 13 7
23 25 25 29
20 600 24 602
1 199 1 213
10 122 24 122
8 551 12 553
9 150 13 152
12 488 25 488
7 18 9 22
1 640 3 644
4 280 18 280
1 439 3 443
3 374 4 380
10 454 24 454
16 63 20 65
15 439 19 441
7 606 11 607
6 377 20 377
17 136 23 137
6 533 20 533
7 545 9 548
7 374 13 375
7 580 21 580
15 138 19 140
3 381 17 381
20 378 26 379
8 315 22 315
22 338 26 340
10 555 14 557
21 561 25 563
12 82 18 83
2 302 16 302
20 555 24 557
6 649 10 651
17 281 19 285
0 119 2 123
0 334 0 348
17 408 23 409
2 199 2 213
4 405 18 405
12 318 14 322
0 404 0 418
20 238 22 242
14 303 16 306
3 318 5 322
16 597 22 598
18 514 22 516
5 429 7 433
8 490 12 492
5 455 5 469
3 54 5 58
0 661 13 661
11 507 25 507
0 515 0 529
0 464 0 478
2 214 2 228
8 510 22 510
5 201 9 203
5 658 9 660
13 312 17 314
20 138 24 140
9 384 23 384
20 431 22 434
2 359 4 363
10 449 14 451
7 637 9 641
13 445 19 446
24 316 26 320
17 642 21 644
10 75 16 76
7 475 21 475
16 141 18 145
7 180 11 182
5 442 19 442
1 178 15 178
3 353 5 356
11 561 15 563
10 443 24 443
10 444 12 448
23 398 25 401
0 51 4 53
2 253 2 267
8 524 22 524
24 306 26 310
10 141 12 145
6 646 20 646
12 487 25 487
2 176 16 176
19 93 25 94
3 598 5 602
17 615 19 619
17 355 23 356
0 47 13 47
7 489 21 489
10 339 13 341
10 77 24 77
25 581 26 587
0 89 0 103
11 598 15 600
7 388 21 388
22 604 24 608
20 444 22 448
0 281 4 283
16 561 20 563
4 513 4 525
2 303 3 309
17 592 19 596
8 185 10 189
15 403 19 404
14 632 18 634
18 229 20 233
12 224 12 238
6 399 8 403
7 158 9 162
9 3 9 17
11 354 23 354
15 49 26 49
1 124 1 138
9 259 11 263
14 256 18 258
22 642 26 644
17 111 23 112
4 153 6 157
3 266 17 266
5 414 19 414
13 637 17 638
18 88 24 89
4 6 6 10
16 579 26 579
7 190 11 192
13 105 15 109
18 508 24 509
10 121 24 121
4 218 6 222
4 74 6 78
21 102 25 104
23 524 25 528
9 92 23 92
3 348 5 352
13 490 17 492
22 658 26 660
9 54 9 68
13 521 26 521
0 214 0 228
7 135 21 135
4 389 5 393
19 32 25 33
13 224 13 238
4 470 6 474
22 141 24 145
12 34 26 34
6 455 6 469
23 590 25 594
16 87 26 87
0 618 0 632
9 519 21 519
5 133 18 133
16 456 22 457
20 424 22 427
4 498 4 512
0 349 2 353
24 134 26 137
3 499 3 513
21 310 23 314
0 374 2 378
3 496 9 497
5 571 19 571
8 578 22 578
10 116 24 116
3 493 7 495
22 78 26 80
10 97 24 97
4 11 6 15
25 428 26 434
3 253 7 255
9 272 13 274
21 303 25 305
7 535 13 536
3 256 5 260
5 439 9 441
21 12 25 14
15 455 26 455
13 499 19 500
25 105 26 110
0 284 13 284
8 498 12 500
0 174 14 174
3 583 3 597
16 647 22 648
4 384 6 388
24 636 26 640
2 154 2 168
2 514 2 528
8 330 14 331
2 48 16 48
25 189 26 195
19 7 22 9
6 102 20 102
15 434 19 436
4 271 18 271
13 460 17 462
7 288 17 288
10 357 16 358
20 282 22 286
5 185 7 189
5 610 5 624
2 499 2 513
0 500 0 514
22 572 24 576
23 493 25 497
9 264 23 264
12 119 26 119
1 214 1 228
20 595 25 596
11 367 13 371
0 290 0 304
2 112 16 112
3 560 17 560
3 323 7 325
2 630 3 635
14 334 20 335
1 434 3 438
7 486 11 488
8 568 22 568
1 647 15 647
8 3 8 17
9 539 23 539
9 632 13 634
3 93 17 93
3 561 5 565
6 630 12 631
11 61 25 61
11 123 13 127
0 175 14 175
2 111 16 111
11 51 13 55
9 98 23 98
2 64 2 78
19 50 23 52
24 481 26 485
11 62 25 62
15 555 19 557
4 450 6 454
14 47 26 47
9 542 21 542
17 149 19 153
12 192 24 192
5 587 7 591
25 138 26 144
0 384 0 398
7 147 11 149
11 344 15 346
8 194 10 197
1 64 1 78
8 397 20 397
12 473 26 473
2 182 6 184
19 246 25 247
8 655 12 657
21 58 24 60
15 645 26 645
10 136 16 137
0 399 2 403
21 569 25 571
25 364 26 370
13 328 19 329
7 211 11 213
11 170 25 170
5 0 19 0
1 406 15 406
12 605 16 607
20 234 24 236
10 214 14 216
18 288 20 292
22 540 26 542
18 18 24 19
1 579 15 579
21 393 23 397
7 219 11 221
9 543 23 543
23 444 25 448
4 272 8 274
13 464 17 466
18 428 22 430
1 384 3 388
6 389 8 393
2 50 16 50
23 501 25 505
0 169 2 173
11 649 23 649
2 45 15 45
10 424 14 426
22 627 26 629
9 540 21 540
10 115 24 115
13 629 19 630
14 51 18 53
10 3 10 17
7 74 9 78
5 250 19 250
15 546 17 550
6 535 6 548
4 268 10 269
8 363 20 363
6 261 8 265
0 598 2 602
20 441 25 442
3 566 7 568
26 2 26 16
10 67 21 67
20 299 22 302
20 587 24 589
7 481 9 485
21 357 23 361
3 655 7 657
3 649 5 653
10 471 24 471
18 323 24 324
0 104 0 118
10 68 24 68
7 23 11 25
19 268 23 270
3 313 7 315
17 259 21 261
17 480 26 480
13 447 19 448
5 359 7 363
0 545 0 559
9 318 11 322
19 210 23 212
21 172 23 176
2 625 8 626
18 221 22 223
20 342 26 343
12 493 14 497
19 256 23 258
15 241 19 243
1 334 3 338
11 87 15 89
2 637 6 639
17 626 21 628
0 305 1 309
25 344 26 350
6 561 10 563
0 653 2 657
2 373 14 373
8 429 10 433
24 614 26 618
24 225 26 229
6 90 12 91
0 49 14 49
14 123 16 127
4 276 8 278
7 465 8 471
0 194 2 198
8 124 10 128
8 493 11 495
14 661 26 661
14 3 16 6
4 28 16 28
2 529 2 543
4 223 17 223
15 399 17 402
23 632 25 635
8 323 10 327
12 610 12 624
5 281 9 283
11 501 22 501
3 399 5 403
17 587 19 591
1 347 15 347
4 84 18 84
5 584 9 586
8 328 12 329
0 648 2 652
1 609 14 609
6 224 8 228
4 150 8 152
1 229 1 243
5 124 7 128
15 174 20 175
4 338 18 338
5 570 19 570
0 199 0 213
10 567 24 567
11 194 15 196
5 51 9 53
0 311 14 311
21 69 23 73
5 555 9 557
10 66 21 66
15 658 19 660
0 319 0 333
6 173 20 173
5 581 9 583
14 587 16 591
23 221 26 223
6 498 6 512
10 317 23 317
2 3 6 5
11 17 25 17
4 297 6 301
11 323 13 327
0 139 0 153
20 325 22 329
15 237 26 237
22 200 26 202
1 139 1 153
0 658 4 660
15 449 25 449
1 499 1 513
4 158 6 162
8 362 20 362
1 276 3 280
5 535 5 548
13 431 14 437
11 431 12 437
20 364 24 366
9 337 23 337
2 99 4 103
16 599 25 599
12 514 14 518
1 154 1 168
0 530 0 544
8 253 12 255
4 27 16 27
7 137 9 141
11 56 13 60
6 344 10 346
6 445 8 449
3 415 5 419
1 645 14 645
2 234 4 238
22 218 26 220
16 534 22 535
9 334 13 336
7 96 21 96
0 54 2 58
1 339 3 343
18 481 20 485
2 628 16 628
15 229 17 233
4 118 18 118
21 193 24 195
14 54 16 58
7 538 8 544
15 234 19 236
8 506 10 509
5 551 7 554
15 431 19 433
5 367 7 371
0 434 0 448
10 105 12 109
1 114 3 118
5 234 7 238
1 409 1 423
2 37 6 39
3 449 3 463
18 69 20 73
1 583 1 597
2 333 16 333
2 22 2 36
3 6 3 20
2 449 2 463
21 529 23 533
14 1 26 1
2 364 6 366
1 389 3 393
8 412 19 412
2 193 15 193
3 172 17 172
21 292 23 296
0 286 13 286
3 119 3 133
4 29 16 29
22 420 26 421
4 339 6 343
0 59 0 73
1 559 15 559
19 82 23 84
4 135 4 149
20 149 22 153
25 54 26 60
9 256 13 258
2 327 4 331
12 263 26 263
15 437 26 437
15 451 26 451
8 520 12 522
7 31 21 31
3 648 15 648
20 248 24 250
17 182 23 183
21 615 23 619
0 449 0 463
0 154 0 168
6 290 10 292
6 598 10 600
10 545 24 545
15 238 19 240
13 22 25 22
15 573 21 574
22 564 25 566
11 429 17 430
24 325 26 329
23 514 26 516
11 16 25 16
20 389 24 391
17 2 19 6
4 105 6 109
6 163 8 167
8 312 12 314
20 610 20 623
13 255 24 255
17 653 19 657
14 39 26 39
0 17 0 31
1 17 1 31
12 180 18 181
7 153 9 157
15 481 17 485
16 503 20 505
10 171 24 171
8 476 22 476
10 439 14 441
2 190 6 192
10 417 24 417
12 94 18 95
12 364 16 366
4 134 18 134
22 259 26 261
18 357 20 361
1 444 3 448
12 385 23 385
12 190 24 190
8 367 10 371
22 422 26 423
20 159 24 161
16 105 18 109
19 141 21 145
20 466 23 468
10 74 19 74
22 105 24 109
7 450 7 464
12 386 26 386
3 529 5 533
0 179 0 193
20 590 22 594
23 6 25 10
18 381 23 382
5 40 7 44
6 424 9 426
15 224 17 228
4 119 4 133
20 498 24 500
17 421 21 423
10 224 10 238
21 53 23 57
10 154 14 156
1 179 1 193
7 478 11 480
6 532 20 532
18 636 20 640
9 610 9 624
12 163 26 163
2 185 4 189
20 458 24 460
10 51 10 65
1 529 1 543
4 248 18 248
4 113 6 117
6 256 8 260
9 309 23 309
21 620 25 622
3 169 7 171
5 119 11 120
9 513 23 513
10 281 16 282
10 138 14 140
1 603 3 607
4 16 6 20
20 184 24 186
14 224 14 238
0 583 0 597
9 458 9 471
4 213 6 217
4 249 18 249
8 511 22 511
23 238 25 242
20 654 21 660
4 583 4 597
14 36 18 38
1 59 3 63
9 224 9 238
4 443 5 449
1 404 14 404
5 475 5 489
12 262 26 262
3 357 9 358
8 525 22 525
2 239 4 243
20 187 26 188
2 423 16 423
8 587 10 591
5 592 7 596
10 468 14 470
20 205 26 206
4 455 4 469
21 610 23 614
13 655 16 657
17 610 19 614
13 631 26 631
8 523 20 523
3 87 5 91
8 359 12 361
6 601 19 601
14 323 16 327
24 282 25 288
5 205 19 205
2 7 2 21
20 266 26 267
21 461 23 465
20 551 24 553
5 597 15 597
7 36 13 37
14 339 16 343
17 332 23 333
3 289 17 289
6 293 20 293
9 635 22 635
18 559 24 560
1 396 15 396
14 272 20 273
22 66 26 67
15 207 17 211
11 268 17 269
12 387 26 387
0 1 13 1
14 621 18 623
6 294 10 296
3 421 16 421
4 429 4 442
5 498 5 512
3 149 3 163
10 602 14 604
1 425 5 427
10 217 24 217
1 291 5 293
1 46 15 46
4 335 8 337
10 316 23 316
26 438 26 450
25 252 26 258
10 18 12 22
5 413 19 413
1 266 1 275
22 517 26 519
11 290 15 292
0 287 6 288
15 330 26 330
18 224 20 228
9 245 13 247
2 104 3 110
20 123 24 125
4 603 6 607
18 546 20 550
3 408 4 414
6 104 20 104
7 113 9 117
5 132 18 132
8 38 10 42
15 318 17 322
11 224 11 238
10 610 10 624
14 536 26 536
5 379 19 379
12 239 14 243
7 350 13 351
0 569 4 571
13 549 14 553
12 478 16 480
2 332 16 332
9 443 9 457
20 74 26 75
6 35 20 35
5 121 9 123
4 575 18 575
17 364 19 368
11 38 13 42
2 229 4 233
13 349 24 349
5 59 5 73
18 461 20 465
0 379 2 383
8 501 10 505
7 183 16 183
26 17 26 31
12 219 16 221
6 572 20 572
10 658 14 660
5 408 7 412
13 177 26 177
21 63 25 65
23 299 25 302
0 310 14 310
11 8 13 12
10 463 12 467
12 298 16 300
9 165 23 165
21 40 23 44
15 603 26 603
6 54 6 68
2 139 2 153
3 85 17 85
14 610 16 614
11 294 15 296
1 344 5 346
16 45 22 46
1 359 1 373
2 79 2 93
20 404 26 405
10 637 12 641
20 493 22 497
12 389 14 393
5 549 11 550
0 479 0 493
9 389 11 393
11 502 22 502
4 576 18 576
3 134 3 148
6 475 6 489
17 369 23 370
2 244 16 244
3 543 3 557
11 185 13 189
26 88 26 99
14 351 26 351
1 395 15 395
5 100 19 100
0 354 2 358
3 514 3 528
12 212 18 213
14 615 16 619
2 246 3 252
19 105 21 109
10 117 24 117
24 311 26 315
5 239 7 243
0 244 1 250
8 512 22 512
1 294 5 296
1 428 15 428
1 449 1 463
11 587 13 591
24 609 26 613
19 53 20 58
6 80 20 80
4 251 16 251
0 2 0 16
24 381 26 385
6 81 20 81
20 25 22 29
1 2 1 16
1 394 15 394
10 200 14 202
6 418 20 418
7 54 7 68
19 632 22 634
0 312 1 318
8 554 22 554
1 514 1 528
17 25 19 29
18 198 20 202
10 164 24 164
21 318 23 322
6 353 10 355
11 407 13 411
19 344 21 348
5 33 11 34
7 222 17 222
0 251 0 265
21 229 23 233
20 213 24 215
9 419 23 419
3 316 9 317
9 307 23 307
14 367 16 371
4 94 6 98
1 99 1 113
24 646 26 650
15 69 17 73
6 135 6 149
21 224 23 228
9 287 23 287
8 407 10 411
3 79 5 83
12 197 26 197
15 608 21 609
10 380 24 380
1 608 14 608
1 397 7 398
24 40 26 44
2 312 2 326
4 194 4 207
4 86 18 86
17 218 21 220
0 633 0 647
1 94 3 98
15 424 19 426
15 198 17 202
18 318 20 322
7 602 9 605
0 229 0 243
2 636 16 636
14 407 16 411
5 206 19 206
2 372 16 372
24 289 26 293
13 253 19 254
4 305 6 309
16 157 18 161
0 359 0 373
2 367 4 371
16 13 20 15
14 40 20 41
13 581 17 583
6 318 8 322
10 146 24 146
21 362 26 363
20 297 26 298
3 224 5 228
8 434 10 438
12 148 26 148
3 382 17 382
4 208 6 212
0 560 2 564
11 63 15 65
0 565 2 568
14 59 20 60
14 283 16 286
7 472 11 474
20 3 24 5
2 268 3 274
2 2 16 2
20 243 26 244
15 493 19 495
13 577 26 577
23 425 26 427
7 207 11 209
11 13 15 15
15 391 19 393
7 339 9 343
5 194 7 198
6 79 20 79
8 450 8 464
25 371 26 377
7 385 11 387
2 40 4 44
7 498 7 512
0 32 0 46
6 252 20 252
0 573 14 573
0 603 0 617
3 654 16 654
2 479 2 493
9 308 23 308
8 198 14 199
26 567 26 576
10 585 15 586
24 462 26 466
7 184 19 184
9 416 23 416
2 407 2 421
0 266 0 280
18 399 22 401
23 428 24 434
21 167 25 169
18 581 22 583
25 230 26 236
4 110 18 110
10 265 24 265
25 111 26 117
1 479 1 493
17 298 19 302
11 651 25 651
7 565 21 565
10 157 12 161
15 156 26 156
4 59 4 73
26 543 26 554
21 547 25 549
5 229 7 233
6 564 20 564
5 129 19 129
8 169 20 169
20 435 26 436
10 78 21 78
8 54 8 68
11 610 11 624
3 64 3 78
5 130 11 131
11 504 15 506
6 69 8 73
1 429 3 433
8 398 22 398
5 558 19 558
1 251 1 265
4 475 4 489
6 82 11 83
5 434 7 438
5 513 6 519
12 24 25 24
25 121 26 127
25 529 26 535
5 101 19 101
5 376 19 376
13 19 17 21
24 269 26 273
7 297 19 297
23 149 25 153
2 179 6 181
13 458 19 459
18 490 24 491
23 474 26 476
3 209 3 223
4 270 18 270
12 399 14 403
3 194 3 208
26 555 26 566
7 142 9 146
11 128 25 128
9 304 13 306
4 490 7 492
13 624 26 624
10 581 12 584
2 124 2 138
24 129 26 133
13 639 17 641
13 141 15 145
22 344 24 348
1 544 1 558
16 193 20 195
4 32 18 32
8 592 10 596
24 354 25 360
12 131 23 131
19 132 23 134
0 494 2 498
4 640 6 644
14 185 16 189
7 642 11 644
4 633 8 635
16 406 26 406
3 21 3 35
14 90 20 91
4 543 4 557
16 294 20 296
15 467 19 469
1 464 1 478
23 411 25 415
20 100 26 101
3 536 4 542
0 419 0 433
2 464 2 478
4 526 8 528
20 373 24 375
1 79 1 93
15 310 20 311
7 513 8 519
11 438 25 438
12 23 25 23
16 584 20 586
12 207 14 211
15 214 19 216
6 348 12 349
9 514 11 518
17 604 21 606
9 399 11 403
12 147 26 147
25 208 26 214
13 359 17 361
13 610 13 623
20 410 22 414
17 477 23 478
17 185 19 189
4 245 8 247
12 642 16 644
9 527 22 527
7 303 8 309
1 625 1 639
10 546 14 548
20 253 24 254
7 105 9 109
15 10 19 12
2 422 16 422
0 574 14 574
19 352 25 353
11 592 13 596
14 592 16 596
6 652 20 652
0 74 0 88
10 481 14 483
3 164 5 168
14 149 16 153
9 541 21 541
20 402 26 403
1 32 1 45
4 21 6 25
12 625 26 625
22 654 26 656
6 356 16 356
8 43 14 44
10 162 24 162
15 551 19 553
3 479 3 492
2 627 16 627
12 472 26 472
7 214 9 218
16 394 20 396
21 637 23 641
24 172 26 176
19 85 25 86
2 275 16 275
17 251 26 251
14 245 26 245
5 520 7 524
10 455 14 457
17 339 21 341
16 344 18 348
0 580 4 582
6 99 20 99
10 458 12 462
21 481 23 485
5 30 19 30
26 486 26 500
16 178 26 178
18 303 20 306
18 207 24 208
19 157 25 158
12 69 14 73
17 371 23 372
13 157 15 161
6 529 10 531
3 534 15 534
8 610 8 624
2 610 2 624
6 610 6 624
3 610 3 624
7 415 21 415
7 279 21 279
9 277 23 277
14 274 26 274
17 275 23 276
20 280 26 281
24 275 26 279
