219
0 0 0 24
0 25 0 49
0 50 0 74
0 75 0 99
0 100 0 124
0 125 0 149
0 150 0 174
0 175 0 199
0 200 0 224
0 225 0 249
0 250 0 274
0 275 0 299
0 300 0 324
0 325 0 349
0 350 0 374
0 375 0 399
0 400 0 424
0 425 0 449
0 450 4 454
0 455 5 458
0 459 5 462
0 463 4 467
0 468 1 479
0 480 0 504
0 505 0 529
0 530 4 534
0 535 4 539
0 540 4 544
0 545 5 548
1 0 1 24
1 25 1 49
1 50 1 74
1 75 1 99
1 100 1 124
1 125 1 149
1 150 1 174
1 175 1 199
1 200 1 224
1 225 1 249
1 250 1 274
1 275 1 299
1 300 5 304
1 305 5 309
1 310 3 317
1 318 1 342
1 343 1 367
1 368 1 392
1 393 1 417
1 418 1 442
1 443 4 448
1 480 1 504
1 505 5 509
1 510 5 514
1 515 3 522
1 523 6 526
1 527 8 529
2 0 2 24
2 25 2 49
2 50 2 74
2 75 2 99
2 100 2 124
2 125 2 149
2 150 2 174
2 175 2 199
2 200 2 224
2 225 5 229
2 230 2 254
2 255 2 279
2 280 6 284
2 285 6 289
2 290 6 294
2 295 6 299
2 318 2 342
2 343 2 367
2 368 2 392
2 393 2 417
2 418 2 442
2 468 2 492
2 493 3 504
3 0 3 24
3 25 3 49
3 50 3 74
3 75 3 99
3 100 3 124
3 125 3 149
3 150 3 174
3 175 3 199
3 200 3 224
3 230 7 234
3 235 3 259
3 260 7 264
3 265 7 269
3 270 7 274
3 275 7 279
3 318 3 339
3 345 4 354
3 355 4 366
3 367 7 371
3 372 3 396
3 397 3 421
3 422 4 433
3 434 8 437
3 438 7 442
3 468 4 479
3 480 8 483
3 484 8 487
3 488 8 491
4 0 4 24
4 25 4 49
4 50 4 74
4 75 4 99
4 100 7 104
4 105 8 109
4 110 8 114
4 115 8 119
4 120 4 144
4 145 4 169
4 170 4 194
4 195 4 219
4 220 8 224
4 235 4 259
4 310 4 334
4 335 8 339
3 340 7 344
4 372 4 396
4 397 4 421
4 492 8 496
4 497 8 500
4 501 9 504
4 515 6 522
5 0 9 4
5 5 9 9
5 10 5 34
5 35 5 59
5 60 5 84
5 85 9 89
5 90 9 94
5 95 7 99
5 124 5 144
5 145 5 169
5 170 5 194
5 195 5 219
5 235 5 259
5 310 5 334
5 345 7 352
5 353 7 360
5 362 9 366
5 372 5 396
5 397 5 421
5 423 9 427
5 428 9 432
5 443 9 447
5 448 9 452
5 463 9 467
5 468 9 472
5 473 9 476
5 477 9 479
5 530 9 534
5 535 9 539
5 540 9 544
6 10 6 28
6 35 8 42
6 44 8 51
6 54 7 65
6 66 7 77
6 78 9 83
6 124 6 144
6 145 6 169
6 170 6 194
6 195 6 219
6 235 6 259
6 300 6 324
6 325 9 329
6 330 9 334
6 372 6 396
6 397 6 416
6 417 9 422
6 454 8 461
6 505 8 512
6 545 9 548
7 10 8 21
7 22 9 28
6 29 9 34
7 124 7 144
7 145 7 169
7 170 7 194
7 195 7 219
6 225 9 229
7 235 7 259
7 281 7 305
7 306 8 316
7 317 8 324
7 372 7 391
7 400 9 407
7 409 9 416
7 513 8 524
8 54 9 65
8 66 9 77
8 124 8 144
8 145 9 156
8 157 8 181
8 182 8 206
8 207 9 218
8 230 9 241
8 242 8 266
8 267 8 291
8 292 9 303
8 340 9 351
8 380 9 391
7 392 9 399
8 95 9 104
5 120 9 123
9 157 9 181
9 182 9 206
9 242 9 266
9 267 9 291
9 304 9 324
9 480 9 500
9 505 9 529
