219
5 540 9 544
0 545 5 548
8 145 9 156
5 235 5 259
6 300 6 324
3 235 3 259
6 66 7 77
0 505 0 529
2 468 2 492
6 145 6 169
2 175 2 199
3 484 8 487
5 535 9 539
1 343 1 367
3 50 3 74
1 200 1 224
5 195 5 219
4 105 8 109
6 10 6 28
2 200 2 224
3 270 7 274
0 50 0 74
7 10 8 21
6 235 6 259
7 281 7 305
7 170 7 194
6 78 9 83
7 40 8 51
3 125 3 149
2 318 2 342
8 230 9 241
0 530 4 534
5 95 7 99
1 175 1 199
7 22 9 29
1 300 5 304
2 493 3 504
2 225 5 229
1 505 5 509
2 280 6 284
8 95 9 104
1 310 3 317
1 510 5 514
9 182 9 206
0 300 0 324
8 292 9 303
5 463 9 467
7 372 7 391
4 115 8 119
5 473 9 476
1 523 6 526
6 330 9 334
0 200 0 224
4 515 6 522
3 367 7 371
1 527 8 529
4 492 8 496
8 380 9 391
0 425 0 449
4 497 8 500
7 235 7 259
5 345 7 352
9 304 9 324
5 90 9 94
0 0 0 24
6 29 6 53
4 50 4 74
6 54 7 65
1 480 1 504
0 225 0 249
0 535 4 539
0 275 0 299
3 175 3 199
7 195 7 219
1 225 1 249
5 372 5 396
5 120 9 123
4 110 8 114
5 0 9 4
2 50 2 74
0 540 4 544
1 150 1 174
1 318 1 342
7 145 7 169
2 100 2 124
3 260 7 264
1 50 1 74
0 459 5 462
7 317 8 324
2 418 2 442
3 340 7 344
0 450 4 454
8 340 9 351
3 345 4 354
1 100 1 124
1 418 1 442
0 350 0 374
5 145 5 169
0 468 1 479
4 501 9 504
1 0 1 24
4 0 4 24
3 355 4 366
1 305 5 309
2 343 2 367
3 265 7 269
3 318 3 339
8 157 8 181
2 25 2 49
6 124 6 144
5 423 9 427
5 353 7 360
4 75 4 99
3 150 3 174
0 480 0 504
2 0 2 24
4 372 4 396
2 368 2 392
3 438 7 442
6 170 6 194
6 225 9 229
1 275 1 299
3 275 7 279
7 30 9 37
5 170 5 194
6 195 6 219
0 463 4 467
2 150 2 174
0 175 0 199
9 242 9 266
8 66 9 77
5 428 9 432
0 75 0 99
0 150 0 174
7 306 8 316
5 530 9 534
0 100 0 124
3 480 8 483
9 480 9 500
4 25 4 49
8 182 8 206
0 375 0 399
3 75 3 99
6 325 9 329
4 235 4 259
3 100 3 124
9 505 9 529
8 242 8 266
4 145 4 169
3 434 8 437
4 195 4 219
6 372 6 396
5 362 9 366
8 207 9 218
5 85 9 89
4 170 4 194
0 250 0 274
4 335 8 339
8 54 9 65
1 125 1 149
7 124 8 135
2 255 2 279
3 25 3 49
3 372 3 396
5 60 5 84
4 120 4 144
5 448 9 452
3 0 3 24
3 422 4 433
3 230 7 234
3 200 3 224
0 455 5 458
1 515 3 522
2 75 2 99
6 505 8 512
9 267 9 291
7 137 9 144
1 368 1 392
2 295 6 299
2 125 2 149
5 477 9 479
6 545 9 548
4 310 4 334
1 75 1 99
5 10 5 34
1 250 1 274
2 285 6 289
5 5 9 9
0 125 0 149
0 25 0 49
5 124 5 144
3 468 4 479
0 325 0 349
5 443 9 447
5 35 5 59
9 157 9 181
8 267 8 291
2 290 6 294
1 443 4 448
7 513 8 524
4 220 8 224
6 454 8 461
2 230 2 254
1 25 1 49
3 488 8 491
5 468 9 472
5 310 5 334
4 100 7 104
0 400 0 424
1 393 1 417
2 393 2 417
3 397 3 421
4 397 4 421
5 397 5 421
6 397 6 421
7 392 8 403
7 404 8 415
7 416 9 422
9 392 9 415
