1072
0 0 0 46
0 47 0 93
0 94 0 140
0 141 46 141
0 142 46 142
0 143 46 143
0 144 46 144
0 145 46 145
0 146 46 146
0 147 46 147
0 148 46 148
0 149 46 149
0 150 46 150
0 151 46 151
0 152 46 152
0 153 46 153
0 154 46 154
0 155 46 155
0 156 46 156
0 157 46 157
0 158 46 158
0 159 46 159
0 160 46 160
0 161 46 161
0 162 46 162
0 163 46 163
0 164 46 164
1 0 1 46
1 47 1 93
1 94 1 140
2 0 2 46
2 47 2 93
2 94 2 140
3 0 3 46
3 47 3 93
3 94 3 140
4 0 4 46
4 47 4 93
4 94 4 140
5 0 5 46
5 47 5 93
5 94 5 140
6 0 6 46
6 47 6 93
6 94 6 140
7 0 7 46
7 47 7 93
7 94 7 140
8 0 8 46
8 47 8 93
8 94 8 140
9 0 9 46
9 47 9 93
9 94 9 140
10 0 10 46
10 47 10 93
10 94 10 140
11 0 11 46
11 47 11 93
11 94 11 140
12 0 12 46
12 47 12 93
12 94 12 140
13 0 13 46
13 47 13 93
13 94 13 140
14 0 14 46
14 47 14 93
14 94 14 140
15 0 15 46
15 47 15 93
15 94 15 140
16 0 16 46
16 47 16 93
16 94 16 140
17 0 17 46
17 47 17 93
17 94 17 140
18 0 18 46
18 47 18 93
18 94 18 140
19 0 19 46
19 47 19 93
19 94 19 140
20 0 20 46
20 47 20 93
20 94 20 140
21 0 21 46
21 47 21 93
21 94 21 140
22 0 22 46
22 47 22 93
22 94 22 140
23 0 23 46
23 47 23 93
23 94 23 140
24 0 24 46
24 47 24 93
24 94 24 140
25 0 25 46
25 47 25 93
25 94 25 140
26 0 26 46
26 47 26 93
26 94 26 140
27 0 27 46
27 47 27 93
27 94 27 140
28 0 28 46
28 47 28 93
28 94 28 140
29 0 29 46
29 47 29 93
29 94 29 140
30 0 30 46
30 47 30 93
30 94 30 140
31 0 31 46
31 47 31 93
31 94 31 140
32 0 32 46
32 47 32 93
32 94 32 140
33 0 33 46
33 47 33 93
33 94 33 140
34 0 34 46
34 47 34 93
34 94 34 140
35 0 35 46
35 47 35 93
35 94 35 140
36 0 36 46
36 47 36 93
36 94 36 140
37 0 37 46
37 47 37 93
37 94 37 140
38 0 38 46
38 47 38 93
38 94 38 140
39 0 39 46
39 47 39 93
39 94 39 140
40 0 40 46
40 47 40 93
40 94 40 140
41 0 41 46
41 47 41 93
41 94 41 140
42 0 42 46
42 47 42 93
42 94 42 140
43 0 43 46
43 47 43 93
43 94 43 140
44 0 44 46
44 47 44 93
44 94 44 140
45 0 45 46
45 47 45 93
45 94 45 140
46 0 46 46
46 47 46 93
46 94 46 140
47 0 47 46
47 47 47 93
47 94 47 140
47 141 93 141
47 142 93 142
47 143 93 143
47 144 93 144
47 145 93 145
47 146 93 146
47 147 93 147
47 148 93 148
47 149 93 149
47 150 93 150
47 151 93 151
47 152 93 152
47 153 93 153
47 154 93 154
47 155 93 155
47 156 93 156
47 157 93 157
47 158 93 158
47 159 93 159
47 160 93 160
47 161 93 161
47 162 93 162
47 163 93 163
47 164 93 164
48 0 48 46
48 47 48 93
48 94 48 140
49 0 49 46
49 47 49 93
49 94 49 140
50 0 50 46
50 47 50 93
50 94 50 140
51 0 51 46
51 47 51 93
51 94 51 140
52 0 52 46
52 47 52 93
52 94 52 140
53 0 53 46
53 47 53 93
53 94 53 140
54 0 54 46
54 47 54 93
54 94 54 140
55 0 55 46
55 47 55 93
55 94 55 140
56 0 56 46
56 47 56 93
56 94 56 140
57 0 57 46
57 47 57 93
57 94 57 140
58 0 58 46
58 47 58 93
58 94 58 140
59 0 59 46
59 47 59 93
59 94 59 140
60 0 60 46
60 47 60 93
60 94 60 140
61 0 61 46
61 47 61 93
61 94 61 140
62 0 62 46
62 47 62 93
62 94 62 140
63 0 63 46
63 47 63 93
63 94 63 140
64 0 64 46
64 47 64 93
64 94 64 140
65 0 65 46
65 47 65 93
65 94 65 140
66 0 66 46
66 47 66 93
66 94 66 140
67 0 67 46
67 47 67 93
67 94 67 140
68 0 68 46
68 47 68 93
68 94 68 140
69 0 69 46
69 47 69 93
69 94 69 140
70 0 70 46
70 47 70 93
70 94 70 140
71 0 71 46
71 47 71 93
71 94 71 140
72 0 72 46
72 47 72 93
72 94 72 140
73 0 73 46
73 47 73 93
73 94 73 140
74 0 74 46
74 47 74 93
74 94 74 140
75 0 75 46
75 47 75 93
75 94 75 140
76 0 76 46
76 47 76 93
76 94 76 140
77 0 77 46
77 47 77 93
77 94 77 140
78 0 78 46
78 47 78 93
78 94 78 140
79 0 79 46
79 47 79 93
79 94 79 140
80 0 80 46
80 47 80 93
80 94 80 140
81 0 81 46
81 47 81 93
81 94 81 140
82 0 82 46
82 47 82 93
82 94 82 140
83 0 83 46
83 47 83 93
83 94 83 140
84 0 84 46
84 47 84 93
84 94 84 140
85 0 85 46
85 47 85 93
85 94 85 140
86 0 86 46
86 47 86 93
86 94 86 140
87 0 87 46
87 47 87 93
87 94 87 140
88 0 88 46
88 47 88 93
88 94 88 140
89 0 89 46
89 47 89 93
89 94 89 140
90 0 90 46
90 47 90 93
90 94 90 140
91 0 91 46
91 47 91 93
91 94 91 140
92 0 92 46
92 47 92 93
92 94 92 140
93 0 93 46
93 47 93 93
93 94 93 140
94 0 94 46
94 47 94 93
94 94 94 140
94 141 140 141
94 142 140 142
94 143 140 143
94 144 140 144
94 145 140 145
94 146 140 146
94 147 140 147
94 148 140 148
94 149 140 149
94 150 140 150
94 151 140 151
94 152 140 152
94 153 140 153
94 154 140 154
94 155 140 155
94 156 140 156
94 157 140 157
94 158 140 158
94 159 140 159
94 160 140 160
94 161 140 161
94 162 140 162
94 163 140 163
94 164 140 164
95 0 95 46
95 47 95 93
95 94 95 140
96 0 96 46
96 47 96 93
96 94 96 140
97 0 97 46
97 47 97 93
97 94 97 140
98 0 98 46
98 47 98 93
98 94 98 140
99 0 99 46
99 47 99 93
99 94 99 140
100 0 100 46
100 47 100 93
100 94 100 140
101 0 101 46
101 47 101 93
101 94 101 140
102 0 102 46
102 47 102 93
102 94 102 140
103 0 103 46
103 47 103 93
103 94 103 140
104 0 104 46
104 47 104 93
104 94 104 140
105 0 105 46
105 47 105 93
105 94 105 140
106 0 106 46
106 47 106 93
106 94 106 140
107 0 107 46
107 47 107 93
107 94 107 140
108 0 108 46
108 47 108 93
108 94 108 140
109 0 109 46
109 47 109 93
109 94 109 140
110 0 110 46
110 47 110 93
110 94 110 140
111 0 111 46
111 47 111 93
111 94 111 140
112 0 112 46
112 47 112 93
112 94 112 140
113 0 113 46
113 47 113 93
113 94 113 140
114 0 114 46
114 47 114 93
114 94 114 140
115 0 115 46
115 47 115 93
115 94 115 140
116 0 116 46
116 47 116 93
116 94 116 140
117 0 117 46
117 47 117 93
117 94 117 140
118 0 118 46
118 47 118 93
118 94 118 140
119 0 119 46
119 47 119 93
119 94 119 140
120 0 120 46
120 47 120 93
120 94 120 140
121 0 121 46
121 47 121 93
121 94 121 140
122 0 122 46
122 47 122 93
122 94 122 140
123 0 123 46
123 47 123 93
123 94 123 140
124 0 124 46
124 47 124 93
124 94 124 140
125 0 125 46
125 47 125 93
125 94 125 140
126 0 126 46
126 47 126 93
126 94 126 140
127 0 127 46
127 47 127 93
127 94 127 140
128 0 128 46
128 47 128 93
128 94 128 140
129 0 129 46
129 47 129 93
129 94 129 140
130 0 130 46
130 47 130 93
130 94 130 140
131 0 131 46
131 47 131 93
131 94 131 140
132 0 132 46
132 47 132 93
132 94 132 140
133 0 133 46
133 47 133 93
133 94 133 140
134 0 134 46
134 47 134 93
134 94 134 140
135 0 135 46
135 47 135 93
135 94 135 140
136 0 136 46
136 47 136 93
136 94 136 140
137 0 137 46
137 47 137 93
137 94 137 140
138 0 138 46
138 47 138 93
138 94 138 140
139 0 139 46
139 47 139 93
139 94 139 140
140 0 140 46
140 47 140 93
140 94 140 140
141 0 141 46
141 47 141 93
141 94 141 140
141 141 187 141
141 142 187 142
141 143 187 143
141 144 187 144
141 145 187 145
141 146 187 146
141 147 187 147
141 148 187 148
141 149 187 149
141 150 187 150
141 151 187 151
141 152 187 152
141 153 187 153
141 154 187 154
141 155 187 155
141 156 187 156
141 157 187 157
141 158 187 158
141 159 187 159
141 160 187 160
141 161 187 161
141 162 187 162
141 163 187 163
141 164 187 164
142 0 142 46
142 47 142 93
142 94 142 140
143 0 143 46
143 47 143 93
143 94 143 140
144 0 144 46
144 47 144 93
144 94 144 140
145 0 145 46
145 47 145 93
145 94 145 140
146 0 146 46
146 47 146 93
146 94 146 140
147 0 147 46
147 47 147 93
147 94 147 140
148 0 148 46
148 47 148 93
148 94 148 140
149 0 149 46
149 47 149 93
149 94 149 140
150 0 150 46
150 47 150 93
150 94 150 140
151 0 151 46
151 47 151 93
151 94 151 140
152 0 152 46
152 47 152 93
152 94 152 140
153 0 153 46
153 47 153 93
153 94 153 140
154 0 154 46
154 47 154 93
154 94 154 140
155 0 155 46
155 47 155 93
155 94 155 140
156 0 156 46
156 47 156 93
156 94 156 140
157 0 157 46
157 47 157 93
157 94 157 140
158 0 158 46
158 47 158 93
158 94 158 140
159 0 159 46
159 47 159 93
159 94 159 140
160 0 160 46
160 47 160 93
160 94 160 140
161 0 161 46
161 47 161 93
161 94 161 140
162 0 162 46
162 47 162 93
162 94 162 140
163 0 163 46
163 47 163 93
163 94 163 140
164 0 164 46
164 47 164 93
164 94 164 140
165 0 165 46
165 47 165 93
165 94 165 140
166 0 166 46
166 47 166 93
166 94 166 140
167 0 167 46
167 47 167 93
167 94 167 140
168 0 168 46
168 47 168 93
168 94 168 140
169 0 169 46
169 47 169 93
169 94 169 140
170 0 170 46
170 47 170 93
170 94 170 140
171 0 171 46
171 47 171 93
171 94 171 140
172 0 172 46
172 47 172 93
172 94 172 140
173 0 173 46
173 47 173 93
173 94 173 140
174 0 174 46
174 47 174 93
174 94 174 140
175 0 175 46
175 47 175 93
175 94 175 140
176 0 176 46
176 47 176 93
176 94 176 140
177 0 177 46
177 47 177 93
177 94 177 140
178 0 178 46
178 47 178 93
178 94 178 140
179 0 179 46
179 47 179 93
179 94 179 140
180 0 180 46
180 47 180 93
180 94 180 140
181 0 181 46
181 47 181 93
181 94 181 140
182 0 182 46
182 47 182 93
182 94 182 140
183 0 183 46
183 47 183 93
183 94 183 140
184 0 184 46
184 47 184 93
184 94 184 140
185 0 185 46
185 47 185 93
185 94 185 140
186 0 186 46
186 47 186 93
186 94 186 140
187 0 187 46
187 47 187 93
187 94 187 140
188 0 188 46
188 47 188 93
188 94 188 140
188 141 234 141
188 142 234 142
188 143 234 143
188 144 234 144
188 145 234 145
188 146 234 146
188 147 234 147
188 148 234 148
188 149 234 149
188 150 234 150
188 151 234 151
188 152 234 152
188 153 234 153
188 154 234 154
188 155 234 155
188 156 234 156
188 157 234 157
188 158 234 158
188 159 234 159
188 160 234 160
188 161 234 161
188 162 234 162
188 163 234 163
188 164 234 164
189 0 189 46
189 47 189 93
189 94 189 140
190 0 190 46
190 47 190 93
190 94 190 140
191 0 191 46
191 47 191 93
191 94 191 140
192 0 192 46
192 47 192 93
192 94 192 140
193 0 193 46
193 47 193 93
193 94 193 140
194 0 194 46
194 47 194 93
194 94 194 140
195 0 195 46
195 47 195 93
195 94 195 140
196 0 196 46
196 47 196 93
196 94 196 140
197 0 197 46
197 47 197 93
197 94 197 140
198 0 198 46
198 47 198 93
198 94 198 140
199 0 199 46
199 47 199 93
199 94 199 140
200 0 200 46
200 47 200 93
200 94 200 140
201 0 201 46
201 47 201 93
201 94 201 140
202 0 202 46
202 47 202 93
202 94 202 140
203 0 203 46
203 47 203 93
203 94 203 140
204 0 204 46
204 47 204 93
204 94 204 140
205 0 205 46
205 47 205 93
205 94 205 140
206 0 206 46
206 47 206 93
206 94 206 140
207 0 207 46
207 47 207 93
207 94 207 140
208 0 208 46
208 47 208 93
208 94 208 140
209 0 209 46
209 47 209 93
209 94 209 140
210 0 210 46
210 47 210 93
210 94 210 140
211 0 211 46
211 47 211 93
211 94 211 140
212 0 212 46
212 47 212 93
212 94 212 140
213 0 213 46
213 47 213 93
213 94 213 140
214 0 214 46
214 47 214 93
214 94 214 140
215 0 215 46
215 47 215 93
215 94 215 140
216 0 216 46
216 47 216 93
216 94 216 140
217 0 217 46
217 47 217 93
217 94 217 140
218 0 218 46
218 47 218 93
218 94 218 140
219 0 219 46
219 47 219 93
219 94 219 140
220 0 220 46
220 47 220 93
220 94 220 140
221 0 221 46
221 47 221 93
221 94 221 140
222 0 222 46
222 47 222 93
222 94 222 140
223 0 223 46
223 47 223 93
223 94 223 140
224 0 224 46
224 47 224 93
224 94 224 140
225 0 225 46
225 47 225 93
225 94 225 140
226 0 226 46
226 47 226 93
226 94 226 140
227 0 227 46
227 47 227 93
227 94 227 140
228 0 228 46
228 47 228 93
228 94 228 140
229 0 229 46
229 47 229 93
229 94 229 140
230 0 230 46
230 47 230 93
230 94 230 140
231 0 231 46
231 47 231 93
231 94 231 140
232 0 232 46
232 47 232 93
232 94 232 140
233 0 233 46
233 47 233 93
233 94 233 140
234 0 234 46
234 47 234 93
234 94 234 140
235 0 235 46
235 47 235 93
235 94 235 140
235 141 281 141
235 142 281 142
235 143 281 143
235 144 281 144
235 145 281 145
235 146 281 146
235 147 281 147
235 148 281 148
235 149 281 149
235 150 281 150
235 151 281 151
235 152 281 152
235 153 281 153
235 154 281 154
235 155 281 155
235 156 281 156
235 157 281 157
235 158 281 158
235 159 281 159
235 160 281 160
235 161 281 161
235 162 281 162
235 163 281 163
235 164 281 164
236 0 236 46
236 47 236 93
236 94 236 140
237 0 237 46
237 47 237 93
237 94 237 140
238 0 238 46
238 47 238 93
238 94 238 140
239 0 239 46
239 47 239 93
239 94 239 140
240 0 240 46
240 47 240 93
240 94 240 140
241 0 241 46
241 47 241 93
241 94 241 140
242 0 242 46
242 47 242 93
242 94 242 140
243 0 243 46
243 47 243 93
243 94 243 140
244 0 244 46
244 47 244 93
244 94 244 140
245 0 245 46
245 47 245 93
245 94 245 140
246 0 246 46
246 47 246 93
246 94 246 140
247 0 247 46
247 47 247 93
247 94 247 140
248 0 248 46
248 47 248 93
248 94 248 140
249 0 249 46
249 47 249 93
249 94 249 140
250 0 250 46
250 47 250 93
250 94 250 140
251 0 251 46
251 47 251 93
251 94 251 140
252 0 252 46
252 47 252 93
252 94 252 140
253 0 253 46
253 47 253 93
253 94 253 140
254 0 254 46
254 47 254 93
254 94 254 140
255 0 255 46
255 47 255 93
255 94 255 140
256 0 256 46
256 47 256 93
256 94 256 140
257 0 257 46
257 47 257 93
257 94 257 140
258 0 258 46
258 47 258 93
258 94 258 140
259 0 259 46
259 47 259 93
259 94 259 140
260 0 260 46
260 47 260 93
260 94 260 140
261 0 261 46
261 47 261 93
261 94 261 140
262 0 262 46
262 47 262 93
262 94 262 140
263 0 263 46
263 47 263 93
263 94 263 140
264 0 264 46
264 47 264 93
264 94 264 140
265 0 265 46
265 47 265 93
265 94 265 140
266 0 266 46
266 47 266 93
266 94 266 140
267 0 267 46
267 47 267 93
267 94 267 140
268 0 268 46
268 47 268 93
268 94 268 140
269 0 269 46
269 47 269 93
269 94 269 140
270 0 270 46
270 47 270 93
270 94 270 140
271 0 271 46
271 47 271 93
271 94 271 140
272 0 272 46
272 47 272 93
272 94 272 140
273 0 273 46
273 47 273 93
273 94 273 140
274 0 274 46
274 47 274 93
274 94 274 140
275 0 275 46
275 47 275 93
275 94 275 140
276 0 276 46
276 47 276 93
276 94 276 140
277 0 277 46
277 47 277 93
277 94 277 140
278 0 278 46
278 47 278 93
278 94 278 140
279 0 279 46
279 47 279 93
279 94 279 140
280 0 280 46
280 47 280 93
280 94 280 140
281 0 281 46
281 47 281 93
281 94 281 140
282 0 282 46
282 47 282 93
282 94 282 140
282 141 283 162
282 163 303 164
283 0 283 46
283 47 283 93
283 94 283 140
284 0 284 46
284 47 284 93
284 94 284 139
284 140 285 162
285 0 285 46
285 47 285 93
285 94 285 139
286 0 286 46
286 47 286 93
286 94 286 139
286 140 287 162
287 0 287 46
287 47 287 93
287 94 287 139
288 0 288 46
288 47 288 93
288 94 288 139
288 140 289 162
289 0 289 46
289 47 289 93
289 94 289 139
290 0 290 46
290 47 290 93
290 94 290 139
290 140 291 162
291 0 291 46
291 47 291 93
291 94 291 139
292 0 292 46
292 47 292 93
292 94 292 139
292 140 293 162
293 0 293 46
293 47 293 93
293 94 293 139
294 0 294 46
294 47 294 93
294 94 294 139
294 140 295 162
295 0 295 46
295 47 295 93
295 94 295 139
296 0 296 46
296 47 296 93
296 94 296 139
296 140 297 162
297 0 297 46
297 47 297 93
297 94 297 139
298 0 298 46
298 47 298 93
298 94 298 139
298 140 299 162
299 0 299 46
299 47 299 93
299 94 299 139
300 0 300 46
300 47 300 93
300 94 300 139
300 140 301 162
301 0 301 46
301 47 301 93
301 94 301 139
302 0 302 46
302 47 302 93
302 94 302 139
302 140 303 162
303 0 303 46
303 47 303 93
303 94 303 139
304 0 304 46
304 47 304 93
304 94 304 140
304 141 304 164
