323
0 0 0 30
0 31 0 61
0 62 0 92
0 93 0 123
0 124 0 154
0 155 0 185
0 186 0 216
0 217 0 247
0 248 0 278
0 279 0 309
0 310 0 340
0 341 0 371
0 372 0 402
0 403 0 433
0 434 0 464
0 465 0 495
0 496 0 526
0 527 0 557
0 558 0 588
0 589 0 619
0 620 0 650
0 651 0 681
0 682 0 712
0 713 0 743
0 744 0 774
0 775 0 805
0 806 0 836
0 837 0 867
0 868 0 898
0 899 0 929
0 930 0 960
0 961 0 991
0 992 4 996
0 997 9 999
1 0 1 30
1 31 1 61
1 62 1 92
1 93 1 123
1 124 1 154
1 155 1 185
1 186 1 216
1 217 1 247
1 248 1 278
1 279 1 309
1 310 1 340
1 341 1 371
1 372 1 402
1 403 1 433
1 434 1 464
1 465 1 495
1 496 1 526
1 527 1 557
1 558 1 588
1 589 1 619
1 620 1 650
1 651 1 681
1 682 1 712
1 713 1 743
1 744 1 774
1 775 1 805
1 806 1 836
1 837 1 867
1 868 1 898
1 899 1 929
1 930 1 960
1 961 1 991
2 0 2 30
2 31 2 61
2 62 2 92
2 93 2 123
2 124 2 154
2 155 2 185
2 186 2 216
2 217 2 247
2 248 2 278
2 279 2 309
2 310 2 340
2 341 2 371
2 372 2 402
2 403 2 433
2 434 2 464
2 465 2 495
2 496 2 526
2 527 2 557
2 558 2 588
2 589 2 619
2 620 2 650
2 651 2 681
2 682 2 712
2 713 2 743
2 744 2 774
2 775 2 805
2 806 2 836
2 837 2 867
2 868 2 898
2 899 2 929
2 930 2 960
2 961 2 991
3 0 3 30
3 31 3 61
3 62 3 92
3 93 3 123
3 124 3 154
3 155 3 185
3 186 3 216
3 217 3 247
3 248 3 278
3 279 3 309
3 310 3 340
3 341 3 371
3 372 3 402
3 403 3 433
3 434 3 464
3 465 3 495
3 496 3 526
3 527 3 557
3 558 3 588
3 589 3 619
3 620 3 650
3 651 3 681
3 682 3 712
3 713 3 743
3 744 3 774
3 775 3 805
3 806 3 836
3 837 3 867
3 868 3 898
3 899 3 929
3 930 3 960
3 961 3 991
4 0 4 30
4 31 4 61
4 62 4 92
4 93 4 123
4 124 4 154
4 155 4 185
4 186 4 216
4 217 4 247
4 248 4 278
4 279 4 309
4 310 4 340
4 341 4 371
4 372 4 402
4 403 4 433
4 434 4 464
4 465 4 495
4 496 4 526
4 527 4 557
4 558 4 588
4 589 4 619
4 620 4 650
4 651 4 681
4 682 4 712
4 713 4 743
4 744 4 774
4 775 4 805
4 806 4 836
4 837 4 867
4 868 4 898
4 899 4 929
4 930 4 960
4 961 4 991
5 0 5 30
5 31 5 61
5 62 5 92
5 93 5 123
5 124 5 154
5 155 5 185
5 186 5 216
5 217 5 247
5 248 5 278
5 279 5 309
5 310 5 340
5 341 5 371
5 372 5 402
5 403 5 433
5 434 5 464
5 465 5 495
5 496 5 526
5 527 5 557
5 558 5 588
5 589 5 619
5 620 5 650
5 651 5 681
5 682 5 712
5 713 5 743
5 744 5 774
5 775 5 805
5 806 5 836
5 837 5 867
5 868 5 898
5 899 5 929
5 930 5 960
5 961 5 990
5 991 9 996
6 0 6 30
6 31 6 61
6 62 6 92
6 93 6 123
6 124 6 154
6 155 6 185
6 186 6 216
6 217 6 247
6 248 6 278
6 279 6 309
6 310 6 340
6 341 6 371
6 372 6 402
6 403 6 433
6 434 6 464
6 465 6 495
6 496 6 526
6 527 6 557
6 558 6 588
6 589 6 619
6 620 6 650
6 651 6 681
6 682 6 712
6 713 6 743
6 744 6 774
6 775 6 805
6 806 6 836
6 837 6 867
6 868 6 898
6 899 6 929
6 930 6 960
6 961 6 990
7 0 7 30
7 31 7 61
7 62 7 92
7 93 7 123
7 124 7 154
7 155 7 185
7 186 7 216
7 217 7 247
7 248 7 278
7 279 7 309
7 310 7 340
7 341 7 371
7 372 7 402
7 403 7 433
7 434 7 464
7 465 7 495
7 496 7 526
7 527 7 557
7 558 7 588
7 589 7 619
7 620 7 650
7 651 7 681
7 682 7 712
7 713 7 743
7 744 7 774
7 775 7 805
7 806 7 836
7 837 7 867
7 868 7 898
7 899 7 929
7 930 7 960
7 961 7 990
8 0 8 30
8 31 8 61
8 62 8 92
8 93 8 123
8 124 8 154
8 155 8 185
8 186 8 216
8 217 8 247
8 248 8 278
8 279 8 309
8 310 8 340
8 341 8 371
8 372 8 402
8 403 8 433
8 434 8 464
8 465 8 495
8 496 8 526
8 527 8 557
8 558 8 588
8 589 8 619
8 620 8 650
8 651 8 681
8 682 8 712
8 713 8 743
8 744 8 774
8 775 8 805
8 806 8 836
8 837 8 867
8 868 8 898
8 899 8 929
8 930 8 960
8 961 8 990
9 0 9 30
9 31 9 61
9 62 9 92
9 93 9 123
9 124 9 154
9 155 9 185
9 186 9 216
9 217 9 247
9 248 9 278
9 279 9 309
9 310 9 340
9 341 9 371
9 372 9 402
9 403 9 433
9 434 9 464
9 465 9 495
9 496 9 526
9 527 9 557
9 558 9 588
9 589 9 619
9 620 9 650
9 651 9 681
9 682 9 712
9 713 9 743
9 744 9 774
9 775 9 805
9 806 9 836
9 837 9 867
9 868 9 898
9 899 9 929
9 930 9 960
9 961 9 990
