838
0 0 0 11
0 12 0 23
0 24 0 35
0 36 0 47
0 48 0 59
0 60 0 71
0 72 0 83
0 84 0 95
0 96 0 107
0 108 0 119
0 120 0 131
0 132 0 143
0 144 0 155
0 156 0 167
0 168 0 179
0 180 0 191
0 192 0 203
0 204 0 215
0 216 0 227
0 228 0 239
0 240 0 251
0 252 0 263
0 264 0 275
0 276 0 287
0 288 0 299
0 300 0 311
0 312 0 323
0 324 0 335
0 336 0 347
0 348 0 359
0 360 0 371
0 372 0 383
0 384 0 395
0 396 0 407
0 408 0 419
0 420 0 431
0 432 0 443
0 444 1 449
0 450 0 461
0 462 0 473
0 474 0 485
0 486 0 497
0 498 0 509
0 510 0 521
0 522 0 533
0 534 1 539
0 540 0 551
0 552 0 563
0 564 0 575
0 576 0 587
0 588 0 599
0 600 0 611
0 612 0 623
0 624 0 635
0 636 0 647
0 648 0 659
0 660 0 671
0 672 0 683
0 684 0 695
0 696 0 707
0 708 0 719
0 720 0 731
0 732 0 743
0 744 0 755
0 756 0 767
0 768 0 779
0 780 0 791
0 792 0 803
0 804 0 815
0 816 0 827
0 828 0 839
0 840 0 851
0 852 0 863
0 864 2 867
0 868 0 879
0 880 0 891
0 892 0 903
0 904 0 915
0 916 0 927
0 928 0 939
0 940 0 951
0 952 0 963
0 964 0 975
0 976 0 987
0 988 0 999
1 0 1 11
1 12 1 23
1 24 1 35
1 36 1 47
1 48 1 59
1 60 1 71
1 72 1 83
1 84 1 95
1 96 1 107
1 108 1 119
1 120 1 131
1 132 1 143
1 144 1 155
1 156 1 167
1 168 1 179
1 180 1 191
1 192 1 203
1 204 1 215
1 216 1 227
1 228 1 239
1 240 1 251
1 252 1 263
1 264 1 275
1 276 1 287
1 288 1 299
1 300 1 311
1 312 1 323
1 324 1 335
1 336 1 347
1 348 1 359
1 360 1 371
1 372 1 383
1 384 1 395
1 396 1 407
1 408 1 419
1 420 1 431
1 432 1 443
1 450 1 461
1 462 1 473
1 474 1 485
1 486 1 497
1 498 2 503
1 504 1 515
1 516 1 527
1 528 2 533
1 540 1 551
1 552 1 563
1 564 1 575
1 576 1 587
1 588 1 599
1 600 1 611
1 612 1 623
1 624 1 635
1 636 1 647
1 648 1 659
1 660 1 671
1 672 1 683
1 684 1 695
1 696 1 707
1 708 1 719
1 720 1 731
1 732 1 743
1 744 1 755
1 756 1 767
1 768 1 779
1 780 1 791
1 792 1 803
1 804 1 815
1 816 1 827
1 828 1 839
1 840 1 851
1 852 1 863
1 868 1 879
1 880 1 891
1 892 1 903
1 904 1 915
1 916 1 927
1 928 1 939
1 940 1 951
1 952 1 963
1 964 1 975
1 976 1 987
1 988 1 999
2 0 2 11
2 12 2 23
2 24 2 35
2 36 2 47
2 48 2 59
2 60 2 71
2 72 2 83
2 84 2 95
2 96 2 107
2 108 2 119
2 120 2 131
2 132 2 143
2 144 2 155
2 156 3 161
2 162 2 173
2 174 2 185
2 186 2 197
2 198 2 209
2 210 2 221
2 222 2 233
2 234 3 239
2 240 2 251
2 252 2 263
2 264 2 275
2 276 2 287
2 288 2 299
2 300 2 311
2 312 2 323
2 324 2 335
2 336 2 347
2 348 2 359
2 360 3 365
2 366 3 371
2 372 2 383
2 384 2 395
2 396 2 407
2 408 2 419
2 420 2 431
2 432 2 443
2 444 2 455
2 456 2 467
2 468 2 479
2 480 2 491
2 492 3 497
2 504 2 515
2 516 2 527
2 534 2 545
2 546 2 557
2 558 2 569
2 570 2 581
2 582 2 593
2 594 2 605
2 606 2 617
2 618 2 629
2 630 2 641
2 642 2 653
2 654 2 665
2 666 2 677
2 678 2 689
2 690 2 701
2 702 2 713
2 714 2 725
2 726 2 737
2 738 2 749
2 750 2 761
2 762 2 773
2 774 2 785
2 786 2 797
2 798 2 809
2 810 2 821
2 822 3 827
2 828 2 839
2 840 2 851
2 852 2 863
2 868 2 879
2 880 2 891
2 892 2 903
2 904 2 915
2 916 2 927
2 928 2 939
2 940 2 951
2 952 2 963
2 964 2 975
2 976 2 987
2 988 2 999
3 0 3 11
3 12 4 17
3 18 4 23
3 24 3 35
3 36 3 47
3 48 3 59
3 60 3 71
3 72 3 83
3 84 4 89
3 90 3 101
3 102 4 107
3 108 3 119
3 120 3 131
3 132 3 143
3 144 3 155
3 162 3 173
3 174 3 185
3 186 3 197
3 198 3 209
3 210 3 221
3 222 3 233
3 240 3 251
3 252 3 263
3 264 3 275
3 276 3 287
3 288 3 299
3 300 3 311
3 312 3 323
3 324 3 335
3 336 3 347
3 348 3 359
3 372 3 383
3 384 3 395
3 396 3 407
3 408 3 419
3 420 3 431
3 432 3 443
3 444 3 455
3 456 3 467
3 468 3 479
3 480 3 491
3 498 3 509
3 510 3 521
3 522 3 533
3 534 3 545
3 546 3 557
3 558 3 569
3 570 3 581
3 582 3 593
3 594 3 605
3 606 3 617
3 618 3 629
3 630 3 641
3 642 3 653
3 654 3 665
3 666 3 677
3 678 3 689
3 690 3 701
3 702 3 713
3 714 3 725
3 726 3 737
3 738 3 749
3 750 3 761
3 762 3 773
3 774 3 785
3 786 3 797
3 798 3 809
3 810 3 821
3 828 3 839
3 840 3 851
3 852 3 863
3 864 3 875
3 876 3 887
3 888 3 899
3 900 3 911
3 912 3 923
3 924 3 935
3 936 4 941
3 942 3 953
3 954 3 965
3 966 3 977
3 978 3 989
3 990 4 995
3 996 5 999
4 0 4 11
4 24 4 35
4 36 4 47
4 48 5 53
4 54 4 65
4 66 4 77
4 78 5 83
4 90 4 101
4 108 4 119
4 120 4 131
4 132 4 143
4 144 4 155
4 156 4 167
4 168 4 179
4 180 4 191
4 192 4 203
4 204 4 215
4 216 4 227
4 228 4 239
4 240 4 251
4 252 4 263
4 264 4 275
4 276 4 287
4 288 4 299
4 300 4 311
4 312 4 323
4 324 4 335
4 336 4 347
4 348 6 351
4 352 4 363
4 364 4 375
4 376 4 387
4 388 4 399
4 400 4 411
4 412 4 423
4 424 4 435
4 436 4 447
4 448 4 459
4 460 5 465
4 466 4 477
4 478 4 489
4 490 4 501
4 502 4 513
4 514 4 525
4 526 5 531
4 532 4 543
4 544 4 555
4 556 4 567
4 568 4 579
4 580 4 591
4 592 4 603
4 604 4 615
4 616 4 627
4 628 4 639
4 640 5 645
4 646 4 657
4 658 4 669
4 670 4 681
4 682 4 693
4 694 4 705
4 706 4 717
4 718 4 729
4 730 5 735
4 736 4 747
4 748 4 759
4 760 4 771
4 772 4 783
4 784 4 795
4 796 4 807
4 808 5 813
4 814 4 825
4 826 4 837
4 838 4 849
4 850 4 861
4 862 5 867
4 868 5 873
4 874 5 879
4 880 4 891
4 892 4 903
4 904 4 915
4 916 4 927
4 928 5 933
4 934 9 935
4 942 4 953
4 954 4 965
4 966 4 977
4 978 4 989
5 0 5 11
5 12 5 23
5 24 5 35
5 36 5 47
5 54 5 65
5 66 5 77
5 84 5 95
5 96 5 107
5 108 5 119
5 120 5 131
5 132 5 143
5 144 5 155
5 156 5 167
5 168 5 179
5 180 5 191
5 192 5 203
5 204 5 215
5 216 5 227
5 228 5 239
5 240 5 251
5 252 5 263
5 264 5 275
5 276 5 287
5 288 5 299
5 300 5 311
5 312 5 323
5 324 5 335
5 336 5 347
5 352 5 363
5 364 5 375
5 376 6 381
5 382 5 393
5 394 5 405
5 406 5 417
5 418 5 429
5 430 5 441
5 442 5 453
5 454 6 459
5 466 5 477
5 478 5 489
5 490 5 501
5 502 5 513
5 514 5 525
5 532 5 543
5 544 5 555
5 556 5 567
5 568 5 579
5 580 5 591
5 592 5 603
5 604 5 615
5 616 5 627
5 628 5 639
5 646 5 657
5 658 5 669
5 670 5 681
5 682 5 693
5 694 5 705
5 706 5 717
5 718 6 723
5 724 6 729
5 736 5 747
5 748 5 759
5 760 5 771
5 772 5 783
5 784 5 795
5 796 5 807
5 814 5 825
5 826 5 837
5 838 5 849
5 850 5 861
5 880 5 891
5 892 5 903
5 904 5 915
5 916 5 927
5 936 5 947
5 948 5 959
5 960 5 971
5 972 5 983
5 984 5 995
6 0 6 11
6 12 6 23
6 24 6 35
6 36 7 41
6 42 6 53
6 54 6 65
6 66 6 77
6 78 6 89
6 90 6 101
6 102 6 113
6 114 6 125
6 126 6 137
6 138 6 149
6 150 6 161
6 162 6 173
6 174 6 185
6 186 6 197
6 198 6 209
6 210 6 221
6 222 7 227
6 228 7 233
6 234 8 237
6 238 7 243
6 244 6 255
6 256 6 267
6 268 6 279
6 280 6 291
6 292 6 303
6 304 6 315
6 316 6 327
6 328 7 332
6 335 6 344
6 345 9 347
6 352 6 363
6 364 6 375
6 382 6 393
6 394 6 405
6 406 6 417
6 418 6 429
6 430 6 441
6 442 6 453
6 460 6 471
6 472 6 483
6 484 6 495
6 496 6 507
6 508 6 519
6 520 6 531
6 532 6 543
6 544 6 555
6 556 6 567
6 568 6 579
6 580 6 591
6 592 6 603
6 604 6 615
6 616 6 627
6 628 6 639
6 640 6 651
6 652 6 663
6 664 6 675
6 676 7 681
6 682 6 693
6 694 6 705
6 706 6 717
6 730 6 741
6 742 7 747
6 748 6 759
6 760 6 771
6 772 6 783
6 784 7 789
6 790 7 795
6 796 6 807
6 808 6 819
6 820 6 831
6 832 6 843
6 844 6 855
6 856 6 867
6 868 6 879
6 880 6 891
6 892 6 903
6 904 6 915
6 916 6 927
6 928 7 933
6 936 6 947
6 948 6 959
6 960 6 971
6 972 6 983
6 984 6 995
6 996 7 999
7 0 7 11
7 12 7 23
7 24 8 29
7 30 8 35
7 42 7 53
7 54 7 65
7 66 7 77
7 78 7 89
7 90 7 101
7 102 7 113
7 114 7 125
7 126 7 137
7 138 7 149
7 150 7 161
7 162 7 173
7 174 7 185
7 186 7 197
7 198 7 209
7 210 7 221
7 244 7 255
7 256 8 261
7 262 7 273
7 274 8 279
7 280 7 291
7 292 7 303
7 304 7 315
7 316 7 327
7 335 9 338
7 339 9 341
7 342 9 344
7 348 7 359
7 360 7 371
7 372 7 383
7 384 7 395
7 396 7 407
7 408 7 419
7 420 7 431
7 432 7 443
7 444 7 455
7 456 7 467
7 468 7 479
7 480 7 491
7 492 7 503
7 504 7 515
7 516 7 527
7 528 7 539
7 540 7 551
7 552 7 563
7 564 7 575
7 576 7 587
7 588 7 599
7 600 7 611
7 612 7 623
7 624 8 629
7 630 8 635
7 636 7 647
7 648 7 659
7 660 7 671
7 672 9 675
7 682 7 693
7 694 7 705
7 706 7 717
7 718 7 729
7 730 7 741
7 748 7 759
7 760 7 771
7 772 7 783
7 796 7 807
7 808 7 819
7 820 7 831
7 832 7 843
7 844 8 849
7 850 7 861
7 862 7 873
7 874 7 885
7 886 7 897
7 898 7 909
7 910 7 921
7 922 8 927
7 936 7 947
7 948 7 959
7 960 7 971
7 972 7 983
7 984 7 995
8 0 8 11
8 12 8 23
8 36 8 47
8 48 8 59
8 60 8 71
8 72 8 83
8 84 8 95
8 96 8 107
8 108 8 119
8 120 8 131
8 132 8 143
8 144 8 155
8 156 8 167
8 168 8 179
8 180 8 191
8 192 8 203
8 204 8 215
8 216 8 227
8 228 9 233
8 238 8 249
8 250 8 255
8 262 8 273
8 280 8 291
8 292 8 303
8 304 8 315
8 316 8 327
8 328 9 332
8 348 8 359
8 360 8 371
8 372 8 383
8 384 8 395
8 396 8 407
8 408 8 419
8 420 8 431
8 432 8 443
8 444 8 455
8 456 8 467
8 468 8 479
8 480 8 491
8 492 8 503
8 504 8 515
8 516 8 527
8 528 8 539
8 540 8 551
8 552 8 563
8 564 8 575
8 576 8 587
8 588 8 599
8 600 8 611
8 612 9 617
8 636 8 647
8 648 8 659
8 660 8 671
8 676 8 687
8 688 8 699
8 700 8 711
8 712 8 723
8 724 8 735
8 736 8 747
8 748 8 759
8 760 8 771
8 772 8 783
8 784 8 795
8 796 8 807
8 808 8 819
8 820 8 831
8 832 8 843
8 850 8 861
8 862 8 873
8 874 8 885
8 886 9 891
8 898 9 903
8 904 8 915
8 916 9 921
8 928 9 933
8 936 8 947
8 948 8 959
8 960 8 971
8 972 8 983
8 984 8 994
9 0 9 11
9 12 9 23
9 24 9 33
9 34 9 45
9 46 9 57
9 58 9 69
9 70 9 81
9 82 9 93
9 94 9 105
9 106 9 117
9 118 9 129
9 130 9 141
9 142 9 153
9 154 9 165
9 166 9 177
9 178 9 189
9 190 9 201
9 202 9 213
9 214 9 221
9 222 9 227
9 234 9 245
9 246 9 257
9 258 9 269
9 270 9 281
9 282 9 293
9 294 9 305
9 306 9 317
9 318 9 327
6 333 9 334
9 348 9 359
9 360 9 371
9 372 9 383
9 384 9 395
9 396 9 407
9 408 9 419
9 420 9 431
9 432 9 443
9 444 9 455
9 456 9 467
9 468 9 479
9 480 9 491
9 492 9 503
9 504 9 515
9 516 9 527
9 528 9 539
9 540 9 551
9 552 9 563
9 564 9 575
9 576 9 587
9 588 9 599
9 600 9 611
9 619 9 630
9 631 9 642
9 643 9 654
9 655 9 664
9 665 9 671
9 676 9 687
9 688 9 699
9 700 9 711
9 712 9 723
9 724 9 735
9 736 9 747
9 748 9 759
9 760 9 771
9 772 9 783
9 784 9 795
9 796 9 807
9 808 9 819
9 820 9 831
9 832 9 843
9 844 9 855
9 856 9 867
9 868 9 877
9 878 9 885
8 892 9 897
9 904 9 915
9 922 9 927
9 936 9 947
9 948 9 959
9 960 9 971
9 972 9 983
9 984 9 994
8 995 9 999
