120
0 0 0 29
0 30 0 59
0 60 0 89
0 90 0 119
0 120 0 149
0 150 0 179
0 180 0 209
0 210 0 239
0 240 0 269
0 270 0 299
0 300 0 329
0 330 0 359
0 360 0 389
0 390 0 419
0 420 0 449
0 450 0 479
0 480 0 509
0 510 0 539
0 540 0 569
0 570 0 599
0 600 0 629
0 630 0 659
0 660 0 689
0 690 2 699
0 700 1 714
1 0 1 29
1 30 1 59
1 60 1 89
1 90 1 119
1 120 1 149
1 150 1 179
1 180 1 209
1 210 1 239
1 240 1 269
1 270 1 299
1 300 1 329
1 330 1 359
1 360 1 389
1 390 1 419
1 420 1 449
1 450 1 479
1 480 1 509
1 510 1 539
1 540 1 569
1 570 1 599
1 600 2 614
1 615 1 644
1 645 1 674
1 675 2 689
2 0 2 29
2 30 2 59
2 60 2 89
2 90 2 119
2 120 2 149
2 150 2 179
2 180 3 194
2 195 2 224
2 225 2 254
2 255 2 284
2 285 2 314
2 315 2 344
2 345 2 374
2 375 2 404
2 405 2 434
2 435 2 464
2 465 3 479
2 480 2 509
2 510 2 539
2 540 2 569
2 570 2 599
2 615 2 644
2 645 2 674
2 700 4 709
2 710 4 717
3 0 3 29
3 30 3 59
3 60 3 89
3 90 3 119
3 120 3 149
3 150 3 179
3 195 3 224
3 225 3 254
3 255 3 284
3 285 3 314
3 315 3 344
3 345 3 374
3 375 3 404
3 405 3 426
3 442 3 464
3 480 3 509
3 510 3 539
3 540 3 569
3 570 3 599
3 600 3 629
3 630 3 659
3 660 3 684
3 685 4 699
4 0 4 29
4 30 4 59
4 60 4 89
4 90 4 119
4 120 4 149
4 150 4 179
4 180 4 209
4 210 4 239
4 240 4 269
4 270 4 299
4 300 4 327
4 328 4 357
4 358 4 387
4 388 4 417
3 427 4 441
4 442 4 471
4 472 4 501
4 502 4 531
4 532 4 561
4 562 4 590
4 591 4 620
4 621 4 650
4 651 4 680
