124
0 0 11 0
0 2 11 2
0 3 11 3
0 4 3 6
0 7 0 18
0 19 1 24
0 25 11 25
0 27 3 29
0 31 1 36
0 37 11 37
0 38 5 39
0 40 11 40
0 42 5 43
0 44 1 49
0 50 0 61
0 62 2 65
1 7 1 18
1 50 1 61
2 7 2 18
2 19 3 24
2 30 3 35
2 44 2 55
2 56 4 59
2 60 12 60
3 7 4 12
3 13 4 18
3 44 3 55
3 61 14 61
3 63 14 63
3 64 8 65
4 4 15 4
4 5 15 5
4 6 15 6
4 19 5 24
4 26 5 31
4 33 15 33
4 34 9 35
4 44 4 55
5 7 10 8
5 9 6 14
5 15 7 18
5 44 5 55
5 56 7 59
6 19 7 24
6 26 7 30
6 31 11 32
6 38 11 39
6 41 7 46
6 47 11 48
6 49 8 52
6 53 11 54
6 55 17 55
6 62 17 62
7 1 18 1
7 9 8 14
8 15 9 20
8 21 19 21
8 22 13 23
8 26 10 29
8 30 19 30
8 41 9 46
8 56 10 59
9 10 11 13
9 49 12 51
9 52 19 52
9 64 14 65
10 14 12 17
10 18 13 20
10 34 13 36
10 41 11 46
11 7 14 9
11 24 22 24
11 26 13 29
11 56 21 56
11 57 16 58
12 0 23 0
12 2 17 3
12 10 23 10
12 11 15 13
12 25 22 25
12 31 17 32
12 37 13 42
12 43 14 46
12 47 17 48
12 53 17 54
13 14 16 16
13 17 22 17
13 49 16 51
13 59 18 60
14 18 17 20
14 22 19 23
14 26 17 28
14 34 24 34
14 35 16 38
14 39 24 39
14 40 19 41
14 42 24 42
15 7 19 8
15 43 17 46
15 64 20 65
16 4 21 5
16 11 21 12
17 35 19 38
17 49 22 50
18 18 21 20
18 26 21 28
18 32 23 33
18 43 19 48
18 53 21 55
19 1 22 3
19 57 20 62
20 6 22 9
20 13 22 16
20 21 23 23
20 35 22 38
20 43 22 46
20 47 24 48
20 51 24 52
21 57 22 62
21 63 24 65
22 53 24 56
23 12 24 17
23 25 24 30
23 57 24 62
