124
10 18 13 20
3 64 8 65
2 44 2 55
20 51 24 52
10 14 12 17
15 64 20 65
8 21 19 21
3 7 4 12
5 9 6 14
21 6 23 9
2 30 3 35
0 37 11 37
0 4 3 6
19 1 22 3
9 49 12 51
12 25 22 25
20 35 22 38
22 53 24 56
9 64 14 65
8 56 10 59
21 63 24 65
4 44 4 55
14 35 16 38
23 57 24 62
12 0 23 0
8 15 9 20
11 56 21 56
6 55 17 55
17 49 22 50
2 56 4 59
3 13 4 18
6 19 7 24
5 7 10 8
15 59 18 61
14 22 19 23
18 53 21 55
0 27 3 29
20 13 22 16
9 10 11 13
5 15 7 18
12 53 17 54
0 19 1 24
6 47 11 48
1 7 1 18
4 34 9 35
7 9 8 14
5 56 7 59
8 22 13 23
0 50 0 61
6 62 17 62
6 41 7 46
11 24 22 24
2 19 3 24
2 60 13 60
0 62 2 65
12 37 13 42
17 35 19 38
3 61 14 61
0 40 11 40
4 19 5 24
0 7 0 18
10 41 11 46
0 31 1 36
7 1 18 1
13 49 16 51
3 44 3 55
20 21 23 23
6 38 11 39
10 34 13 36
5 44 5 55
4 5 15 5
23 25 24 30
12 2 17 3
0 0 11 0
13 17 22 17
14 34 24 34
2 7 2 18
8 41 9 46
15 7 20 8
11 7 14 9
13 14 16 16
16 11 21 12
1 50 1 61
16 4 21 5
23 12 24 17
14 42 24 42
20 43 22 46
18 18 21 20
12 10 23 10
12 43 14 46
9 52 19 52
4 4 15 4
0 42 5 43
20 47 24 48
15 43 17 46
18 43 19 48
4 6 15 6
3 63 14 63
21 57 22 62
14 40 19 41
6 49 8 52
12 47 17 48
14 18 17 20
12 11 15 13
0 38 5 39
6 53 11 54
14 39 24 39
0 2 11 2
11 57 16 58
0 25 11 25
0 3 11 3
0 44 1 49
19 57 20 62
4 26 5 31
4 33 15 33
6 26 7 31
8 26 9 31
10 26 11 31
11 32 22 32
12 26 13 31
14 26 15 31
16 26 17 31
18 26 21 28
18 29 21 31
