1213
0 0 0 37
0 38 0 75
0 76 18 77
0 78 18 79
0 80 18 81
0 82 18 83
0 84 18 85
0 86 37 86
1 0 1 37
1 38 1 75
2 0 2 37
2 38 2 75
3 0 3 37
3 38 3 75
4 0 4 37
4 38 4 75
5 0 5 37
5 38 5 75
6 0 6 37
6 38 6 75
7 0 7 37
7 38 7 75
8 0 8 37
8 38 8 75
9 0 9 37
9 38 9 75
10 0 10 37
10 38 10 75
11 0 11 37
11 38 11 75
12 0 12 37
12 38 12 75
13 0 13 37
13 38 13 75
14 0 14 37
14 38 14 75
15 0 15 37
15 38 15 75
16 0 16 37
16 38 16 75
17 0 17 37
17 38 17 75
18 0 18 37
18 38 18 75
19 0 19 37
19 38 19 75
19 76 37 77
19 78 37 79
19 80 37 81
19 82 37 83
19 84 37 85
20 0 20 37
20 38 20 75
21 0 21 37
21 38 21 75
22 0 22 37
22 38 22 75
23 0 23 37
23 38 23 75
24 0 24 37
24 38 24 75
25 0 25 37
25 38 25 75
26 0 26 37
26 38 26 75
27 0 27 37
27 38 27 75
28 0 28 37
28 38 28 75
29 0 29 37
29 38 29 75
30 0 30 37
30 38 30 75
31 0 31 37
31 38 31 75
32 0 32 37
32 38 32 75
33 0 33 37
33 38 33 75
34 0 34 37
34 38 34 75
35 0 35 37
35 38 35 75
36 0 36 37
36 38 36 75
37 0 37 37
37 38 37 75
38 0 38 37
38 38 38 75
38 76 56 77
38 78 56 79
38 80 56 81
38 82 75 82
38 83 56 84
38 85 56 86
39 0 39 37
39 38 39 75
40 0 40 37
40 38 40 75
41 0 41 37
41 38 41 75
42 0 42 37
42 38 42 75
43 0 43 37
43 38 43 75
44 0 44 37
44 38 44 75
45 0 45 37
45 38 45 75
46 0 46 37
46 38 46 75
47 0 47 37
47 38 47 75
48 0 48 37
48 38 48 75
49 0 49 37
49 38 49 75
50 0 50 37
50 38 50 75
51 0 51 37
51 38 51 75
52 0 52 37
52 38 52 75
53 0 53 37
53 38 53 75
54 0 54 37
54 38 54 75
55 0 55 37
55 38 55 75
56 0 56 37
56 38 56 75
57 0 57 37
57 38 57 75
57 76 75 77
57 78 75 79
57 80 75 81
57 83 75 84
57 85 75 86
58 0 58 37
58 38 58 75
59 0 59 37
59 38 59 75
60 0 60 37
60 38 60 75
61 0 61 37
61 38 61 75
62 0 62 37
62 38 62 75
63 0 63 37
63 38 63 75
64 0 64 37
64 38 64 75
65 0 65 37
65 38 65 75
66 0 66 37
66 38 66 75
67 0 67 37
67 38 67 75
68 0 68 37
68 38 68 75
69 0 69 37
69 38 69 75
70 0 70 37
70 38 70 75
71 0 71 37
71 38 71 75
72 0 72 37
72 38 72 75
73 0 73 37
73 38 73 75
74 0 74 37
74 38 74 75
75 0 75 37
75 38 75 75
76 0 76 37
76 38 76 75
76 76 94 77
76 78 94 79
76 80 94 81
76 82 94 83
76 84 94 85
76 86 113 86
77 0 77 37
77 38 77 75
78 0 78 37
78 38 78 75
79 0 79 37
79 38 79 75
80 0 80 37
80 38 80 75
81 0 81 37
81 38 81 75
82 0 82 37
82 38 82 75
83 0 83 37
83 38 83 75
84 0 84 37
84 38 84 75
85 0 85 37
85 38 85 75
86 0 86 37
86 38 86 75
87 0 87 37
87 38 87 75
88 0 88 37
88 38 88 75
89 0 89 37
89 38 89 75
90 0 90 37
90 38 90 75
91 0 91 37
91 38 91 75
92 0 92 37
92 38 92 75
93 0 93 37
93 38 93 75
94 0 94 37
94 38 94 75
95 0 95 37
95 38 95 75
95 76 113 77
95 78 113 79
95 80 113 81
95 82 113 83
95 84 113 85
96 0 96 37
96 38 96 75
97 0 97 37
97 38 97 75
98 0 98 37
98 38 98 75
99 0 99 37
99 38 99 75
100 0 100 37
100 38 100 75
101 0 101 37
101 38 101 75
102 0 102 37
102 38 102 75
103 0 103 37
103 38 103 75
104 0 104 37
104 38 104 75
105 0 105 37
105 38 105 75
106 0 106 37
106 38 106 75
107 0 107 37
107 38 107 75
108 0 108 37
108 38 108 75
109 0 109 37
109 38 109 75
110 0 110 37
110 38 110 75
111 0 111 37
111 38 111 75
112 0 112 37
112 38 112 75
113 0 113 37
113 38 113 75
114 0 114 37
114 38 114 75
114 76 132 77
114 78 132 79
114 80 132 81
114 82 132 83
114 84 132 85
114 86 151 86
115 0 115 37
115 38 115 75
116 0 116 37
116 38 116 75
117 0 117 37
117 38 117 75
118 0 118 37
118 38 118 75
119 0 119 37
119 38 119 75
120 0 120 37
120 38 120 75
121 0 121 37
121 38 121 75
122 0 122 37
122 38 122 75
123 0 123 37
123 38 123 75
124 0 124 37
124 38 124 75
125 0 125 37
125 38 125 75
126 0 126 37
126 38 126 75
127 0 127 37
127 38 127 75
128 0 128 37
128 38 128 75
129 0 129 37
129 38 129 75
130 0 130 37
130 38 130 75
131 0 131 37
131 38 131 75
132 0 132 37
132 38 132 75
133 0 133 37
133 38 133 75
133 76 151 77
133 78 151 79
133 80 151 81
133 82 151 83
133 84 151 85
134 0 134 37
134 38 134 75
135 0 135 37
135 38 135 75
136 0 136 37
136 38 136 75
137 0 137 37
137 38 137 75
138 0 138 37
138 38 138 75
139 0 139 37
139 38 139 75
140 0 140 37
140 38 140 75
141 0 141 37
141 38 141 75
142 0 142 37
142 38 142 75
143 0 143 37
143 38 143 75
144 0 144 37
144 38 144 75
145 0 145 37
145 38 145 75
146 0 146 37
146 38 146 75
147 0 147 37
147 38 147 75
148 0 148 37
148 38 148 75
149 0 149 37
149 38 149 75
150 0 150 37
150 38 150 75
151 0 151 37
151 38 151 75
152 0 152 37
152 38 152 75
152 76 170 77
152 78 170 79
152 80 170 81
152 82 170 83
152 84 170 85
152 86 189 86
153 0 153 37
153 38 153 75
154 0 154 37
154 38 154 75
155 0 155 37
155 38 155 75
156 0 156 37
156 38 156 75
157 0 157 37
157 38 157 75
158 0 158 37
158 38 158 75
159 0 159 37
159 38 159 75
160 0 160 37
160 38 160 75
161 0 161 37
161 38 161 75
162 0 162 37
162 38 162 75
163 0 163 37
163 38 163 75
164 0 164 37
164 38 164 75
165 0 165 37
165 38 165 75
166 0 166 37
166 38 166 75
167 0 167 37
167 38 167 75
168 0 168 37
168 38 168 75
169 0 169 37
169 38 169 75
170 0 170 37
170 38 170 75
171 0 171 37
171 38 171 75
171 76 189 77
171 78 189 79
171 80 189 81
171 82 189 83
171 84 189 85
172 0 172 37
172 38 172 75
173 0 173 37
173 38 173 75
174 0 174 37
174 38 174 75
175 0 175 37
175 38 175 75
176 0 176 37
176 38 176 75
177 0 177 37
177 38 177 75
178 0 178 37
178 38 178 75
179 0 179 37
179 38 179 75
180 0 180 37
180 38 180 75
181 0 181 37
181 38 181 75
182 0 182 37
182 38 182 75
183 0 183 37
183 38 183 75
184 0 184 37
184 38 184 75
185 0 185 37
185 38 185 75
186 0 186 37
186 38 186 75
187 0 187 37
187 38 187 75
188 0 188 37
188 38 188 75
189 0 189 37
189 38 189 75
190 0 190 37
190 38 190 75
190 76 208 77
190 78 208 79
190 80 208 81
190 82 208 83
190 84 208 85
190 86 227 86
191 0 191 37
191 38 191 75
192 0 192 37
192 38 192 75
193 0 193 37
193 38 193 75
194 0 194 37
194 38 194 75
195 0 195 37
195 38 195 75
196 0 196 37
196 38 196 75
197 0 197 37
197 38 197 75
198 0 198 37
198 38 198 75
199 0 199 37
199 38 199 75
200 0 200 37
200 38 200 75
201 0 201 37
201 38 201 75
202 0 202 37
202 38 202 75
203 0 203 37
203 38 203 75
204 0 204 37
204 38 204 75
205 0 205 37
205 38 205 75
206 0 206 37
206 38 206 75
207 0 207 37
207 38 207 75
208 0 208 37
208 38 208 75
209 0 209 37
209 38 209 75
209 76 227 77
209 78 227 79
209 80 227 81
209 82 227 83
209 84 227 85
210 0 210 37
210 38 210 75
211 0 211 37
211 38 211 75
212 0 212 37
212 38 212 75
213 0 213 37
213 38 213 75
214 0 214 37
214 38 214 75
215 0 215 37
215 38 215 75
216 0 216 37
216 38 216 75
217 0 217 37
217 38 217 75
218 0 218 37
218 38 218 75
219 0 219 37
219 38 219 75
220 0 220 37
220 38 220 75
221 0 221 37
221 38 221 75
222 0 222 37
222 38 222 75
223 0 223 37
223 38 223 75
224 0 224 37
224 38 224 75
225 0 225 37
225 38 225 75
226 0 226 37
226 38 226 75
227 0 227 37
227 38 227 75
228 0 228 37
228 38 228 75
228 76 246 77
228 78 246 79
228 80 246 81
228 82 246 83
228 84 246 85
228 86 265 86
229 0 229 37
229 38 229 75
230 0 230 37
230 38 230 75
231 0 231 37
231 38 231 75
232 0 232 37
232 38 232 75
233 0 233 37
233 38 233 75
234 0 234 37
234 38 234 75
235 0 235 37
235 38 235 75
236 0 236 37
236 38 236 75
237 0 237 37
237 38 237 75
238 0 238 37
238 38 238 75
239 0 239 37
239 38 239 75
240 0 240 37
240 38 240 75
241 0 241 37
241 38 241 75
242 0 242 37
242 38 242 75
243 0 243 37
243 38 243 75
244 0 244 37
244 38 244 75
245 0 245 37
245 38 245 75
246 0 246 37
246 38 246 75
247 0 247 37
247 38 247 75
247 76 265 77
247 78 265 79
247 80 265 81
247 82 265 83
247 84 265 85
248 0 248 37
248 38 248 75
249 0 249 37
249 38 249 75
250 0 250 37
250 38 250 75
251 0 251 37
251 38 251 75
252 0 252 37
252 38 252 75
253 0 253 37
253 38 253 75
254 0 254 37
254 38 254 75
255 0 255 37
255 38 255 75
256 0 256 37
256 38 256 75
257 0 257 37
257 38 257 75
258 0 258 37
258 38 258 75
259 0 259 37
259 38 259 75
260 0 260 37
260 38 260 75
261 0 261 37
261 38 261 75
262 0 262 37
262 38 262 75
263 0 263 37
263 38 263 75
264 0 264 37
264 38 264 75
265 0 265 37
265 38 265 75
266 0 266 37
266 38 266 75
266 76 284 77
266 78 284 79
266 80 284 81
266 82 284 83
266 84 284 85
266 86 303 86
267 0 267 37
267 38 267 75
268 0 268 37
268 38 268 75
269 0 269 37
269 38 269 75
270 0 270 37
270 38 270 75
271 0 271 37
271 38 271 75
272 0 272 37
272 38 272 75
273 0 273 37
273 38 273 75
274 0 274 37
274 38 274 75
275 0 275 37
275 38 275 75
276 0 276 37
276 38 276 75
277 0 277 37
277 38 277 75
278 0 278 37
278 38 278 75
279 0 279 37
279 38 279 75
280 0 280 37
280 38 280 75
281 0 281 37
281 38 281 75
282 0 282 37
282 38 282 75
283 0 283 37
283 38 283 75
284 0 284 37
284 38 284 75
285 0 285 37
285 38 285 75
285 76 303 77
285 78 303 79
285 80 303 81
285 82 303 83
285 84 303 85
286 0 286 37
286 38 286 75
287 0 287 37
287 38 287 75
288 0 288 37
288 38 288 75
289 0 289 37
289 38 289 75
290 0 290 37
290 38 290 75
291 0 291 37
291 38 291 75
292 0 292 37
292 38 292 75
293 0 293 37
293 38 293 75
294 0 294 37
294 38 294 75
295 0 295 37
295 38 295 75
296 0 296 37
296 38 296 75
297 0 297 37
297 38 297 75
298 0 298 37
298 38 298 75
299 0 299 37
299 38 299 75
300 0 300 37
300 38 300 75
301 0 301 37
301 38 301 75
302 0 302 37
302 38 302 75
303 0 303 37
303 38 303 75
304 0 304 37
304 38 304 75
304 76 322 77
304 78 322 79
304 80 322 81
304 82 322 83
304 84 322 85
304 86 341 86
305 0 305 37
305 38 305 75
306 0 306 37
306 38 306 75
307 0 307 37
307 38 307 75
308 0 308 37
308 38 308 75
309 0 309 37
309 38 309 75
310 0 310 37
310 38 310 75
311 0 311 37
311 38 311 75
312 0 312 37
312 38 312 75
313 0 313 37
313 38 313 75
314 0 314 37
314 38 314 75
315 0 315 37
315 38 315 75
316 0 316 37
316 38 316 75
317 0 317 37
317 38 317 75
318 0 318 37
318 38 318 75
319 0 319 37
319 38 319 75
320 0 320 37
320 38 320 75
321 0 321 37
321 38 321 75
322 0 322 37
322 38 322 75
323 0 323 37
323 38 323 75
323 76 341 77
323 78 341 79
323 80 341 81
323 82 341 83
323 84 341 85
324 0 324 37
324 38 324 75
325 0 325 37
325 38 325 75
326 0 326 37
326 38 326 75
327 0 327 37
327 38 327 75
328 0 328 37
328 38 328 75
329 0 329 37
329 38 329 75
330 0 330 37
330 38 330 75
331 0 331 37
331 38 331 75
332 0 332 37
332 38 332 75
333 0 333 37
333 38 333 75
334 0 334 37
334 38 334 75
335 0 335 37
335 38 335 75
336 0 336 37
336 38 336 75
337 0 337 37
337 38 337 75
338 0 338 37
338 38 338 75
339 0 339 37
339 38 339 75
340 0 340 37
340 38 340 75
341 0 341 37
341 38 341 75
342 0 342 37
342 38 342 75
342 76 360 77
342 78 360 79
342 80 360 81
342 82 360 83
342 84 360 85
342 86 379 86
343 0 343 37
343 38 343 75
344 0 344 37
344 38 344 75
345 0 345 37
345 38 345 75
346 0 346 37
346 38 346 75
347 0 347 37
347 38 347 75
348 0 348 37
348 38 348 75
349 0 349 37
349 38 349 75
350 0 350 37
350 38 350 75
351 0 351 37
351 38 351 75
352 0 352 37
352 38 352 75
353 0 353 37
353 38 353 75
354 0 354 37
354 38 354 75
355 0 355 37
355 38 355 75
356 0 356 37
356 38 356 75
357 0 357 37
357 38 357 75
358 0 358 37
358 38 358 75
359 0 359 37
359 38 359 75
360 0 360 37
360 38 360 75
361 0 361 37
361 38 361 75
361 76 379 77
361 78 379 79
361 80 379 81
361 82 379 83
361 84 379 85
362 0 362 37
362 38 362 75
363 0 363 37
363 38 363 75
364 0 364 37
364 38 364 75
365 0 365 37
365 38 365 75
366 0 366 37
366 38 366 75
367 0 367 37
367 38 367 75
368 0 368 37
368 38 368 75
369 0 369 37
369 38 369 75
370 0 370 37
370 38 370 75
371 0 371 37
371 38 371 75
372 0 372 37
372 38 372 75
373 0 373 37
373 38 373 75
374 0 374 37
374 38 374 75
375 0 375 37
375 38 375 75
376 0 376 37
376 38 376 75
377 0 377 37
377 38 377 75
378 0 378 37
378 38 378 75
379 0 379 37
379 38 379 75
380 0 380 37
380 38 380 75
380 76 398 77
380 78 398 79
380 80 398 81
380 82 398 83
380 84 398 85
380 86 417 86
381 0 381 37
381 38 381 75
382 0 382 37
382 38 382 75
383 0 383 37
383 38 383 75
384 0 384 37
384 38 384 75
385 0 385 37
385 38 385 75
386 0 386 37
386 38 386 75
387 0 387 37
387 38 387 75
388 0 388 37
388 38 388 75
389 0 389 37
389 38 389 75
390 0 390 37
390 38 390 75
391 0 391 37
391 38 391 75
392 0 392 37
392 38 392 75
393 0 393 37
393 38 393 75
394 0 394 37
394 38 394 75
395 0 395 37
395 38 395 75
396 0 396 37
396 38 396 75
397 0 397 37
397 38 397 75
398 0 398 37
398 38 398 75
399 0 399 37
399 38 399 75
399 76 417 77
399 78 417 79
399 80 417 81
399 82 417 83
399 84 417 85
400 0 400 37
400 38 400 75
401 0 401 37
401 38 401 75
402 0 402 37
402 38 402 75
403 0 403 37
403 38 403 75
404 0 404 37
404 38 404 75
405 0 405 37
405 38 405 75
406 0 406 37
406 38 406 75
407 0 407 37
407 38 407 75
408 0 408 37
408 38 408 75
409 0 409 37
409 38 409 75
410 0 410 37
410 38 410 75
411 0 411 37
411 38 411 75
412 0 412 37
412 38 412 75
413 0 413 37
413 38 413 75
414 0 414 37
414 38 414 75
415 0 415 37
415 38 415 75
416 0 416 37
416 38 416 75
417 0 417 37
417 38 417 75
418 0 418 37
418 38 418 75
418 76 436 77
418 78 436 79
418 80 436 81
418 82 436 83
418 84 436 85
418 86 455 86
419 0 419 37
419 38 419 75
420 0 420 37
420 38 420 75
421 0 421 37
421 38 421 75
422 0 422 37
422 38 422 75
423 0 423 37
423 38 423 75
424 0 424 37
424 38 424 75
425 0 425 37
425 38 425 75
426 0 426 37
426 38 426 75
427 0 427 37
427 38 427 75
428 0 428 37
428 38 428 75
429 0 429 37
429 38 429 75
430 0 430 37
430 38 430 75
431 0 431 37
431 38 431 75
432 0 432 37
432 38 432 75
433 0 433 37
433 38 433 75
434 0 434 37
434 38 434 75
435 0 435 37
435 38 435 75
436 0 436 37
436 38 436 75
437 0 437 37
437 38 437 75
437 76 455 77
437 78 455 79
437 80 455 81
437 82 455 83
437 84 455 85
438 0 438 37
438 38 438 75
439 0 439 37
439 38 439 75
440 0 440 37
440 38 440 75
441 0 441 37
441 38 441 75
442 0 442 37
442 38 442 75
443 0 443 37
443 38 443 75
444 0 444 37
444 38 444 75
445 0 445 37
445 38 445 75
446 0 446 37
446 38 446 75
447 0 447 37
447 38 447 75
448 0 448 37
448 38 448 75
449 0 449 37
449 38 449 75
450 0 450 37
450 38 450 75
451 0 451 37
451 38 451 75
452 0 452 37
452 38 452 75
453 0 453 37
453 38 453 75
454 0 454 37
454 38 454 75
455 0 455 37
455 38 455 75
456 0 456 37
456 38 456 75
456 76 474 77
456 78 474 79
456 80 474 81
456 82 474 83
456 84 474 85
456 86 493 86
457 0 457 37
457 38 457 75
458 0 458 37
458 38 458 75
459 0 459 37
459 38 459 75
460 0 460 37
460 38 460 75
461 0 461 37
461 38 461 75
462 0 462 37
462 38 462 75
463 0 463 37
463 38 463 75
464 0 464 37
464 38 464 75
465 0 465 37
465 38 465 75
466 0 466 37
466 38 466 75
467 0 467 37
467 38 467 75
468 0 468 37
468 38 468 75
469 0 469 37
469 38 469 75
470 0 470 37
470 38 470 75
471 0 471 37
471 38 471 75
472 0 472 37
472 38 472 75
473 0 473 37
473 38 473 75
474 0 474 37
474 38 474 75
475 0 475 37
475 38 475 75
475 76 493 77
475 78 493 79
475 80 493 81
475 82 493 83
475 84 493 85
476 0 476 37
476 38 476 75
477 0 477 37
477 38 477 75
478 0 478 37
478 38 478 75
479 0 479 37
479 38 479 75
480 0 480 37
480 38 480 75
481 0 481 37
481 38 481 75
482 0 482 37
482 38 482 75
483 0 483 37
483 38 483 75
484 0 484 37
484 38 484 75
485 0 485 37
485 38 485 75
486 0 486 37
486 38 486 75
487 0 487 37
487 38 487 75
488 0 488 37
488 38 488 75
489 0 489 37
489 38 489 75
490 0 490 37
490 38 490 75
491 0 491 37
491 38 491 75
492 0 492 37
492 38 492 75
493 0 493 37
493 38 493 75
494 0 494 37
494 38 494 75
494 76 512 77
494 78 512 79
494 80 512 81
494 82 512 83
494 84 512 85
494 86 523 86
495 0 495 37
495 38 495 75
496 0 496 37
496 38 496 75
497 0 497 37
497 38 497 75
498 0 498 37
498 38 498 75
499 0 499 37
499 38 499 75
500 0 500 37
500 38 500 75
501 0 501 37
501 38 501 75
502 0 502 37
502 38 502 75
503 0 503 37
503 38 503 75
504 0 504 37
504 38 504 75
505 0 505 37
505 38 505 75
506 0 506 37
506 38 506 75
507 0 507 37
507 38 507 75
508 0 508 37
508 38 508 75
509 0 509 37
509 38 509 75
510 0 510 37
510 38 510 75
511 0 511 37
511 38 511 75
512 0 512 37
512 38 512 75
513 0 513 37
513 38 513 75
513 76 516 82
513 83 523 85
514 0 514 37
514 38 514 75
515 0 515 37
515 38 515 75
516 0 516 37
516 38 516 75
517 0 517 37
517 38 517 75
517 76 522 80
517 81 528 82
518 0 518 37
518 38 518 75
519 0 519 37
519 38 519 75
520 0 520 37
520 38 520 75
521 0 521 37
521 38 521 75
522 0 522 37
522 38 522 75
523 0 523 37
523 38 523 74
523 75 528 80
524 0 524 37
524 38 525 56
524 57 525 74
525 0 525 37
524 83 528 86
526 0 526 37
526 38 527 56
526 57 527 74
527 0 527 37
528 0 528 37
528 38 528 74
