5616
0 1 0 6
0 7 2 8
0 10 0 15
0 16 0 21
0 22 0 27
0 28 1 30
0 37 2 38
0 39 0 44
0 45 2 46
0 48 1 50
0 51 5 51
0 52 5 52
0 53 5 53
0 55 2 56
0 59 1 61
0 62 1 64
0 69 1 71
0 72 2 73
0 74 1 76
0 77 2 78
0 79 5 79
0 86 1 88
0 92 0 97
0 98 1 100
0 101 0 106
0 107 0 112
0 113 0 118
0 120 0 125
0 126 0 131
0 132 0 137
0 139 0 144
0 145 2 146
0 147 5 147
0 148 2 149
0 150 0 155
0 156 0 161
0 162 0 167
0 170 0 175
0 177 1 179
0 180 0 185
0 186 5 186
0 188 1 190
0 193 0 198
0 199 1 201
0 202 0 207
0 208 5 208
0 210 5 210
0 211 2 212
0 213 2 214
0 218 2 219
0 220 0 225
0 226 0 231
0 232 2 233
0 235 1 237
0 244 1 246
0 249 2 250
0 255 0 260
0 261 1 263
0 264 5 264
0 265 2 266
0 268 1 270
0 271 1 273
0 274 2 275
0 276 1 278
0 279 2 280
0 281 0 286
0 287 5 287
0 289 2 290
0 292 5 292
0 293 5 293
0 297 1 299
0 300 0 305
0 307 0 312
0 315 1 317
0 318 5 318
0 319 0 324
0 327 5 327
0 333 2 334
0 335 0 340
0 343 5 343
0 344 2 345
0 349 0 354
0 355 5 355
0 357 5 357
0 362 2 363
0 364 0 369
0 370 1 372
0 374 0 379
0 380 1 382
0 383 2 384
0 386 0 391
0 397 5 397
0 398 1 400
0 402 5 402
0 404 0 409
0 410 0 415
0 416 1 418
0 420 2 421
0 422 2 423
0 427 2 428
0 429 0 434
0 437 0 442
0 445 0 450
0 452 5 452
0 459 2 460
0 461 1 463
0 464 0 469
0 471 1 473
0 474 2 475
0 478 1 480
0 484 5 484
0 485 2 486
0 489 2 490
0 494 0 499
0 500 0 505
0 508 0 513
0 516 5 516
0 517 2 518
0 519 1 521
0 522 5 522
0 523 0 528
0 529 1 531
0 532 1 534
0 535 0 540
0 541 2 542
0 544 0 549
0 553 2 554
0 556 1 558
0 559 0 564
0 565 5 565
0 569 0 574
0 575 0 580
0 581 1 583
0 585 5 585
0 586 2 587
0 588 1 590
0 594 0 599
0 602 1 604
0 605 0 610
0 611 1 613
0 615 1 617
0 619 1 621
0 622 5 622
0 623 2 624
0 626 0 631
0 633 5 633
0 636 2 637
0 638 0 643
0 644 0 649
0 650 2 651
0 660 1 662
0 664 1 666
0 667 0 672
0 674 0 679
0 681 1 683
0 684 0 689
0 690 5 690
0 692 1 694
0 697 2 698
0 699 1 701
0 704 5 704
0 705 5 705
0 710 2 711
0 712 2 713
0 715 0 720
0 721 1 723
0 724 2 725
0 729 0 734
0 735 0 740
0 741 2 742
0 743 0 748
0 750 1 752
0 756 1 758
0 760 1 762
0 766 5 766
0 767 1 769
0 773 2 774
0 777 1 779
0 780 0 785
0 788 1 790
0 791 5 791
0 793 0 798
0 799 1 801
0 804 1 806
0 810 0 815
0 818 0 823
0 824 1 826
0 830 1 832
0 837 1 839
0 844 2 845
0 847 5 847
0 851 1 853
0 854 0 859
0 860 1 862
0 863 1 865
0 866 5 866
0 868 1 870
0 871 5 871
0 873 0 878
0 879 2 880
0 881 0 886
0 887 1 889
0 890 1 892
0 894 5 894
0 896 1 898
0 902 5 902
0 903 1 905
0 906 1 908
0 909 0 914
0 919 1 921
0 924 1 926
0 928 5 928
0 930 5 930
0 931 0 936
0 937 5 937
0 941 1 943
0 944 1 946
0 947 2 948
0 952 1 954
0 955 1 957
0 958 0 963
0 964 5 964
0 969 0 974
0 975 0 980
0 982 1 984
0 985 0 990
0 991 1 993
0 996 5 996
0 998 2 999
1 0 2 2
1 5 6 5
1 6 6 6
1 9 1 14
1 16 2 18
1 19 1 24
1 25 3 26
1 27 6 27
1 41 3 42
1 47 6 47
1 65 2 67
1 83 3 84
1 85 6 85
1 89 3 90
1 93 3 94
1 104 6 104
1 107 2 109
1 110 3 111
1 112 3 113
1 114 1 119
1 120 3 121
1 122 6 122
1 128 2 130
1 133 2 135
1 136 3 137
1 140 3 141
1 150 2 152
1 154 1 159
1 160 2 162
1 163 2 165
1 166 2 168
1 171 2 173
1 191 3 192
1 193 1 198
1 202 2 204
1 206 6 206
1 215 6 215
1 220 6 220
1 222 1 227
1 228 3 229
1 231 6 231
1 243 6 243
1 251 6 251
1 252 3 253
1 255 6 255
1 256 3 257
1 258 3 259
1 284 3 285
1 300 2 302
1 310 3 311
1 314 6 314
1 320 2 322
1 347 1 352
1 361 6 361
1 364 2 366
1 373 1 378
1 387 2 389
1 390 1 395
1 403 3 404
1 405 2 407
1 408 2 410
1 412 2 414
1 424 3 425
1 429 1 434
1 435 6 435
1 436 3 437
1 440 3 441
1 442 6 442
1 446 3 447
1 449 2 451
1 455 2 457
1 464 6 464
1 465 2 467
1 476 6 476
1 481 6 481
1 492 1 497
1 498 1 503
1 504 2 506
1 507 2 509
1 510 2 512
1 523 1 528
1 535 3 536
1 543 3 544
1 546 6 546
1 550 6 550
1 560 6 560
1 561 2 563
1 566 1 571
1 576 6 576
1 577 3 578
1 580 6 580
1 591 6 591
1 599 3 600
1 601 6 601
1 606 6 606
1 608 2 610
1 628 2 630
1 639 1 644
1 645 2 647
1 652 1 657
1 667 1 672
1 673 3 674
1 675 6 675
1 684 3 685
1 686 6 686
1 687 2 689
1 696 6 696
1 707 6 707
1 716 3 717
1 718 2 720
1 727 6 727
1 731 1 736
1 737 2 739
1 744 2 746
1 763 3 764
1 770 2 772
1 781 1 786
1 794 6 794
1 802 3 803
1 807 1 812
1 813 6 813
1 814 6 814
1 835 6 835
1 841 2 843
1 848 6 848
1 849 6 849
1 854 1 859
1 876 3 877
1 883 3 884
1 893 6 893
1 899 3 900
1 911 2 913
1 915 6 915
1 917 6 917
1 933 6 933
1 940 6 940
1 958 3 959
1 965 6 965
1 966 1 971
1 974 1 979
1 987 2 989
2 10 3 12
2 13 7 13
2 28 4 29
2 31 3 33
2 57 3 59
2 63 7 63
2 64 7 64
2 68 3 70
2 71 7 71
2 82 7 82
2 95 7 95
2 101 7 101
2 115 7 115
2 123 7 123
2 125 4 126
2 132 7 132
2 143 7 143
2 157 7 157
2 174 7 174
2 180 4 181
2 182 3 184
2 187 3 189
2 190 7 190
2 193 2 198
2 201 7 201
2 207 7 207
2 223 3 225
2 235 4 236
2 237 7 237
2 238 4 239
2 244 3 246
2 261 3 263
2 269 3 271
2 277 7 277
2 281 4 282
2 286 7 286
2 294 7 294
2 296 4 297
2 307 4 308
2 324 7 324
2 326 7 326
2 335 4 336
2 348 7 348
2 351 4 352
2 358 7 358
2 368 2 373
2 374 3 376
2 379 7 379
2 391 7 391
2 395 4 396
2 399 7 399
2 415 3 417
2 429 3 431
2 432 4 433
2 434 7 434
2 443 4 444
2 469 4 470
2 478 4 479
2 491 4 492
2 494 2 499
2 502 4 503
2 513 7 513
2 514 4 515
2 519 4 520
2 523 3 525
2 527 4 528
2 530 3 532
2 533 7 533
2 537 3 539
2 555 3 557
2 566 2 571
2 572 7 572
2 573 7 573
2 581 4 582
2 588 3 590
2 597 7 597
2 602 4 603
2 613 2 618
2 619 3 621
2 639 2 644
2 649 7 649
2 653 2 658
2 660 7 660
2 661 2 666
2 668 7 668
2 671 7 671
2 676 7 676
2 677 3 679
2 691 3 693
2 701 7 701
2 706 7 706
2 721 7 721
2 723 7 723
2 728 2 733
2 734 4 735
2 736 7 736
2 740 7 740
2 750 4 751
2 752 3 754
2 755 7 755
2 756 3 758
2 760 3 762
2 767 3 769
2 778 3 780
2 781 3 783
2 784 2 789
2 790 7 790
2 792 7 792
2 799 7 799
2 807 2 812
2 816 7 816
2 820 2 825
2 831 4 832
2 837 7 837
2 838 7 838
2 850 2 855
2 856 2 861
2 862 7 862
2 863 3 865
2 869 7 869
2 872 3 874
2 886 7 886
2 888 4 889
2 896 3 898
2 901 7 901
2 903 4 904
2 905 3 907
2 908 7 908
2 914 7 914
2 921 2 926
2 934 4 935
2 941 3 943
2 944 3 946
2 949 2 954
2 966 7 966
2 971 7 971
2 973 7 973
2 977 3 979
2 982 3 984
2 990 3 992
3 1 8 1
3 3 5 4
3 16 4 18
3 19 8 19
3 22 4 24
3 39 8 39
3 40 8 40
3 44 4 46
3 54 5 55
3 67 8 67
3 72 4 74
3 75 4 77
3 80 8 80
3 91 5 92
3 99 5 100
3 102 5 103
3 117 4 119
3 130 8 130
3 135 8 135
3 156 8 156
3 159 3 164
3 165 8 165
3 168 8 168
3 175 4 177
3 193 3 198
3 211 4 213
3 217 4 219
3 265 5 266
3 272 8 272
3 273 8 273
3 275 5 276
3 288 8 288
3 301 5 302
3 304 8 304
3 305 5 306
3 315 8 315
3 332 4 334
3 337 8 337
3 344 5 345
3 359 5 360
3 362 3 367
3 372 8 372
3 381 4 383
3 386 5 387
3 392 5 393
3 401 8 401
3 405 5 406
3 407 4 409
3 410 4 412
3 421 5 422
3 426 8 426
3 438 8 438
3 448 4 450
3 453 8 453
3 454 4 456
3 458 8 458
3 462 8 462
3 465 4 467
3 473 5 474
3 487 4 489
3 494 3 499
3 500 8 500
3 504 3 509
3 512 8 512
3 541 5 542
3 547 5 548
3 551 4 553
3 562 8 562
3 563 5 564
3 566 3 571
3 587 8 587
3 594 5 595
3 607 3 612
3 615 8 615
3 617 8 617
3 618 8 618
3 623 4 625
3 630 5 631
3 635 8 635
3 639 8 639
3 641 8 641
3 645 4 647
3 650 3 655
3 661 4 663
3 664 4 666
3 670 8 670
3 680 5 681
3 687 8 687
3 710 3 715
3 718 5 719
3 720 8 720
3 725 5 726
3 730 8 730
3 738 8 738
3 741 3 746
3 748 8 748
3 774 8 774
3 775 8 775
3 784 8 784
3 789 8 789
3 800 8 800
3 808 5 809
3 819 5 820
3 823 8 823
3 833 5 834
3 839 3 844
3 846 8 846
3 850 8 850
3 851 4 853
3 855 8 855
3 856 8 856
3 859 4 861
3 867 5 868
3 879 4 881
3 909 4 911
3 912 5 913
3 918 8 918
3 924 5 925
3 927 8 927
3 929 8 929
3 931 8 931
3 947 8 947
3 951 5 952
3 955 8 955
3 968 8 968
3 975 5 976
3 988 5 989
3 997 4 999
4 7 9 7
4 11 9 11
4 20 9 20
4 25 9 25
4 50 9 50
4 56 4 61
4 65 9 65
4 84 9 84
4 86 5 88
4 89 6 90
4 93 6 94
4 96 6 97
4 107 6 108
4 110 5 112
4 113 6 114
4 133 6 134
4 137 6 138
4 139 6 140
4 141 6 142
4 144 5 146
4 148 6 149
4 161 6 162
4 178 9 178
4 189 9 189
4 191 9 191
4 195 4 200
4 202 6 203
4 223 5 225
4 227 5 229
4 244 9 244
4 245 9 245
4 247 9 247
4 250 9 250
4 253 9 253
4 256 4 261
4 262 6 263
4 267 6 268
4 278 5 280
4 283 5 285
4 290 9 290
4 295 9 295
4 309 6 310
4 321 9 321
4 330 9 330
4 353 9 353
4 356 9 356
4 363 6 364
4 365 9 365
4 366 9 366
4 384 9 384
4 388 5 390
4 414 5 416
4 417 9 417
4 431 9 431
4 436 6 437
4 440 6 441
4 457 9 457
4 493 4 498
4 499 9 499
4 501 9 501
4 504 6 505
4 507 5 509
4 517 9 517
4 521 9 521
4 523 5 525
4 530 6 531
4 534 5 536
4 537 9 537
4 540 9 540
4 543 6 544
4 549 9 549
4 556 5 558
4 566 6 567
4 588 5 590
4 607 5 609
4 610 5 612
4 619 5 621
4 626 5 628
4 650 4 655
4 656 6 657
4 679 9 679
4 683 6 684
4 693 9 693
4 703 9 703
4 711 6 712
4 714 5 716
4 732 9 732
4 741 5 743
4 744 5 746
4 756 9 756
4 757 4 762
4 767 4 772
4 776 6 777
4 781 6 782
4 787 9 787
4 793 9 793
4 796 9 796
4 801 5 803
4 811 9 811
4 815 9 815
4 824 5 826
4 839 9 839
4 841 6 842
4 844 6 845
4 858 9 858
4 875 9 875
4 877 9 877
4 878 9 878
4 883 5 885
4 887 9 887
4 892 9 892
4 895 4 900
4 905 5 907
4 920 6 921
4 941 9 941
4 953 6 954
4 956 5 958
4 959 6 960
4 978 6 979
4 980 4 985
4 990 6 991
4 994 6 995
5 2 10 2
5 21 7 22
5 23 7 24
5 30 10 30
5 35 6 37
5 59 6 61
5 68 10 68
5 72 6 74
5 77 7 78
5 98 10 98
5 120 7 121
5 125 7 126
5 151 6 153
5 159 10 159
5 163 10 163
5 176 10 176
5 181 10 181
5 185 10 185
5 187 7 188
5 195 7 196
5 211 6 213
5 233 10 233
5 239 7 240
5 256 5 261
5 269 10 269
5 271 10 271
5 296 10 296
5 297 10 297
5 299 10 299
5 307 7 308
5 311 10 311
5 334 6 336
5 347 10 347
5 349 10 349
5 352 10 352
5 369 7 370
5 373 7 374
5 376 7 377
5 378 10 378
5 381 10 381
5 395 10 395
5 407 6 409
5 418 6 420
5 423 7 424
5 428 6 430
5 432 7 433
5 444 6 446
5 478 7 479
5 480 10 480
5 492 5 497
5 518 10 518
5 527 10 527
5 529 10 529
5 553 10 553
5 554 7 555
5 574 10 574
5 577 10 577
5 578 10 578
5 581 6 583
5 624 7 625
5 645 10 645
5 653 6 655
5 661 7 662
5 664 7 665
5 666 10 666
5 673 10 673
5 694 7 695
5 728 7 729
5 749 10 749
5 762 10 762
5 769 10 769
5 827 10 827
5 829 6 831
5 853 10 853
5 859 7 860
5 864 10 864
5 872 7 873
5 879 6 881
5 882 10 882
5 890 7 891
5 895 5 900
5 904 10 904
5 923 10 923
5 934 10 934
5 935 10 935
5 974 10 974
5 984 7 985
5 997 10 997
6 3 8 4
6 10 11 10
6 29 11 29
6 32 11 32
6 51 6 56
6 57 8 58
6 117 11 117
6 128 11 128
6 145 7 147
6 171 11 171
6 179 11 179
6 193 11 193
6 194 11 194
6 198 11 198
6 199 11 199
6 210 11 210
6 238 11 238
6 252 11 252
6 258 8 259
6 260 11 260
6 274 8 275
6 279 11 279
6 283 11 283
6 291 7 293
6 301 11 301
6 318 8 319
6 331 8 332
6 340 6 345
6 350 11 350
6 383 11 383
6 385 8 386
6 390 11 390
6 402 7 404
6 405 8 406
6 410 6 415
6 421 11 421
6 425 11 425
6 439 11 439
6 443 11 443
6 449 7 451
6 452 11 452
6 454 8 455
6 467 11 467
6 472 8 473
6 477 11 477
6 483 6 488
6 490 6 495
6 496 8 497
6 506 11 506
6 510 11 510
6 511 11 511
6 522 7 524
6 525 11 525
6 542 11 542
6 548 11 548
6 557 8 558
6 561 11 561
6 575 11 575
6 584 8 585
6 589 11 589
6 590 11 590
6 603 11 603
6 608 11 608
6 611 7 613
6 619 8 620
6 621 7 623
6 627 8 628
6 630 11 630
6 632 8 633
6 637 11 637
6 647 11 647
6 652 11 652
6 663 11 663
6 667 11 667
6 688 7 690
6 699 8 700
6 713 8 714
6 716 7 718
6 724 8 725
6 726 11 726
6 733 7 735
6 742 7 744
6 745 7 747
6 760 11 760
6 765 7 767
6 820 11 820
6 865 8 866
6 885 11 885
6 894 6 899
6 905 11 905
6 912 8 913
6 916 11 916
6 924 7 926
6 937 8 938
6 945 8 946
6 956 7 958
6 969 8 970
6 972 11 972
6 975 7 977
6 987 11 987
6 998 11 998
7 6 12 6
7 12 12 12
7 16 9 17
7 31 12 31
7 36 12 36
7 37 9 38
7 41 12 41
7 45 8 47
7 51 12 51
7 52 12 52
7 54 12 54
7 60 8 62
7 73 9 74
7 88 7 93
7 96 9 97
7 99 9 100
7 102 8 104
7 108 8 110
7 112 8 114
7 122 12 122
7 133 12 133
7 134 12 134
7 136 12 136
7 140 9 141
7 144 12 144
7 149 12 149
7 152 12 152
7 153 12 153
7 180 12 180
7 182 12 182
7 192 12 192
7 202 8 204
7 208 9 209
7 212 12 212
7 213 8 215
7 216 9 217
7 218 12 218
7 229 8 231
7 235 12 235
7 236 12 236
7 243 12 243
7 251 12 251
7 254 9 255
7 256 9 257
7 261 9 262
7 298 12 298
7 309 9 310
7 323 12 323
7 325 12 325
7 327 12 327
7 338 12 338
7 343 8 345
7 359 12 359
7 367 12 367
7 389 12 389
7 393 12 393
7 394 12 394
7 396 9 397
7 398 12 398
7 409 12 409
7 419 9 420
7 435 12 435
7 437 12 437
7 440 12 440
7 446 8 448
7 459 12 459
7 463 8 465
7 469 9 470
7 476 12 476
7 481 12 481
7 483 12 483
7 485 12 485
7 489 8 491
7 495 12 495
7 504 9 505
7 516 12 516
7 519 9 520
7 534 9 535
7 550 12 550
7 559 12 559
7 560 12 560
7 563 12 563
7 567 9 568
7 581 9 582
7 591 8 593
7 604 12 604
7 648 12 648
7 653 7 658
7 675 12 675
7 683 12 683
7 696 9 697
7 711 9 712
7 715 12 715
7 770 9 771
7 778 12 778
7 788 12 788
7 794 9 795
7 797 12 797
7 801 7 806
7 810 12 810
7 818 12 818
7 821 12 821
7 822 12 822
7 824 9 825
7 830 12 830
7 831 12 831
7 840 9 841
7 842 12 842
7 845 12 845
7 849 12 849
7 851 9 852
7 861 12 861
7 880 9 881
7 893 7 898
7 899 12 899
7 907 12 907
7 911 12 911
7 919 12 919
7 920 12 920
7 928 12 928
7 933 12 933
7 936 12 936
7 940 12 940
7 951 8 953
7 967 12 967
7 982 12 982
7 990 12 990
7 992 12 992
7 994 9 995
8 8 13 8
8 14 13 14
8 23 13 23
8 24 13 24
8 34 13 34
8 72 13 72
8 89 9 91
8 105 13 105
8 107 13 107
8 121 13 121
8 126 10 127
8 129 13 129
8 137 13 137
8 145 10 146
8 151 13 151
8 154 13 154
8 161 13 161
8 164 13 164
8 172 10 173
8 187 10 188
8 197 13 197
8 207 13 207
8 222 10 223
8 224 13 224
8 239 10 240
8 267 10 268
8 276 13 276
8 277 10 278
8 280 13 280
8 284 13 284
8 289 13 289
8 291 9 293
8 294 13 294
8 302 13 302
8 305 9 307
8 320 13 320
8 335 13 335
8 363 10 364
8 370 10 371
8 374 13 374
8 402 13 402
8 414 10 415
8 430 13 430
8 432 9 434
8 441 13 441
8 450 10 451
8 475 13 475
8 503 13 503
8 514 13 514
8 522 10 523
8 524 13 524
8 530 9 532
8 533 13 533
8 544 13 544
8 547 13 547
8 551 13 551
8 576 13 576
8 594 8 599
8 601 13 601
8 606 10 607
8 609 9 611
8 622 10 623
8 625 10 626
8 638 13 638
8 642 13 642
8 649 13 649
8 650 10 651
8 653 9 655
8 659 9 661
8 664 10 665
8 682 13 682
8 690 10 691
8 694 13 694
8 702 13 702
8 716 9 718
8 727 13 727
8 731 13 731
8 735 13 735
8 742 9 744
8 746 13 746
8 747 13 747
8 754 10 755
8 758 13 758
8 772 13 772
8 779 10 780
8 786 13 786
8 790 9 792
8 801 10 802
8 803 13 803
8 838 13 838
8 867 10 868
8 869 13 869
8 889 13 889
8 893 10 894
8 895 10 896
8 897 13 897
8 898 13 898
8 901 9 903
8 908 10 909
8 917 13 917
8 921 10 922
8 958 13 958
8 960 13 960
8 961 13 961
8 973 13 973
8 975 13 975
8 976 9 978
8 979 10 980
8 983 10 984
9 1 14 1
9 4 11 5
9 9 14 9
9 18 11 19
9 21 14 21
9 27 14 27
9 39 11 40
9 55 10 57
9 59 9 64
9 69 14 69
9 71 14 71
9 79 11 80
9 81 14 81
9 85 14 85
9 92 11 93
9 94 11 95
9 102 10 104
9 109 14 109
9 112 14 112
9 113 10 115
9 123 14 123
9 130 11 131
9 142 11 143
9 155 10 157
9 160 14 160
9 165 11 166
9 167 11 168
9 174 14 174
9 175 14 175
9 183 11 184
9 186 14 186
9 195 11 196
9 215 14 215
9 221 14 221
9 229 11 230
9 237 14 237
9 241 11 242
9 258 11 259
9 263 14 263
9 274 11 275
9 288 14 288
9 304 14 304
9 312 9 317
9 322 14 322
9 334 14 334
9 337 14 337
9 342 10 344
9 345 14 345
9 351 14 351
9 361 14 361
9 404 11 405
9 407 14 407
9 408 14 408
9 410 11 411
9 413 14 413
9 418 14 418
9 422 14 422
9 427 11 428
9 436 14 436
9 449 14 449
9 455 11 456
9 458 14 458
9 465 14 465
9 474 14 474
9 478 11 479
9 482 14 482
9 489 10 491
9 496 10 498
9 507 10 509
9 512 14 512
9 515 14 515
9 545 11 546
9 554 14 554
9 557 14 557
9 564 14 564
9 572 14 572
9 584 14 584
9 585 14 585
9 586 14 586
9 592 9 597
9 600 14 600
9 602 14 602
9 613 10 615
9 616 9 621
9 631 14 631
9 636 14 636
9 641 14 641
9 657 14 657
9 669 10 671
9 676 14 676
9 681 14 681
9 686 11 687
9 698 14 698
9 700 14 700
9 704 10 706
9 707 11 708
9 720 11 721
9 725 14 725
9 728 10 730
9 734 14 734
9 736 10 738
9 759 14 759
9 767 14 767
9 775 14 775
9 782 14 782
9 784 11 785
9 799 11 800
9 804 9 809
9 813 14 813
9 814 14 814
9 816 11 817
9 823 14 823
9 828 11 829
9 835 14 835
9 846 11 847
9 848 14 848
9 859 11 860
9 865 11 866
9 870 14 870
9 883 11 884
9 886 14 886
9 927 14 927
9 944 11 945
9 946 14 946
9 948 14 948
9 955 11 956
9 957 14 957
9 968 11 969
9 989 14 989
9 996 14 996
10 3 15 3
10 11 15 11
10 13 15 13
10 15 12 16
10 42 12 43
10 59 11 61
10 63 11 65
10 66 12 67
10 73 12 74
10 77 15 77
10 83 12 84
10 86 15 86
10 97 15 97
10 132 15 132
10 138 15 138
10 141 15 141
10 170 15 170
10 189 12 190
10 208 12 209
10 213 12 214
10 244 10 249
10 253 15 253
10 254 11 256
10 266 15 266
10 286 15 286
10 292 12 293
10 305 11 307
10 312 15 312
10 313 11 315
10 332 15 332
10 333 15 333
10 336 15 336
10 339 12 340
10 353 10 358
10 360 15 360
10 369 15 369
10 384 12 385
10 386 12 387
10 417 15 417
10 420 15 420
10 426 15 426
10 432 12 433
10 438 15 438
10 453 12 454
10 462 15 462
10 463 15 463
10 468 11 470
10 472 12 473
10 486 11 488
10 492 15 492
10 500 15 500
10 501 15 501
10 505 15 505
10 519 15 519
10 530 12 531
10 532 15 532
10 534 15 534
10 566 15 566
10 567 12 568
10 570 15 570
10 571 15 571
10 582 15 582
10 593 15 593
10 597 15 597
10 598 15 598
10 605 15 605
10 617 11 619
10 620 15 620
10 621 15 621
10 633 15 633
10 635 15 635
10 644 15 644
10 653 11 655
10 659 12 660
10 679 12 680
10 709 15 709
10 722 12 723
10 743 15 743
10 745 15 745
10 770 12 771
10 826 15 826
10 850 15 850
10 871 12 872
10 880 15 880
10 887 15 887
10 937 15 937
10 953 15 953
10 962 15 962
10 970 15 970
10 994 15 994
11 7 16 7
11 17 16 17
11 22 16 22
11 37 16 37
11 49 16 49
11 58 16 58
11 76 16 76
11 82 16 82
11 87 16 87
11 102 16 102
11 104 16 104
11 110 13 111
11 113 12 115
11 119 16 119
11 124 16 124
11 126 16 126
11 145 12 147
11 156 13 157
11 201 13 202
11 204 16 204
11 222 16 222
11 223 16 223
11 226 13 227
11 231 12 233
11 257 16 257
11 264 16 264
11 295 12 297
11 308 12 310
11 317 13 318
11 330 16 330
11 331 16 331
11 341 13 342
11 348 13 349
11 356 16 356
11 362 16 362
11 377 16 377
11 379 12 381
11 382 16 382
11 388 16 388
11 395 16 395
11 396 16 396
11 445 16 445
11 448 16 448
11 450 16 450
11 496 16 496
11 498 16 498
11 518 16 518
11 521 12 523
11 539 16 539
11 549 16 549
11 558 16 558
11 583 16 583
11 614 13 615
11 623 12 625
11 632 16 632
11 634 16 634
11 650 13 651
11 664 12 666
11 668 16 668
11 669 11 674
11 677 16 677
11 685 16 685
11 689 12 691
11 696 16 696
11 706 16 706
11 711 13 712
11 736 12 738
11 748 12 750
11 753 13 754
11 755 16 755
11 764 16 764
11 774 16 774
11 777 16 777
11 792 13 793
11 808 13 809
11 839 12 841
11 852 16 852
11 856 16 856
11 867 16 867
11 874 13 875
11 882 16 882
11 891 16 891
11 901 16 901
11 902 16 902
11 910 16 910
11 915 16 915
11 929 13 930
11 959 16 959
11 974 16 974
11 983 16 983
11 991 16 991
12 18 17 18
12 19 17 19
12 28 13 30
12 32 14 33
12 38 13 40
12 44 14 45
12 56 14 57
12 59 14 60
12 63 14 64
12 90 17 90
12 93 17 93
12 100 17 100
12 108 17 108
12 116 14 117
12 130 17 130
12 139 17 139
12 140 17 140
12 142 14 143
12 155 17 155
12 168 17 168
12 171 17 171
12 173 17 173
12 184 14 185
12 193 13 195
12 210 17 210
12 230 17 230
12 239 17 239
12 254 13 256
12 267 17 267
12 275 17 275
12 285 17 285
12 290 14 291
12 305 13 307
12 315 17 315
12 350 17 350
12 353 17 353
12 357 17 357
12 364 14 365
12 378 17 378
12 403 13 405
12 419 17 419
12 427 13 429
12 451 14 452
12 466 13 468
12 469 13 471
12 488 17 488
12 489 13 491
12 499 17 499
12 504 17 504
12 509 13 511
12 526 17 526
12 528 17 528
12 529 17 529
12 541 13 543
12 548 17 548
12 577 17 577
12 607 17 607
12 608 17 608
12 610 13 612
12 616 17 616
12 652 13 654
12 655 14 656
12 663 17 663
12 670 13 672
12 687 17 687
12 699 17 699
12 704 17 704
12 710 17 710
12 718 14 719
12 724 17 724
12 729 14 730
12 756 17 756
12 760 14 761
12 783 14 784
12 794 14 795
12 811 14 812
12 816 17 816
12 819 14 820
12 832 13 834
12 846 17 846
12 857 13 859
12 860 17 860
12 878 17 878
12 879 17 879
12 890 17 890
12 894 13 896
12 903 17 903
12 938 14 939
12 943 13 945
12 954 13 956
12 963 14 964
12 968 17 968
12 971 14 972
12 978 14 979
12 981 17 981
12 985 13 987
13 2 18 2
13 5 18 5
13 12 18 12
13 35 15 36
13 51 18 51
13 70 18 70
13 73 15 74
13 95 15 96
13 113 18 113
13 125 18 125
13 128 18 128
13 135 18 135
13 144 15 145
13 146 14 148
13 152 15 153
13 176 15 177
13 190 14 192
13 199 18 199
13 208 15 209
13 213 15 214
13 217 14 219
13 234 14 236
13 241 15 242
13 247 15 248
13 250 15 251
13 260 18 260
13 279 18 279
13 283 18 283
13 292 18 292
13 296 14 298
13 309 18 309
13 313 15 314
13 324 15 325
13 340 18 340
13 371 18 371
13 379 14 381
13 384 15 385
13 393 18 393
13 421 18 421
13 423 14 425
13 431 14 433
13 439 15 440
13 443 15 444
13 453 14 455
13 459 14 461
13 476 18 476
13 483 14 485
13 486 15 487
13 502 18 502
13 516 18 516
13 525 18 525
13 530 18 530
13 535 18 535
13 550 18 550
13 552 18 552
13 563 18 563
13 567 14 569
13 573 14 575
13 596 18 596
13 606 18 606
13 622 14 624
13 625 13 630
13 648 18 648
13 662 18 662
13 664 14 666
13 667 18 667
13 675 18 675
13 683 18 683
13 705 18 705
13 707 18 707
13 713 15 714
13 720 18 720
13 721 14 723
13 741 18 741
13 748 14 750
13 757 18 757
13 768 14 770
13 787 15 788
13 798 18 798
13 800 18 800
13 817 15 818
13 827 18 827
13 841 15 842
13 865 18 865
13 876 18 876
13 877 18 877
13 900 18 900
13 916 18 916
13 919 15 920
13 925 18 925
13 940 18 940
13 949 18 949
13 967 18 967
13 999 18 999
14 4 19 4
14 10 19 10
14 24 19 24
14 30 19 30
14 34 19 34
14 39 16 40
14 41 19 41
14 52 16 53
14 55 19 55
14 67 16 68
14 110 19 110
14 114 16 115
14 120 15 122
14 131 19 131
14 156 19 156
14 161 14 166
14 179 16 180
14 193 16 194
14 196 19 196
14 197 16 198
14 200 15 202
14 203 19 203
14 216 19 216
14 224 19 224
14 226 19 226
14 228 19 228
14 244 19 244
14 254 19 254
14 256 19 256
14 268 16 269
14 273 19 273
14 276 15 278
14 299 19 299
14 305 15 307
14 326 16 327
14 346 19 346
14 349 19 349
14 359 19 359
14 387 19 387
14 398 15 400
14 409 19 409
14 427 15 429
14 457 19 457
14 467 16 468
14 475 19 475
14 480 19 480
14 506 14 511
14 520 15 522
14 542 14 547
14 553 19 553
14 560 16 561
14 565 19 565
14 580 19 580
14 581 19 581
14 590 19 590
14 609 19 609
14 614 19 614
14 615 19 615
14 617 19 617
14 625 14 630
14 637 19 637
14 653 19 653
14 669 16 670
14 671 15 673
14 682 19 682
14 689 19 689
14 694 19 694
14 697 19 697
14 708 19 708
14 711 16 712
14 715 19 715
14 716 19 716
14 727 19 727
14 738 19 738
14 751 16 752
14 754 19 754
14 771 16 772
14 779 19 779
14 785 16 786
14 802 16 803
14 806 19 806
14 808 15 810
14 821 16 822
14 824 19 824
14 837 15 839
14 843 19 843
14 862 19 862
14 863 16 864
14 868 16 869
14 873 19 873
14 883 16 884
14 897 15 899
14 922 19 922
14 928 14 933
14 934 16 935
14 941 19 941
14 958 19 958
14 982 19 982
14 990 19 990
15 1 20 1
15 9 20 9
15 14 16 16
15 26 16 28
15 33 20 33
15 60 16 62
15 69 20 69
15 111 20 111
15 116 20 116
15 129 20 129
15 148 20 148
15 150 20 150
15 151 20 151
15 154 20 154
15 157 20 157
15 159 20 159
15 160 20 160
15 162 20 162
15 172 20 172
15 178 20 178
15 187 16 189
15 217 17 218
15 220 20 220
15 232 15 237
15 289 16 291
15 293 20 293
15 334 17 335
15 337 20 337
15 344 17 345
15 347 17 348
15 363 15 368
15 376 20 376
15 381 20 381
15 386 20 386
15 389 16 391
15 394 20 394
15 408 20 408
15 430 16 432
15 446 20 446
15 451 15 456
15 458 16 460
15 464 20 464
15 478 20 478
15 479 20 479
15 482 16 484
15 506 15 511
15 512 20 512
15 515 20 515
15 524 20 524
15 531 20 531
15 540 16 542
15 547 20 547
15 551 20 551
15 567 17 568
15 572 20 572
15 594 20 594
15 595 20 595
15 618 17 619
15 623 16 625
15 626 20 626
15 639 20 639
15 641 17 642
15 650 16 652
15 664 16 666
15 674 20 674
15 684 20 684
15 688 20 688
15 718 20 718
15 725 17 726
15 731 16 733
15 742 20 742
15 746 20 746
15 747 16 749
15 758 20 758
15 770 20 770
15 776 20 776
15 782 20 782
15 783 20 783
15 791 16 793
15 805 20 805
15 807 20 807
15 819 20 819
15 825 20 825
15 832 20 832
15 835 20 835
15 845 20 845
15 847 16 849
15 855 20 855
15 861 20 861
15 888 20 888
15 948 20 948
15 955 17 956
15 963 17 964
15 971 16 973
15 978 20 978
15 979 20 979
15 997 20 997
16 6 21 6
16 13 21 13
16 20 21 20
16 36 21 36
16 43 21 43
16 54 21 54
16 66 21 66
16 71 21 71
16 73 18 74
16 80 18 81
16 95 21 95
16 96 18 97
16 98 21 98
16 118 21 118
16 120 21 120
16 121 17 123
16 143 17 145
16 166 18 167
16 169 21 169
16 174 17 176
16 200 17 202
16 207 17 209
16 211 17 213
16 214 18 215
16 232 21 232
16 248 18 249
16 250 17 252
16 258 18 259
16 286 17 288
16 295 18 296
16 306 18 307
16 308 21 308
16 316 21 316
16 320 21 320
16 321 21 321
16 341 21 341
16 343 21 343
16 354 21 354
16 363 17 365
16 367 21 367
16 369 21 369
16 372 21 372
16 383 21 383
16 399 21 399
16 406 21 406
16 417 21 417
16 424 21 424
16 427 18 428
16 437 21 437
16 439 21 439
16 442 17 444
16 449 21 449
16 451 17 453
16 473 21 473
16 485 18 486
16 505 16 510
16 517 21 517
16 519 18 520
16 533 21 533
16 564 21 564
16 570 21 570
16 571 21 571
16 574 18 575
16 593 21 593
16 597 18 598
16 603 21 603
16 604 18 605
16 629 21 629
16 631 21 631
16 635 21 635
16 655 17 657
16 658 18 659
16 679 17 681
16 703 21 703
16 722 18 723
16 728 21 728
16 760 21 760
16 789 21 789
16 794 17 796
16 808 17 810
16 830 18 831
16 836 16 841
16 850 18 851
16 858 21 858
16 886 21 886
16 887 21 887
16 894 21 894
16 895 17 897
16 904 18 905
16 907 21 907
16 914 21 914
16 918 21 918
16 919 21 919
16 926 21 926
16 936 18 937
16 938 21 938
16 942 18 943
16 953 21 953
16 961 18 962
16 966 21 966
16 969 18 970
16 980 21 980
16 987 17 989
16 994 18 995
17 7 19 8
17 15 19 16
17 22 19 23
17 27 18 29
17 37 18 39
17 40 22 40
17 58 22 58
17 60 22 60
17 61 22 61
17 76 19 77
17 79 22 79
17 86 19 87
17 99 22 99
17 103 18 105
17 124 22 124
17 138 22 138
17 142 22 142
17 149 22 149
17 164 22 164
17 165 22 165
17 179 22 179
17 183 19 184
17 185 17 190
17 191 18 193
17 204 18 206
17 219 22 219
17 237 22 237
17 238 22 238
17 245 22 245
17 255 22 255
17 261 18 263
17 264 19 265
17 270 19 271
17 303 19 304
17 311 19 312
17 318 19 319
17 323 19 324
17 325 19 326
17 328 17 333
17 366 22 366
17 379 19 380
17 382 22 382
17 385 22 385
17 388 22 388
17 397 22 397
17 405 22 405
17 415 19 416
17 429 22 429
17 431 22 431
17 432 22 432
17 445 22 445
17 456 22 456
17 463 22 463
17 469 19 470
17 471 22 471
17 489 18 491
17 496 19 497
17 505 19 506
17 508 18 510
17 518 22 518
17 536 17 541
17 542 22 542
17 554 19 555
17 573 22 573
17 576 22 576
17 620 17 625
17 632 22 632
17 633 22 633
17 640 22 640
17 660 19 661
17 664 19 665
17 666 22 666
17 668 18 670
17 672 22 672
17 676 18 678
17 698 22 698
17 701 22 701
17 706 22 706
17 711 18 713
17 719 22 719
17 730 19 731
17 732 22 732
17 740 22 740
17 749 22 749
17 761 22 761
17 763 19 764
17 775 22 775
17 790 18 792
17 793 22 793
17 802 18 804
17 814 22 814
17 817 22 817
17 821 18 823
17 847 22 847
17 848 22 848
17 866 18 868
17 869 22 869
17 870 18 872
17 880 18 882
17 883 18 885
17 891 18 893
17 901 22 901
17 920 19 921
17 946 22 946
17 957 22 957
17 959 22 959
17 971 17 976
17 991 22 991
18 49 20 50
18 57 23 57
18 75 23 75
18 88 18 93
18 94 23 94
18 102 23 102
18 107 19 109
18 112 23 112
18 122 20 123
18 134 23 134
18 143 19 145
18 152 23 152
18 155 23 155
18 158 23 158
18 174 19 176
18 187 23 187
18 207 19 209
18 212 20 213
18 218 23 218
18 221 23 221
18 229 23 229
18 239 19 241
18 252 20 253
18 275 20 276
18 282 23 282
18 305 23 305
18 317 23 317
18 322 23 322
18 328 18 333
18 335 23 335
18 342 23 342
18 347 20 348
18 360 18 365
18 370 23 370
18 378 23 378
18 391 20 392
18 403 23 403
18 410 19 412
18 422 20 423
18 433 19 435
18 440 20 441
18 443 23 443
18 448 23 448
18 450 18 455
18 465 19 467
18 481 23 481
18 484 23 484
18 488 23 488
18 495 23 495
18 499 23 499
18 504 23 504
18 507 23 507
18 527 19 529
18 548 20 549
18 556 23 556
18 566 19 568
18 569 23 569
18 599 19 601
18 607 20 608
18 616 23 616
18 622 20 623
18 624 20 625
18 627 23 627
18 630 23 630
18 643 23 643
18 663 23 663
18 680 20 681
18 685 20 686
18 695 20 696
18 704 23 704
18 717 23 717
18 724 19 726
18 755 20 756
18 772 20 773
18 784 23 784
18 808 19 810
18 816 23 816
18 818 23 818
18 837 20 838
18 846 23 846
18 874 23 874
18 875 23 875
18 908 19 910
18 912 23 912
18 917 23 917
18 927 20 928
18 930 23 930
18 933 20 934
18 954 23 954
18 955 23 955
18 956 23 956
18 968 23 968
18 971 23 971
18 975 23 975
18 988 20 989
18 993 23 993
18 998 23 998
19 12 24 12
19 19 24 19
19 26 20 28
19 42 24 42
19 44 24 44
19 51 24 51
19 56 24 56
19 63 24 63
19 70 24 70
19 72 20 74
19 80 19 85
19 91 24 91
19 96 24 96
19 103 24 103
19 104 20 106
19 114 21 115
19 127 24 127
19 128 24 128
19 132 21 133
19 135 21 136
19 139 20 141
19 146 21 147
19 173 24 173
19 181 24 181
19 193 24 193
19 197 20 199
19 200 24 200
19 204 21 205
19 210 21 211
19 214 21 215
19 246 19 251
19 260 21 261
19 279 24 279
19 285 24 285
19 289 24 289
19 290 24 290
19 294 20 296
19 328 20 330
19 331 20 333
19 338 20 340
19 363 20 365
19 400 24 400
19 402 24 402
19 419 24 419
19 447 24 447
19 450 20 452
19 485 21 486
19 487 24 487
19 490 24 490
19 501 20 503
19 509 20 511
19 525 21 526
19 543 21 544
19 545 21 546
19 550 24 550
19 557 24 557
19 574 21 575
19 585 24 585
19 596 24 596
19 604 24 604
19 612 24 612
19 619 20 621
19 648 24 648
19 655 24 655
19 669 20 671
19 676 21 677
19 707 24 707
19 709 21 710
19 720 24 720
19 722 21 723
19 743 21 744
19 757 24 757
19 790 24 790
19 791 24 791
19 800 24 800
19 802 21 803
19 821 20 823
19 826 20 828
19 842 24 842
19 844 24 844
19 853 21 854
19 865 21 866
19 870 21 871
19 880 20 882
19 893 24 893
19 896 21 897
19 903 20 905
19 915 21 916
19 923 24 923
19 924 21 925
19 929 24 929
19 935 20 937
19 949 21 950
19 960 21 961
19 969 24 969
19 972 20 974
19 976 21 977
19 985 21 986
19 999 24 999
20 7 25 7
20 10 22 11
20 14 21 16
20 18 25 18
20 21 21 23
20 29 22 30
20 37 25 37
20 41 25 41
20 46 25 46
20 76 22 77
20 80 22 81
20 83 25 83
20 143 22 144
20 145 25 145
20 174 22 175
20 183 25 183
20 195 22 196
20 206 21 208
20 216 22 217
20 222 20 227
20 233 25 233
20 234 21 236
20 242 22 243
20 249 22 250
20 254 25 254
20 262 22 263
20 271 25 271
20 277 25 277
20 288 25 288
20 292 25 292
20 303 22 304
20 306 22 307
20 309 22 310
20 325 25 325
20 326 25 326
20 334 25 334
20 344 21 346
20 351 21 353
20 355 20 360
20 371 25 371
20 409 25 409
20 426 25 426
20 430 25 430
20 435 25 435
20 444 25 444
20 453 22 454
20 457 25 457
20 459 25 459
20 467 25 467
20 468 25 468
20 475 21 477
20 497 22 498
20 508 25 508
20 529 22 530
20 535 25 535
20 539 25 539
20 554 25 554
20 565 22 566
20 580 25 580
20 581 25 581
20 586 25 586
20 613 25 613
20 617 22 618
20 654 25 654
20 657 20 662
20 664 22 665
20 667 25 667
20 678 22 679
20 705 25 705
20 708 25 708
20 715 22 716
20 724 25 724
20 725 22 726
20 729 22 730
20 736 25 736
20 738 25 738
20 747 22 748
20 753 22 754
20 767 25 767
20 769 25 769
20 778 25 778
20 785 22 786
20 788 25 788
20 794 25 794
20 796 22 797
20 808 20 813
20 829 21 831
20 843 25 843
20 862 22 863
20 876 25 876
20 884 22 885
20 891 22 892
20 913 25 913
20 920 21 922
20 939 20 944
20 958 25 958
20 982 22 983
20 990 25 990
20 994 22 995
21 1 23 2
21 8 23 9
21 26 22 28
21 33 22 35
21 49 23 50
21 62 26 62
21 67 26 67
21 72 22 74
21 87 23 88
21 108 23 109
21 110 23 111
21 126 26 126
21 137 26 137
21 150 23 151
21 159 23 160
21 163 26 163
21 176 22 178
21 222 22 224
21 226 26 226
21 244 26 244
21 251 23 252
21 278 26 278
21 280 26 280
21 281 26 281
21 291 26 291
21 294 22 296
21 298 26 298
21 300 26 300
21 318 26 318
21 327 21 332
21 336 22 338
21 348 23 349
21 358 21 363
21 368 26 368
21 373 26 373
21 376 23 377
21 379 22 381
21 386 23 387
21 391 23 392
21 393 23 394
21 401 26 401
21 408 26 408
21 413 22 415
21 420 22 422
21 427 26 427
21 433 23 434
21 438 26 438
21 440 22 442
21 446 26 446
21 450 22 452
21 455 26 455
21 461 26 461
21 491 26 491
21 492 26 492
21 503 26 503
21 505 26 505
21 510 23 511
21 519 26 519
21 523 26 523
21 531 26 531
21 536 26 536
21 540 26 540
21 541 26 541
21 551 23 552
21 553 26 553
21 559 26 559
21 577 26 577
21 583 26 583
21 591 26 591
21 594 23 595
21 606 22 608
21 611 26 611
21 614 26 614
21 615 26 615
21 624 26 624
21 626 26 626
21 634 26 634
21 636 26 636
21 658 26 658
21 671 26 671
21 674 26 674
21 675 26 675
21 683 22 685
21 688 23 689
21 691 26 691
21 696 23 697
21 711 26 711
21 739 26 739
21 741 23 742
21 764 26 764
21 801 26 801
21 825 22 827
21 832 26 832
21 864 26 864
21 872 23 873
21 878 26 878
21 880 22 882
21 895 26 895
21 902 22 904
21 905 26 905
21 932 26 932
21 933 22 935
21 941 26 941
21 964 26 964
21 973 26 973
21 978 26 978
21 997 26 997
22 5 24 6
22 20 27 20
22 25 27 25
22 32 27 32
22 36 27 36
22 38 27 38
22 68 24 69
22 86 27 86
22 92 27 92
22 98 27 98
22 118 22 123
22 125 27 125
22 129 24 130
22 133 27 133
22 135 24 136
22 166 27 166
22 192 27 192
22 202 23 204
22 205 23 207
22 211 27 211
22 214 24 215
22 230 27 230
22 234 27 234
22 235 27 235
22 239 24 240
22 246 27 246
22 261 27 261
22 265 27 265
22 273 23 275
22 312 23 314
22 316 27 316
22 319 24 320
22 343 23 345
22 346 27 346
22 351 27 351
22 353 22 358
22 359 23 361
22 362 27 362
22 383 27 383
22 389 27 389
22 398 24 399
22 410 24 411
22 416 23 418
22 423 23 425
22 437 27 437
22 472 22 477
22 478 24 479
22 512 24 513
22 524 24 525
22 532 24 533
22 544 27 544
22 545 27 545
22 555 27 555
22 563 24 564
22 570 23 572
22 584 27 584
22 602 27 602
22 610 27 610
22 619 27 619
22 625 27 625
22 641 24 642
22 649 27 649
22 662 27 662
22 668 27 668
22 669 24 670
22 677 27 677
22 686 24 687
22 692 23 694
22 709 27 709
22 718 27 718
22 721 27 721
22 727 27 727
22 743 27 743
22 744 24 745
22 758 23 760
22 762 27 762
22 763 27 763
22 768 27 768
22 776 27 776
22 789 27 789
22 792 27 792
22 811 24 812
22 823 24 824
22 833 24 834
22 841 27 841
22 854 27 854
22 857 27 857
22 858 23 860
22 865 23 867
22 886 23 888
22 898 27 898
22 906 22 911
22 914 27 914
22 915 27 915
22 916 27 916
22 919 24 920
22 922 27 922
22 924 23 926
22 942 24 943
22 944 24 945
22 947 22 952
22 965 27 965
22 974 27 974
22 977 27 977
22 984 27 984
22 985 27 985
22 987 27 987
23 29 25 30
23 47 28 47
23 48 28 48
23 60 28 60
23 71 25 72
23 73 28 73
23 79 24 81
23 84 28 84
23 85 28 85
23 118 25 119
23 120 28 120
23 138 24 140
23 153 28 153
23 162 28 162
23 164 25 165
23 170 24 172
23 176 28 176
23 177 28 177
23 178 24 180
23 188 28 188
23 191 28 191
23 194 28 194
23 217 28 217
23 223 25 224
23 242 25 243
23 250 28 250
23 262 28 262
23 266 28 266
23 301 24 303
23 307 25 308
23 310 28 310
23 331 28 331
23 337 28 337
23 339 28 339
23 341 28 341
23 366 25 367
23 369 28 369
23 379 28 379
23 380 25 381
23 388 28 388
23 395 28 395
23 404 24 406
23 429 28 429
23 439 24 441
23 449 23 454
23 464 28 464
23 473 28 473
23 493 28 493
23 498 28 498
23 518 28 518
23 520 28 520
23 537 25 538
23 565 25 566
23 588 28 588
23 592 25 593
23 597 28 597
23 606 25 607
23 617 28 617
23 621 25 622
23 632 25 633
23 638 28 638
23 639 28 639
23 646 28 646
23 660 28 660
23 664 24 666
23 672 25 673
23 676 28 676
23 681 28 681
23 700 25 701
23 731 25 732
23 734 25 735
23 748 28 748
23 770 24 772
23 773 24 775
23 782 28 782
23 795 28 795
23 796 28 796
23 805 28 805
23 807 28 807
23 817 28 817
23 835 28 835
23 849 24 851
23 861 24 863
23 868 24 870
23 871 28 871
23 879 28 879
23 885 28 885
23 889 24 891
23 892 28 892
23 894 28 894
23 896 25 897
23 903 25 904
23 907 28 907
23 911 28 911
23 938 28 938
23 948 28 948
23 949 25 950
23 959 25 960
23 967 28 967
23 983 28 983
23 994 25 995
24 1 26 2
24 8 29 8
24 9 29 9
24 33 25 35
24 50 29 50
24 54 29 54
24 59 29 59
24 66 29 66
24 87 26 88
24 93 25 95
24 104 24 109
24 110 29 110
24 112 29 112
24 114 25 116
24 143 29 143
24 147 29 147
24 148 29 148
24 150 29 150
24 159 26 160
24 174 29 174
24 185 25 187
24 189 26 190
24 196 29 196
24 204 29 204
24 205 26 206
24 207 29 207
24 210 29 210
24 228 26 229
24 273 29 273
24 282 29 282
24 284 29 284
24 293 29 293
24 314 29 314
24 317 29 317
24 335 26 336
24 344 26 345
24 347 29 347
24 348 25 350
24 354 29 354
24 361 29 361
24 375 25 377
24 384 26 385
24 412 25 414
24 415 26 416
24 423 26 424
24 449 24 454
24 488 29 488
24 499 29 499
24 548 29 548
24 556 29 556
24 568 25 570
24 571 24 576
24 587 29 587
24 589 29 589
24 594 29 594
24 627 26 628
24 643 29 643
24 651 25 653
24 656 29 656
24 683 25 685
24 688 25 690
24 692 24 697
24 698 29 698
24 703 26 704
24 719 29 719
24 741 29 741
24 759 29 759
24 766 29 766
24 784 26 785
24 802 26 803
24 814 29 814
24 818 29 818
24 820 29 820
24 821 29 821
24 827 29 827
24 836 29 836
24 839 29 839
24 853 29 853
24 858 29 858
24 860 29 860
24 865 25 867
24 874 29 874
24 875 29 875
24 886 26 887
24 899 25 901
24 910 29 910
24 917 26 918
24 924 25 926
24 935 25 937
24 951 29 951
24 953 29 953
24 955 25 957
24 970 26 971
24 979 29 979
24 980 29 980
24 993 29 993
25 6 30 6
25 17 30 17
25 22 26 24
25 26 30 26
25 42 26 44
25 49 30 49
25 64 30 64
25 68 27 69
25 75 30 75
25 77 30 77
25 90 30 90
25 91 30 91
25 101 26 103
25 108 30 108
25 155 30 155
25 167 26 169
25 173 30 173
25 178 26 180
25 193 30 193
25 195 30 195
25 214 30 214
25 240 27 241
25 251 30 251
25 263 30 263
25 267 30 267
25 275 27 276
25 301 27 302
25 303 27 304
25 313 30 313
25 315 30 315
25 327 26 329
25 330 30 330
25 340 30 340
25 353 30 353
25 357 30 357
25 363 27 364
25 372 30 372
25 386 27 387
25 394 30 394
25 405 27 406
25 410 27 411
25 432 26 434
25 443 30 443
25 447 30 447
25 452 30 452
25 453 27 454
25 465 30 465
25 471 30 471
25 472 30 472
25 474 30 474
25 476 26 478
25 479 26 481
25 482 30 482
25 485 26 487
25 509 26 511
25 513 30 513
25 521 27 522
25 524 26 526
25 529 27 530
25 532 30 532
25 533 30 533
25 550 30 550
25 557 27 558
25 571 30 571
25 572 30 572
25 585 30 585
25 608 27 609
25 618 30 618
25 620 30 620
25 655 30 655
25 663 27 664
25 666 30 666
25 670 30 670
25 686 27 687
25 696 27 697
25 699 30 699
25 702 30 702
25 710 30 710
25 728 30 728
25 730 30 730
25 752 30 752
25 755 26 757
25 772 30 772
25 773 30 773
25 791 30 791
25 812 27 813
25 815 30 815
25 816 30 816
25 824 26 826
25 830 30 830
25 844 30 844
25 849 30 849
25 855 27 856
25 861 30 861
25 920 30 920
25 927 26 929
25 942 26 944
25 954 30 954
25 969 30 969
25 976 30 976
25 981 30 981
25 988 27 989
26 12 31 12
26 15 31 15
26 18 31 18
26 27 28 28
26 37 31 37
26 56 27 58
26 70 27 72
26 78 28 79
26 80 28 81
26 82 28 83
26 93 28 94
26 95 28 96
26 104 31 104
26 105 31 105
26 107 31 107
26 109 31 109
26 114 31 114
26 115 31 115
26 116 31 116
26 129 28 130
26 131 31 131
26 132 31 132
26 134 31 134
26 138 28 139
26 140 31 140
26 142 31 142
26 144 27 146
26 152 31 152
26 164 28 165
26 175 31 175
26 181 31 181
26 182 28 183
26 185 31 185
26 186 28 187
26 197 28 198
26 200 28 201
26 202 28 203
26 215 31 215
26 242 28 243
26 248 28 249
26 270 27 272
26 277 31 277
26 290 31 290
26 292 31 292
26 319 28 320
26 332 27 334
26 343 31 343
26 349 31 349
26 355 31 355
26 358 28 359
26 365 27 367
26 380 27 382
26 399 31 399
26 412 27 414
26 419 31 419
26 425 31 425
26 430 31 430
26 431 31 431
26 442 31 442
26 448 31 448
26 449 31 449
26 456 27 458
26 459 31 459
26 470 31 470
26 506 31 506
26 508 31 508
26 516 31 516
26 534 28 535
26 537 31 537
26 538 28 539
26 542 31 542
26 549 31 549
26 554 31 554
26 566 27 568
26 570 31 570
26 573 31 573
26 578 27 580
26 586 31 586
26 604 27 606
26 621 27 623
26 630 31 630
26 631 27 633
26 642 31 642
26 648 31 648
26 650 31 650
26 651 31 651
26 653 31 653
26 667 31 667
26 672 31 672
26 685 31 685
26 692 31 692
26 694 31 694
26 700 31 700
26 731 28 732
26 736 31 736
26 737 28 738
26 760 28 761
26 769 28 770
26 775 31 775
26 777 28 778
26 833 28 834
26 846 31 846
26 848 31 848
26 859 31 859
26 865 26 870
26 888 28 889
26 897 31 897
26 899 26 904
26 921 31 921
26 924 31 924
26 925 31 925
26 926 31 926
26 934 27 936
26 952 31 952
26 955 26 960
26 962 31 962
26 998 28 999
27 0 32 0
27 7 32 7
27 10 29 11
27 13 32 13
27 16 32 16
27 40 27 45
27 52 29 53
27 87 28 89
27 100 28 102
27 103 32 103
27 118 29 119
27 121 32 121
27 122 32 122
27 124 32 124
27 126 28 128
27 136 29 137
27 149 32 149
27 154 32 154
27 158 28 160
27 171 29 172
27 178 29 179
27 226 32 226
27 231 32 231
27 244 29 245
27 253 32 253
27 254 32 254
27 255 32 255
27 279 28 281
27 288 32 288
27 289 32 289
27 298 32 298
27 307 32 307
27 311 29 312
27 318 32 318
27 324 28 326
27 328 32 328
27 344 32 344
27 370 32 370
27 375 32 375
27 376 29 377
27 401 32 401
27 409 32 409
27 415 32 415
27 416 32 416
27 418 32 418
27 423 29 424
27 432 29 433
27 435 32 435
27 439 29 440
27 455 32 455
27 461 28 463
27 479 28 481
27 484 28 486
27 487 32 487
27 494 29 495
27 509 28 511
27 512 32 512
27 514 32 514
27 523 32 523
27 524 29 525
27 531 32 531
27 547 32 547
27 562 32 562
27 581 28 583
27 590 28 592
27 595 32 595
27 599 29 600
27 611 32 611
27 612 28 614
27 615 29 616
27 624 32 624
27 626 29 627
27 640 32 640
27 645 32 645
27 647 32 647
27 654 32 654
27 674 29 675
27 678 32 678
27 689 28 691
27 715 29 716
27 720 32 720
27 734 29 735
27 739 32 739
27 745 32 745
27 755 32 755
27 757 29 758
27 767 32 767
27 780 32 780
27 783 32 783
27 786 32 786
27 797 27 802
27 808 28 810
27 819 32 819
27 824 28 826
27 831 32 831
27 843 32 843
27 850 28 852
27 863 29 864
27 868 32 868
27 869 32 869
27 880 29 881
27 882 29 883
27 893 32 893
27 895 29 896
27 899 29 900
27 902 28 904
27 906 32 906
27 912 29 913
27 917 29 918
27 931 32 931
27 940 27 945
27 946 29 947
27 960 29 961
27 968 32 968
27 971 29 972
28 1 33 1
28 19 29 21
28 23 33 23
28 32 30 33
28 38 28 43
28 44 29 46
28 56 29 58
28 61 33 61
28 63 33 63
28 67 30 68
28 69 29 71
28 86 33 86
28 97 29 99
28 117 33 117
28 133 33 133
28 180 33 180
28 192 33 192
28 218 30 219
28 220 33 220
28 227 33 227
28 228 29 230
28 235 30 236
28 237 33 237
28 239 29 241
28 252 33 252
28 264 30 265
28 269 29 271
28 278 33 278
28 287 33 287
28 301 29 303
28 304 30 305
28 321 30 322
28 345 30 346
28 360 33 360
28 374 33 374
28 391 30 392
28 400 33 400
28 402 28 407
28 413 30 414
28 434 33 434
28 437 33 437
28 456 29 458
28 467 33 467
28 469 33 469
28 476 30 477
28 496 33 496
28 521 33 521
28 528 29 530
28 552 30 553
28 557 30 558
28 576 33 576
28 601 33 601
28 608 30 609
28 621 30 622
28 632 33 632
28 637 33 637
28 652 33 652
28 663 29 665
28 668 33 668
28 686 29 688
28 696 33 696
28 701 33 701
28 708 30 709
28 711 33 711
28 714 33 714
28 721 30 722
28 726 30 727
28 751 33 751
28 762 33 762
28 763 30 764
28 776 33 776
28 785 33 785
28 811 33 811
28 813 33 813
28 828 33 828
28 840 30 841
28 865 30 866
28 867 33 867
28 872 30 873
28 886 33 886
28 914 29 916
28 927 33 927
28 949 33 949
28 965 30 966
28 974 33 974
28 977 30 978
28 987 30 988
28 989 33 989
29 27 34 27
29 34 34 34
29 38 29 43
29 47 31 48
29 60 34 60
29 72 31 73
29 78 34 78
29 80 31 81
29 82 34 82
29 83 34 83
29 85 34 85
29 93 30 95
29 100 31 101
29 123 34 123
29 126 31 127
29 135 34 135
29 138 31 139
29 146 34 146
29 159 31 160
29 161 34 161
29 182 30 184
29 186 34 186
29 187 31 188
29 197 29 202
29 205 31 206
29 213 34 213
29 224 34 224
29 242 31 243
29 246 30 248
29 249 31 250
29 258 34 258
29 259 34 259
29 262 34 262
29 274 31 275
29 306 34 306
29 323 31 324
29 325 34 325
29 331 30 333
29 339 34 339
29 362 29 367
29 368 34 368
29 381 34 381
29 393 34 393
29 395 34 395
29 402 29 407
29 441 34 441
29 444 30 446
29 461 34 461
29 463 34 463
29 478 30 480
29 484 31 485
29 486 34 486
29 501 34 501
29 502 34 502
29 510 34 510
29 526 31 527
29 539 34 539
29 544 31 545
29 559 30 561
29 565 31 566
29 568 34 568
29 574 34 574
29 579 30 581
29 582 34 582
29 596 31 597
29 603 31 604
29 617 34 617
29 641 34 641
29 661 31 662
29 689 34 689
29 693 34 693
29 705 34 705
29 706 34 706
29 707 34 707
29 717 31 718
29 724 34 724
29 731 34 731
29 732 31 733
29 737 34 737
29 740 34 740
29 747 30 749
29 760 34 760
29 761 34 761
29 768 30 770
29 777 30 779
29 796 34 796
29 797 34 797
29 800 34 800
29 804 31 805
29 810 34 810
29 833 30 835
29 845 34 845
29 852 34 852
29 854 34 854
29 870 31 871
29 888 34 888
29 903 30 905
29 907 30 909
29 932 34 932
29 933 34 933
29 934 29 939
29 940 29 945
29 982 30 984
29 985 34 985
30 2 35 2
30 21 35 21
30 28 35 28
30 40 35 40
30 43 35 43
30 45 35 45
30 51 30 56
30 69 31 71
30 84 35 84
30 87 35 87
30 96 35 96
30 98 32 99
30 110 35 110
30 111 31 113
30 119 35 119
30 141 35 141
30 143 32 144
30 156 31 158
30 165 30 170
30 176 31 178
30 179 35 179
30 198 35 198
30 221 31 223
30 238 35 238
30 239 31 241
30 256 35 256
30 257 35 257
30 260 35 260
30 273 35 273
30 285 35 285
30 295 31 297
30 311 35 311
30 316 35 316
30 319 35 319
30 326 32 327
30 329 35 329
30 337 32 338
30 348 35 348
30 358 35 358
30 363 32 364
30 365 31 367
30 371 35 371
30 377 35 377
30 379 32 380
30 382 32 383
30 407 35 407
30 417 35 417
30 421 35 421
30 423 32 424
30 428 32 429
30 456 32 457
30 458 35 458
30 475 35 475
30 488 35 488
30 489 35 489
30 495 35 495
30 505 35 505
30 518 35 518
30 535 35 535
30 538 35 538
30 541 35 541
30 577 32 578
30 587 31 589
30 600 35 600
30 605 32 606
30 612 35 612
30 616 35 616
30 626 35 626
30 628 35 628
30 633 32 634
30 643 35 643
30 656 32 657
30 663 32 664
30 671 35 671
30 676 32 677
30 687 32 688
30 695 35 695
30 704 35 704
30 716 35 716
30 723 35 723
30 738 35 738
30 741 35 741
30 743 32 744
30 765 32 766
30 817 32 818
30 823 32 824
30 827 35 827
30 842 35 842
30 856 32 857
30 858 35 858
30 862 32 863
30 874 30 879
30 898 31 900
30 902 35 902
30 911 31 913
30 928 31 930
30 940 30 945
30 953 35 953
30 958 35 958
30 972 35 972
30 975 35 975
30 990 31 992
30 998 32 999
31 3 36 3
31 4 32 6
31 19 36 19
31 24 32 26
31 30 32 32
31 49 33 50
31 54 36 54
31 55 33 56
31 59 36 59
31 67 33 68
31 77 36 77
31 79 36 79
31 128 33 129
31 145 36 145
31 147 33 148
31 166 36 166
31 182 36 182
31 193 32 195
31 200 36 200
31 207 31 212
31 228 36 228
31 245 33 246
31 247 33 248
31 263 32 265
31 267 33 268
31 272 36 272
31 283 33 284
31 303 36 303
31 305 36 305
31 312 33 313
31 314 33 315
31 330 31 335
31 341 36 341
31 351 32 353
31 385 33 386
31 392 36 392
31 394 36 394
31 397 36 397
31 402 32 404
31 413 36 413
31 420 36 420
31 432 36 432
31 433 36 433
31 440 36 440
31 445 36 445
31 450 32 452
31 465 33 466
31 472 36 472
31 476 33 477
31 480 33 481
31 482 33 483
31 491 33 492
31 525 36 525
31 530 36 530
31 534 36 534
31 540 36 540
31 553 36 553
31 555 33 556
31 564 36 564
31 567 36 567
31 569 36 569
31 580 33 581
31 594 36 594
31 618 31 623
31 625 36 625
31 635 36 635
31 646 36 646
31 669 36 669
31 673 36 673
31 681 36 681
31 712 33 713
31 721 33 722
31 726 32 728
31 757 36 757
31 758 36 758
31 769 36 769
31 772 36 772
31 778 36 778
31 781 33 782
31 791 33 792
31 794 36 794
31 806 36 806
31 814 36 814
31 815 33 816
31 829 33 830
31 833 32 835
31 841 36 841
31 844 36 844
31 855 36 855
31 874 33 875
31 890 36 890
31 894 32 896
31 907 33 908
31 909 36 909
31 915 36 915
31 916 36 916
31 918 36 918
31 919 36 919
31 920 36 920
31 938 36 938
31 943 36 943
31 947 33 948
31 954 33 955
31 959 32 961
31 969 33 970
31 976 31 981
31 986 33 987
32 22 37 22
32 46 33 48
32 64 37 64
32 69 33 71
32 72 37 72
32 74 34 75
32 91 37 91
32 105 37 105
32 108 34 109
32 111 33 113
32 125 37 125
32 130 33 132
32 134 37 134
32 137 37 137
32 138 34 139
32 157 37 157
32 159 37 159
32 170 37 170
32 173 34 174
32 175 34 176
32 177 37 177
32 185 37 185
32 189 37 189
32 207 37 207
32 215 37 215
32 217 33 219
32 222 37 222
32 229 34 230
32 234 34 235
32 266 37 266
32 271 37 271
32 280 37 280
32 302 37 302
32 308 34 309
32 322 34 323
32 330 33 332
32 342 34 343
32 347 37 347
32 349 34 350
32 354 34 355
32 366 37 366
32 396 37 396
32 412 37 412
32 422 37 422
32 425 37 425
32 442 33 444
32 449 37 449
32 459 34 460
32 462 37 462
32 470 34 471
32 474 37 474
32 493 34 494
32 497 33 499
32 516 34 517
32 520 37 520
32 549 34 550
32 566 37 566
32 570 33 572
32 579 37 579
32 584 32 589
32 590 34 591
32 618 32 623
32 629 37 629
32 631 37 631
32 636 37 636
32 648 33 650
32 660 33 662
32 675 37 675
32 680 37 680
32 684 34 685
32 691 34 692
32 698 34 699
32 717 33 719
32 725 37 725
32 733 33 735
32 770 37 770
32 774 34 775
32 784 37 784
32 798 37 798
32 803 37 803
32 804 37 804
32 821 37 821
32 840 37 840
32 847 34 848
32 850 37 850
32 859 33 861
32 877 33 879
32 898 37 898
32 899 34 900
32 904 37 904
32 911 33 913
32 917 37 917
32 921 32 926
32 936 37 936
32 940 37 940
32 942 37 942
32 962 33 964
32 976 33 978
32 980 34 981
32 991 37 991
32 995 33 997
33 4 38 4
33 5 35 6
33 11 33 16
33 24 34 26
33 30 34 32
33 33 38 33
33 35 35 36
33 38 38 38
33 41 35 42
33 73 38 73
33 88 34 90
33 92 38 92
33 93 38 93
33 98 34 100
33 104 38 104
33 115 38 115
33 120 38 120
33 122 38 122
33 155 35 156
33 181 38 181
33 195 34 197
33 202 35 203
33 205 38 205
33 206 38 206
33 225 35 226
33 242 38 242
33 251 38 251
33 253 35 254
33 255 38 255
33 263 35 264
33 274 34 276
33 293 38 293
33 295 35 296
33 298 35 299
33 317 35 318
33 335 35 336
33 337 38 337
33 344 35 345
33 361 34 363
33 370 38 370
33 387 34 389
33 401 38 401
33 405 38 405
33 406 38 406
33 426 33 431
33 436 38 436
33 447 35 448
33 454 34 456
33 464 38 464
33 487 38 487
33 503 38 503
33 514 38 514
33 522 35 523
33 526 38 526
33 527 38 527
33 529 38 529
33 533 38 533
33 537 38 537
33 547 38 547
33 557 34 559
33 561 34 563
33 577 35 578
33 584 33 589
33 595 38 595
33 605 38 605
33 607 38 607
33 619 35 620
33 621 34 623
33 630 38 630
33 644 35 645
33 653 34 655
33 663 34 665
33 672 38 672
33 677 35 678
33 703 38 703
33 708 38 708
33 720 38 720
33 726 34 728
33 730 38 730
33 732 38 732
33 736 38 736
33 744 38 744
33 754 34 756
33 765 35 766
33 779 35 780
33 783 38 783
33 793 38 793
33 823 38 823
33 824 38 824
33 831 38 831
33 832 34 834
33 835 38 835
33 839 38 839
33 849 38 849
33 871 38 871
33 872 35 873
33 880 34 882
33 887 38 887
33 889 38 889
33 893 38 893
33 903 38 903
33 905 38 905
33 925 38 925
33 928 34 930
33 934 35 935
33 944 35 945
33 952 38 952
33 956 38 956
33 966 38 966
33 968 38 968
33 971 38 971
33 994 38 994
34 8 36 9
34 46 35 48
34 49 39 49
34 56 36 57
34 65 35 67
34 68 36 69
34 94 39 94
34 107 39 107
34 111 39 111
34 117 36 118
34 121 39 121
34 131 35 133
34 158 39 158
34 183 39 183
34 190 35 192
34 193 39 193
34 217 39 217
34 220 36 221
34 227 39 227
34 231 39 231
34 240 36 241
34 247 35 249
34 267 36 268
34 269 39 269
34 270 39 270
34 283 36 284
34 286 36 287
34 288 36 289
34 313 35 315
34 326 36 327
34 330 36 331
34 351 39 351
34 359 36 360
34 372 39 372
34 374 39 374
34 375 39 375
34 378 36 379
34 382 39 382
34 383 39 383
34 398 39 398
34 414 39 414
34 426 39 426
34 428 39 428
34 429 35 431
34 434 39 434
34 438 39 438
34 443 39 443
34 446 39 446
34 468 39 468
34 476 34 481
34 497 39 497
34 512 39 512
34 515 39 515
34 531 39 531
34 543 36 544
34 546 39 546
34 554 35 556
34 570 36 571
34 575 39 575
34 580 36 581
34 583 35 585
34 586 35 588
34 606 39 606
34 608 36 609
34 611 39 611
34 639 39 639
34 648 39 648
34 656 39 656
34 659 39 659
34 661 39 661
34 683 39 683
34 687 36 688
34 702 39 702
34 717 36 718
34 722 39 722
34 729 39 729
34 733 36 734
34 750 35 752
34 762 35 764
34 767 39 767
34 773 39 773
34 776 39 776
34 777 39 777
34 781 39 781
34 785 35 787
34 792 39 792
34 811 35 813
34 815 35 817
34 830 39 830
34 857 39 857
34 859 36 860
34 864 39 864
34 866 35 868
34 869 39 869
34 874 39 874
34 877 39 877
34 878 39 878
34 883 39 883
34 886 39 886
34 891 39 891
34 908 39 908
34 939 39 939
34 947 35 949
34 950 39 950
34 965 39 965
34 969 36 970
34 973 36 974
34 989 39 989
34 996 35 998
35 0 37 1
35 11 37 12
35 16 40 16
35 23 36 25
35 26 40 26
35 30 37 31
35 32 40 32
35 44 40 44
35 51 40 51
35 60 37 61
35 70 37 71
35 74 37 75
35 85 40 85
35 90 40 90
35 98 35 103
35 108 37 109
35 135 37 136
35 142 40 142
35 147 40 147
35 164 37 165
35 173 40 173
35 174 36 176
35 195 36 197
35 199 40 199
35 208 37 209
35 211 36 213
35 259 40 259
35 275 40 275
35 276 40 276
35 291 40 291
35 307 37 308
35 310 40 310
35 321 36 323
35 343 40 343
35 350 40 350
35 355 40 355
35 361 36 363
35 368 37 369
35 373 40 373
35 380 37 381
35 437 40 437
35 441 37 442
35 450 40 450
35 452 35 457
35 459 36 461
35 476 37 477
35 480 36 482
35 490 36 492
35 493 40 493
35 502 40 502
35 504 40 504
35 508 40 508
35 510 37 511
35 532 40 532
35 542 40 542
35 559 36 561
35 563 40 563
35 568 40 568
35 572 40 572
35 573 40 573
35 590 40 590
35 598 37 599
35 615 40 615
35 621 36 623
35 649 40 649
35 658 40 658
35 663 36 665
35 674 40 674
35 679 40 679
35 686 40 686
35 689 35 694
35 696 36 698
35 711 36 713
35 739 37 740
35 742 37 743
35 747 37 748
35 753 40 753
35 754 40 754
35 755 40 755
35 756 40 756
35 768 40 768
35 775 40 775
35 796 37 797
35 800 37 801
35 808 36 810
35 828 37 829
35 846 40 846
35 847 37 848
35 851 40 851
35 852 40 852
35 906 37 907
35 910 37 911
35 912 36 914
35 922 36 924
35 927 36 929
35 932 37 933
35 941 40 941
35 963 37 964
35 981 37 982
35 984 36 986
36 5 37 7
36 13 41 13
36 20 41 20
36 27 37 29
36 35 38 36
36 40 41 40
36 42 38 43
36 53 41 53
36 55 41 55
36 65 37 67
36 80 41 80
36 83 38 84
36 87 38 88
36 96 41 96
36 98 41 98
36 110 41 110
36 112 41 112
36 123 41 123
36 131 41 131
36 141 41 141
36 154 38 155
36 156 41 156
36 171 41 171
36 178 41 178
36 190 41 190
36 201 38 202
36 210 41 210
36 238 41 238
36 244 41 244
36 245 36 250
36 256 37 258
36 264 38 265
36 290 41 290
36 296 37 298
36 306 41 306
36 309 41 309
36 311 36 316
36 317 37 319
36 320 41 320
36 324 41 324
36 325 41 325
36 329 41 329
36 332 37 334
36 339 41 339
36 342 41 342
36 345 41 345
36 393 41 393
36 402 41 402
36 430 41 430
36 431 41 431
36 439 41 439
36 447 41 447
36 448 41 448
36 453 37 455
36 458 41 458
36 470 38 471
36 475 41 475
36 478 41 478
36 486 41 486
36 494 37 496
36 498 41 498
36 505 41 505
36 509 41 509
36 516 41 516
36 517 38 518
36 538 38 539
36 548 41 548
36 554 37 556
36 576 37 578
36 584 41 584
36 587 41 587
36 600 41 600
36 617 38 618
36 647 41 647
36 676 38 677
36 684 41 684
36 689 36 694
36 695 41 695
36 764 41 764
36 785 38 786
36 790 41 790
36 805 41 805
36 811 41 811
36 820 41 820
36 827 41 827
36 845 41 845
36 896 38 897
36 930 41 930
36 975 37 977
36 993 41 993
36 999 41 999
37 23 42 23
37 47 42 47
37 58 42 58
37 79 42 79
37 95 42 95
37 99 42 99
37 139 42 139
37 143 38 145
37 153 42 153
37 166 39 167
37 172 42 172
37 175 42 175
37 176 42 176
37 191 39 192
37 195 42 195
37 197 42 197
37 211 38 213
37 219 42 219
37 221 42 221
37 228 42 228
37 229 39 230
37 239 42 239
37 241 42 241
37 253 39 254
37 262 42 262
37 274 42 274
37 277 39 278
37 284 38 286
37 289 42 289
37 299 42 299
37 305 42 305
37 311 38 313
37 314 39 315
37 330 39 331
37 335 39 336
37 353 42 353
37 356 38 358
37 359 42 359
37 360 38 362
37 378 39 379
37 386 42 386
37 408 42 408
37 432 42 432
37 433 42 433
37 469 42 469
37 472 42 472
37 480 37 485
37 513 42 513
37 521 42 521
37 523 38 525
37 540 39 541
37 553 42 553
37 557 38 559
37 561 42 561
37 569 42 569
37 574 42 574
37 580 42 580
37 581 38 583
37 585 42 585
37 589 42 589
37 591 39 592
37 593 39 594
37 612 42 612
37 619 39 620
37 625 42 625
37 634 39 635
37 637 42 637
37 641 42 641
37 642 42 642
37 652 42 652
37 654 42 654
37 657 42 657
37 663 39 664
37 665 37 670
37 673 42 673
37 687 42 687
37 689 42 689
37 690 38 692
37 694 42 694
37 700 42 700
37 705 42 705
37 712 42 712
37 713 42 713
37 716 38 718
37 734 42 734
37 745 42 745
37 746 42 746
37 751 39 752
37 757 42 757
37 765 42 765
37 789 42 789
37 794 42 794
37 799 42 799
37 810 42 810
37 813 39 814
37 838 42 838
37 841 38 843
37 860 38 862
37 866 42 866
37 867 42 867
37 872 39 873
37 875 42 875
37 879 42 879
37 884 42 884
37 894 42 894
37 915 39 916
37 918 38 920
37 926 39 927
37 943 38 945
37 955 42 955
37 970 42 970
37 972 39 973
37 974 42 974
37 983 37 988
38 0 39 2
38 6 39 8
38 9 40 10
38 11 43 11
38 27 39 29
38 30 43 30
38 59 40 60
38 61 43 61
38 64 43 64
38 67 39 69
38 71 43 71
38 74 40 75
38 118 43 118
38 125 39 127
38 133 40 134
38 136 40 137
38 138 43 138
38 151 43 151
38 163 43 163
38 169 43 169
38 170 43 170
38 177 43 177
38 198 43 198
38 203 40 204
38 222 43 222
38 224 43 224
38 234 43 234
38 236 43 236
38 237 43 237
38 243 43 243
38 247 40 248
38 249 40 250
38 257 43 257
38 279 40 280
38 281 43 281
38 302 43 302
38 307 40 308
38 316 40 317
38 319 43 319
38 326 40 327
38 333 43 333
38 338 43 338
38 340 40 341
38 348 43 348
38 352 43 352
38 366 43 366
38 368 40 369
38 380 40 381
38 420 38 425
38 455 43 455
38 465 39 467
38 476 43 476
38 482 39 484
38 491 43 491
38 496 43 496
38 500 40 501
38 510 43 510
38 511 43 511
38 534 40 535
38 545 43 545
38 549 43 549
38 550 43 550
38 552 43 552
38 554 40 555
38 564 43 564
38 579 43 579
38 608 40 609
38 610 43 610
38 621 40 622
38 623 43 623
38 631 43 631
38 638 43 638
38 644 39 646
38 665 43 665
38 667 43 667
38 671 43 671
38 675 43 675
38 680 43 680
38 685 43 685
38 696 40 697
38 723 40 724
38 725 40 726
38 740 43 740
38 760 43 760
38 769 39 771
38 774 43 774
38 782 43 782
38 795 39 797
38 806 39 808
38 821 43 821
38 828 40 829
38 840 43 840
38 847 40 848
38 853 43 853
38 863 43 863
38 911 40 912
38 914 43 914
38 940 43 940
38 949 43 949
38 969 43 969
38 981 40 982
38 983 43 983
39 24 41 25
39 33 39 38
39 43 44 43
39 56 41 57
39 63 44 63
39 72 41 73
39 86 41 87
39 91 40 93
39 101 40 103
39 108 41 109
39 113 40 115
39 116 41 117
39 119 44 119
39 135 44 135
39 143 44 143
39 145 41 146
39 155 44 155
39 160 41 161
39 162 44 162
39 180 41 181
39 185 41 186
39 206 40 208
39 212 41 213
39 245 44 245
39 255 44 255
39 265 44 265
39 283 41 284
39 286 44 286
39 292 41 293
39 294 40 296
39 297 44 297
39 300 44 300
39 304 44 304
39 312 41 313
39 360 41 361
39 362 40 364
39 376 44 376
39 390 44 390
39 391 44 391
39 401 44 401
39 412 44 412
39 422 40 424
39 425 44 425
39 427 44 427
39 440 41 441
39 460 44 460
39 479 44 479
39 481 44 481
39 487 44 487
39 492 44 492
39 494 41 495
39 499 44 499
39 506 41 507
39 520 44 520
39 522 40 524
39 525 39 530
39 536 44 536
39 557 40 559
39 562 44 562
39 566 44 566
39 577 44 577
39 578 44 578
39 581 44 581
39 582 41 583
39 595 44 595
39 597 44 597
39 601 40 603
39 607 44 607
39 614 44 614
39 616 40 618
39 633 44 633
39 653 44 653
39 668 41 669
39 676 41 677
39 690 44 690
39 692 41 693
39 703 44 703
39 706 44 706
39 709 44 709
39 716 39 721
39 727 41 728
39 739 44 739
39 748 44 748
39 750 44 750
39 783 41 784
39 786 41 787
39 793 44 793
39 800 44 800
39 802 44 802
39 809 44 809
39 816 40 818
39 819 44 819
39 822 44 822
39 823 40 825
39 844 44 844
39 858 40 860
39 862 44 862
39 870 41 871
39 880 40 882
39 897 44 897
39 904 41 905
39 907 44 907
39 917 44 917
39 918 40 920
39 923 40 925
39 928 44 928
39 933 39 938
39 948 44 948
39 952 40 954
39 957 44 957
39 975 44 975
39 992 44 992
39 994 44 994
40 6 41 8
40 27 41 29
40 33 40 38
40 48 41 50
40 52 45 52
40 67 45 67
40 77 45 77
40 84 45 84
40 104 45 104
40 105 45 105
40 122 45 122
40 130 45 130
40 157 42 158
40 164 42 165
40 182 41 184
40 191 45 191
40 200 45 200
40 209 45 209
40 223 45 223
40 231 42 232
40 254 45 254
40 267 42 268
40 269 42 270
40 278 45 278
40 282 45 282
40 288 45 288
40 314 42 315
40 318 45 318
40 330 42 331
40 335 42 336
40 346 45 346
40 351 45 351
40 356 45 356
40 372 45 372
40 374 45 374
40 379 45 379
40 382 42 383
40 397 42 398
40 406 45 406
40 407 45 407
40 409 45 409
40 418 45 418
40 436 45 436
40 457 45 457
40 463 45 463
40 473 45 473
40 480 45 480
40 489 45 489
40 518 45 518
40 525 42 526
40 527 41 529
40 530 45 530
40 539 41 541
40 576 45 576
40 604 45 604
40 611 45 611
40 620 45 620
40 634 41 636
40 639 45 639
40 643 45 643
40 650 45 650
40 662 41 664
40 698 42 699
40 707 45 707
40 715 45 715
40 717 41 719
40 762 42 763
40 767 45 767
40 769 45 769
40 772 42 773
40 776 41 778
40 785 45 785
40 796 41 798
40 803 45 803
40 807 45 807
40 808 45 808
40 833 42 834
40 836 42 837
40 839 45 839
40 841 42 842
40 849 42 850
40 854 45 854
40 872 42 873
40 887 42 888
40 890 42 891
40 900 42 901
40 909 45 909
40 915 45 915
40 926 45 926
40 929 45 929
40 934 45 934
40 935 42 936
40 938 45 938
40 944 45 944
40 947 45 947
40 950 42 951
40 971 41 973
40 988 42 989
40 991 45 991
40 995 42 996
41 3 43 4
41 31 42 33
41 34 43 35
41 38 43 39
41 59 46 59
41 70 46 70
41 74 43 75
41 83 46 83
41 88 46 88
41 89 42 91
41 137 46 137
41 142 46 142
41 144 46 144
41 187 46 187
41 188 46 188
41 196 46 196
41 204 43 205
41 217 46 217
41 227 46 227
41 248 43 249
41 250 46 250
41 258 43 259
41 279 43 280
41 307 46 307
41 310 46 310
41 317 46 317
41 334 46 334
41 340 46 340
41 343 43 344
41 354 43 355
41 357 46 357
41 362 46 362
41 369 42 371
41 387 42 389
41 395 46 395
41 396 46 396
41 403 46 403
41 413 43 414
41 419 46 419
41 449 41 454
41 464 46 464
41 470 46 470
41 500 46 500
41 501 43 502
41 508 46 508
41 532 43 533
41 557 43 558
41 559 43 560
41 563 46 563
41 565 46 565
41 572 43 573
41 591 46 591
41 594 46 594
41 615 42 617
41 629 43 630
41 649 46 649
41 651 46 651
41 658 43 659
41 674 46 674
41 678 46 678
41 681 43 682
41 686 46 686
41 696 43 697
41 716 46 716
41 722 42 724
41 725 43 726
41 733 46 733
41 751 43 752
41 754 42 756
41 851 43 852
41 857 43 858
41 868 46 868
41 876 42 878
41 880 46 880
41 893 46 893
41 896 46 896
41 908 46 908
41 912 43 913
41 920 43 921
41 923 43 924
41 933 46 933
41 939 46 939
41 941 46 941
41 952 43 953
41 965 46 965
41 980 42 982
41 990 46 990
42 6 43 8
42 19 43 21
42 25 43 27
42 28 44 29
42 40 47 40
42 48 47 48
42 53 44 54
42 55 44 56
42 57 47 57
42 68 47 68
42 69 47 69
42 73 47 73
42 85 43 87
42 92 44 93
42 96 44 97
42 110 47 110
42 111 44 112
42 115 47 115
42 116 47 116
42 131 47 131
42 134 47 134
42 173 47 173
42 179 47 179
42 180 47 180
42 189 44 190
42 199 47 199
42 211 47 211
42 212 43 214
42 233 47 233
42 247 47 247
42 260 44 261
42 272 44 273
42 277 47 277
42 284 44 285
42 291 47 291
42 296 47 296
42 306 47 306
42 313 47 313
42 324 43 326
42 327 44 328
42 341 44 342
42 345 47 345
42 350 47 350
42 381 47 381
42 392 47 392
42 400 47 400
42 410 47 410
42 416 47 416
42 420 43 422
42 426 47 426
42 428 47 428
42 435 47 435
42 444 47 444
42 445 42 450
42 458 47 458
42 485 47 485
42 516 44 517
42 522 43 524
42 528 44 529
42 531 47 531
42 535 47 535
42 538 44 539
42 540 47 540
42 542 47 542
42 546 43 548
42 556 47 556
42 570 44 571
42 575 47 575
42 634 43 636
42 640 47 640
42 644 44 645
42 648 47 648
42 668 44 669
42 683 47 683
42 719 47 719
42 720 47 720
42 721 47 721
42 730 43 732
42 738 47 738
42 747 47 747
42 761 47 761
42 764 47 764
42 775 47 775
42 776 43 778
42 786 44 787
42 795 43 797
42 801 47 801
42 811 42 816
42 820 47 820
42 828 44 829
42 835 47 835
42 855 47 855
42 869 47 869
42 874 47 874
42 881 47 881
42 903 47 903
42 916 47 916
42 927 47 927
42 932 47 932
42 956 47 956
42 962 43 964
42 971 44 972
42 985 43 987
43 2 48 2
43 5 48 5
43 13 45 14
43 37 48 37
43 44 48 44
43 51 48 51
43 65 48 65
43 66 48 66
43 78 45 79
43 90 48 90
43 95 48 95
43 98 45 99
43 126 48 126
43 136 48 136
43 148 48 148
43 152 44 154
43 156 43 161
43 165 48 165
43 181 43 186
43 193 44 195
43 202 48 202
43 206 48 206
43 218 48 218
43 221 48 221
43 228 45 229
43 238 45 239
43 275 48 275
43 287 48 287
43 290 48 290
43 294 45 295
43 301 48 301
43 305 48 305
43 323 48 323
43 337 48 337
43 358 45 359
43 360 45 361
43 368 48 368
43 371 48 371
43 382 44 384
43 397 45 398
43 423 48 423
43 429 48 429
43 430 45 431
43 432 44 434
43 439 45 440
43 442 48 442
43 445 43 450
43 453 48 453
43 456 48 456
43 465 44 467
43 472 48 472
43 475 48 475
43 505 48 505
43 512 44 514
43 519 48 519
43 525 45 526
43 541 48 541
43 567 44 569
43 580 48 580
43 583 45 584
43 587 44 589
43 593 48 593
43 596 48 596
43 603 48 603
43 605 48 605
43 615 44 617
43 624 48 624
43 641 45 642
43 654 48 654
43 655 44 657
43 661 45 662
43 676 48 676
43 684 48 684
43 687 48 687
43 691 48 691
43 694 45 695
43 698 44 700
43 712 48 712
43 717 48 717
43 722 48 722
43 724 48 724
43 734 48 734
43 742 44 744
43 745 48 745
43 746 48 746
43 753 44 755
43 763 48 763
43 765 45 766
43 783 45 784
43 806 48 806
43 815 48 815
43 823 48 823
43 824 45 825
43 842 48 842
43 845 45 846
43 873 48 873
43 876 48 876
43 877 48 877
43 878 45 879
43 883 48 883
43 884 43 889
43 890 45 891
43 894 48 894
43 901 45 902
43 919 48 919
43 922 48 922
43 935 48 935
43 936 45 937
43 954 45 955
43 958 45 959
43 960 48 960
43 979 48 979
43 982 48 982
43 995 48 995
44 6 46 7
44 12 49 12
44 17 45 19
44 35 49 35
44 41 49 41
44 86 49 86
44 89 49 89
44 91 49 91
44 117 49 117
44 118 49 118
44 132 46 133
44 140 49 140
44 151 49 151
44 156 44 161
44 175 45 177
44 184 49 184
44 197 46 198
44 201 49 201
44 204 46 205
44 207 49 207
44 212 45 214
44 236 46 237
44 243 46 244
44 248 46 249
44 251 45 253
44 256 46 257
44 262 49 262
44 267 46 268
44 279 46 280
44 283 49 283
44 289 49 289
44 302 46 303
44 329 46 330
44 331 45 333
44 347 45 349
44 354 46 355
44 366 49 366
44 369 49 369
44 377 49 377
44 386 49 386
44 387 49 387
44 394 49 394
44 415 49 415
44 437 46 438
44 441 49 441
44 445 45 447
44 448 45 450
44 451 49 451
44 454 46 455
44 461 49 461
44 468 46 469
44 476 49 476
44 493 49 493
44 494 45 496
44 501 46 502
44 506 46 507
44 515 49 515
44 532 46 533
44 547 45 549
44 553 46 554
44 557 49 557
44 560 46 561
44 564 49 564
44 592 49 592
44 601 49 601
44 621 45 623
44 625 44 630
44 634 49 634
44 636 49 636
44 660 49 660
44 679 45 681
44 696 49 696
44 701 46 702
44 726 49 726
44 731 49 731
44 740 46 741
44 751 46 752
44 760 49 760
44 772 45 774
44 776 45 778
44 782 49 782
44 789 49 789
44 791 49 791
44 792 49 792
44 797 46 798
44 810 49 810
44 816 49 816
44 817 46 818
44 830 46 831
44 833 46 834
44 837 46 838
44 847 44 852
44 853 49 853
44 859 49 859
44 863 49 863
44 882 49 882
44 884 44 889
44 906 49 906
44 912 49 912
44 923 49 923
44 924 49 924
44 940 49 940
44 946 49 946
44 950 45 952
44 953 49 953
44 963 49 963
44 966 46 967
44 977 49 977
44 980 49 980
44 983 49 983
44 999 49 999
45 9 50 9
45 26 50 26
45 39 50 39
45 43 50 43
45 50 50 50
45 53 46 55
45 60 47 61
45 63 50 63
45 64 50 64
45 75 47 76
45 80 50 80
45 97 50 97
45 108 47 109
45 112 50 112
45 120 50 120
45 139 50 139
45 149 47 150
45 152 45 157
45 158 46 160
45 166 50 166
45 182 50 182
45 194 47 195
45 210 50 210
45 219 50 219
45 224 50 224
45 230 46 232
45 234 50 234
45 242 50 242
45 263 46 265
45 284 47 285
45 304 50 304
45 320 47 321
45 344 50 344
45 363 50 363
45 364 50 364
45 380 50 380
45 384 50 384
45 393 50 393
45 412 50 412
45 443 50 443
45 459 47 460
45 462 50 462
45 481 47 482
45 483 47 484
45 497 46 499
45 516 47 517
45 534 50 534
45 538 50 538
45 543 50 543
45 568 45 573
45 581 47 582
45 587 50 587
45 595 50 595
45 597 50 597
45 610 50 610
45 612 46 614
45 626 45 631
45 644 47 645
45 652 50 652
45 655 50 655
45 657 50 657
45 663 46 665
45 669 50 669
45 672 47 673
45 675 50 675
45 688 50 688
45 689 50 689
45 693 50 693
45 698 50 698
45 699 47 700
45 706 50 706
45 709 47 710
45 728 50 728
45 730 50 730
45 732 50 732
45 735 46 737
45 739 50 739
45 748 46 750
45 756 46 758
45 770 50 770
45 786 46 788
45 799 50 799
45 800 50 800
45 811 50 811
45 813 50 813
45 819 50 819
45 832 50 832
45 836 50 836
45 841 50 841
45 848 50 848
45 852 50 852
45 856 50 856
45 857 47 858
45 862 50 862
45 864 50 864
45 870 47 871
45 872 50 872
45 884 46 886
45 888 50 888
45 897 50 897
45 905 50 905
45 913 50 913
45 942 50 942
45 969 47 970
45 973 50 973
45 984 50 984
45 988 47 989
45 994 50 994
45 998 50 998
46 17 51 17
46 19 51 19
46 22 51 22
46 25 51 25
46 29 47 31
46 32 51 32
46 36 51 36
46 84 51 84
46 98 47 100
46 101 48 102
46 104 47 106
46 122 47 124
46 129 48 130
46 152 48 153
46 156 48 157
46 161 51 161
46 163 51 163
46 167 48 168
46 170 48 171
46 172 51 172
46 175 51 175
46 213 47 215
46 228 51 228
46 238 48 239
46 252 51 252
46 254 48 255
46 278 51 278
46 281 48 282
46 325 51 325
46 326 51 326
46 327 51 327
46 336 51 336
46 343 51 343
46 346 51 346
46 359 48 360
46 373 47 375
46 391 51 391
46 397 48 398
46 402 51 402
46 404 51 404
46 407 47 409
46 413 51 413
46 417 51 417
46 418 51 418
46 420 47 422
46 430 48 431
46 436 51 436
46 446 48 447
46 448 47 450
46 473 48 474
46 478 47 480
46 486 46 491
46 494 48 495
46 496 51 496
46 520 48 521
46 528 51 528
46 539 51 539
46 545 46 550
46 569 51 569
46 576 48 577
46 583 48 584
46 622 51 622
46 627 47 629
46 638 51 638
46 641 48 642
46 656 51 656
46 658 48 659
46 668 51 668
46 679 47 681
46 697 51 697
46 703 47 705
46 755 51 755
46 765 47 767
46 777 47 779
46 802 48 803
46 824 51 824
46 828 51 828
46 845 48 846
46 861 51 861
46 878 51 878
46 887 51 887
46 890 48 891
46 892 51 892
46 895 51 895
46 898 47 900
46 928 51 928
46 929 51 929
46 934 51 934
46 936 48 937
46 952 51 952
46 955 51 955
46 961 51 961
46 962 51 962
46 964 51 964
46 971 51 971
46 972 51 972
46 986 51 986
46 992 51 992
47 0 52 0
47 3 52 3
47 4 52 4
47 6 48 8
47 11 52 11
47 13 52 13
47 54 48 56
47 58 49 59
47 78 49 79
47 83 52 83
47 92 52 92
47 111 52 111
47 128 52 128
47 160 52 160
47 191 49 192
47 196 48 198
47 200 52 200
47 209 52 209
47 217 52 217
47 248 49 249
47 263 52 263
47 264 52 264
47 268 49 269
47 271 52 271
47 288 52 288
47 292 52 292
47 298 49 299
47 317 52 317
47 340 48 342
47 351 49 352
47 353 49 354
47 357 52 357
47 361 49 362
47 395 49 396
47 403 52 403
47 405 49 406
47 437 48 439
47 445 52 445
47 454 49 455
47 463 49 464
47 469 48 471
47 491 49 492
47 497 48 499
47 500 48 502
47 507 47 512
47 532 49 533
47 545 52 545
47 548 52 548
47 549 47 554
47 558 52 558
47 563 52 563
47 565 52 565
47 566 49 567
47 570 48 572
47 574 52 574
47 588 52 588
47 590 49 591
47 598 49 599
47 611 49 612
47 613 48 615
47 616 49 617
47 620 49 621
47 649 52 649
47 650 52 650
47 711 52 711
47 735 49 736
47 753 52 753
47 757 52 757
47 759 52 759
47 774 52 774
47 781 52 781
47 785 49 786
47 788 52 788
47 795 49 796
47 798 52 798
47 804 52 804
47 809 52 809
47 817 52 817
47 818 52 818
47 821 52 821
47 825 48 827
47 830 52 830
47 837 52 837
47 865 52 865
47 884 48 886
47 896 52 896
47 901 52 901
47 909 52 909
47 915 52 915
47 939 52 939
47 944 52 944
47 950 52 950
47 951 52 951
47 959 52 959
47 967 49 968
47 981 52 981
47 985 52 985
47 990 52 990
48 16 53 16
48 27 49 29
48 40 53 40
48 45 50 46
48 47 53 47
48 53 53 53
48 67 50 68
48 73 49 75
48 82 53 82
48 88 53 88
48 98 49 100
48 105 53 105
48 114 50 115
48 132 50 133
48 145 53 145
48 146 53 146
48 155 53 155
48 158 53 158
48 159 53 159
48 174 53 174
48 179 53 179
48 203 49 205
48 212 49 214
48 216 53 216
48 232 53 232
48 233 53 233
48 235 53 235
48 243 53 243
48 245 50 246
48 247 53 247
48 265 50 266
48 284 49 286
48 315 50 316
48 320 50 321
48 338 53 338
48 345 53 345
48 365 53 365
48 373 53 373
48 374 53 374
48 392 53 392
48 399 49 401
48 408 50 409
48 410 50 411
48 419 49 421
48 424 53 424
48 426 49 428
48 432 53 432
48 448 49 450
48 457 50 458
48 481 53 481
48 482 50 483
48 484 49 486
48 488 50 489
48 508 50 509
48 516 49 518
48 522 50 523
48 527 53 527
48 535 49 537
48 549 53 549
48 554 49 556
48 560 50 561
48 568 53 568
48 573 53 573
48 578 53 578
48 586 53 586
48 606 53 606
48 607 49 609
48 626 50 627
48 629 53 629
48 635 53 635
48 639 50 640
48 643 50 644
48 645 49 647
48 664 53 664
48 670 53 670
48 672 50 673
48 680 53 680
48 692 53 692
48 694 50 695
48 700 48 705
48 710 53 710
48 719 53 719
48 738 53 738
48 748 53 748
48 749 53 749
48 752 53 752
48 764 48 769
48 772 50 773
48 775 48 780
48 783 50 784
48 840 53 840
48 849 49 851
48 870 53 870
48 875 53 875
48 881 53 881
48 898 53 898
48 907 53 907
48 918 53 918
48 927 53 927
48 945 53 945
48 993 53 993
49 1 51 2
49 5 51 6
49 23 54 23
49 48 51 49
49 56 54 56
49 60 50 62
49 129 50 131
49 134 50 136
49 137 51 138
49 141 54 141
49 148 54 148
49 176 54 176
49 189 51 190
49 202 54 202
49 230 51 231
49 236 50 238
49 240 51 241
49 250 54 250
49 254 54 254
49 273 51 274
49 281 51 282
49 300 54 300
49 306 54 306
49 313 54 313
49 330 54 330
49 339 54 339
49 341 54 341
49 381 50 383
49 389 54 389
49 407 54 407
49 422 51 423
49 446 51 447
49 452 51 453
49 456 54 456
49 465 49 470
49 480 54 480
49 501 54 501
49 503 54 503
49 506 51 507
49 519 50 521
49 540 54 540
49 541 51 542
49 544 54 544
49 546 51 547
49 551 54 551
49 562 54 562
49 580 54 580
49 583 50 585
49 600 54 600
49 604 54 604
49 618 51 619
49 624 54 624
49 625 54 625
49 628 54 628
49 666 54 666
49 671 54 671
49 676 54 676
49 682 51 683
49 702 50 704
49 708 51 709
49 712 50 714
49 717 54 717
49 721 51 722
49 724 54 724
49 740 54 740
49 741 54 741
49 742 54 742
49 751 54 751
49 762 49 767
49 769 54 769
49 771 54 771
49 793 54 793
49 806 51 807
49 815 54 815
49 823 54 823
49 825 54 825
49 844 50 846
49 857 51 858
49 866 51 867
49 876 54 876
49 886 54 886
49 889 50 891
49 902 54 902
49 908 54 908
49 911 54 911
49 916 54 916
49 925 51 926
49 933 54 933
49 935 54 935
49 936 50 938
49 948 54 948
49 956 54 956
49 960 54 960
49 979 54 979
49 982 54 982
50 85 52 86
50 90 52 91
50 118 52 119
50 151 51 153
50 168 52 169
50 195 52 196
50 203 51 205
50 207 52 208
50 258 52 259
50 279 52 280
50 284 52 285
50 350 51 352
50 377 51 379
50 385 51 387
50 395 52 396
50 414 52 415
50 427 52 428
50 448 51 450
50 454 52 455
50 465 51 467
50 516 51 518
50 531 51 533
50 591 52 592
50 611 51 613
50 641 52 642
50 645 52 646
50 658 50 663
50 700 52 701
50 733 51 735
50 763 52 764
50 765 51 767
50 775 51 777
50 789 51 791
50 882 52 883
50 903 52 904
50 930 52 931
50 968 52 969
51 8 52 10
51 26 53 27
51 29 53 30
51 33 52 35
51 50 53 51
51 63 51 68
51 77 52 79
51 93 51 98
51 99 51 104
51 113 52 115
51 116 53 117
51 120 51 125
51 129 52 131
51 133 52 135
51 139 53 140
51 142 52 144
51 177 53 178
51 187 53 188
51 197 52 199
51 219 52 221
51 236 53 237
51 255 52 257
51 265 53 266
51 290 53 291
51 307 53 308
51 319 52 321
51 405 53 406
51 411 53 412
51 458 53 459
51 463 53 464
51 492 53 493
51 519 53 520
51 553 53 554
51 556 53 557
51 559 53 560
51 575 52 577
51 582 53 583
51 593 51 598
51 607 52 609
51 616 53 617
51 626 53 627
51 639 53 640
51 643 53 644
51 659 52 661
51 672 52 674
51 684 53 685
51 689 52 691
51 695 53 696
51 703 52 705
51 736 53 737
51 794 53 795
51 799 53 800
51 802 53 803
51 831 53 832
51 834 52 836
51 841 52 843
51 847 52 849
51 852 52 854
51 863 53 864
51 871 53 872
51 888 52 890
51 912 53 913
51 940 52 942
51 998 53 999
52 62 53 64
52 73 53 75
52 93 53 95
52 96 53 98
52 120 54 121
52 149 52 154
52 164 54 165
52 193 54 194
52 210 53 212
52 244 54 245
52 268 53 270
52 275 54 276
52 294 54 295
52 303 54 304
52 322 53 324
52 326 53 328
52 347 54 348
52 354 54 355
52 361 54 362
52 368 54 369
52 381 52 386
52 416 53 418
52 446 52 451
52 452 54 453
52 488 54 489
52 498 53 500
52 504 52 509
52 516 53 518
52 529 53 531
52 533 53 535
52 569 54 570
52 594 53 596
52 597 54 598
52 610 53 612
52 614 54 615
52 620 54 621
52 630 53 632
52 662 54 663
52 681 53 683
52 697 54 698
52 706 54 707
52 727 52 732
52 765 53 767
52 775 54 776
52 782 54 783
52 789 53 791
52 805 53 807
52 812 53 814
52 845 54 846
52 855 53 857
52 860 53 862
52 921 54 922
52 928 54 929
52 952 53 954
52 961 54 962
52 983 54 984
52 995 53 997
53 65 54 67
53 83 54 85
53 133 53 138
53 223 54 225
53 259 53 264
53 282 53 287
53 297 54 299
53 375 54 377
53 382 54 384
53 393 53 398
53 425 53 430
53 504 54 506
53 537 54 539
53 565 54 567
53 574 54 576
53 601 54 603
53 607 54 609
53 677 54 679
53 686 54 688
53 713 54 715
53 796 54 798
53 808 54 810
53 816 53 821
53 834 54 836
53 852 54 854
53 865 54 867
53 887 53 892
53 936 53 941
53 965 53 970
54 25 54 30
54 41 54 46
54 58 54 63
54 69 54 74
54 86 54 91
54 102 54 107
54 131 54 136
54 156 54 161
54 230 54 235
54 237 54 242
54 255 54 260
54 278 54 283
54 287 54 292
54 314 54 319
54 324 54 329
54 398 54 403
54 417 54 422
54 442 54 447
54 459 54 464
54 508 54 513
54 515 54 520
54 524 54 529
54 629 54 634
54 638 54 643
54 718 54 723
54 725 54 730
54 761 54 766
54 799 54 804
54 816 54 821
54 855 54 860
54 870 54 875
54 936 54 941
54 965 54 970
