1435
0 0 0 34
0 35 0 69
0 70 0 104
0 105 0 139
0 140 0 174
0 175 0 209
0 210 0 244
0 245 0 279
0 280 0 314
0 315 0 349
0 350 0 384
0 385 0 419
0 420 0 454
0 455 0 489
0 490 0 524
0 525 0 559
0 560 0 594
0 595 0 629
0 630 0 664
0 665 4 671
0 672 34 672
0 673 34 673
0 674 34 674
1 0 1 34
1 35 7 39
1 40 5 46
1 47 5 53
1 54 1 88
1 89 1 123
1 124 1 158
1 159 1 193
1 194 1 228
1 229 1 263
1 264 1 298
1 299 1 333
1 334 1 368
1 369 1 403
1 404 1 438
1 439 1 473
1 474 1 508
1 509 1 543
1 544 5 550
1 551 5 557
1 558 5 564
1 565 5 571
1 572 1 606
1 607 1 641
1 642 5 648
1 649 5 655
1 656 5 662
1 663 35 663
1 664 35 664
1 675 35 675
2 0 2 34
2 54 6 58
2 61 8 65
2 66 6 72
2 73 6 79
2 80 2 114
2 115 2 149
2 150 2 184
2 185 2 219
2 220 2 254
2 255 2 289
2 290 2 324
2 325 2 359
2 360 2 394
2 395 2 429
2 430 6 436
2 437 6 443
2 444 2 478
2 479 2 513
2 514 6 520
2 521 6 527
2 528 6 534
2 535 6 541
2 542 36 542
2 543 36 543
2 572 2 606
2 607 2 641
3 0 7 6
3 7 7 13
3 14 9 18
3 19 7 25
3 26 7 32
3 33 37 33
3 34 37 34
3 80 3 114
3 115 3 149
3 150 3 184
3 185 3 219
3 220 3 254
3 255 3 289
3 290 3 324
3 325 3 359
3 360 7 366
3 367 3 401
3 402 7 408
3 409 7 415
3 416 7 422
3 423 7 429
3 444 3 478
3 479 3 513
3 572 3 606
3 607 3 641
4 80 4 114
4 115 4 149
4 150 4 184
4 185 10 189
4 190 8 196
4 197 8 203
4 204 8 210
4 211 4 245
4 246 4 280
4 281 4 315
4 316 4 350
4 351 8 357
4 358 38 358
4 359 38 359
4 367 4 401
4 444 4 478
4 479 4 513
4 572 4 606
4 607 4 641
5 80 5 114
5 115 11 119
5 120 5 154
5 156 11 160
5 161 11 165
5 166 11 170
5 171 8 177
5 178 8 184
5 211 5 245
5 246 5 280
5 281 5 315
5 316 5 350
5 367 5 401
5 444 5 478
5 479 5 513
5 572 5 606
5 607 5 641
5 665 9 671
6 41 10 46
6 47 40 47
6 48 12 52
6 53 40 53
6 80 10 86
6 87 10 93
6 94 10 100
6 101 10 107
6 108 10 114
6 120 6 154
6 155 40 155
6 211 6 245
6 246 6 279
6 280 9 287
6 288 6 322
6 323 10 329
6 330 10 336
6 337 10 343
6 344 10 350
6 367 6 401
6 444 6 478
6 479 10 485
6 486 10 492
6 493 10 499
6 500 10 506
6 507 10 513
6 544 6 578
6 579 6 613
6 614 6 648
6 649 10 655
6 656 10 662
7 54 13 58
2 59 18 60
7 66 11 72
7 73 11 79
7 120 7 154
7 211 7 245
7 246 7 279
7 288 7 322
7 367 11 373
7 374 11 380
7 381 41 381
7 382 41 382
7 383 11 389
7 390 11 396
7 397 13 401
7 430 7 464
7 465 11 471
7 472 11 478
7 514 11 520
7 521 11 527
7 528 11 534
7 535 11 541
7 544 7 578
7 579 11 585
7 586 11 592
7 593 7 627
7 628 13 632
7 633 11 639
7 640 13 644
7 645 41 645
7 646 17 648
8 0 14 4
8 5 42 5
8 6 12 12
8 13 42 13
8 19 14 23
8 25 24 26
8 28 14 32
8 35 42 35
8 36 24 37
8 38 42 38
8 39 42 39
8 120 12 126
8 127 42 127
8 128 14 132
8 133 12 139
8 140 12 146
8 147 12 153
8 154 42 154
8 211 8 245
8 246 12 252
8 253 42 253
8 254 42 254
8 255 42 255
8 256 42 256
8 259 42 259
8 260 42 260
8 261 42 261
8 262 12 268
8 269 12 275
8 276 42 276
8 277 42 277
8 278 24 279
8 288 8 322
8 360 12 366
8 402 8 436
8 437 12 443
8 444 12 450
8 451 42 451
8 452 42 452
8 453 14 457
8 458 12 464
8 544 8 578
8 593 8 627
9 61 15 65
9 190 9 224
9 225 13 231
9 232 15 236
9 237 13 243
9 244 43 244
9 245 43 245
9 288 9 322
9 351 13 357
9 407 9 436
9 544 9 578
9 593 9 627
10 14 16 18
11 171 44 171
11 172 44 172
11 173 42 173
9 171 10 184
10 190 13 196
10 197 13 203
10 204 14 210
10 211 14 217
10 218 16 222
10 223 44 223
10 224 44 224
10 280 10 313
10 316 14 321
10 322 44 322
10 407 10 436
10 544 10 578
10 593 10 627
10 665 14 671
6 40 38 40
11 41 45 41
11 42 21 44
11 45 45 45
11 46 45 46
11 80 45 80
11 81 15 87
11 88 15 94
11 95 15 101
11 102 15 108
11 109 45 109
11 110 45 110
11 111 45 111
11 113 45 113
11 114 45 114
11 175 17 179
11 180 45 180
11 181 15 187
11 281 44 281
11 283 45 283
11 284 27 285
11 286 15 292
11 293 15 299
11 300 41 300
11 301 17 305
11 306 17 310
11 311 45 311
10 314 26 315
11 323 15 329
11 330 15 336
11 337 15 343
11 344 15 350
16 402 41 402
9 402 15 406
11 407 15 413
11 414 15 420
11 421 15 427
11 428 15 434
11 435 27 436
11 479 11 513
11 544 11 578
11 593 11 627
11 649 15 655
11 656 15 661
12 27 46 27
12 66 16 72
12 73 16 79
12 115 18 119
12 156 46 156
12 157 46 157
12 158 28 159
12 160 16 166
12 167 46 167
12 168 46 168
12 169 46 169
12 170 46 170
12 258 46 258
12 282 46 282
12 312 46 312
12 367 16 373
12 374 16 380
12 383 16 389
12 390 16 396
12 465 12 499
12 500 12 534
12 535 16 541
12 544 12 578
12 579 12 613
12 614 16 620
12 621 16 627
12 633 16 639
13 6 17 12
13 48 20 51
13 120 17 126
13 133 14 149
13 150 47 150
13 151 47 151
13 152 47 152
13 153 47 153
13 246 17 252
13 257 47 257
13 262 17 268
13 269 17 275
13 360 17 365
13 437 17 442
20 444 47 444
13 443 19 447
13 448 29 449
13 450 47 450
13 458 13 492
13 493 17 499
13 500 47 500
13 501 47 501
13 502 17 508
13 509 19 513
13 514 17 520
13 521 19 525
13 526 19 530
13 531 47 531
13 532 47 532
13 533 47 533
13 534 47 534
13 544 13 578
13 579 13 613
14 54 48 54
14 55 48 55
14 56 44 56
14 58 48 58
14 188 15 203
14 225 18 231
14 237 46 237
14 238 30 239
14 241 39 241
14 242 48 242
14 243 48 243
14 351 18 357
14 397 19 401
14 458 47 458
14 459 18 465
14 466 18 472
14 473 20 477
14 478 18 484
14 485 18 491
14 492 42 492
14 544 14 578
14 579 14 613
14 628 20 632
14 640 20 644
15 0 21 4
15 19 21 23
15 28 21 32
15 57 49 57
15 128 19 134
15 135 49 135
15 136 49 136
15 137 49 137
15 138 49 138
15 139 49 139
15 140 49 140
15 141 49 141
15 142 18 149
15 204 19 210
15 211 19 217
15 316 21 320
15 321 49 321
15 453 21 457
15 544 15 578
15 579 15 613
15 665 19 671
16 61 22 65
16 81 20 87
16 88 20 94
16 95 50 95
16 96 20 102
16 103 22 107
16 108 40 108
16 181 20 187
16 189 32 190
16 191 20 197
16 198 22 202
16 203 50 203
16 232 22 236
16 286 20 292
16 293 22 297
16 298 49 298
16 299 49 299
16 323 50 323
16 324 50 324
16 325 17 341
16 342 47 342
16 343 26 345
16 346 22 350
16 403 20 409
16 410 20 416
16 417 20 423
16 424 20 430
16 431 50 431
16 432 50 432
16 433 50 433
16 434 50 434
16 544 16 578
16 579 16 613
16 649 20 655
16 656 20 661
17 14 23 18
17 66 21 72
17 73 21 79
17 160 21 166
17 218 23 222
17 367 21 373
17 374 21 380
17 383 23 387
17 388 51 388
17 389 51 389
17 390 23 394
17 395 51 395
17 535 21 541
17 544 17 578
17 579 17 613
17 614 23 618
17 620 33 621
17 622 23 626
17 627 41 627
17 633 21 639
18 6 22 12
18 120 24 124
18 125 52 125
18 126 52 126
18 174 24 178
18 179 48 179
18 246 24 250
18 251 45 251
18 252 52 252
18 262 24 266
18 267 52 267
18 268 52 268
18 269 52 269
18 270 52 270
18 271 52 271
18 272 52 272
18 273 52 273
18 274 34 275
18 301 52 301
18 302 22 308
18 309 52 309
18 310 52 310
18 325 52 325
18 326 22 332
18 333 22 339
18 340 52 340
18 360 24 364
13 366 46 366
18 437 52 437
18 439 52 439
18 440 52 440
18 441 52 441
18 442 52 442
18 493 22 499
18 502 22 508
18 514 52 514
18 515 52 515
18 516 24 520
18 544 18 578
18 579 18 613
18 646 52 646
18 647 34 648
19 59 35 60
19 115 25 119
19 142 35 143
19 144 25 148
19 149 50 149
19 225 23 231
19 313 53 313
19 351 23 357
19 459 23 465
19 466 23 472
19 478 23 484
19 485 23 491
19 544 19 578
19 579 19 613
21 48 55 48
21 50 50 50
21 51 47 51
13 52 47 52
20 128 24 134
20 204 24 210
20 211 24 217
20 396 24 401
20 438 54 438
20 443 54 443
20 445 36 446
20 509 26 513
20 521 24 527
20 528 54 528
20 529 54 529
20 530 54 530
20 544 20 578
20 579 20 613
20 665 54 665
20 667 53 667
20 668 30 670
20 671 48 671
21 81 25 87
21 88 25 94
21 96 25 102
21 112 55 112
21 181 24 188
21 191 25 197
21 286 27 290
21 403 27 407
21 408 25 414
21 415 25 421
21 422 27 426
21 427 54 427
21 428 54 428
21 429 54 429
21 430 54 430
21 473 27 477
21 544 21 578
21 579 21 613
21 619 55 619
21 628 27 632
21 640 26 644
21 649 25 655
21 656 25 661
22 0 28 4
22 19 28 23
22 24 56 24
22 28 28 32
22 42 56 42
22 43 56 43
22 66 26 72
22 73 26 79
22 160 26 166
22 316 28 320
22 367 26 373
22 374 26 380
22 453 28 457
22 535 26 541
22 544 26 550
22 551 26 557
22 558 22 592
22 593 26 599
22 600 26 606
22 607 26 613
22 633 26 639
23 6 27 12
23 44 57 44
23 61 29 65
23 103 29 107
23 198 29 202
23 232 29 236
23 291 27 297
23 302 27 308
23 326 27 332
23 333 27 339
23 346 29 350
23 493 27 499
23 502 27 508
23 558 23 592
24 14 30 18
24 49 58 49
24 218 30 222
24 225 28 231
24 351 30 355
24 356 40 357
24 383 30 387
24 390 30 394
24 459 28 465
24 466 28 472
24 478 28 484
24 485 28 491
24 558 24 592
24 614 30 618
24 622 30 626
25 25 56 25
25 26 59 26
25 36 41 37
25 120 31 124
25 128 29 134
25 174 31 178
25 181 28 188
25 204 29 210
25 211 29 217
25 246 31 250
25 262 31 266
25 278 59 278
25 279 59 279
25 360 31 364
25 396 31 400
25 401 58 401
25 516 29 522
25 523 31 527
25 558 25 592
26 81 30 87
26 88 30 94
26 96 30 102
26 115 32 119
26 144 32 148
26 191 30 197
26 408 30 414
26 415 30 421
26 558 26 592
26 649 30 655
26 656 60 656
26 657 32 661
11 662 45 662
27 66 31 72
27 73 31 79
27 160 33 164
27 165 55 165
27 166 55 166
27 314 59 314
27 315 61 315
27 341 61 341
27 344 43 345
27 367 31 373
27 374 31 380
27 509 61 509
27 510 61 510
27 511 61 511
27 512 61 512
27 513 61 513
27 535 31 541
27 544 27 578
27 579 27 613
27 633 33 637
27 638 59 638
27 639 31 644
28 6 32 12
28 284 34 288
28 289 32 294
39 296 65 296
39 297 65 297
28 302 32 308
28 326 32 332
28 333 32 339
28 403 34 407
28 422 34 426
28 435 62 435
28 436 62 436
28 473 61 473
28 474 61 474
28 475 61 475
28 476 44 477
28 493 32 499
28 502 32 508
28 544 28 578
28 579 28 613
28 628 34 632
28 666 62 666
29 0 35 4
29 19 35 23
29 28 35 32
29 158 63 158
29 159 63 159
29 181 33 186
29 187 45 188
29 225 32 231
29 316 35 320
29 447 63 447
29 453 35 457
29 459 33 465
29 466 33 472
29 478 33 484
29 487 63 487
29 488 63 488
29 489 63 489
29 490 63 490
29 491 63 491
29 544 29 578
29 579 29 613
30 61 36 65
30 103 63 103
30 104 63 104
30 105 63 105
30 106 64 106
30 107 64 107
30 128 34 134
30 198 36 202
30 204 63 204
30 205 34 211
30 212 36 216
30 217 64 217
30 232 36 236
30 346 36 350
30 449 64 449
30 516 34 522
30 544 30 578
30 579 30 613
31 14 65 14
31 15 65 15
31 16 47 17
31 18 59 18
31 81 35 87
31 88 35 94
31 96 35 102
31 191 35 197
31 218 37 222
31 238 65 238
31 239 65 239
31 351 37 355
31 383 37 387
31 390 37 394
31 408 35 414
31 415 35 421
31 544 31 578
31 579 31 613
31 614 37 618
31 622 54 622
31 623 65 623
31 624 65 624
31 625 65 625
31 649 35 655
31 668 41 670
32 66 36 72
32 73 36 79
32 120 38 124
32 175 64 175
32 176 64 176
32 177 48 178
32 246 38 250
32 262 38 266
32 343 66 343
32 360 38 364
32 367 36 373
32 374 36 380
32 396 38 400
32 485 48 486
32 523 38 527
32 535 36 541
32 544 32 578
32 579 32 613
32 639 38 643
32 644 66 644
33 6 67 6
33 7 67 7
33 8 67 8
33 9 67 9
33 10 67 10
33 11 67 11
33 12 67 12
33 115 39 119
33 144 39 148
33 190 65 190
33 289 39 293
33 294 59 294
28 295 38 297
33 302 37 308
33 326 37 332
33 333 37 339
33 365 67 365
33 494 67 494
33 495 67 495
33 496 67 496
33 497 67 497
33 498 67 498
33 499 67 499
33 502 37 508
33 544 33 577
34 579 63 579
33 578 33 612
33 613 67 613
33 657 39 661
34 160 40 164
34 174 68 174
34 181 40 185
34 186 62 186
38 225 68 225
33 225 37 231
34 459 38 465
34 466 38 472
34 478 38 484
34 544 34 578
34 580 38 586
34 587 38 593
34 594 68 594
34 595 68 595
34 596 38 602
34 603 38 609
34 610 61 610
34 611 61 611
34 620 58 620
34 633 40 637
35 128 39 134
35 205 38 211
35 274 51 275
35 284 41 288
35 403 41 407
35 422 50 423
35 425 51 426
35 516 39 522
35 544 35 578
35 628 41 632
35 647 69 647
35 648 65 648
35 672 69 672
35 673 69 673
35 674 69 674
36 0 70 0
36 1 70 1
36 2 52 3
36 4 70 4
36 19 42 23
36 28 42 32
36 59 52 60
36 81 40 87
36 88 42 92
36 93 68 93
36 94 66 94
36 96 40 102
36 142 70 142
36 143 60 143
36 191 40 197
36 316 42 320
36 408 40 414
36 415 67 415
36 416 70 416
36 417 70 417
36 418 70 418
36 419 70 419
36 420 70 420
36 421 70 421
36 453 42 457
36 544 36 578
36 649 40 655
36 663 70 663
36 664 63 664
36 675 70 675
37 61 41 67
37 69 41 74
37 75 43 79
37 189 71 189
37 198 43 202
37 213 70 213
37 215 67 215
37 216 67 216
37 232 71 232
37 233 53 234
37 236 60 236
37 280 71 280
37 346 43 350
37 367 41 373
37 374 41 380
37 445 71 445
37 535 37 569
37 570 41 576
37 577 63 577
37 578 63 578
38 33 65 33
38 34 65 34
38 218 44 222
38 226 72 226
38 227 44 231
38 302 42 308
38 326 42 332
38 333 42 339
38 351 44 355
38 383 44 387
38 390 44 394
38 424 72 424
38 502 42 508
38 535 38 569
38 614 67 614
38 615 67 615
38 616 67 616
38 617 72 617
39 120 45 124
39 205 42 212
39 246 45 250
39 262 45 266
39 358 43 364
39 396 45 400
39 459 45 463
39 464 45 468
39 471 68 471
39 472 68 472
39 478 43 484
39 523 45 527
39 535 39 569
39 580 43 586
39 587 43 593
39 596 43 602
39 603 68 603
39 604 68 604
39 605 68 605
39 606 73 606
39 607 73 607
39 608 55 609
39 618 73 618
39 639 45 643
40 115 46 119
40 128 44 134
40 144 46 148
40 214 74 214
40 240 56 241
40 289 46 293
40 469 74 469
40 516 44 522
40 535 40 569
40 657 45 661
39 40 73 40
41 47 74 47
41 53 74 53
41 81 45 87
41 96 45 102
41 155 74 155
41 160 47 164
41 181 47 185
41 191 45 197
41 356 56 357
41 408 45 414
41 535 41 569
41 633 47 637
41 649 45 655
42 36 58 37
42 61 46 67
37 68 67 68
42 69 58 70
42 71 58 72
42 73 74 73
42 74 74 74
42 284 71 284
42 285 52 287
42 288 71 288
42 367 46 373
42 374 46 380
42 381 58 382
42 404 49 407
42 535 42 569
42 570 46 576
42 626 52 628
42 629 58 630
42 631 58 632
42 645 72 645
42 668 53 669
42 670 74 670
43 5 74 5
43 13 74 13
43 19 49 23
43 28 49 32
43 38 58 39
43 88 49 92
43 127 67 127
43 154 67 154
43 205 47 211
43 253 55 254
43 255 58 256
43 259 59 260
43 261 74 261
43 276 59 277
43 302 47 308
43 316 49 320
43 326 47 332
43 333 59 334
43 336 58 337
43 338 58 339
43 451 47 457
43 492 59 493
43 502 47 508
43 535 43 569
44 75 50 79
44 198 50 202
44 244 60 245
44 344 48 350
44 358 48 364
44 478 48 484
44 535 44 569
44 580 48 586
44 587 48 593
44 596 48 602
45 128 49 134
45 171 61 172
43 173 74 173
45 218 51 222
45 223 58 224
45 227 51 231
45 322 72 322
45 351 74 351
45 353 55 355
45 383 51 387
45 390 51 394
45 476 61 477
45 516 49 522
45 535 45 569
46 41 74 41
46 45 61 46
46 80 50 85
46 96 50 102
46 109 60 110
46 113 62 114
46 120 52 124
46 180 74 180
46 187 62 188
46 191 50 197
46 246 62 247
46 250 62 251
46 262 52 266
45 281 71 281
42 300 74 300
46 311 70 311
46 396 52 400
42 402 58 403
46 408 50 414
46 459 50 465
46 523 52 527
46 535 46 569
46 639 52 643
46 649 50 655
46 657 50 662
47 61 51 67
47 115 52 119
47 144 53 148
47 156 59 157
47 167 63 168
47 169 62 170
47 258 74 258
47 282 63 283
47 289 61 290
47 293 74 293
47 368 51 373
47 374 51 380
47 466 57 468
47 535 47 569
47 570 51 576
48 51 64 52
48 150 58 152
48 160 54 164
48 181 54 185
48 205 54 208
48 209 63 210
48 302 54 306
48 307 61 308
48 326 54 330
48 331 62 332
47 366 60 367
48 444 74 444
48 450 52 456
48 457 60 458
48 500 52 506
48 507 63 508
48 531 48 565
48 566 63 567
48 568 64 569
48 633 54 637
49 54 62 55
45 56 74 56
49 58 74 58
49 178 65 179
47 237 73 237
49 242 65 243
49 344 53 350
49 358 53 364
50 404 64 405
49 478 53 484
49 531 49 565
49 580 53 586
49 587 53 593
49 596 53 602
50 19 56 23
50 27 56 31
50 57 74 57
50 87 56 91
50 128 54 134
50 135 54 141
50 316 56 319
50 320 66 321
50 516 54 520
50 531 50 565
51 75 55 81
51 82 57 85
51 95 55 101
41 108 74 108
51 191 55 197
51 198 55 203
50 298 65 299
51 323 67 324
48 342 74 342
51 406 57 410
51 411 67 412
51 413 67 414
51 431 63 432
51 433 63 434
51 459 55 465
51 531 51 565
51 649 55 655
51 657 57 661
52 61 58 65
52 66 68 67
52 218 67 219
52 220 68 221
52 227 58 231
52 274 68 275
52 291 68 292
52 368 56 374
52 375 66 376
52 377 66 378
52 383 55 390
52 394 68 395
51 422 67 423
52 425 68 426
52 485 68 486
52 531 52 565
52 570 56 576
53 2 69 3
53 59 69 60
53 115 57 121
53 122 69 123
53 262 57 268
53 269 59 273
53 285 69 286
53 309 69 310
53 396 69 397
53 398 68 399
53 439 69 440
53 441 69 442
53 450 57 456
53 500 59 503
53 504 67 505
53 514 66 515
53 523 59 527
53 531 59 535
53 536 54 552
53 553 57 559
53 560 59 564
53 639 59 643
54 144 60 148
51 149 74 149
54 233 70 234
54 344 67 345
54 346 60 350
54 358 58 364
54 391 70 392
54 478 58 484
54 580 58 586
54 587 60 591
54 592 70 593
54 596 58 602
51 50 74 50
55 128 59 134
55 137 59 141
55 160 61 164
55 181 61 185
55 205 62 208
55 248 71 249
55 301 70 302
55 303 70 304
55 305 70 306
55 325 61 329
55 516 61 520
50 521 66 522
55 528 70 529
55 536 71 537
55 538 59 544
55 545 59 551
55 621 71 622
55 627 71 628
55 633 61 637
54 667 64 669
49 671 74 671
56 75 60 81
56 95 60 100
56 101 71 102
56 191 60 197
56 252 65 254
56 379 72 380
56 383 59 390
55 427 62 430
56 459 59 465
56 608 72 609
56 649 60 655
57 19 63 23
57 24 71 25
57 27 63 31
57 87 63 91
57 111 73 112
57 198 61 203
57 240 73 241
57 316 70 317
57 318 72 319
57 355 67 357
57 368 61 374
57 570 61 576
58 42 68 44
58 82 74 83
58 84 74 85
46 86 74 86
58 115 62 121
58 262 62 268
58 406 64 410
58 437 74 438
58 450 74 451
58 452 74 453
58 454 74 455
58 467 74 468
58 552 62 558
58 657 64 660
58 661 74 662
59 35 65 39
59 48 74 49
59 64 74 65
59 69 66 72
59 150 66 153
59 222 68 224
59 227 65 231
59 255 69 257
59 335 63 340
59 358 63 364
59 381 71 382
59 401 68 403
59 478 63 484
59 580 63 586
59 596 63 602
59 619 74 620
59 629 74 630
59 631 74 632
57 16 73 17
60 128 64 134
55 135 71 136
60 137 66 141
60 259 74 260
60 269 66 273
60 276 74 277
60 278 74 279
60 294 74 295
60 312 70 314
60 333 74 334
57 352 73 353
60 383 63 390
60 459 63 466
60 492 74 493
60 500 67 503
60 523 66 527
60 530 64 535
60 538 64 544
60 545 66 549
60 559 63 565
60 640 66 643
61 75 65 81
61 95 65 100
61 145 67 148
61 191 65 197
61 235 73 236
61 346 67 350
61 456 71 458
61 587 66 591
61 649 65 654
61 655 74 656
62 61 72 63
62 160 68 164
56 165 72 166
62 183 72 185
62 198 68 202
62 325 68 329
62 368 66 374
62 473 68 477
62 516 68 520
62 570 65 576
62 610 72 612
62 633 68 637
60 638 72 639
62 45 74 46
61 109 74 110
63 113 67 118
63 119 73 121
63 169 73 171
63 186 73 188
63 244 73 246
63 262 67 268
63 330 72 332
63 550 68 554
64 19 74 21
64 26 70 30
60 156 74 157
64 203 70 207
64 208 70 212
62 289 74 290
64 335 68 341
64 362 74 364
61 366 74 367
64 383 67 390
64 428 70 432
64 433 74 435
64 459 74 461
64 462 70 466
64 478 68 484
64 487 69 491
64 507 74 509
64 557 66 567
64 580 74 582
64 583 71 585
64 596 68 602
64 664 74 666
64 103 74 105
65 129 71 133
65 175 74 177
62 307 74 308
65 407 72 410
65 538 69 544
65 657 72 660
65 667 74 669
66 32 70 38
63 54 74 55
66 75 70 81
66 190 69 197
66 227 72 231
66 250 72 254
66 296 73 299
65 404 74 406
66 530 70 535
66 568 68 576
66 648 70 654
67 94 71 100
67 137 73 141
67 269 72 273
67 368 73 372
67 511 73 515
67 521 70 527
67 545 73 549
67 555 71 561
67 562 73 566
67 586 71 591
67 623 74 626
67 640 72 644
68 6 72 12
68 68 74 72
68 113 74 117
68 124 74 128
68 145 74 148
68 215 74 219
68 262 72 268
68 343 72 349
68 355 74 359
68 383 71 389
68 411 74 415
70 494 74 498
70 499 74 505
68 494 69 506
64 577 74 579
68 613 74 616
69 87 73 93
68 150 74 154
69 198 74 202
69 220 73 225
69 323 72 329
69 335 73 341
67 374 73 378
69 398 73 403
69 470 73 476
69 477 73 483
69 567 73 572
69 573 74 576
69 594 73 600
69 601 74 605
69 633 74 637
70 485 74 491
70 538 74 544
69 550 74 554
71 75 74 81
61 143 74 144
70 191 74 197
71 203 73 213
71 310 74 317
71 390 74 397
71 416 74 423
71 516 72 532
72 22 73 38
72 94 74 102
72 280 74 288
71 301 74 306
72 583 74 593
73 262 74 275
73 318 74 332
72 381 74 389
73 518 74 534
73 638 74 654
74 220 74 254
