640
0 0 0 30
0 31 30 31
0 32 30 32
0 33 30 33
0 34 30 34
0 35 30 35
0 36 30 36
0 37 30 37
1 0 1 30
2 0 2 30
3 0 3 30
4 0 4 30
5 0 5 30
6 0 6 30
7 0 37 0
7 1 37 1
7 2 37 2
7 3 37 3
7 4 37 4
7 5 9 14
7 15 37 15
7 16 37 16
7 17 37 17
7 18 11 23
7 24 37 24
7 25 37 25
7 26 37 26
7 27 16 29
7 30 37 30
10 5 40 5
10 6 40 6
10 7 40 7
10 8 40 8
10 9 40 9
10 10 40 10
10 11 40 11
10 12 40 12
10 13 40 13
10 14 40 14
12 18 16 23
17 19 47 19
17 20 47 20
17 21 26 23
17 27 26 29
26 18 56 18
27 21 57 21
27 22 57 22
27 23 57 23
27 27 57 27
27 28 57 28
27 29 57 29
31 31 35 36
31 37 61 37
36 31 66 31
36 32 66 32
36 33 66 33
36 34 66 34
36 35 66 35
36 36 66 36
38 0 68 0
38 1 68 1
38 2 68 2
38 3 68 3
38 4 68 4
38 15 68 15
38 16 68 16
38 17 68 17
38 24 47 26
41 5 71 5
41 6 71 6
41 7 45 12
41 13 71 13
41 14 71 14
42 30 72 30
46 7 50 12
48 19 78 19
48 20 78 20
48 24 57 26
51 7 55 12
56 7 86 7
56 8 86 8
56 9 86 9
56 10 86 10
56 11 86 11
56 12 86 12
57 18 87 18
58 21 88 21
58 22 88 22
58 23 88 23
58 24 88 24
58 25 88 25
65 26 88 26
58 26 64 29
62 37 92 37
65 27 74 29
67 31 97 31
67 32 72 36
69 0 99 0
69 1 99 1
69 2 99 2
69 3 99 3
69 4 99 4
69 15 99 15
69 16 99 16
69 17 96 17
72 5 102 5
72 6 102 6
72 13 102 13
72 14 102 14
73 30 103 30
73 32 78 35
75 27 105 27
75 28 105 28
75 29 105 29
79 19 109 19
79 20 109 20
79 32 109 32
79 33 109 33
79 34 93 35
73 36 103 36
87 7 117 7
87 8 117 8
87 9 117 9
87 10 117 10
87 11 117 11
87 12 117 12
88 18 118 18
89 21 93 26
93 37 123 37
94 21 98 26
94 34 124 34
94 35 124 35
98 31 128 31
99 21 129 21
99 22 129 22
99 23 129 23
99 24 129 24
99 25 129 25
99 26 129 26
100 0 130 0
100 1 130 1
100 2 130 2
100 3 130 3
100 4 130 4
100 15 130 15
100 16 130 16
97 17 127 17
103 5 133 5
103 6 133 6
103 13 133 13
103 14 133 14
104 30 128 30
104 36 134 36
106 27 136 27
106 28 136 28
106 29 136 29
110 19 140 19
110 20 140 20
110 32 140 32
110 33 140 33
118 7 148 7
118 8 148 8
118 9 147 9
118 10 127 12
119 18 149 18
124 37 154 37
125 34 155 34
125 35 155 35
128 10 137 12
128 17 158 17
129 30 143 31
130 21 134 26
131 0 161 0
131 1 140 3
131 4 161 4
131 15 161 15
131 16 161 16
134 5 159 5
134 6 164 6
134 13 164 13
134 14 164 14
135 21 139 26
135 36 165 36
137 27 167 27
137 28 167 28
137 29 167 29
138 11 168 11
138 12 164 12
140 21 144 26
141 2 171 2
141 3 171 3
141 19 155 20
141 32 171 32
141 33 171 33
144 30 174 30
144 31 174 31
145 21 149 26
148 9 162 10
149 7 179 7
149 8 179 8
150 18 180 18
150 21 180 21
150 22 180 22
150 23 180 23
150 24 180 24
150 25 180 25
150 26 180 26
155 1 185 1
155 37 185 37
156 19 170 20
156 34 186 34
156 35 186 35
159 17 189 17
162 0 192 0
162 4 192 4
162 15 192 15
162 16 192 16
163 9 193 9
160 5 190 5
165 6 195 6
175 13 195 13
165 12 174 14
166 36 196 36
168 27 198 27
168 28 198 28
168 29 198 29
169 11 199 11
171 19 201 19
171 20 201 20
172 2 202 2
172 3 202 3
172 32 202 32
172 33 202 33
175 30 205 30
175 31 205 31
179 10 209 10
180 7 210 7
180 8 210 8
180 14 210 14
181 18 211 18
181 21 195 22
181 23 211 23
181 24 190 26
183 12 213 12
186 1 216 1
186 37 216 37
187 34 217 34
187 35 217 35
190 17 220 17
191 5 221 5
191 25 221 25
191 26 214 26
193 0 223 0
193 4 223 4
193 16 223 16
194 9 224 9
196 6 224 6
196 13 226 13
196 21 226 21
196 22 226 22
196 24 226 24
197 15 227 15
197 36 227 36
199 27 229 27
199 28 229 28
199 29 229 29
200 11 230 11
202 19 232 19
202 20 226 20
203 2 233 2
203 3 233 3
203 32 233 32
203 33 233 33
206 30 236 30
206 31 236 31
210 10 239 10
211 7 225 8
211 14 241 14
212 18 242 18
212 23 241 23
214 12 244 12
217 1 247 1
217 37 247 37
218 34 248 34
218 35 248 35
221 17 251 17
222 5 252 5
222 25 252 25
215 26 245 26
224 0 254 0
224 4 254 4
224 16 254 16
225 9 255 9
226 7 240 8
225 6 255 6
227 13 257 13
227 21 257 21
227 22 257 22
227 24 257 24
228 15 258 15
228 36 258 36
230 27 260 27
230 28 260 28
230 29 260 29
231 11 261 11
233 19 263 19
227 20 257 20
234 2 264 2
234 3 264 3
234 32 248 33
237 30 267 30
237 31 267 31
241 7 271 7
241 8 271 8
240 10 270 10
242 14 272 14
243 18 273 18
242 23 269 23
245 12 275 12
246 26 276 26
248 1 278 1
248 37 278 37
249 32 277 32
249 33 277 33
249 34 277 34
249 35 277 35
252 17 282 17
253 25 283 25
255 0 285 0
255 4 285 4
255 16 282 16
256 9 286 9
257 5 287 5
257 6 287 6
258 13 288 13
258 20 267 22
258 24 288 24
259 15 289 15
259 36 289 36
261 27 291 27
261 28 291 28
261 29 291 29
262 11 292 11
264 19 294 19
265 2 295 2
265 3 295 3
268 21 298 21
268 30 298 30
268 31 298 31
269 20 299 20
270 22 284 23
271 10 301 10
272 7 302 7
272 8 302 8
273 14 303 14
274 18 304 18
276 12 306 12
277 26 307 26
279 1 309 1
279 37 309 37
278 32 284 35
283 16 293 17
284 25 314 25
285 22 315 22
285 23 314 23
285 32 294 34
285 35 315 35
286 0 316 0
286 4 316 4
287 9 317 9
288 5 318 5
288 6 318 6
289 13 314 13
289 24 319 24
290 36 320 36
292 27 322 27
292 28 322 28
292 29 322 29
293 11 323 11
294 15 303 17
295 19 325 19
295 32 325 32
295 33 325 33
295 34 325 34
296 2 310 3
299 21 318 21
299 30 313 31
300 20 330 20
302 10 332 10
303 7 333 7
303 8 330 8
304 14 313 16
304 17 334 17
305 18 335 18
308 26 338 26
310 1 340 1
310 37 340 37
311 2 341 2
311 3 341 3
314 14 344 14
314 15 344 15
314 16 344 16
314 30 344 30
314 31 344 31
315 12 329 13
315 25 345 25
315 23 345 23
316 35 346 35
317 0 347 0
317 4 347 4
318 9 348 9
319 5 349 5
319 6 349 6
319 21 333 22
320 24 350 24
321 36 351 36
323 27 353 27
323 28 353 28
323 29 353 29
324 11 354 11
326 19 356 19
326 32 340 33
329 34 359 34
330 12 360 12
330 13 360 13
331 20 361 20
333 10 363 10
334 7 364 7
331 8 361 8
334 21 364 21
334 22 364 22
335 17 365 17
336 18 365 18
339 26 369 26
341 1 371 1
341 32 371 32
341 33 371 33
341 37 371 37
342 2 372 2
342 3 372 3
345 15 375 15
345 30 359 31
346 23 376 23
346 25 376 25
347 35 377 35
348 0 378 0
348 4 377 4
349 9 379 9
349 16 379 16
350 5 377 5
350 6 377 6
350 14 380 14
351 24 376 24
352 36 377 36
354 27 384 27
354 28 384 28
354 29 384 29
355 11 385 11
357 19 387 19
360 30 390 30
360 31 390 31
360 34 390 34
361 12 391 12
361 13 391 13
362 8 392 8
362 20 392 20
364 10 394 10
365 7 395 7
365 21 392 21
365 22 392 22
366 17 380 18
370 26 391 26
372 1 401 1
372 32 402 32
372 33 402 33
372 37 402 37
373 2 403 2
373 3 403 3
376 15 406 15
377 23 407 23
377 24 391 25
378 35 392 36
379 0 409 0
378 4 387 6
380 9 410 9
380 16 410 16
381 14 411 14
381 17 395 18
385 27 415 27
385 28 415 28
385 29 415 29
386 11 416 11
388 6 418 6
388 19 418 19
391 30 421 30
391 31 421 31
391 34 419 34
392 13 422 13
392 24 422 24
392 25 406 26
393 8 423 8
393 20 402 22
393 35 423 35
393 36 423 36
394 4 424 4
395 5 425 5
395 10 425 10
396 7 426 7
396 17 426 17
397 18 427 18
400 12 430 12
402 1 432 1
403 21 433 21
403 22 433 22
403 32 433 32
403 33 433 33
403 37 433 37
404 2 434 2
404 3 434 3
405 20 435 20
407 15 437 15
407 25 437 25
407 26 437 26
408 23 438 23
410 0 440 0
411 9 441 9
411 16 441 16
412 14 442 14
416 27 446 27
416 28 443 28
416 29 446 29
417 11 447 11
419 6 449 6
419 19 449 19
422 30 452 30
422 31 452 31
420 34 450 34
423 13 453 13
423 24 453 24
424 8 454 8
424 35 454 35
424 36 454 36
425 4 455 4
426 5 456 5
426 10 456 10
427 7 457 7
427 17 457 17
428 18 458 18
431 12 461 12
433 1 456 1
434 21 464 21
434 22 464 22
434 32 464 32
434 33 464 33
434 37 464 37
435 2 465 2
435 3 465 3
436 20 466 20
438 15 468 15
438 25 468 25
438 26 468 26
439 23 469 23
442 9 472 9
442 16 472 16
443 14 473 14
447 27 477 27
444 28 474 28
447 29 474 29
448 11 478 11
450 6 480 6
450 19 480 19
451 34 481 34
453 30 483 30
453 31 483 31
454 13 484 13
454 24 484 24
455 8 485 8
455 35 485 35
455 36 485 36
456 4 486 4
457 0 471 1
457 5 487 5
457 10 487 10
458 7 483 7
458 17 488 17
459 18 489 18
462 12 492 12
465 21 495 21
465 22 495 22
465 32 495 32
465 33 495 33
465 37 489 37
466 2 480 3
467 20 497 20
469 15 499 15
469 25 499 25
469 26 499 26
470 23 496 23
472 0 497 0
473 9 503 9
473 16 499 16
474 14 494 14
475 28 489 29
478 27 508 27
479 1 509 1
479 11 509 11
481 3 511 3
481 6 511 6
481 19 500 19
482 2 512 2
482 34 505 34
484 30 514 30
484 31 509 31
485 13 515 13
485 24 513 24
486 8 514 8
486 35 500 36
487 4 517 4
488 5 518 5
488 10 514 10
484 7 514 7
489 17 514 17
490 28 520 28
490 29 520 29
493 12 520 12
496 21 510 22
496 32 509 33
490 37 520 37
498 20 520 20
500 15 514 16
500 25 513 26
501 18 514 19
497 23 520 23
498 0 520 0
495 14 520 14
506 34 520 35
510 31 519 33
514 24 520 27
515 6 520 10
515 15 520 19
