685
0 0 11 0
0 2 11 2
0 3 11 3
0 6 2 9
0 10 5 11
0 13 11 13
0 15 5 16
0 18 2 21
0 23 5 24
0 28 1 33
0 34 0 45
0 46 1 51
0 53 11 53
0 56 1 61
0 63 1 68
0 69 10 69
0 70 10 70
0 71 2 74
0 75 0 86
0 87 2 90
0 91 1 96
0 97 0 108
0 109 0 120
0 121 1 126
0 127 0 138
0 139 0 150
0 152 0 163
0 164 0 175
0 176 0 186
0 188 1 193
0 194 3 196
0 198 0 209
0 210 2 213
0 215 5 216
0 218 11 218
0 220 2 223
0 224 1 229
0 230 0 241
0 242 1 247
0 248 0 259
0 261 3 263
0 264 5 265
0 266 1 271
0 275 2 278
0 281 0 292
0 293 1 298
0 299 11 299
0 302 5 303
0 306 5 307
0 309 2 312
0 313 3 315
0 316 0 327
0 328 3 330
0 333 3 335
0 336 11 336
0 338 1 343
0 344 1 349
0 350 0 361
0 362 0 373
0 374 4 375
0 376 11 376
0 379 5 380
0 381 0 392
0 393 0 404
0 405 1 410
0 411 3 413
0 415 3 417
0 418 3 420
0 424 2 427
0 428 3 430
0 431 5 432
0 433 1 438
0 439 5 440
0 443 11 443
0 445 10 445
0 452 5 453
0 454 11 454
0 455 11 455
0 460 1 465
0 466 2 469
0 474 0 485
0 486 0 497
0 498 1 503
0 504 0 515
0 516 1 521
0 522 5 523
0 524 11 524
0 527 11 527
0 529 5 530
0 532 5 533
0 536 5 537
0 541 5 542
0 544 11 544
0 545 1 550
0 551 1 556
0 557 2 560
0 561 3 563
0 565 1 570
0 571 2 574
0 575 11 575
0 578 1 583
0 584 11 584
0 585 5 586
0 590 11 590
0 592 1 597
0 599 1 604
0 605 11 605
0 608 11 608
0 609 3 611
0 612 3 614
0 617 2 620
0 621 3 623
0 625 0 636
0 637 5 638
0 641 11 641
0 644 0 655
0 657 0 668
0 669 2 672
0 676 11 676
0 677 0 688
0 689 1 694
0 695 0 706
0 709 11 709
0 715 11 715
0 716 5 717
0 718 5 719
0 724 3 726
0 728 10 728
0 736 11 736
0 737 11 737
0 739 1 744
0 746 1 751
0 752 9 752
0 753 5 754
0 756 3 758
0 759 0 770
0 771 11 771
0 772 0 783
0 784 2 787
0 789 5 790
0 791 1 796
0 797 2 800
0 801 1 806
0 807 1 812
0 813 1 818
0 820 2 823
0 826 11 826
0 827 3 829
0 831 1 836
0 837 2 840
0 842 11 842
0 843 1 848
0 849 3 851
0 852 3 854
0 855 0 866
0 870 5 871
0 872 0 883
0 884 0 895
0 896 0 907
0 908 5 909
0 910 0 921
0 922 2 925
0 929 11 929
0 931 0 942
0 943 0 954
0 955 0 966
0 967 0 978
0 979 0 989
0 992 1 997
0 998 5 999
1 34 1 45
1 75 1 86
1 97 2 102
1 103 2 108
1 109 4 111
1 112 11 112
1 114 4 116
1 127 1 138
1 139 1 150
1 154 4 156
1 157 1 168
1 170 1 180
1 181 2 186
0 187 11 187
1 198 4 200
1 203 2 208
1 209 11 209
1 230 2 235
1 236 4 238
1 239 4 241
1 248 5 249
1 251 11 251
1 253 3 256
1 280 4 282
1 283 2 288
1 290 4 292
1 317 6 318
1 319 11 319
1 323 3 326
1 327 10 327
1 351 3 354
1 355 11 355
1 359 2 364
1 365 6 366
1 367 6 368
1 381 1 391
1 394 2 398
1 399 2 404
1 474 6 475
1 477 4 479
1 482 4 484
1 485 1 496
1 504 2 509
1 510 4 512
1 513 4 515
1 624 1 633
1 634 4 636
1 645 2 650
1 652 11 652
1 653 2 658
1 660 2 665
1 667 6 668
1 677 1 688
1 695 1 706
1 759 2 764
1 765 6 766
1 772 1 783
1 855 2 860
1 861 6 862
1 872 3 875
1 878 11 878
1 880 2 885
1 886 3 889
1 891 11 891
1 893 6 894
1 895 4 897
1 898 11 898
1 899 3 902
1 910 1 921
1 933 3 936
1 938 6 939
1 941 1 952
1 953 1 963
1 964 4 966
1 970 2 975
1 976 1 987
1 988 11 988
0 990 5 991
2 4 7 5
2 29 11 29
2 32 4 35
2 36 4 39
2 40 7 41
2 44 4 47
2 60 7 61
2 62 5 64
2 67 7 68
2 75 2 86
2 91 3 96
2 117 3 122
2 123 2 134
2 136 3 141
2 143 11 143
2 146 3 151
2 157 4 160
2 161 3 166
1 169 11 169
2 171 7 172
2 175 5 177
2 188 3 193
2 224 3 229
2 242 3 247
2 266 3 271
2 293 3 298
2 337 3 342
2 344 5 346
2 348 5 350
2 381 2 391
2 405 3 410
2 422 7 423
2 433 3 438
2 458 7 459
2 462 5 464
2 485 4 488
2 489 6 490
2 496 3 501
2 517 5 519
2 520 7 521
2 545 3 550
2 554 11 554
2 556 11 556
2 576 4 579
2 580 4 583
2 599 3 604
2 624 2 633
2 684 2 695
2 696 2 707
2 739 7 740
2 741 4 744
2 746 4 749
2 769 7 770
2 772 2 783
2 791 3 796
2 801 2 812
2 813 3 818
2 833 7 834
2 843 3 848
2 863 5 865
2 903 7 904
2 910 3 915
2 930 7 931
2 942 4 945
2 946 4 949
2 955 3 960
2 961 5 963
2 976 7 977
2 978 7 979
2 981 3 986
2 992 4 995
3 17 4 22
3 55 5 58
3 75 4 80
3 87 5 90
3 98 4 103
3 106 7 107
3 123 5 126
3 127 4 132
3 133 6 135
3 178 8 179
3 183 5 186
3 202 5 205
3 207 8 208
3 210 5 213
3 221 6 223
3 230 4 235
3 285 5 288
3 308 6 310
3 359 8 360
3 363 7 364
3 382 4 387
3 390 8 391
1 392 6 393
3 394 5 397
3 398 6 400
3 401 5 404
3 465 8 466
3 470 5 473
3 492 6 494
3 502 4 507
3 508 8 509
3 559 8 560
3 571 5 574
3 587 6 589
3 591 8 592
3 615 8 616
3 617 5 620
3 626 4 631
3 632 8 633
3 645 8 646
3 653 3 664
3 669 4 674
3 682 3 693
3 694 4 699
3 700 5 703
3 704 6 706
3 759 4 764
3 772 3 783
3 797 5 800
3 801 3 812
3 820 5 823
3 855 8 856
3 866 6 868
3 879 5 882
3 883 6 885
3 922 8 923
3 952 8 953
3 969 5 972
3 973 6 975
4 8 9 9
4 81 9 82
4 91 7 93
4 94 9 95
4 119 6 122
4 136 6 139
4 145 6 148
4 149 8 150
4 161 5 166
4 188 5 193
4 194 6 197
4 224 6 227
4 242 6 245
4 254 9 255
4 258 9 259
4 260 6 263
4 266 5 271
4 272 7 274
4 278 9 279
4 293 5 298
4 304 9 305
4 325 9 326
4 328 9 329
4 330 5 335
4 337 5 342
4 351 6 354
4 405 7 407
4 408 5 413
4 418 9 419
4 425 9 426
4 428 9 429
4 433 6 436
4 447 6 450
4 496 7 498
4 550 9 551
4 552 9 553
4 593 9 594
4 597 6 600
4 601 8 602
4 609 6 612
4 653 5 658
4 677 9 678
4 679 9 680
4 681 4 692
4 721 9 722
4 723 6 726
4 755 6 758
4 772 4 783
4 787 9 788
4 791 5 796
4 805 7 807
4 808 9 809
4 810 5 815
4 817 7 819
4 828 7 830
4 835 9 836
4 843 4 854
4 858 9 859
4 872 9 873
4 874 9 875
4 889 9 890
4 911 7 913
4 915 9 916
4 924 7 926
4 932 5 937
4 958 7 960
4 980 5 985
5 18 7 21
5 32 6 37
5 43 6 48
5 71 10 72
5 73 6 78
5 79 10 80
5 96 6 101
5 113 7 116
5 127 6 132
5 152 6 157
5 158 8 160
5 173 10 174
5 229 7 232
5 281 10 282
5 289 10 290
5 311 6 316
5 321 10 322
5 370 10 371
5 382 10 383
5 385 8 387
5 477 7 480
5 482 10 483
5 484 7 487
5 502 10 503
5 513 8 515
5 545 10 546
5 577 8 579
5 580 10 581
5 582 10 583
5 613 10 614
5 621 5 631
5 648 10 649
5 681 10 682
5 683 5 694
5 695 7 698
5 710 10 711
5 731 10 732
5 741 6 746
5 747 7 750
5 759 6 764
5 772 7 775
5 776 8 778
5 784 10 785
5 801 10 802
5 843 5 854
5 899 10 900
5 918 8 920
5 940 7 943
5 944 7 947
5 992 8 994
5 995 10 996
6 10 9 12
6 15 9 17
6 22 9 24
6 51 11 52
6 54 11 55
6 62 9 64
6 83 11 84
6 123 11 124
6 161 9 163
6 164 11 165
6 175 9 177
6 181 9 183
6 200 7 205
6 210 9 212
6 216 11 217
6 237 8 240
6 246 8 249
6 268 11 269
6 291 8 294
6 296 11 297
6 306 11 307
6 330 8 333
6 337 9 339
6 341 9 343
6 345 7 350
6 356 11 357
5 374 10 375
6 377 8 380
6 401 8 404
6 410 8 413
6 420 11 421
6 430 9 432
6 439 9 441
6 451 9 453
6 460 8 463
6 467 11 468
6 471 11 472
6 504 11 505
6 528 6 539
6 563 6 574
6 606 11 607
6 617 8 620
6 621 11 622
6 625 8 628
6 638 9 640
6 642 9 644
6 654 7 659
6 660 11 661
6 671 11 672
6 683 6 694
6 699 9 701
6 716 8 719
6 753 11 754
6 767 11 768
6 779 11 780
6 789 9 791
6 792 7 797
6 799 11 800
6 820 8 823
6 843 6 854
6 863 9 865
6 880 9 882
6 907 11 908
6 948 9 950
6 955 11 956
6 963 6 972
6 980 11 981
6 989 9 991
6 997 11 998
7 31 9 34
7 36 9 39
7 42 9 45
7 76 10 78
7 86 9 89
7 121 11 122
7 125 7 136
7 137 9 140
7 152 9 155
7 184 10 186
7 222 10 224
7 241 9 244
7 315 10 317
7 351 9 354
7 365 9 368
7 393 8 398
7 473 10 475
7 488 10 490
7 528 8 533
7 534 10 536
7 596 9 599
7 664 8 669
7 683 7 694
7 702 8 707
7 723 10 725
7 733 10 735
7 741 8 746
7 755 9 758
7 760 8 765
7 843 8 848
7 849 8 854
7 867 10 869
7 883 9 886
7 932 10 934
6 961 11 962
7 967 9 970
7 972 10 974
7 982 10 984
8 97 11 99
8 102 9 107
8 125 10 128
8 129 10 132
8 133 10 136
8 188 8 199
8 204 11 206
8 229 11 231
8 234 11 236
8 264 11 266
8 272 11 274
8 310 10 313
8 344 11 346
8 348 11 350
8 361 10 364
8 405 11 407
8 433 10 436
8 446 9 450
8 491 10 494
8 496 10 499
8 516 11 518
8 585 11 587
8 684 10 687
8 692 9 697
8 738 11 740
8 772 10 775
8 781 11 783
8 794 11 796
8 804 10 807
8 815 10 818
8 827 11 829
8 909 10 912
8 942 9 947
8 957 11 959
8 975 11 977
9 4 11 7
9 90 11 93
9 147 11 150
9 156 11 159
9 386 10 391
9 393 10 398
9 457 10 462
9 507 10 512
9 528 11 531
9 600 11 603
9 615 11 618
9 624 11 627
9 703 11 706
9 716 11 719
9 741 11 744
9 837 11 840
9 843 9 854
9 918 11 921
9 937 11 940
9 951 11 954
10 14 10 25
10 32 11 37
10 59 11 64
10 104 11 109
10 175 11 180
10 275 11 280
10 422 10 432
10 437 11 442
10 537 11 542
10 591 11 596
10 688 11 692
10 693 11 698
10 747 11 752
10 830 11 835
10 843 10 854
10 871 11 876
10 943 11 948
11 14 11 25
11 65 11 76
11 125 11 136
11 320 11 331
11 444 11 453
11 481 11 492
11 720 11 731
11 801 11 812
11 843 11 854
11 963 11 974
