686
11 320 11 331
0 504 0 515
4 8 9 9
1 139 1 150
5 621 5 631
0 127 0 138
4 136 6 139
8 125 10 128
9 4 11 7
0 896 0 907
0 433 1 438
2 576 4 579
3 772 3 783
7 760 8 765
0 842 11 842
1 895 4 897
8 446 9 450
0 97 0 108
5 289 10 290
0 393 0 404
10 32 11 37
1 355 11 355
6 617 8 620
0 561 3 563
9 528 11 531
0 28 1 33
2 62 5 64
0 344 1 349
4 304 9 305
7 241 9 244
7 972 10 974
5 776 8 778
4 805 7 807
6 306 11 307
2 293 3 298
4 980 5 985
0 218 11 218
2 91 3 96
3 123 5 126
1 392 6 393
0 784 2 787
5 747 7 750
0 428 3 430
5 73 6 78
8 772 10 775
7 184 10 186
3 230 4 235
4 272 7 274
0 922 2 925
2 32 4 35
3 682 3 693
0 565 1 570
4 293 5 298
7 76 10 78
0 439 5 440
5 695 7 698
0 333 3 335
1 938 6 939
8 738 11 740
1 75 1 86
1 400 3 403
2 458 7 459
1 170 1 180
2 746 4 749
7 932 10 934
1 886 3 889
1 391 11 391
6 753 11 754
6 528 6 539
6 356 11 357
6 997 11 998
10 830 11 835
0 452 5 453
0 772 0 783
2 978 7 979
6 451 9 453
4 593 9 594
0 121 1 126
2 36 4 39
5 229 7 232
1 127 1 138
5 18 7 21
3 952 8 953
9 843 9 854
8 491 10 494
5 113 7 116
10 145 11 150
11 444 11 453
10 747 11 752
0 10 5 11
3 587 6 589
2 741 4 744
6 880 9 882
7 723 10 725
11 963 11 974
0 551 1 556
6 606 11 607
0 0 11 0
0 590 11 590
0 415 3 417
0 15 5 16
1 381 2 386
1 203 2 208
0 752 9 752
6 716 8 719
0 728 10 728
1 976 1 987
0 443 11 443
1 103 2 108
0 3 11 3
1 941 1 952
2 961 5 963
2 4 7 5
8 692 9 697
3 207 8 208
1 230 2 235
0 801 1 806
4 194 6 197
4 958 7 960
7 755 9 758
0 617 2 620
7 528 8 533
6 123 11 124
4 924 7 926
0 242 1 247
1 510 4 512
8 310 10 313
5 648 10 649
4 835 9 836
5 683 5 694
4 91 7 93
4 224 6 227
0 460 1 465
6 439 9 441
2 146 3 151
10 843 10 854
0 544 11 544
1 209 11 209
3 87 5 90
0 943 0 954
0 466 2 469
0 176 0 186
5 545 10 546
0 979 0 989
3 973 6 975
2 903 7 904
2 942 4 945
2 485 4 488
10 59 11 64
11 843 11 854
0 724 3 726
4 433 6 436
0 338 1 343
0 641 11 641
10 943 11 948
6 504 11 505
8 405 11 407
1 198 4 200
0 756 3 758
0 584 11 584
7 849 8 854
0 53 11 53
3 383 5 386
3 801 3 812
5 374 10 375
7 393 8 398
3 17 4 22
2 44 4 47
0 789 5 790
0 299 11 299
7 843 8 848
0 625 0 636
2 772 2 783
0 605 11 605
2 946 4 949
2 136 3 141
3 183 5 186
2 422 7 423
2 157 4 160
5 96 6 101
5 158 8 160
0 87 2 90
0 23 5 24
6 382 9 384
9 937 11 940
1 898 11 898
1 645 2 650
3 559 8 560
6 671 11 672
7 315 10 317
0 990 5 991
0 575 11 575
8 97 11 99
0 718 5 719
4 145 6 148
3 694 4 699
6 799 11 800
6 200 7 205
4 398 5 403
1 482 4 484
6 699 9 701
2 462 5 464
10 437 11 442
2 266 3 271
2 75 2 86
5 759 6 764
0 2 11 2
3 626 4 631
6 237 8 240
0 791 1 796
6 767 11 768
1 765 6 766
2 580 4 583
8 942 9 947
4 428 9 429
6 642 9 644
6 467 11 468
0 849 3 851
7 664 8 669
0 608 11 608
11 14 11 25
2 545 3 550
3 704 6 706
5 613 10 614
1 359 2 364
5 944 7 947
11 481 11 492
2 175 5 177
3 394 5 397
0 152 0 163
6 654 7 659
7 867 10 869
7 42 9 45
7 741 8 746
6 394 6 404
5 477 7 480
8 684 10 687
4 408 5 413
0 224 1 229
1 327 10 327
0 266 1 271
2 739 7 740
0 529 5 530
2 489 7 490
0 350 0 361
0 18 2 21
7 596 9 599
2 992 4 995
0 532 5 533
7 245 8 250
4 94 9 95
5 71 10 72
0 578 1 583
0 445 10 445
3 492 6 494
7 982 10 984
3 178 8 179
6 621 11 622
4 149 9 150
0 188 1 193
0 737 11 737
0 715 11 715
4 260 6 263
4 337 5 342
2 981 3 986
0 644 0 655
3 632 8 633
7 31 9 34
2 242 3 247
2 161 3 166
0 376 11 376
6 843 6 854
5 482 10 483
0 571 2 574
6 291 8 294
6 907 11 908
5 32 6 37
6 330 8 333
0 381 0 392
4 425 9 426
7 534 10 536
2 910 3 915
8 827 11 829
6 164 11 165
1 653 2 658
0 139 0 150
6 961 11 962
1 367 6 368
2 60 7 61
10 377 11 382
3 759 4 764
2 117 3 122
3 617 5 620
8 234 11 236
0 609 3 611
2 171 7 172
8 348 11 350
5 582 10 583
0 855 0 866
8 264 11 266
3 465 8 466
6 430 9 432
4 119 6 122
6 625 8 628
0 230 0 241
3 855 8 856
5 370 10 371
0 736 11 736
6 989 9 991
0 6 2 9
4 161 5 166
2 348 5 350
0 498 1 503
0 837 2 840
8 188 8 199
2 769 7 770
0 261 3 263
1 236 4 238
5 772 7 775
1 759 2 764
0 431 5 432
2 833 7 834
2 517 5 519
8 129 10 132
5 681 10 682
3 797 5 800
11 125 11 136
0 771 11 771
0 967 0 978
7 36 9 39
0 293 1 298
2 143 11 143
4 242 6 245
4 330 5 335
4 858 9 859
4 278 9 279
9 741 11 744
6 296 11 297
6 175 9 177
4 389 9 390
8 433 10 436
2 433 3 438
6 386 11 387
8 272 11 274
0 56 1 61
0 612 3 614
10 175 11 180
4 653 5 658
4 496 7 498
2 188 3 193
5 741 6 746
9 457 10 462
1 248 6 249
4 550 9 551
7 733 10 735
2 123 2 134
3 285 5 288
0 931 0 942
1 290 4 292
4 828 7 830
0 424 2 427
3 75 4 80
2 40 7 41
0 831 1 836
7 365 9 368
11 65 11 76
9 716 11 719
5 152 6 157
5 127 6 132
0 309 2 312
1 772 1 783
7 152 9 155
4 552 9 553
8 975 11 977
2 337 3 342
11 720 11 731
4 679 9 680
9 90 11 93
1 513 4 515
2 955 3 960
4 609 6 612
6 792 7 797
0 313 3 315
0 69 10 69
3 615 8 616
0 753 5 754
1 872 3 875
5 710 10 711
4 817 7 819
0 411 3 413
1 970 2 975
4 266 5 271
3 127 4 132
1 114 4 116
2 556 11 556
7 86 9 89
4 872 9 873
0 827 3 829
1 169 11 169
8 229 11 231
4 81 9 82
3 969 5 972
0 264 5 265
0 486 0 497
7 125 7 136
0 955 0 966
0 536 5 537
1 964 4 966
8 344 11 346
8 957 11 959
4 597 6 600
4 681 4 692
0 759 0 770
3 202 5 205
9 156 11 159
0 585 5 586
6 948 9 950
4 791 5 796
0 826 11 826
3 55 5 58
1 477 4 479
5 843 5 854
5 484 7 487
1 181 2 186
6 683 6 694
10 275 11 280
0 194 3 196
4 810 5 815
3 883 6 885
6 216 11 217
1 251 11 251
4 755 6 758
0 992 1 997
6 337 9 339
2 863 5 865
9 624 11 627
6 54 11 55
0 998 5 999
2 496 3 501
6 460 8 463
5 577 8 579
6 181 9 183
5 79 10 80
3 700 5 703
2 344 5 346
0 455 11 455
10 591 11 596
3 591 8 592
1 239 4 241
10 104 11 109
10 14 10 25
6 51 11 52
0 807 1 812
3 866 6 868
0 541 5 542
0 248 0 259
10 871 11 876
3 653 3 664
5 801 10 802
0 820 2 823
0 929 11 929
8 496 10 499
4 325 9 326
0 328 3 330
5 918 8 920
0 910 0 921
9 393 10 398
0 220 2 223
7 351 9 354
0 516 1 521
0 215 5 216
1 953 1 963
8 516 11 518
0 91 1 96
0 872 0 883
9 615 11 618
0 522 5 523
2 624 2 633
3 645 8 646
9 918 11 921
3 820 5 823
6 161 9 163
6 789 9 791
10 537 11 542
4 723 6 726
0 746 1 751
1 394 2 399
0 657 0 668
2 224 3 229
8 487 10 490
0 198 0 209
8 133 10 136
5 992 8 994
3 508 8 509
6 980 11 981
1 504 2 509
3 879 5 882
3 922 8 923
4 254 9 255
1 910 1 921
0 70 10 70
7 473 10 475
6 410 8 413
1 695 1 706
0 46 1 51
6 210 9 212
7 683 7 694
9 703 11 706
1 855 2 860
0 524 11 524
0 302 5 303
1 634 4 636
6 268 11 269
7 399 8 404
3 502 4 507
1 988 11 988
7 967 9 970
6 420 11 421
1 880 2 885
1 861 6 862
1 660 2 665
2 930 7 931
0 545 1 550
3 359 8 360
0 374 4 375
0 676 11 676
3 308 6 310
2 405 3 410
8 781 11 783
5 899 10 900
6 820 8 823
0 34 0 45
1 112 11 112
3 221 6 223
6 863 9 865
4 932 5 937
1 365 6 366
1 317 6 318
2 843 3 848
0 621 3 623
4 447 6 450
2 976 7 977
8 815 10 818
1 474 6 475
3 106 7 107
7 883 9 886
0 336 11 336
6 660 11 661
0 454 11 454
2 554 11 554
0 797 2 800
0 908 5 909
0 716 5 717
5 173 10 174
9 951 11 954
2 684 2 695
0 164 0 175
4 328 9 329
8 204 11 206
5 580 10 581
0 592 1 597
1 154 4 156
1 933 3 936
0 709 11 709
5 731 10 732
1 319 11 319
1 109 4 111
10 688 11 693
1 157 1 168
10 696 11 701
0 677 0 688
0 405 1 410
4 808 9 809
2 791 3 796
6 471 11 472
6 10 9 12
1 899 3 902
3 98 4 103
6 638 9 640
6 341 9 343
1 387 3 390
6 62 9 64
1 97 2 102
3 210 5 213
6 779 11 780
0 63 1 68
4 874 9 875
0 13 11 13
3 470 5 473
0 870 5 871
0 75 0 86
1 624 1 633
4 915 9 916
0 187 11 187
4 188 5 193
0 843 1 848
0 689 1 694
2 696 2 707
6 22 9 24
7 702 8 707
2 813 3 818
6 955 11 956
6 963 6 972
0 813 1 818
1 893 6 894
4 889 9 890
5 784 10 785
0 71 2 74
1 34 1 45
0 557 2 560
2 520 7 521
3 669 4 674
5 43 6 48
2 801 2 812
5 513 8 515
6 345 7 350
2 67 7 68
4 772 4 783
4 721 9 722
6 83 11 84
6 15 9 17
3 363 8 364
4 418 9 419
0 109 0 120
0 527 11 527
8 909 10 912
4 911 7 913
0 474 0 485
0 418 3 420
0 637 5 638
0 316 0 327
0 669 2 672
5 502 10 503
2 29 11 29
0 362 0 373
0 695 0 706
1 323 3 326
5 995 10 996
1 485 1 496
1 891 11 891
9 359 10 364
0 281 0 292
10 422 10 432
7 222 10 224
3 571 5 574
1 652 11 652
5 281 10 282
1 667 6 668
0 599 1 604
4 258 9 259
8 585 11 587
4 677 9 678
5 321 10 322
0 306 5 307
7 137 9 140
8 794 11 796
1 253 3 256
0 884 0 895
4 405 7 407
0 210 2 213
1 283 2 288
0 852 3 854
4 843 4 854
9 507 10 512
5 311 6 316
0 739 1 744
1 878 11 878
7 121 11 122
9 837 11 840
6 563 6 574
6 377 8 380
8 102 9 107
8 804 10 807
0 379 5 380
5 940 7 943
1 677 1 688
11 801 11 812
3 133 6 135
4 787 9 788
4 351 6 354
1 351 3 354
0 275 2 278
1 280 4 282
2 599 3 604
4 601 9 602
10 598 11 603
