2335
0 0 0 42
0 43 0 85
0 86 42 86
0 87 42 87
0 88 42 88
0 89 42 89
0 90 42 90
0 91 42 91
0 92 42 92
0 93 42 93
0 94 42 94
0 95 42 95
0 96 42 96
0 97 42 97
0 98 42 98
0 99 42 99
0 100 42 100
0 101 42 101
0 102 42 102
0 103 42 103
0 104 42 104
0 105 42 105
0 106 42 106
0 107 42 107
0 108 42 108
0 109 42 109
0 110 42 110
0 111 42 111
0 112 42 112
0 113 42 113
0 114 42 114
0 115 42 115
1 0 1 42
1 43 1 85
2 0 2 42
2 43 2 85
3 0 3 42
3 43 3 85
4 0 4 42
4 43 4 85
5 0 5 42
5 43 5 85
6 0 6 42
6 43 6 85
7 0 7 42
7 43 7 85
8 0 8 42
8 43 8 85
9 0 9 42
9 43 9 85
10 0 10 42
10 43 10 85
11 0 11 42
11 43 11 85
12 0 12 42
12 43 12 85
13 0 13 42
13 43 13 85
14 0 14 42
14 43 14 85
15 0 15 42
15 43 15 85
16 0 16 42
16 43 16 85
17 0 17 42
17 43 17 85
18 0 18 42
18 43 18 85
19 0 19 42
19 43 19 85
20 0 20 42
20 43 20 85
21 0 21 42
21 43 21 85
22 0 22 42
22 43 22 85
23 0 23 42
23 43 65 43
23 44 65 44
23 45 65 45
23 46 65 46
23 47 65 47
23 48 65 48
23 49 65 49
23 50 65 50
23 51 65 51
23 52 65 52
23 53 65 53
23 54 65 54
23 55 65 55
23 56 65 56
23 57 65 57
23 58 65 58
23 59 65 59
23 60 65 60
23 61 65 61
23 62 65 62
23 63 65 63
23 64 65 64
23 65 65 65
23 66 65 66
23 67 65 67
23 68 65 68
23 69 65 69
23 70 65 70
23 71 65 71
23 72 65 72
23 73 65 73
23 74 65 74
23 75 65 75
23 76 65 76
23 77 65 77
23 78 65 78
23 79 65 79
23 80 65 80
23 81 65 81
23 82 65 82
23 83 65 83
23 84 65 84
23 85 65 85
24 0 24 42
25 0 25 42
26 0 26 42
27 0 27 42
28 0 28 42
29 0 29 42
30 0 30 42
31 0 31 42
32 0 32 42
33 0 33 42
34 0 34 42
35 0 35 42
36 0 36 42
37 0 37 42
38 0 38 42
39 0 39 42
40 0 40 42
41 0 41 42
42 0 42 42
43 0 43 42
43 86 85 86
43 87 85 87
43 88 85 88
43 89 85 89
43 90 85 90
43 91 85 91
43 92 85 92
43 93 85 93
43 94 85 94
43 95 85 95
43 96 85 96
43 97 85 97
43 98 85 98
43 99 85 99
43 100 85 100
43 101 85 101
43 102 85 102
43 103 85 103
43 104 85 104
43 105 85 105
43 106 85 106
43 107 85 107
43 108 85 108
43 109 85 109
43 110 85 110
43 111 85 111
43 112 85 112
43 113 85 113
43 114 85 114
43 115 85 115
44 0 44 42
45 0 45 42
46 0 46 42
47 0 47 42
48 0 48 42
49 0 49 42
50 0 50 42
51 0 51 42
52 0 52 42
53 0 53 42
54 0 54 42
55 0 55 42
56 0 56 42
57 0 57 42
58 0 58 42
59 0 59 42
60 0 60 42
61 0 61 42
62 0 62 42
63 0 63 42
64 0 64 42
65 0 65 42
66 0 66 42
66 43 66 85
67 0 67 42
67 43 67 85
68 0 68 42
68 43 68 85
69 0 69 42
69 43 69 85
70 0 70 42
70 43 70 85
71 0 71 42
71 43 71 85
72 0 72 42
72 43 72 85
73 0 73 42
73 43 73 85
74 0 74 42
74 43 74 85
75 0 75 42
75 43 75 85
76 0 76 42
76 43 76 85
77 0 77 42
77 43 77 85
78 0 78 42
78 43 78 85
79 0 79 42
79 43 79 85
80 0 80 42
80 43 80 85
81 0 81 42
81 43 81 85
82 0 82 42
82 43 82 85
83 0 83 42
83 43 83 85
84 0 84 42
84 43 84 85
85 0 85 42
85 43 85 85
86 0 86 42
86 43 86 85
86 86 128 86
86 87 128 87
86 88 128 88
86 89 128 89
86 90 128 90
86 91 128 91
86 92 128 92
86 93 128 93
86 94 128 94
86 95 128 95
86 96 128 96
86 97 128 97
86 98 128 98
86 99 128 99
86 100 128 100
86 101 128 101
86 102 128 102
86 103 128 103
86 104 128 104
86 105 128 105
86 106 128 106
86 107 128 107
86 108 128 108
86 109 128 109
86 110 128 110
86 111 128 111
86 112 128 112
86 113 128 113
86 114 128 114
86 115 128 115
87 0 87 42
87 43 87 85
88 0 88 42
88 43 88 85
89 0 89 42
89 43 89 85
90 0 90 42
90 43 90 85
91 0 91 42
91 43 91 85
92 0 92 42
92 43 92 85
93 0 93 42
93 43 93 85
94 0 94 42
94 43 94 85
95 0 95 42
95 43 95 85
96 0 96 42
96 43 96 85
97 0 97 42
97 43 97 85
98 0 98 42
98 43 98 85
99 0 99 42
99 43 99 85
100 0 100 42
100 43 100 85
101 0 101 42
101 43 101 85
102 0 102 42
102 43 102 85
103 0 103 42
103 43 103 85
104 0 104 42
104 43 104 85
105 0 105 42
105 43 105 85
106 0 106 42
106 43 106 85
107 0 107 42
107 43 107 85
108 0 108 42
108 43 108 85
109 0 109 42
109 43 109 85
110 0 110 42
110 43 110 85
111 0 111 42
111 43 111 85
112 0 112 42
112 43 112 85
113 0 113 42
113 43 113 85
114 0 114 42
114 43 114 85
115 0 115 42
115 43 115 85
116 0 116 42
116 43 116 85
117 0 117 42
117 43 117 85
118 0 118 42
118 43 118 85
119 0 119 42
119 43 119 85
120 0 120 42
120 43 120 85
121 0 121 42
121 43 121 85
122 0 122 42
122 43 122 85
123 0 123 42
123 43 123 85
124 0 124 42
124 43 124 85
125 0 125 42
125 43 125 85
126 0 126 42
126 43 126 85
127 0 127 42
127 43 127 85
128 0 128 42
128 43 128 85
129 0 129 42
129 43 129 85
129 86 171 86
129 87 171 87
129 88 171 88
129 89 171 89
129 90 171 90
129 91 171 91
129 92 171 92
129 93 171 93
129 94 171 94
129 95 171 95
129 96 171 96
129 97 171 97
129 98 171 98
129 99 171 99
129 100 171 100
129 101 171 101
129 102 171 102
129 103 171 103
129 104 171 104
129 105 171 105
129 106 171 106
129 107 171 107
129 108 171 108
129 109 171 109
129 110 171 110
129 111 171 111
129 112 171 112
129 113 171 113
129 114 171 114
129 115 171 115
130 0 130 42
130 43 130 85
131 0 131 42
131 43 131 85
132 0 132 42
132 43 132 85
133 0 133 42
133 43 133 85
134 0 134 42
134 43 134 85
135 0 135 42
135 43 135 85
136 0 136 42
136 43 136 85
137 0 137 42
137 43 137 85
138 0 138 42
138 43 138 85
139 0 139 42
139 43 139 85
140 0 140 42
140 43 140 85
141 0 141 42
141 43 141 85
142 0 142 42
142 43 142 85
143 0 143 42
143 43 143 85
144 0 144 42
144 43 144 85
145 0 145 42
145 43 145 85
146 0 146 42
146 43 146 85
147 0 147 42
147 43 147 85
148 0 148 42
148 43 148 85
149 0 149 42
149 43 149 85
150 0 150 42
150 43 150 85
151 0 151 42
151 43 151 85
152 0 152 42
152 43 152 85
153 0 153 42
153 43 153 85
154 0 154 42
154 43 154 85
155 0 155 42
155 43 155 85
156 0 156 42
156 43 156 85
157 0 157 42
157 43 157 85
158 0 158 42
158 43 158 85
159 0 159 42
159 43 159 85
160 0 160 42
160 43 160 85
161 0 161 42
161 43 161 85
162 0 162 42
162 43 162 85
163 0 163 42
163 43 163 85
164 0 164 42
164 43 164 85
165 0 165 42
165 43 165 85
166 0 166 42
166 43 166 85
167 0 167 42
167 43 167 85
168 0 168 42
168 43 168 85
169 0 169 42
169 43 169 85
170 0 170 42
170 43 170 85
171 0 171 42
171 43 171 85
172 0 172 42
172 43 172 85
172 86 214 86
172 87 214 87
172 88 214 88
172 89 214 89
172 90 214 90
172 91 214 91
172 92 214 92
172 93 214 93
172 94 214 94
172 95 214 95
172 96 214 96
172 97 214 97
172 98 214 98
172 99 214 99
172 100 214 100
172 101 214 101
172 102 214 102
172 103 214 103
172 104 214 104
172 105 214 105
172 106 214 106
172 107 214 107
172 108 214 108
172 109 214 109
172 110 214 110
172 111 214 111
172 112 214 112
172 113 214 113
172 114 214 114
172 115 214 115
173 0 173 42
173 43 173 85
174 0 174 42
174 43 174 85
175 0 175 42
175 43 175 85
176 0 176 42
176 43 176 85
177 0 177 42
177 43 177 85
178 0 178 42
178 43 178 85
179 0 179 42
179 43 179 85
180 0 180 42
180 43 180 85
181 0 181 42
181 43 181 85
182 0 182 42
182 43 182 85
183 0 183 42
183 43 183 85
184 0 184 42
184 43 184 85
185 0 185 42
185 43 185 85
186 0 186 42
186 43 186 85
187 0 187 42
187 43 187 85
188 0 188 42
188 43 188 85
189 0 189 42
189 43 189 85
190 0 190 42
190 43 190 85
191 0 191 42
191 43 191 85
192 0 192 42
192 43 192 85
193 0 193 42
193 43 193 85
194 0 194 42
194 43 194 85
195 0 237 0
195 1 237 1
195 2 237 2
195 3 237 3
195 4 195 46
195 47 237 47
195 48 237 48
195 49 237 49
195 50 237 50
195 51 237 51
195 52 237 52
195 53 237 53
195 54 237 54
195 55 237 55
195 56 237 56
195 57 237 57
195 58 237 58
195 59 237 59
195 60 237 60
195 61 237 61
195 62 237 62
195 63 237 63
195 64 237 64
195 65 237 65
195 66 237 66
195 67 237 67
195 68 237 68
195 69 237 69
195 70 237 70
195 71 237 71
195 72 237 72
195 73 237 73
195 74 237 74
195 75 237 75
195 76 237 76
195 77 237 77
195 78 237 78
195 79 237 79
195 80 237 80
195 81 237 81
195 82 237 82
195 83 237 83
195 84 237 84
195 85 237 85
196 4 196 46
197 4 197 46
198 4 198 46
199 4 199 46
200 4 200 46
201 4 201 46
202 4 202 46
203 4 203 46
204 4 204 46
205 4 205 46
206 4 206 46
207 4 207 46
208 4 208 46
209 4 209 46
210 4 210 46
211 4 211 46
212 4 212 46
213 4 213 46
214 4 214 46
215 4 215 46
215 86 257 86
215 87 257 87
215 88 257 88
215 89 257 89
215 90 257 90
215 91 257 91
215 92 257 92
215 93 257 93
215 94 257 94
215 95 257 95
215 96 257 96
215 97 257 97
215 98 257 98
215 99 257 99
215 100 257 100
215 101 257 101
215 102 257 102
215 103 257 103
215 104 257 104
215 105 257 105
215 106 257 106
215 107 257 107
215 108 257 108
215 109 257 109
215 110 257 110
215 111 257 111
215 112 257 112
215 113 257 113
215 114 257 114
215 115 257 115
216 4 216 46
217 4 217 46
218 4 218 46
219 4 219 46
220 4 220 46
221 4 221 46
222 4 222 46
223 4 223 46
224 4 224 46
225 4 225 46
226 4 226 46
227 4 227 46
228 4 228 46
229 4 229 46
230 4 230 46
231 4 231 46
232 4 232 46
233 4 233 46
234 4 234 46
235 4 235 46
236 4 236 46
237 4 237 46
238 0 238 42
238 43 238 85
239 0 239 42
239 43 239 85
240 0 240 42
240 43 240 85
241 0 241 42
241 43 241 85
242 0 242 42
242 43 242 85
243 0 243 42
243 43 243 85
244 0 244 42
244 43 244 85
245 0 245 42
245 43 245 85
246 0 246 42
246 43 246 85
247 0 247 42
247 43 247 85
248 0 248 42
248 43 248 85
249 0 249 42
249 43 249 85
250 0 250 42
250 43 250 85
251 0 251 42
251 43 293 43
251 44 293 44
251 45 293 45
251 46 293 46
251 47 293 47
251 48 293 48
251 49 293 49
251 50 293 50
251 51 293 51
251 52 293 52
251 53 293 53
251 54 293 54
251 55 293 55
251 56 293 56
251 57 293 57
251 58 293 58
251 59 293 59
251 60 293 60
251 61 293 61
251 62 293 62
251 63 293 63
251 64 293 64
251 65 293 65
251 66 293 66
251 67 293 67
251 68 293 68
251 69 293 69
251 70 293 70
251 71 293 71
251 72 293 72
251 73 293 73
251 74 293 74
251 75 293 75
251 76 293 76
251 77 293 77
251 78 293 78
251 79 293 79
251 80 293 80
251 81 293 81
251 82 293 82
251 83 293 83
251 84 293 84
251 85 293 85
252 0 252 42
253 0 253 42
254 0 254 42
255 0 255 42
256 0 256 42
257 0 257 42
258 0 258 42
258 86 300 86
258 87 300 87
258 88 300 88
258 89 300 89
258 90 300 90
258 91 300 91
258 92 300 92
258 93 300 93
258 94 300 94
258 95 300 95
258 96 300 96
258 97 300 97
258 98 300 98
258 99 300 99
258 100 300 100
258 101 300 101
258 102 300 102
258 103 300 103
258 104 300 104
258 105 300 105
258 106 300 106
258 107 300 107
258 108 300 108
258 109 300 109
258 110 300 110
258 111 300 111
258 112 300 112
258 113 300 113
258 114 300 114
258 115 300 115
259 0 259 42
260 0 260 42
261 0 261 42
262 0 262 42
263 0 263 42
264 0 264 42
265 0 265 42
266 0 266 42
267 0 267 42
268 0 268 42
269 0 269 42
270 0 270 42
271 0 271 42
272 0 272 42
273 0 273 42
274 0 274 42
275 0 275 42
276 0 276 42
277 0 277 42
278 0 278 42
279 0 279 42
280 0 280 42
281 0 281 42
282 0 282 42
283 0 283 42
284 0 284 42
285 0 285 42
286 0 286 42
287 0 287 42
288 0 288 42
289 0 289 42
290 0 290 42
291 0 291 42
292 0 292 42
293 0 293 42
294 0 294 42
294 43 294 85
295 0 295 42
295 43 295 85
296 0 296 42
296 43 296 85
297 0 297 42
297 43 297 85
298 0 298 42
298 43 298 85
299 0 299 42
299 43 299 85
300 0 300 42
300 43 300 85
301 0 301 42
301 43 301 85
301 86 343 86
301 87 343 87
301 88 343 88
301 89 343 89
301 90 343 90
301 91 343 91
301 92 343 92
301 93 343 93
301 94 343 94
301 95 343 95
301 96 343 96
301 97 343 97
301 98 343 98
301 99 343 99
301 100 343 100
301 101 343 101
301 102 343 102
301 103 343 103
301 104 343 104
301 105 343 105
301 106 343 106
301 107 343 107
301 108 343 108
301 109 343 109
301 110 343 110
301 111 343 111
301 112 343 112
301 113 343 113
301 114 343 114
301 115 343 115
302 0 302 42
302 43 302 85
303 0 303 42
303 43 303 85
304 0 304 42
304 43 304 85
305 0 305 42
305 43 305 85
306 0 306 42
306 43 306 85
307 0 307 42
307 43 307 85
308 0 308 42
308 43 308 85
309 0 309 42
309 43 309 85
310 0 310 42
310 43 310 85
311 0 311 42
311 43 311 85
312 0 312 42
312 43 312 85
313 0 313 42
313 43 313 85
314 0 314 42
314 43 314 85
315 0 315 42
315 43 315 85
316 0 316 42
316 43 316 85
317 0 317 42
317 43 317 85
318 0 318 42
318 43 318 85
319 0 319 42
319 43 319 85
320 0 320 42
320 43 320 85
321 0 321 42
321 43 321 85
322 0 322 42
322 43 322 85
323 0 323 42
323 43 323 85
324 0 324 42
324 43 324 85
325 0 325 42
325 43 325 85
326 0 326 42
326 43 326 85
327 0 327 42
327 43 327 85
328 0 328 42
328 43 328 85
329 0 329 42
329 43 329 85
330 0 330 42
330 43 330 85
331 0 331 42
331 43 331 85
332 0 332 42
332 43 332 85
333 0 333 42
333 43 333 85
334 0 334 42
334 43 334 85
335 0 335 42
335 43 335 85
336 0 336 42
336 43 336 85
337 0 337 42
337 43 337 85
338 0 338 42
338 43 338 85
339 0 339 42
339 43 339 85
340 0 340 42
340 43 340 85
341 0 341 42
341 43 341 85
342 0 342 42
342 43 342 85
343 0 343 42
343 43 343 85
344 0 344 42
344 43 344 85
344 86 386 86
344 87 386 87
344 88 386 88
344 89 386 89
344 90 386 90
344 91 386 91
344 92 386 92
344 93 386 93
344 94 386 94
344 95 386 95
344 96 386 96
344 97 386 97
344 98 386 98
344 99 386 99
344 100 386 100
344 101 386 101
344 102 386 102
344 103 386 103
344 104 386 104
344 105 386 105
344 106 386 106
344 107 386 107
344 108 386 108
344 109 386 109
344 110 386 110
344 111 386 111
344 112 386 112
344 113 386 113
344 114 386 114
344 115 386 115
345 0 345 42
345 43 345 85
346 0 346 42
346 43 346 85
347 0 347 42
347 43 347 85
348 0 348 42
348 43 348 85
349 0 349 42
349 43 349 85
350 0 350 42
350 43 350 85
351 0 351 42
351 43 351 85
352 0 352 42
352 43 352 85
353 0 353 42
353 43 353 85
354 0 354 42
354 43 354 85
355 0 355 42
355 43 355 85
356 0 356 42
356 43 356 85
357 0 357 42
357 43 357 85
358 0 358 42
358 43 358 85
359 0 359 42
359 43 359 85
360 0 360 42
360 43 360 85
361 0 361 42
361 43 361 85
362 0 362 42
362 43 362 85
363 0 363 42
363 43 363 85
364 0 364 42
364 43 364 85
365 0 365 42
365 43 365 85
366 0 366 42
366 43 366 85
367 0 367 42
367 43 367 85
368 0 368 42
368 43 368 85
369 0 369 42
369 43 369 85
370 0 370 42
370 43 370 85
371 0 371 42
371 43 413 43
371 44 413 44
371 45 413 45
371 46 413 46
371 47 413 47
371 48 413 48
371 49 413 49
371 50 413 50
371 51 413 51
371 52 413 52
371 53 413 53
371 54 413 54
371 55 413 55
371 56 413 56
371 57 413 57
371 58 413 58
371 59 413 59
371 60 413 60
371 61 413 61
371 62 413 62
371 63 413 63
371 64 413 64
371 65 413 65
371 66 413 66
371 67 413 67
371 68 413 68
371 69 413 69
371 70 413 70
371 71 413 71
371 72 413 72
371 73 413 73
371 74 413 74
371 75 413 75
371 76 413 76
371 77 413 77
371 78 413 78
371 79 413 79
371 80 413 80
371 81 413 81
371 82 413 82
371 83 413 83
371 84 413 84
371 85 413 85
372 0 372 42
373 0 373 42
374 0 374 42
375 0 375 42
376 0 376 42
377 0 377 42
378 0 378 42
379 0 379 42
380 0 380 42
381 0 381 42
382 0 382 42
383 0 383 42
384 0 384 42
385 0 385 42
386 0 386 42
387 0 387 42
387 86 429 86
387 87 429 87
387 88 429 88
387 89 429 89
387 90 429 90
387 91 429 91
387 92 429 92
387 93 429 93
387 94 429 94
387 95 429 95
387 96 429 96
387 97 429 97
387 98 429 98
387 99 429 99
387 100 429 100
387 101 429 101
387 102 429 102
387 103 429 103
387 104 429 104
387 105 429 105
387 106 429 106
387 107 429 107
387 108 429 108
387 109 429 109
387 110 429 110
387 111 429 111
387 112 429 112
387 113 429 113
387 114 429 114
387 115 429 115
388 0 388 42
389 0 389 42
390 0 390 42
391 0 391 42
392 0 392 42
393 0 393 42
394 0 394 42
395 0 395 42
396 0 396 42
397 0 397 42
398 0 398 42
399 0 399 42
400 0 400 42
401 0 401 42
402 0 402 42
403 0 403 42
404 0 404 42
405 0 405 42
406 0 406 42
407 0 407 42
408 0 408 42
409 0 409 42
410 0 410 42
411 0 411 42
412 0 412 42
413 0 413 42
414 0 414 42
414 43 414 85
415 0 415 42
415 43 415 85
416 0 416 42
416 43 416 85
417 0 417 42
417 43 417 85
418 0 418 42
418 43 418 85
419 0 419 42
419 43 419 85
420 0 420 42
420 43 420 85
421 0 421 42
421 43 421 85
422 0 422 42
422 43 422 85
423 0 423 42
423 43 423 85
424 0 424 42
424 43 424 85
425 0 425 42
425 43 425 85
426 0 426 42
426 43 426 85
427 0 427 42
427 43 427 85
428 0 428 42
428 43 428 85
429 0 429 42
429 43 429 85
430 0 430 42
430 43 430 85
430 86 472 86
430 87 472 87
430 88 472 88
430 89 472 89
430 90 472 90
430 91 472 91
430 92 472 92
430 93 472 93
430 94 472 94
430 95 472 95
430 96 472 96
430 97 472 97
430 98 472 98
430 99 472 99
430 100 472 100
430 101 472 101
430 102 472 102
430 103 472 103
430 104 472 104
430 105 472 105
430 106 472 106
430 107 472 107
430 108 472 108
430 109 472 109
430 110 472 110
430 111 472 111
430 112 472 112
430 113 472 113
430 114 472 114
430 115 472 115
431 0 431 42
431 43 431 85
432 0 432 42
432 43 432 85
433 0 433 42
433 43 433 85
434 0 434 42
434 43 434 85
435 0 435 42
435 43 435 85
436 0 436 42
436 43 436 85
437 0 437 42
437 43 437 85
438 0 438 42
438 43 438 85
439 0 439 42
439 43 439 85
440 0 440 42
440 43 440 85
441 0 441 42
441 43 441 85
442 0 442 42
442 43 442 85
443 0 443 42
443 43 443 85
444 0 444 42
444 43 444 85
445 0 445 42
445 43 445 85
446 0 446 42
446 43 446 85
447 0 447 42
447 43 447 85
448 0 448 42
448 43 448 85
449 0 449 42
449 43 449 85
450 0 450 42
450 43 450 85
451 0 451 42
451 43 451 85
452 0 452 42
452 43 452 85
453 0 453 42
453 43 453 85
454 0 454 42
454 43 454 85
455 0 455 42
455 43 455 85
456 0 456 42
456 43 456 85
457 0 457 42
457 43 457 85
458 0 458 42
458 43 458 85
459 0 459 42
459 43 459 85
460 0 460 42
460 43 460 85
461 0 461 42
461 43 461 85
462 0 462 42
462 43 462 85
463 0 463 42
463 43 463 85
464 0 464 42
464 43 464 85
465 0 465 42
465 43 465 85
466 0 466 42
466 43 466 85
467 0 467 42
467 43 467 85
468 0 468 42
468 43 468 85
469 0 469 42
469 43 469 85
470 0 470 42
470 43 470 85
471 0 471 42
471 43 471 85
472 0 472 42
472 43 472 85
473 0 473 42
473 43 473 85
473 86 515 86
473 87 515 87
473 88 515 88
473 89 515 89
473 90 515 90
473 91 515 91
473 92 515 92
473 93 515 93
473 94 515 94
473 95 515 95
473 96 515 96
473 97 515 97
473 98 515 98
473 99 515 99
473 100 515 100
473 101 515 101
473 102 515 102
473 103 515 103
473 104 515 104
473 105 515 105
473 106 515 106
473 107 515 107
473 108 515 108
473 109 515 109
473 110 515 110
473 111 515 111
473 112 515 112
473 113 515 113
473 114 515 114
473 115 515 115
474 0 474 42
474 43 474 85
475 0 475 42
475 43 475 85
476 0 476 42
476 43 476 85
477 0 477 42
477 43 477 85
478 0 478 42
478 43 478 85
479 0 479 42
479 43 479 85
480 0 480 42
480 43 480 85
481 0 481 42
481 43 481 85
482 0 482 42
482 43 482 85
483 0 483 42
483 43 483 85
484 0 484 42
484 43 484 85
485 0 485 42
485 43 485 85
486 0 486 42
486 43 486 85
487 0 487 42
487 43 487 85
488 0 488 42
488 43 488 85
489 0 489 42
489 43 489 85
490 0 490 42
490 43 490 85
491 0 491 42
491 43 491 85
492 0 492 42
492 43 492 85
493 0 493 42
493 43 493 85
494 0 494 42
494 43 494 85
495 0 495 42
495 43 495 85
496 0 496 42
496 43 496 85
497 0 497 42
497 43 497 85
498 0 498 42
498 43 498 85
499 0 499 42
499 43 499 85
500 0 500 42
500 43 500 85
501 0 501 42
501 43 501 85
502 0 502 42
502 43 502 85
503 0 503 42
503 43 503 85
504 0 504 42
504 43 504 85
505 0 505 42
505 43 505 85
506 0 506 42
506 43 506 85
507 0 507 42
507 43 549 43
507 44 549 44
507 45 549 45
507 46 549 46
507 47 549 47
507 48 549 48
507 49 549 49
507 50 549 50
507 51 549 51
507 52 549 52
507 53 549 53
507 54 549 54
507 55 549 55
507 56 549 56
507 57 549 57
507 58 549 58
507 59 549 59
507 60 549 60
507 61 549 61
507 62 549 62
507 63 549 63
507 64 549 64
507 65 549 65
507 66 549 66
507 67 549 67
507 68 549 68
507 69 549 69
507 70 549 70
507 71 549 71
507 72 549 72
507 73 549 73
507 74 549 74
507 75 549 75
507 76 549 76
507 77 549 77
507 78 549 78
507 79 549 79
507 80 549 80
507 81 549 81
507 82 549 82
507 83 549 83
507 84 549 84
507 85 549 85
508 0 508 42
509 0 509 42
510 0 510 42
511 0 511 42
512 0 512 42
513 0 513 42
514 0 514 42
515 0 515 42
516 0 516 42
516 86 558 86
516 87 558 87
516 88 558 88
516 89 558 89
516 90 558 90
516 91 558 91
516 92 558 92
516 93 558 93
516 94 558 94
516 95 558 95
516 96 558 96
516 97 558 97
516 98 558 98
516 99 558 99
516 100 558 100
516 101 558 101
516 102 558 102
516 103 558 103
516 104 558 104
516 105 521 111
516 112 558 112
516 113 558 113
516 114 558 114
516 115 558 115
517 0 517 42
518 0 518 42
519 0 519 42
520 0 520 42
521 0 521 42
522 0 522 42
522 105 564 105
522 106 564 106
522 107 564 107
522 108 564 108
522 109 564 109
522 110 564 110
522 111 564 111
523 0 523 42
524 0 524 42
525 0 525 42
526 0 526 42
527 0 527 42
528 0 528 42
529 0 529 42
530 0 530 42
531 0 531 42
532 0 532 42
533 0 533 42
534 0 534 42
535 0 535 42
536 0 536 42
537 0 537 42
538 0 538 42
539 0 539 42
540 0 540 42
541 0 541 42
542 0 542 42
543 0 543 42
544 0 544 42
545 0 545 42
546 0 546 42
547 0 547 42
548 0 590 0
548 1 590 1
548 2 590 2
548 3 590 3
548 4 590 4
548 5 590 5
548 6 590 6
548 7 590 7
548 8 590 8
548 9 590 9
548 10 590 10
548 11 590 11
548 12 590 12
548 13 590 13
548 14 590 14
548 15 590 15
548 16 590 16
548 17 590 17
548 18 590 18
548 19 590 19
548 20 590 20
548 21 590 21
548 22 590 22
548 23 590 23
548 24 590 24
548 25 590 25
548 26 590 26
548 27 590 27
548 28 590 28
548 29 590 29
548 30 590 30
548 31 590 31
548 32 590 32
548 33 590 33
548 34 590 34
548 35 590 35
548 36 590 36
548 37 590 37
548 38 590 38
548 39 590 39
548 40 590 40
548 41 590 41
548 42 590 42
550 43 550 85
551 43 551 85
552 43 552 85
553 43 553 85
554 43 554 85
555 43 555 85
556 43 556 85
557 43 557 85
558 43 558 85
559 43 559 85
559 86 601 86
559 87 601 87
559 88 601 88
559 89 601 89
559 90 601 90
559 91 601 91
559 92 601 92
559 93 601 93
559 94 601 94
559 95 601 95
559 96 601 96
559 97 601 97
559 98 601 98
559 99 601 99
559 100 601 100
559 101 601 101
559 102 601 102
559 103 601 103
559 104 601 104
559 112 601 112
559 113 601 113
559 114 601 114
559 115 601 115
560 43 560 85
561 43 561 85
562 43 562 85
563 43 563 85
564 43 564 85
565 43 565 85
565 105 607 105
565 106 607 106
565 107 607 107
565 108 607 108
565 109 607 109
565 110 607 110
565 111 607 111
566 43 566 85
567 43 567 85
568 43 568 85
569 43 569 85
570 43 570 85
571 43 571 85
572 43 572 85
573 43 573 85
574 43 574 85
575 43 575 85
576 43 576 85
577 43 577 85
578 43 578 85
579 43 579 85
580 43 580 85
581 43 581 85
582 43 582 85
583 43 583 85
584 43 584 85
585 43 585 85
586 43 586 85
587 43 587 85
588 43 588 85
589 43 589 85
590 43 590 85
591 0 591 42
591 43 591 85
592 0 592 42
592 43 592 85
593 0 593 42
593 43 593 85
594 0 594 42
594 43 594 85
595 0 595 42
595 43 595 85
596 0 596 42
596 43 596 85
597 0 597 42
597 43 597 85
598 0 598 42
598 43 598 85
599 0 599 42
599 43 599 85
600 0 600 42
600 43 600 85
601 0 601 42
601 43 601 85
602 0 602 42
602 43 602 85
602 86 644 86
602 87 644 87
602 88 644 88
602 89 644 89
602 90 644 90
602 91 644 91
602 92 644 92
602 93 644 93
602 94 644 94
602 95 644 95
602 96 644 96
602 97 644 97
602 98 644 98
602 99 644 99
602 100 644 100
602 101 644 101
602 102 644 102
602 103 644 103
602 104 644 104
602 112 644 112
602 113 644 113
602 114 644 114
602 115 644 115
603 0 603 42
603 43 603 85
604 0 604 42
604 43 604 85
605 0 605 42
605 43 605 85
606 0 606 42
606 43 606 85
607 0 607 42
607 43 607 85
608 0 608 42
608 43 608 85
608 105 650 105
608 106 650 106
608 107 650 107
608 108 650 108
608 109 650 109
608 110 650 110
608 111 650 111
609 0 609 42
609 43 609 85
610 0 610 42
610 43 610 85
611 0 611 42
611 43 611 85
612 0 612 42
612 43 612 85
613 0 613 42
613 43 613 85
614 0 614 42
614 43 614 85
615 0 615 42
615 43 615 85
616 0 616 42
616 43 616 85
617 0 617 42
617 43 617 85
618 0 618 42
618 43 618 85
619 0 619 42
619 43 619 85
620 0 620 42
620 43 620 85
621 0 621 42
621 43 621 85
622 0 622 42
622 43 622 85
623 0 623 42
623 43 623 85
624 0 624 42
624 43 624 85
625 0 625 42
625 43 625 85
626 0 626 42
626 43 626 85
627 0 627 42
627 43 627 85
628 0 628 42
628 43 628 85
629 0 629 42
629 43 629 85
630 0 630 42
630 43 630 85
631 0 631 42
631 43 631 85
632 0 632 42
632 43 632 85
633 0 633 42
633 43 633 85
634 0 634 42
634 43 634 85
635 0 635 42
635 43 635 85
636 0 636 42
636 43 636 85
637 0 637 42
637 43 637 85
638 0 638 42
638 43 638 85
639 0 639 42
639 43 639 85
640 0 640 42
640 43 640 85
641 0 641 42
641 43 641 85
642 0 642 42
642 43 642 85
643 0 643 42
643 43 643 85
644 0 644 42
644 43 644 85
645 0 645 42
645 43 645 85
645 86 687 86
645 87 687 87
645 88 687 88
645 89 687 89
645 90 687 90
645 91 687 91
645 92 687 92
645 93 687 93
645 94 687 94
645 95 687 95
645 96 687 96
645 97 687 97
645 98 687 98
645 99 687 99
645 100 687 100
645 101 687 101
645 102 687 102
645 103 687 103
645 104 687 104
645 112 687 112
645 113 687 113
645 114 687 114
645 115 687 115
646 0 646 42
646 43 646 85
647 0 647 42
647 43 647 85
648 0 648 42
648 43 648 85
649 0 649 42
649 43 649 85
650 0 650 42
650 43 650 85
651 0 651 42
651 43 651 85
651 105 693 105
651 106 693 106
651 107 693 107
651 108 693 108
651 109 693 109
651 110 693 110
651 111 693 111
652 0 652 42
652 43 652 85
653 0 653 42
653 43 653 85
654 0 654 42
654 43 654 85
655 0 655 42
655 43 655 85
656 0 656 42
656 43 656 85
657 0 657 42
657 43 657 85
658 0 658 42
658 43 658 85
659 0 659 42
659 43 659 85
660 0 660 42
660 43 660 85
661 0 661 42
661 43 661 85
662 0 662 42
662 43 662 85
663 0 663 42
663 43 663 85
664 0 664 42
664 43 664 85
665 0 665 42
665 43 665 85
666 0 666 42
666 43 666 85
667 0 667 42
667 43 667 85
668 0 668 42
668 43 668 85
669 0 669 42
669 43 669 85
670 0 670 42
670 43 670 85
671 0 671 42
671 43 671 85
672 0 672 42
672 43 672 85
673 0 673 42
673 43 673 85
674 0 674 42
674 43 674 85
675 0 675 42
675 43 675 85
676 0 676 42
676 43 676 85
677 0 677 42
677 43 677 85
678 0 678 42
678 43 678 85
679 0 679 42
679 43 679 85
680 0 680 42
680 43 680 85
681 0 681 42
681 43 681 85
682 0 682 42
682 43 682 85
683 0 683 42
683 43 683 85
684 0 684 42
684 43 684 85
685 0 685 42
685 43 685 85
686 0 686 42
686 43 686 85
687 0 687 42
687 43 687 85
688 0 688 42
688 43 688 85
688 86 730 86
688 87 730 87
688 88 730 88
688 89 730 89
688 90 730 90
688 91 730 91
688 92 730 92
688 93 730 93
688 94 730 94
688 95 730 95
688 96 730 96
688 97 730 97
688 98 730 98
688 99 730 99
688 100 730 100
688 101 730 101
688 102 730 102
688 103 730 103
688 104 730 104
688 112 730 112
688 113 730 113
688 114 730 114
688 115 730 115
689 0 689 42
689 43 689 85
690 0 690 42
690 43 690 85
691 0 691 42
691 43 691 85
692 0 692 42
692 43 692 85
693 0 693 42
693 43 693 85
694 0 694 42
694 43 694 85
694 105 736 105
694 106 736 106
694 107 736 107
694 108 736 108
694 109 736 109
694 110 736 110
694 111 736 111
695 0 695 42
695 43 695 85
696 0 696 42
696 43 696 85
697 0 697 42
697 43 697 85
698 0 698 42
698 43 698 85
699 0 699 42
699 43 699 85
700 0 700 42
700 43 700 85
701 0 701 42
701 43 701 85
702 0 702 42
702 43 702 85
703 0 703 42
703 43 703 85
704 0 704 42
704 43 704 85
705 0 705 42
705 43 705 85
706 0 706 42
706 43 706 85
707 0 707 42
707 43 707 85
708 0 708 42
708 43 708 85
709 0 709 42
709 43 709 85
710 0 710 42
710 43 710 85
711 0 711 42
711 43 711 85
712 0 712 42
712 43 712 85
713 0 713 42
713 43 713 85
714 0 714 42
714 43 714 85
715 0 715 42
715 43 715 85
716 0 716 42
716 43 716 85
717 0 717 42
717 43 717 85
718 0 718 42
718 43 718 85
719 0 719 42
719 43 719 85
720 0 720 42
720 43 720 85
721 0 721 42
721 43 721 85
722 0 722 42
722 43 722 85
723 0 723 42
723 43 723 85
724 0 724 42
724 43 724 85
725 0 725 42
725 43 725 85
726 0 726 42
726 43 726 85
727 0 727 42
727 43 727 85
728 0 728 42
728 43 728 85
729 0 729 42
729 43 729 85
730 0 730 42
730 43 730 85
731 0 731 42
731 43 731 85
731 86 773 86
731 87 773 87
731 88 773 88
731 89 773 89
731 90 773 90
731 91 773 91
731 92 773 92
731 93 773 93
731 94 773 94
731 95 773 95
731 96 773 96
731 97 773 97
731 98 773 98
731 99 773 99
731 100 773 100
731 101 773 101
731 102 773 102
731 103 773 103
731 104 773 104
731 112 773 112
731 113 773 113
731 114 773 114
731 115 773 115
732 0 732 42
732 43 732 85
733 0 733 42
733 43 733 85
734 0 734 42
734 43 734 85
735 0 735 42
735 43 735 85
736 0 736 42
736 43 736 85
737 0 737 42
737 43 737 85
737 105 779 105
737 106 779 106
737 107 779 107
737 108 779 108
737 109 779 109
737 110 779 110
737 111 779 111
738 0 738 42
738 43 738 85
739 0 739 42
739 43 739 85
740 0 740 42
740 43 740 85
741 0 741 42
741 43 741 85
742 0 742 42
742 43 742 85
743 0 743 42
743 43 743 85
744 0 744 42
744 43 744 85
745 0 745 42
745 43 745 85
746 0 746 42
746 43 746 85
747 0 747 42
747 43 747 85
748 0 748 42
748 43 748 85
749 0 749 42
749 43 749 85
750 0 750 42
750 43 750 85
751 0 751 42
751 43 751 85
752 0 752 42
752 43 752 85
753 0 753 42
753 43 753 85
754 0 754 42
754 43 754 85
755 0 755 42
755 43 755 85
756 0 756 42
756 43 756 85
757 0 757 42
757 43 757 85
758 0 758 42
758 43 758 85
759 0 759 42
759 43 759 85
760 0 760 42
760 43 760 85
761 0 761 42
761 43 761 85
762 0 762 42
762 43 762 85
763 0 763 42
763 43 763 85
764 0 764 42
764 43 764 85
765 0 765 42
765 43 765 85
766 0 766 42
766 43 766 85
767 0 767 42
767 43 767 85
768 0 768 42
768 43 768 85
769 0 769 42
769 43 769 85
770 0 770 42
770 43 770 85
771 0 771 42
771 43 771 85
772 0 772 42
772 43 772 85
773 0 773 42
773 43 773 85
774 0 774 42
774 43 774 85
774 86 816 86
774 87 816 87
774 88 816 88
774 89 816 89
774 90 816 90
774 91 816 91
774 92 816 92
774 93 816 93
774 94 816 94
774 95 816 95
774 96 816 96
774 97 816 97
774 98 816 98
774 99 816 99
774 100 816 100
774 101 816 101
774 102 816 102
774 103 816 103
774 104 816 104
774 112 816 112
774 113 816 113
774 114 816 114
774 115 816 115
775 0 775 42
775 43 775 85
776 0 776 42
776 43 776 85
777 0 777 42
777 43 777 85
778 0 778 42
778 43 778 85
779 0 779 42
779 43 779 85
780 0 780 42
780 43 780 85
780 105 822 105
780 106 822 106
780 107 822 107
780 108 822 108
780 109 822 109
780 110 822 110
780 111 822 111
781 0 781 42
781 43 781 85
782 0 782 42
782 43 782 85
783 0 783 42
783 43 783 85
784 0 784 42
784 43 784 85
785 0 785 42
785 43 785 85
786 0 786 42
786 43 786 85
787 0 787 42
787 43 787 85
788 0 788 42
788 43 788 85
789 0 789 42
789 43 789 85
790 0 790 42
790 43 790 85
791 0 791 42
791 43 791 85
792 0 792 42
792 43 792 85
793 0 793 42
793 43 793 85
794 0 794 42
794 43 794 85
795 0 795 42
795 43 795 85
796 0 796 42
796 43 796 85
797 0 797 42
797 43 797 85
798 0 798 42
798 43 798 85
799 0 799 42
799 43 799 85
800 0 800 42
800 43 800 85
801 0 801 42
801 43 801 85
802 0 802 42
802 43 802 85
803 0 803 42
803 43 803 85
804 0 804 42
804 43 804 85
805 0 805 42
805 43 805 85
806 0 806 42
806 43 806 85
807 0 807 42
807 43 807 85
808 0 808 42
808 43 808 85
809 0 809 42
809 43 809 85
810 0 810 42
810 43 810 85
811 0 811 42
811 43 811 85
812 0 812 42
812 43 812 85
813 0 813 42
813 43 813 85
814 0 814 42
814 43 814 85
815 0 815 42
815 43 815 85
816 0 816 42
816 43 816 85
817 0 817 42
817 43 817 85
817 86 859 86
817 87 859 87
817 88 859 88
817 89 859 89
817 90 859 90
817 91 859 91
817 92 859 92
817 93 859 93
817 94 859 94
817 95 859 95
817 96 859 96
817 97 859 97
817 98 859 98
817 99 859 99
817 100 859 100
817 101 859 101
817 102 859 102
817 103 859 103
817 104 859 104
817 112 858 112
817 113 858 113
817 114 858 114
817 115 858 115
818 0 818 42
818 43 818 85
819 0 819 42
819 43 819 85
820 0 820 42
820 43 820 85
821 0 821 42
821 43 821 85
822 0 822 42
822 43 822 85
823 0 823 42
823 43 823 85
823 105 828 111
824 0 824 42
824 43 824 85
825 0 825 42
825 43 825 85
826 0 826 42
826 43 826 85
827 0 827 42
827 43 827 85
828 0 828 42
828 43 828 85
829 0 829 42
829 43 829 85
829 105 834 111
830 0 830 42
830 43 830 85
831 0 831 42
831 43 831 85
832 0 832 42
832 43 832 85
833 0 833 42
833 43 833 85
834 0 834 42
834 43 834 85
835 0 835 42
835 43 835 85
835 105 840 111
836 0 836 42
836 43 836 85
837 0 837 42
837 43 837 85
838 0 838 42
838 43 838 85
839 0 839 42
839 43 839 85
840 0 840 42
840 43 840 85
841 0 841 42
841 43 841 85
841 105 846 111
842 0 842 42
842 43 842 85
843 0 843 42
843 43 843 85
844 0 844 42
844 43 844 85
845 0 845 42
845 43 845 85
846 0 846 42
846 43 846 85
847 0 847 42
847 43 847 85
847 105 852 111
848 0 848 42
848 43 848 85
849 0 849 42
849 43 849 85
850 0 850 42
850 43 850 85
851 0 851 42
851 43 851 85
852 0 852 42
852 43 852 85
853 0 853 42
853 43 853 85
853 105 858 111
854 0 854 42
854 43 854 85
855 0 855 42
855 43 855 85
856 0 856 42
856 43 856 85
857 0 857 42
857 43 857 85
858 0 858 42
858 43 858 85
859 0 859 42
859 43 859 85
859 105 864 110
860 0 860 42
860 43 860 85
860 86 862 96
860 97 864 104
859 111 864 115
861 0 861 42
861 43 861 85
862 0 862 42
862 43 862 85
863 0 863 42
863 43 863 75
863 76 864 96
864 0 864 42
864 43 864 75
