6196
0 0 0 15
0 16 0 31
0 32 0 47
0 48 0 63
0 64 0 79
0 80 0 95
0 96 0 111
0 112 0 127
0 128 1 135
0 136 0 151
0 152 0 167
0 168 0 183
0 184 0 199
0 200 0 215
0 216 0 231
0 232 1 239
0 240 0 255
0 256 0 271
0 272 0 287
0 288 0 303
0 304 0 319
0 320 0 335
0 336 0 351
0 352 0 367
0 368 0 383
0 384 0 399
0 400 0 415
0 416 0 431
0 432 1 439
0 440 15 440
0 441 7 442
1 0 1 15
1 16 1 31
1 32 1 47
1 48 1 63
1 64 4 67
1 68 4 71
1 72 1 87
1 88 1 103
1 104 1 119
1 120 4 123
1 124 4 127
1 136 1 151
1 152 1 167
1 168 1 183
1 184 1 199
1 200 1 215
1 216 1 231
1 240 1 255
1 256 1 271
1 272 1 287
1 288 2 295
1 296 1 311
1 312 1 327
1 328 1 343
1 344 1 359
1 360 1 375
1 376 1 391
1 392 1 407
1 408 1 423
1 424 2 431
2 0 2 15
2 16 2 31
2 32 2 47
2 48 2 63
2 72 3 79
2 80 2 95
2 96 2 111
2 112 3 119
2 128 3 135
2 136 2 151
2 152 2 167
2 168 2 183
2 184 2 199
2 200 2 215
2 216 2 231
2 232 3 239
2 240 5 243
2 244 2 259
2 260 2 275
2 276 3 283
2 284 5 287
2 296 2 311
2 312 2 327
2 328 2 343
2 344 2 359
2 360 2 375
2 376 2 391
2 392 2 407
2 408 2 423
2 432 9 433
2 434 5 437
2 438 9 439
3 0 3 15
3 16 3 31
3 32 3 47
3 48 3 63
3 80 3 95
3 96 3 111
3 136 3 151
3 152 3 167
3 168 3 183
3 184 3 199
3 200 3 215
3 216 3 231
3 244 3 259
3 260 3 275
3 288 3 303
3 304 3 319
3 320 3 335
3 336 3 351
3 352 4 359
3 360 3 375
3 376 4 383
3 384 3 399
3 400 3 415
3 416 3 431
4 0 4 15
4 16 7 19
4 20 11 21
4 22 5 29
4 30 5 37
4 38 5 45
4 46 5 53
4 54 5 61
4 62 11 63
4 72 4 87
4 88 4 103
4 104 4 119
4 128 4 143
4 144 4 159
4 160 4 175
4 176 4 191
4 192 5 199
4 200 5 207
4 208 7 211
4 212 7 215
4 216 5 223
4 224 4 239
4 244 5 251
4 252 5 259
4 260 4 275
4 276 5 283
4 288 4 303
4 304 4 319
4 320 4 335
4 336 4 351
4 360 4 375
4 384 4 399
4 400 4 415
4 416 4 431
5 0 5 15
5 64 5 79
5 80 5 95
5 96 5 111
5 112 5 127
5 128 5 143
5 144 5 159
5 160 5 175
5 176 5 191
5 224 5 239
5 260 5 275
5 288 5 303
5 304 5 319
5 320 5 335
5 336 5 351
5 352 5 367
5 368 5 383
5 384 5 399
5 400 5 415
5 416 5 431
6 0 6 15
6 22 6 37
6 38 6 53
6 54 7 61
6 64 6 79
6 80 6 95
6 96 6 111
6 112 6 127
6 128 6 143
6 144 6 159
6 160 6 175
6 176 6 191
6 192 6 207
6 216 7 223
6 224 6 239
6 240 6 255
6 256 6 271
6 272 6 287
6 288 6 303
6 304 6 319
6 320 6 335
6 336 6 351
6 352 6 367
6 368 6 383
6 384 6 399
6 400 6 415
6 416 6 431
6 434 9 437
7 0 7 15
7 22 7 37
7 38 7 53
7 64 7 79
7 80 7 95
7 96 7 111
7 112 7 127
7 128 7 143
7 144 7 159
7 160 7 175
7 176 7 191
7 192 7 207
7 224 7 239
7 240 7 255
7 256 7 271
7 272 7 287
7 288 7 303
7 304 7 319
7 320 7 335
7 336 7 351
7 352 7 367
7 368 7 383
7 384 7 399
7 400 7 415
7 416 7 431
8 0 8 15
8 16 11 19
8 22 8 37
8 38 9 45
8 46 8 61
8 64 8 79
8 80 8 95
8 96 8 111
8 112 8 127
8 128 8 143
8 144 8 159
8 160 9 167
8 168 9 175
8 176 8 191
8 192 8 207
8 208 8 223
8 224 8 239
8 240 8 255
8 256 8 271
8 272 8 287
8 288 15 289
8 290 9 297
8 298 8 313
8 314 8 329
8 330 8 345
8 346 8 361
8 362 8 377
8 378 8 393
8 394 8 409
8 410 8 425
8 426 11 429
8 430 15 431
8 441 15 442
9 0 9 15
9 22 9 37
9 46 9 61
9 64 9 79
9 80 9 95
9 96 9 111
9 112 10 119
9 120 9 135
9 136 9 151
9 152 10 159
9 176 9 191
9 192 9 207
9 208 9 223
9 224 9 239
9 240 9 255
9 256 9 271
9 272 9 287
9 298 9 313
9 314 9 329
9 330 9 345
9 346 9 361
9 362 9 377
9 378 9 393
9 394 9 409
9 410 9 425
10 0 11 7
10 8 11 15
10 22 10 37
10 38 10 53
10 54 11 61
10 64 10 79
10 80 10 95
10 96 10 111
10 120 10 135
10 136 10 151
10 160 10 175
10 176 10 191
10 192 10 207
10 208 10 223
10 224 10 239
10 240 10 255
10 256 10 271
10 272 10 287
10 290 10 305
10 306 10 321
10 322 10 337
10 338 10 353
10 354 10 369
10 370 10 385
10 386 10 401
10 402 10 417
10 418 11 425
10 432 11 439
11 22 11 37
11 38 11 53
11 64 11 79
11 80 11 95
11 96 11 111
11 112 11 127
11 128 11 143
11 144 11 159
11 160 11 175
11 176 11 191
11 192 11 207
11 208 11 223
11 224 11 239
11 240 11 255
11 256 11 271
11 272 11 287
11 290 11 305
11 306 11 321
11 322 11 337
11 338 11 353
11 354 11 369
11 370 11 385
11 386 11 401
11 402 11 417
12 0 12 15
12 16 12 31
12 32 12 47
12 48 12 63
12 64 12 79
12 80 12 95
12 96 12 111
12 112 12 127
12 128 12 143
12 144 13 151
12 152 15 155
12 156 15 159
12 160 12 175
12 176 12 191
12 192 12 207
12 208 12 223
12 224 12 239
12 240 12 255
12 256 12 271
12 272 12 287
12 290 12 305
12 306 12 321
12 322 12 337
12 338 12 353
12 354 12 369
12 370 12 385
12 386 12 401
12 402 12 417
12 418 13 425
12 426 15 429
12 432 13 439
13 0 13 15
13 16 13 31
13 32 13 47
13 48 13 63
13 64 13 79
13 80 13 95
13 96 13 111
13 112 13 127
13 128 13 143
13 160 13 175
13 176 13 191
13 192 13 207
13 208 14 215
13 216 13 231
13 232 13 247
13 248 13 263
13 264 13 279
13 280 14 287
13 290 13 305
13 306 13 321
13 322 13 337
13 338 13 353
13 354 14 361
13 362 13 377
13 378 13 393
13 394 16 397
13 398 13 413
13 414 20 415
13 416 28 416
13 417 28 417
14 0 14 15
14 16 14 31
14 32 14 47
14 48 14 63
14 64 14 79
14 80 14 95
14 96 14 111
14 112 14 127
14 128 14 143
14 144 15 151
14 160 14 175
14 176 14 191
14 192 15 199
14 200 17 203
14 204 21 205
14 206 21 207
14 216 14 231
14 232 14 247
14 248 17 251
14 252 17 255
14 256 15 263
14 264 15 271
14 272 15 279
14 290 14 305
14 306 17 309
14 310 14 325
14 326 14 341
14 342 15 349
14 350 17 353
14 362 14 377
14 378 14 393
14 398 14 413
14 418 17 421
14 422 17 425
14 432 15 439
15 0 15 15
15 16 15 31
15 32 16 39
15 40 15 55
15 56 15 71
15 72 15 87
15 88 16 95
15 96 15 111
15 112 18 115
15 116 15 131
15 132 16 139
15 140 18 143
15 160 15 175
15 176 15 191
15 208 18 211
15 212 18 215
15 216 18 219
15 220 15 235
15 236 16 243
15 244 18 247
15 280 16 287
15 290 15 305
15 310 15 325
15 326 15 341
15 354 15 369
15 370 15 385
15 386 16 393
15 398 15 413
16 0 16 15
16 16 16 31
16 40 16 55
16 56 16 71
16 72 16 87
16 96 16 111
16 116 16 131
16 144 16 159
16 160 16 175
16 176 16 191
16 192 17 199
16 220 16 235
16 256 16 271
16 272 17 279
16 288 16 303
16 304 23 305
16 310 16 325
16 326 16 341
16 342 17 349
16 354 16 369
16 370 16 385
16 398 16 413
16 426 16 441
16 442 31 442
17 0 20 3
17 4 17 19
17 20 17 35
17 36 17 51
17 52 17 67
17 68 17 83
17 84 17 99
17 100 18 107
17 108 20 111
17 116 17 131
17 132 18 139
17 144 17 159
17 160 17 175
17 176 17 191
17 220 17 235
17 236 18 243
17 256 18 263
17 264 18 271
17 280 17 295
17 296 18 303
17 310 17 325
17 326 17 341
17 354 17 369
17 370 17 385
17 386 17 401
17 402 18 409
17 410 20 413
17 426 17 441
18 4 18 19
18 20 18 35
18 36 18 51
18 52 18 67
18 68 18 83
18 84 18 99
18 116 18 131
18 144 18 159
18 160 18 175
18 176 18 191
18 192 19 199
18 200 21 203
18 220 18 235
18 248 19 255
18 272 18 287
18 288 19 295
18 306 18 321
18 322 18 337
18 338 18 353
18 354 18 369
18 370 18 385
18 386 18 401
18 418 18 433
18 434 19 441
19 4 19 19
19 20 19 35
19 36 19 51
19 52 19 67
19 68 19 83
19 84 19 99
19 100 20 107
19 112 19 127
19 128 19 143
19 144 19 159
19 160 19 175
19 176 19 191
19 208 19 223
19 224 19 239
19 240 20 247
19 256 19 271
19 272 19 287
19 296 20 303
19 306 19 321
19 322 19 337
19 338 19 353
19 354 19 369
19 370 19 385
19 386 19 401
19 402 26 403
19 404 22 407
19 408 26 409
19 418 19 433
20 4 20 19
20 20 20 35
20 36 20 51
20 52 20 67
20 68 20 83
20 84 21 91
20 92 21 99
20 112 20 127
20 128 20 143
20 144 20 159
20 160 20 175
20 176 20 191
20 192 21 199
20 208 20 223
20 224 20 239
20 248 20 263
20 264 20 279
20 280 20 295
20 306 20 321
20 322 20 337
20 338 20 353
20 354 20 369
20 370 20 385
20 386 20 401
20 418 20 433
20 434 21 441
21 0 21 15
21 16 21 31
21 32 21 47
21 48 21 63
21 64 21 79
21 80 24 83
21 100 21 115
21 116 21 131
21 132 21 147
21 148 21 163
21 164 21 179
21 180 22 187
21 188 24 191
21 208 21 223
21 224 21 239
21 240 22 247
21 248 21 263
21 264 21 279
21 280 21 295
21 296 22 303
21 306 21 321
21 322 21 337
21 338 21 353
21 354 21 369
21 370 21 385
21 386 21 401
21 410 24 413
21 414 28 415
21 418 21 433
22 0 22 15
22 16 22 31
22 32 23 39
22 40 22 55
22 56 22 71
22 72 23 79
22 84 22 99
22 100 22 115
22 116 22 131
22 132 22 147
22 148 22 163
22 164 22 179
22 192 22 207
22 208 22 223
22 224 22 239
22 248 22 263
22 264 22 279
22 280 22 295
22 306 22 321
22 322 22 337
22 338 22 353
22 354 22 369
22 370 22 385
22 386 22 401
22 418 22 433
22 434 23 441
23 0 23 15
23 16 23 31
23 40 23 55
23 56 23 71
23 84 23 99
23 100 23 115
23 116 23 131
23 132 24 139
23 140 23 155
23 156 23 171
23 172 23 187
23 192 23 207
23 208 23 223
23 224 23 239
23 240 23 255
23 256 23 271
23 272 23 287
23 288 23 303
23 306 23 321
23 322 23 337
23 338 23 353
23 354 23 369
23 370 23 385
23 386 23 401
23 404 26 407
23 418 23 433
24 0 24 15
24 16 24 31
24 32 24 47
24 48 24 63
24 64 24 79
24 84 25 91
24 92 24 107
24 108 24 123
24 124 25 131
24 140 24 155
24 156 24 171
24 172 24 187
24 192 24 207
24 208 24 223
24 224 24 239
24 240 24 255
24 256 24 271
24 272 24 287
24 288 24 303
24 304 24 319
24 320 25 327
24 328 24 343
24 344 24 359
24 360 24 375
24 376 24 391
24 392 25 399
24 400 31 401
24 418 24 433
24 434 25 441
25 0 25 15
25 16 25 31
25 32 25 47
25 48 25 63
25 64 25 79
25 80 28 83
25 92 25 107
25 108 25 123
25 132 25 147
25 148 25 163
25 164 25 179
25 180 25 195
25 196 25 211
25 212 25 227
25 228 25 243
25 244 25 259
25 260 25 275
25 276 25 291
25 292 25 307
25 308 26 315
25 316 28 319
25 328 25 343
25 344 25 359
25 360 25 375
25 376 25 391
25 410 27 413
25 418 25 433
26 0 26 15
26 16 26 31
26 32 26 47
26 48 26 63
26 64 26 79
26 84 26 99
26 100 26 115
26 116 26 131
26 132 26 147
26 148 26 163
26 164 26 179
26 180 26 195
26 196 26 211
26 212 27 219
26 220 26 235
26 236 26 251
26 252 26 267
26 268 26 283
26 284 26 299
26 300 27 307
26 320 26 335
26 336 26 351
26 352 26 367
26 368 26 383
26 384 26 399
26 418 26 433
26 434 27 441
27 0 28 7
27 8 27 23
27 24 27 39
27 40 27 55
27 56 27 71
27 72 28 79
27 84 27 99
27 100 30 103
27 104 27 119
27 120 27 135
27 136 27 151
27 152 27 167
27 168 27 183
27 184 27 199
27 200 28 207
27 208 30 211
27 220 27 235
27 236 27 251
27 252 27 267
27 268 27 283
27 284 30 287
27 288 30 291
27 292 28 299
27 308 28 315
27 320 27 335
27 336 28 343
27 344 30 347
27 348 28 355
27 356 27 371
27 372 27 387
27 388 28 395
27 396 30 399
27 402 34 403
27 404 34 405
27 406 42 406
27 407 42 407
27 408 42 408
27 418 27 433
28 8 28 23
28 24 28 39
28 40 28 55
28 56 28 71
28 84 31 87
28 88 29 95
28 96 31 99
28 104 28 119
28 120 28 135
28 136 28 151
28 152 28 167
28 168 29 175
28 176 28 191
28 192 31 195
28 196 31 199
28 212 28 227
28 228 28 243
28 244 28 259
28 260 28 275
28 276 29 283
28 300 29 307
28 320 28 335
28 356 28 371
28 372 28 387
28 409 30 413
28 418 28 433
28 434 29 441
29 0 29 15
29 16 29 31
29 32 29 47
29 48 29 63
29 64 29 79
29 80 32 83
29 104 30 111
29 112 29 127
29 128 29 143
29 144 29 159
29 160 30 167
29 176 29 191
29 200 30 207
29 212 29 227
29 228 29 243
29 244 29 259
29 260 29 275
29 292 30 299
29 308 29 323
29 324 29 339
29 340 32 343
29 348 29 363
29 364 29 379
29 380 29 395
29 414 29 429
29 430 32 433
30 0 30 15
30 16 30 31
30 32 30 47
30 48 30 63
30 64 30 79
30 88 31 95
30 112 30 127
30 128 31 135
30 136 30 151
30 152 31 159
30 168 30 183
30 184 31 191
30 212 30 227
30 228 30 243
30 244 30 259
30 260 30 275
30 276 31 283
30 300 30 315
30 316 30 331
30 332 31 339
30 348 30 363
30 364 30 379
30 380 30 395
30 414 30 429
30 434 31 441
31 0 31 15
31 16 31 31
31 32 31 47
31 48 31 63
31 64 31 79
31 100 31 115
31 116 32 123
31 124 34 127
31 136 31 151
31 160 31 175
31 176 32 183
31 200 31 215
31 216 31 231
31 232 32 239
31 240 31 255
31 256 31 271
31 272 34 275
31 284 31 299
31 300 31 315
31 316 31 331
31 344 31 359
31 360 32 367
31 368 34 371
31 372 31 387
31 388 32 395
31 396 34 399
31 409 31 424
31 425 34 428
31 429 46 429
32 0 33 7
32 8 32 23
32 24 32 39
32 40 32 55
32 56 32 71
32 72 33 79
32 84 32 99
32 100 32 115
32 128 32 143
32 144 32 159
32 160 32 175
32 184 32 199
32 200 32 215
32 216 32 231
32 240 32 255
32 256 32 271
32 276 32 291
32 292 32 307
32 308 32 323
32 324 32 339
32 344 32 359
32 372 32 387
32 400 39 401
32 409 32 424
32 434 33 441
32 442 43 442
33 8 33 23
33 24 33 39
33 40 34 47
33 48 33 63
33 64 36 67
33 68 36 71
33 80 33 95
33 96 33 111
33 112 34 119
33 120 36 123
33 128 33 143
33 144 33 159
33 160 33 175
33 176 33 191
33 192 33 207
33 208 33 223
33 224 33 239
33 240 33 255
33 256 33 271
33 276 33 291
33 292 33 307
33 308 33 323
33 324 33 339
33 340 33 355
33 356 34 363
33 364 36 367
33 372 34 379
33 380 33 395
33 409 33 424
33 430 36 433
34 0 34 15
34 16 34 31
34 32 35 39
34 48 34 63
34 72 34 87
34 88 34 103
34 104 35 111
34 128 34 143
34 144 34 159
34 160 34 175
34 176 34 191
34 192 34 207
34 208 34 223
34 224 34 239
34 240 34 255
34 256 34 271
34 276 35 283
34 284 34 299
34 300 37 303
34 304 34 319
34 320 34 335
34 336 34 351
34 352 37 355
34 380 34 395
34 409 34 424
34 434 35 441
35 0 35 15
35 16 35 31
35 40 35 55
35 56 36 63
35 72 35 87
35 88 35 103
35 112 36 119
35 124 35 139
35 140 35 155
35 156 35 171
35 172 35 187
35 188 35 203
35 204 36 211
35 212 35 227
35 228 35 243
35 244 35 259
35 260 35 275
35 284 35 299
35 304 35 319
35 320 36 327
35 328 35 343
35 344 36 351
35 356 36 363
35 368 35 383
35 384 35 399
35 402 38 405
35 409 35 424
35 425 38 428
36 0 39 3
36 4 36 19
36 20 36 35
36 36 36 51
36 52 39 55
36 72 36 87
36 88 36 103
36 104 43 105
36 106 39 109
36 110 43 111
36 124 36 139
36 140 36 155
36 156 36 171
36 172 36 187
36 188 36 203
36 212 36 227
36 228 37 235
36 236 36 251
36 252 36 267
36 268 37 275
36 276 37 283
36 284 36 299
36 304 36 319
36 328 36 343
36 368 36 383
36 384 36 399
36 409 36 424
36 434 37 441
37 4 37 19
37 20 37 35
37 36 37 51
37 56 37 71
37 72 37 87
37 88 37 103
37 112 37 127
37 128 37 143
37 144 37 159
37 160 37 175
37 176 37 191
37 192 37 207
37 208 38 215
37 216 38 223
37 224 40 227
37 236 37 251
37 252 37 267
37 284 37 299
37 304 38 311
37 312 37 327
37 328 37 343
37 344 38 351
37 356 37 371
37 372 37 387
37 388 38 395
37 396 40 399
37 409 38 416
37 417 38 424
37 430 40 433
38 4 38 19
38 20 38 35
38 36 38 51
38 56 38 71
38 72 38 87
38 88 38 103
38 112 38 127
38 128 38 143
38 144 38 159
38 160 38 175
38 176 38 191
38 192 38 207
38 228 38 243
38 244 38 259
38 260 38 275
38 276 38 291
38 292 39 299
38 300 41 303
38 312 38 327
38 328 38 343
38 352 38 367
38 368 38 383
38 384 41 387
38 434 39 441
39 4 39 19
39 20 39 35
39 36 39 51
39 56 39 71
39 72 39 87
39 88 39 103
39 112 39 127
39 128 39 143
39 144 39 159
39 160 39 175
39 176 39 191
39 192 40 199
39 200 40 207
39 208 39 223
39 228 39 243
39 244 39 259
39 260 39 275
39 276 39 291
39 304 39 319
39 320 39 335
39 336 40 343
39 344 39 359
39 360 39 375
39 376 40 383
39 388 40 395
39 402 42 405
39 409 39 424
39 425 42 428
40 0 40 15
40 16 40 31
40 32 40 47
40 48 40 63
40 64 40 79
40 80 40 95
40 96 41 103
40 106 43 109
40 112 40 127
40 128 40 143
40 144 40 159
40 160 40 175
40 176 40 191
40 208 40 223
40 228 40 243
40 244 40 259
40 260 40 275
40 276 40 291
40 292 41 299
40 304 40 319
40 320 40 335
40 344 41 351
40 352 40 367
40 368 41 375
40 400 47 401
40 409 40 424
40 434 41 441
41 0 41 15
41 16 41 31
41 32 41 47
41 48 41 63
41 64 41 79
41 80 41 95
41 112 41 127
41 128 41 143
41 144 41 159
41 160 41 175
41 176 41 191
41 192 41 207
41 208 41 223
41 224 41 239
41 240 44 243
41 244 41 259
41 260 41 275
41 276 41 291
41 304 41 319
41 320 41 335
41 336 42 343
41 352 41 367
41 376 42 383
41 388 42 395
41 396 44 399
41 409 42 416
41 417 42 424
41 430 44 433
42 0 42 15
42 16 42 31
42 32 42 47
42 48 42 63
42 64 42 79
42 80 42 95
42 96 43 103
42 112 42 127
42 128 42 143
42 144 42 159
42 160 42 175
42 176 42 191
42 192 42 207
42 208 42 223
42 224 42 239
42 244 42 259
42 260 42 275
42 276 42 291
42 292 42 307
42 308 42 323
42 324 43 331
42 332 45 335
42 344 43 351
42 352 42 367
42 368 43 375
42 384 45 387
42 434 43 441
43 0 43 15
43 16 43 31
43 32 43 47
43 48 43 63
43 64 43 79
43 80 43 95
43 112 43 127
43 128 44 135
43 136 43 151
43 152 43 167
43 168 43 183
43 184 43 199
43 200 43 215
43 216 43 231
43 232 44 239
43 244 43 259
43 260 43 275
43 276 43 291
43 292 43 307
43 308 43 323
43 336 44 343
43 352 43 367
43 376 44 383
43 388 44 395
43 402 43 417
43 418 44 425
43 426 50 427
43 428 58 428
44 0 44 15
44 16 44 31
44 32 44 47
44 48 44 63
44 64 44 79
44 80 44 95
44 96 44 111
44 112 44 127
44 136 44 151
44 152 44 167
44 168 44 183
44 184 44 199
44 200 44 215
44 216 44 231
44 244 44 259
44 260 45 267
44 268 44 283
44 284 44 299
44 300 44 315
44 316 44 331
44 344 44 359
44 360 44 375
44 402 44 417
44 434 45 441
45 0 45 15
45 16 45 31
45 32 46 39
45 40 46 47
45 48 45 63
45 64 45 79
45 80 45 95
45 96 45 111
45 112 45 127
45 128 48 131
45 132 46 139
45 140 45 155
45 156 45 171
45 172 45 187
45 188 45 203
45 204 46 211
45 212 48 215
45 216 45 231
45 232 45 247
45 248 46 255
45 256 48 259
45 268 45 283
45 284 45 299
45 300 45 315
45 316 45 331
45 336 45 351
45 352 45 367
45 368 45 383
45 388 46 395
45 396 48 399
45 402 46 409
45 410 45 425
45 430 48 433
46 0 46 15
46 16 47 23
46 24 47 31
46 48 46 63
46 64 46 79
46 80 46 95
46 96 46 111
46 112 46 127
46 140 46 155
46 156 46 171
46 172 46 187
46 188 46 203
46 216 46 231
46 232 46 247
46 260 46 275
46 276 46 291
46 292 46 307
46 308 46 323
46 324 46 339
46 340 46 355
46 356 46 371
46 372 46 387
46 410 46 425
46 434 47 441
47 0 47 15
47 32 47 47
47 48 47 63
47 64 62 64
47 65 47 80
47 81 47 96
47 97 47 112
47 113 48 120
47 121 50 124
47 125 54 126
47 127 62 127
47 132 48 139
47 140 62 140
47 141 47 156
47 157 47 172
47 173 47 188
47 189 47 204
47 205 50 208
47 209 54 210
47 211 62 211
47 216 47 231
47 232 47 247
47 248 48 255
47 260 47 275
47 276 47 291
47 292 47 307
47 308 47 323
47 324 48 331
47 332 47 347
47 348 47 363
47 364 47 379
47 380 47 395
47 402 47 417
47 418 48 425
47 429 62 429
48 0 48 15
48 16 49 23
48 24 48 39
48 40 48 55
48 56 49 63
48 65 48 80
48 81 48 96
48 97 48 112
48 141 48 156
48 157 48 172
48 173 48 188
48 189 48 204
48 216 48 231
48 232 48 247
48 260 48 275
48 276 48 291
48 292 48 307
48 308 48 323
48 332 48 347
48 348 48 363
48 364 48 379
48 380 48 395
48 400 48 415
48 416 55 417
48 434 49 441
44 442 59 442
49 0 49 15
49 24 49 39
49 40 49 55
49 65 49 80
49 81 49 96
49 97 49 112
49 113 50 120
49 128 50 135
49 136 52 139
49 141 50 148
49 149 50 156
49 157 50 164
49 165 49 180
49 181 52 184
49 185 49 200
49 201 52 204
49 212 49 227
49 228 49 243
49 244 49 259
49 260 49 275
49 276 49 291
49 292 49 307
49 308 49 323
49 324 49 339
49 340 49 355
49 356 49 371
49 372 49 387
49 388 49 403
49 404 50 411
49 412 52 415
49 418 52 421
49 422 52 425
49 430 52 433
50 0 50 15
50 16 50 31
50 32 50 47
50 48 50 63
50 65 50 80
50 81 50 96
50 97 50 112
50 165 51 172
50 173 51 180
50 185 50 200
50 212 50 227
50 228 50 243
50 244 50 259
50 260 50 275
50 276 50 291
50 292 50 307
50 308 50 323
50 324 50 339
50 340 50 355
50 356 50 371
50 372 53 375
50 376 53 379
50 380 50 395
50 396 51 403
50 434 51 441
51 0 51 15
51 16 51 31
51 32 51 47
51 48 51 63
51 65 51 80
51 81 51 96
51 97 51 112
51 113 52 120
51 121 54 124
51 128 52 135
51 141 51 156
51 157 52 164
51 185 51 200
51 205 54 208
51 212 51 227
51 228 51 243
51 244 51 259
51 260 51 275
51 276 51 291
51 292 51 307
51 308 51 323
51 324 51 339
51 340 51 355
51 356 51 371
51 380 51 395
51 404 52 411
51 426 58 427
52 0 52 15
52 16 52 31
52 32 52 47
52 48 52 63
52 65 52 80
52 81 52 96
52 97 52 112
52 141 52 156
52 165 52 180
52 185 55 188
52 189 55 192
52 193 53 200
52 212 52 227
52 228 52 243
52 244 52 259
52 260 52 275
52 276 52 291
52 292 52 307
52 308 52 323
52 324 53 331
52 332 52 347
52 348 55 351
52 352 59 353
52 354 67 354
52 355 55 358
52 359 53 366
52 367 55 370
52 371 67 371
52 380 52 395
52 396 53 403
52 434 53 441
53 0 53 15
53 16 53 31
53 32 53 47
53 48 53 63
53 65 53 80
53 81 53 96
53 97 53 112
53 113 54 120
53 128 54 135
53 136 56 139
53 141 53 156
53 157 53 172
53 173 54 180
53 181 56 184
53 201 60 202
53 203 60 204
53 212 53 227
53 228 53 243
53 244 53 259
53 260 53 275
53 276 53 291
53 292 53 307
53 308 53 323
53 332 53 347
53 380 53 395
53 404 54 411
53 412 56 415
53 418 54 425
53 430 56 433
54 0 54 15
54 16 54 31
54 32 54 47
54 48 55 55
54 56 57 59
54 60 57 63
54 65 61 66
54 67 55 74
54 75 55 82
54 83 54 98
54 99 55 106
54 107 57 110
54 111 61 112
54 141 54 156
54 157 54 172
54 193 55 200
54 212 54 227
54 228 54 243
54 244 54 259
54 260 54 275
54 276 54 291
54 292 54 307
54 308 54 323
54 324 54 339
54 340 55 347
54 359 57 362
54 363 57 366
54 372 54 387
54 388 54 403
54 434 55 441
55 0 55 15
55 16 55 31
55 32 58 35
55 36 58 39
55 40 56 47
55 83 55 98
55 113 56 120
55 121 58 124
55 125 62 126
55 128 56 135
55 141 55 156
55 157 55 172
55 173 56 180
55 205 58 208
55 209 62 210
55 212 55 227
55 228 55 243
55 244 55 259
55 260 56 267
55 268 55 283
55 284 55 299
55 300 55 315
55 316 55 331
55 332 56 339
55 372 55 387
55 388 55 403
55 404 56 411
55 418 56 425
56 0 56 15
56 16 56 31
56 48 57 55
56 67 56 82
56 83 56 98
56 99 57 106
56 141 56 156
56 157 56 172
56 185 56 200
56 212 56 227
56 228 57 235
56 236 56 251
56 252 57 259
56 268 56 283
56 284 56 299
56 300 56 315
56 316 56 331
56 340 57 347
56 348 59 351
56 355 59 358
56 367 63 368
56 369 63 370
56 372 56 387
56 388 56 403
56 416 63 417
56 434 57 441
57 0 57 15
57 16 57 31
57 40 58 47
57 67 58 74
57 75 57 90
57 91 58 98
57 113 64 114
57 115 60 118
57 119 64 120
57 128 58 135
57 136 60 139
57 141 57 156
57 157 57 172
57 173 57 188
57 189 60 192
57 193 64 194
57 195 60 198
57 199 64 200
57 212 57 227
57 236 57 251
57 260 57 275
57 276 57 291
57 292 57 307
57 308 60 311
57 312 64 313
57 314 58 321
57 322 57 337
57 338 64 339
57 372 57 387
57 388 57 403
57 404 58 411
57 412 60 415
57 418 64 419
57 420 60 423
57 424 64 425
57 430 60 433
58 0 58 15
58 16 58 31
58 48 58 63
58 75 58 90
58 99 59 106
58 107 61 110
58 141 58 156
58 157 58 172
58 173 58 188
58 212 58 227
58 228 58 243
58 244 58 259
58 260 58 275
58 276 58 291
58 292 59 299
58 300 59 307
58 322 59 329
58 330 59 337
58 340 59 347
58 359 59 366
58 372 58 387
58 388 58 403
58 434 59 441
59 0 59 15
59 16 60 23
59 24 60 31
59 32 59 47
59 48 59 63
59 67 59 82
59 83 59 98
59 121 62 124
59 128 60 135
59 141 59 156
59 157 59 172
59 173 59 188
59 205 62 208
59 212 59 227
59 228 59 243
59 244 59 259
59 260 59 275
59 276 59 291
59 314 60 321
59 372 59 387
59 388 59 403
59 404 60 411
59 426 66 427
59 428 74 428
60 0 61 7
60 8 61 15
60 32 60 47
60 48 60 63
60 67 60 82
60 83 60 98
60 99 61 106
60 141 60 156
60 157 60 172
60 173 60 188
60 212 60 227
60 228 60 243
60 244 60 259
60 260 60 275
60 276 61 283
60 284 60 299
60 300 61 307
60 322 60 337
60 340 61 347
60 348 63 351
60 352 67 353
60 355 61 362
60 363 63 366
60 372 60 387
60 388 60 403
60 434 63 437
60 438 63 441
60 442 75 442
61 16 61 31
61 32 61 47
61 48 61 63
61 67 61 82
61 83 61 98
61 115 64 118
61 128 62 135
61 136 64 139
61 141 61 156
61 157 61 172
61 173 61 188
61 189 64 192
61 195 64 198
61 201 68 202
61 203 68 204
61 212 61 227
61 228 61 243
61 244 61 259
61 260 61 275
61 284 61 299
61 308 64 311
61 314 61 329
61 330 68 331
61 332 64 335
61 336 68 337
61 372 61 387
61 388 61 403
61 404 62 411
61 412 64 415
61 420 64 423
61 430 64 433
62 0 62 15
62 16 62 31
62 32 62 47
62 48 62 63
62 65 63 72
62 73 62 88
62 89 62 104
62 105 63 112
62 141 62 156
62 157 62 172
62 173 62 188
62 212 62 227
62 228 62 243
62 244 62 259
62 260 62 275
62 276 62 291
62 292 62 307
62 314 63 321
62 322 63 329
62 340 63 347
62 355 63 362
62 372 62 387
62 388 63 395
62 396 63 403
63 0 63 15
63 16 63 31
63 32 63 47
63 48 63 63
63 64 78 64
63 73 63 88
63 89 63 104
63 121 64 128
63 129 66 132
63 133 70 134
63 135 78 135
63 140 63 155
63 156 63 171
63 172 63 187
63 188 78 188
63 205 63 220
63 221 63 236
63 237 63 252
63 253 63 268
63 269 63 284
63 285 63 300
63 301 66 304
63 305 78 305
63 306 70 307
63 372 63 387
63 404 64 411
63 429 78 429
64 0 64 15
64 16 64 31
64 32 64 47
64 48 64 63
64 65 64 80
64 81 65 88
64 89 67 92
64 93 64 108
64 109 67 112
64 140 64 155
64 156 64 171
64 172 64 187
64 205 64 220
64 221 64 236
64 237 64 252
64 253 64 268
64 269 64 284
64 285 64 300
64 314 64 329
64 340 65 347
64 348 67 351
64 355 64 370
64 372 65 379
64 380 71 381
64 382 71 383
64 384 65 391
64 392 65 399
64 400 67 403
64 416 71 417
64 434 65 441
65 0 65 15
65 16 65 31
65 32 65 47
65 48 65 63
65 65 65 80
65 93 65 108
65 113 65 128
65 136 65 151
65 152 65 167
65 168 65 183
65 184 68 187
65 189 66 196
65 197 68 200
65 205 65 220
65 221 65 236
65 237 66 244
65 245 65 260
65 261 65 276
65 277 65 292
65 293 66 300
65 308 66 315
65 316 66 323
65 324 68 327
65 328 72 329
65 332 68 335
65 338 72 339
65 355 65 370
65 404 66 411
65 412 68 415
65 418 66 425
65 430 68 433
66 0 66 15
66 16 66 31
66 32 66 47
66 48 66 63
66 65 67 72
66 73 67 80
66 81 67 88
66 93 66 108
66 113 66 128
66 136 66 151
66 152 66 167
66 168 66 183
66 205 66 220
66 221 66 236
66 245 67 252
66 253 66 268
66 269 66 284
66 285 67 292
66 340 67 347
66 355 66 370
66 372 67 379
66 384 66 399
66 434 67 441
67 0 67 15
67 16 70 19
67 20 70 23
67 24 67 39
67 40 67 55
67 56 68 63
67 93 67 108
67 113 67 128
67 129 70 132
67 136 67 151
67 152 67 167
67 168 67 183
67 189 68 196
67 205 67 220
67 221 67 236
67 237 69 241
67 242 74 243
67 244 82 244
67 253 67 268
67 269 67 284
67 293 68 300
67 301 70 304
67 308 67 323
67 355 67 370
67 384 67 399
67 404 68 411
67 418 68 425
67 426 74 427
68 0 68 15
68 24 68 39
68 40 68 55
68 65 68 80
68 81 68 96
68 97 68 112
68 113 68 128
68 136 71 139
68 140 69 147
68 148 68 163
68 164 68 179
68 180 71 183
68 205 68 220
68 221 68 236
68 245 68 260
68 261 68 276
68 277 68 292
68 308 68 323
68 340 68 355
68 356 68 371
68 372 69 379
68 384 68 399
68 400 71 403
68 434 69 441
69 0 69 15
69 24 69 39
69 40 69 55
69 56 70 63
69 65 69 80
69 81 70 88
69 89 69 104
69 105 69 120
69 121 70 128
69 148 69 163
69 164 69 179
69 184 76 185
69 186 76 187
69 189 69 204
69 205 69 220
69 221 69 236
69 245 69 260
69 261 69 276
69 277 69 292
69 293 70 300
69 308 69 323
69 324 72 327
69 330 70 337
69 340 69 355
69 356 76 357
69 358 70 365
69 366 76 367
69 368 72 371
69 384 69 399
69 404 70 411
69 412 76 413
69 414 76 415
69 418 70 425
69 430 72 433
70 0 70 15
70 24 70 39
70 40 71 47
70 48 71 55
70 65 71 72
70 73 73 76
70 77 73 80
70 89 77 90
70 91 71 98
70 99 70 114
70 115 73 118
70 119 77 120
70 140 70 155
70 156 70 171
70 172 71 179
70 189 70 204
70 205 70 220
70 221 71 228
70 229 71 236
70 237 77 238
70 239 85 239
70 240 85 240
70 241 85 241
70 245 70 260
70 261 70 276
70 277 70 292
70 308 70 323
70 340 70 355
70 372 71 379
70 384 71 391
70 392 71 399
70 434 71 441
71 0 71 15
71 16 71 31
71 32 72 39
71 56 72 63
71 81 72 88
71 99 72 106
71 107 72 114
71 121 72 128
71 129 74 132
71 133 78 134
71 140 71 155
71 156 71 171
71 189 71 204
71 205 71 220
71 245 71 260
71 261 71 276
71 277 71 292
71 293 72 300
71 301 74 304
71 306 71 321
71 322 78 323
71 330 72 337
71 340 71 355
71 358 72 365
71 404 74 407
71 408 86 408
71 409 78 410
71 411 86 411
71 418 72 425
72 0 72 15
72 16 72 31
72 40 72 55
72 65 73 72
72 91 73 98
72 136 72 151
72 152 72 167
72 168 72 183
72 189 72 204
72 205 72 220
72 221 72 236
72 245 72 260
72 261 72 276
72 277 72 292
72 306 75 309
72 310 75 313
72 314 73 321
72 340 72 355
72 372 72 387
72 388 72 403
72 416 79 417
72 434 73 441
73 0 73 15
73 16 73 31
73 32 73 47
73 48 74 55
73 56 74 63
73 81 74 88
73 99 73 114
73 121 74 128
73 136 73 151
73 152 73 167
73 168 73 183
73 189 73 204
73 205 73 220
73 221 73 236
73 245 73 260
73 261 73 276
73 277 73 292
73 293 74 300
73 324 73 339
73 340 73 355
73 358 74 365
73 368 73 383
73 384 73 399
73 400 80 401
73 402 80 403
73 418 76 421
73 422 76 425
73 430 76 433
74 0 74 15
74 16 74 31
74 32 74 47
74 65 74 80
74 91 74 106
74 107 75 114
74 115 77 118
74 136 74 151
74 152 74 167
74 168 74 183
74 189 74 204
74 205 74 220
74 221 74 236
74 245 74 260
74 261 74 276
74 277 74 292
74 314 75 321
74 324 74 339
74 340 75 347
74 348 75 355
74 368 74 383
74 384 74 399
74 434 75 441
75 0 75 15
75 16 75 31
75 32 75 47
75 48 75 63
75 65 75 80
75 81 78 84
75 85 78 88
75 91 75 106
75 121 76 128
75 129 78 132
75 136 75 151
75 152 75 167
75 168 75 183
75 189 75 204
75 205 75 220
75 221 75 236
75 242 82 243
75 245 75 260
75 261 75 276
75 277 75 292
75 293 76 300
75 301 78 304
75 324 75 339
75 358 76 365
75 368 76 375
75 376 76 383
75 384 75 399
75 404 78 407
75 426 82 427
75 428 90 428
76 0 76 15
76 16 76 31
76 32 76 47
76 48 76 63
76 65 76 80
76 91 76 106
76 107 77 114
76 136 76 151
76 152 76 167
76 168 76 183
76 189 76 204
76 205 76 220
76 221 76 236
76 245 76 260
76 261 76 276
76 277 77 284
76 285 77 292
76 306 76 321
76 324 76 339
76 340 76 355
76 384 76 399
76 434 80 436
76 437 79 440
76 441 83 442
77 0 77 15
77 16 77 31
77 32 77 47
77 48 77 63
77 65 77 80
77 91 77 106
77 121 78 128
77 136 77 151
77 152 77 167
77 168 77 183
77 184 80 187
77 189 77 204
77 205 77 220
77 221 77 236
77 245 77 260
77 261 77 276
77 293 78 300
77 306 77 321
77 324 77 339
77 340 77 355
77 356 77 371
77 372 77 387
77 388 78 395
77 396 80 399
77 412 80 415
77 418 78 425
77 430 80 433
78 0 78 15
78 16 85 17
78 18 81 21
78 22 85 23
78 24 78 39
78 40 78 55
78 56 79 63
78 65 78 80
78 89 78 104
78 105 78 120
78 136 78 151
78 152 79 159
78 160 78 175
78 176 79 183
78 189 78 204
78 205 78 220
78 221 78 236
78 237 85 238
78 245 79 252
78 253 79 260
78 261 78 276
78 277 78 292
78 306 78 321
78 324 78 339
78 340 78 355
78 356 78 371
78 372 78 387
79 0 79 15
79 24 79 39
79 40 79 55
79 64 79 79
79 80 79 95
79 96 79 111
79 112 79 127
79 128 80 135
79 136 79 151
79 160 79 175
79 188 79 203
79 204 79 219
79 220 79 235
79 236 94 236
79 261 79 276
79 277 82 280
79 281 80 288
79 289 79 304
79 305 79 320
79 321 79 336
79 337 79 352
79 353 80 360
79 361 86 362
79 363 82 366
79 367 94 367
79 368 79 383
79 384 80 391
79 392 82 395
79 404 82 407
79 409 94 409
79 410 94 410
79 418 80 425
79 429 94 429
80 0 80 15
80 24 80 39
80 40 80 55
80 56 80 71
80 72 80 87
80 88 80 103
80 104 80 119
80 120 81 127
80 136 80 151
80 152 80 167
80 168 80 183
80 188 80 203
80 204 80 219
80 220 80 235
80 245 80 260
80 261 80 276
80 289 80 304
80 305 80 320
80 321 80 336
80 337 80 352
80 368 80 383
80 416 87 417
80 437 83 440
81 0 81 15
81 24 81 39
81 40 81 55
81 56 81 71
81 72 81 87
81 88 81 103
81 104 81 119
81 128 81 143
81 144 81 159
81 160 81 175
81 176 81 191
81 192 81 207
81 208 81 223
81 224 82 231
81 232 84 235
81 245 81 260
81 261 81 276
81 281 81 296
81 297 81 312
81 313 81 328
81 329 81 344
81 345 81 360
81 368 81 383
81 384 82 391
81 396 82 403
81 412 84 415
81 418 82 425
81 430 84 433
81 434 88 435
81 436 96 436
82 0 82 15
82 18 85 21
82 24 83 31
82 32 82 47
82 48 82 63
82 64 82 79
82 80 82 95
82 96 82 111
82 112 82 127
82 128 82 143
82 144 85 147
82 148 82 163
82 164 82 179
82 180 82 195
82 196 82 211
82 212 83 219
82 220 85 223
82 245 82 260
82 261 82 276
82 281 82 296
82 297 82 312
82 313 82 328
82 329 82 344
82 345 82 360
82 368 82 383
83 0 83 15
83 32 83 47
83 48 84 55
83 56 86 59
83 60 83 75
83 76 83 91
83 92 83 107
83 108 83 123
83 124 83 139
83 140 86 143
83 148 83 163
83 164 83 179
83 180 83 195
83 196 83 211
83 224 84 231
83 242 83 257
83 258 83 273
83 274 83 289
83 290 83 305
83 306 83 321
83 322 83 337
83 338 83 353
83 354 86 357
83 358 90 359
83 360 98 360
83 363 86 366
83 368 83 383
83 384 83 399
83 400 84 407
83 418 84 425
83 426 90 427
84 0 85 7
84 8 85 15
84 24 84 39
84 40 85 47
84 60 84 75
84 76 85 83
84 84 84 99
84 100 84 115
84 116 84 131
84 132 85 139
84 148 84 163
84 164 84 179
84 180 84 195
84 196 84 211
84 212 85 219
84 242 84 257
84 258 84 273
84 274 84 289
84 290 84 305
84 306 84 321
84 322 84 337
84 338 84 353
84 368 84 383
84 384 84 399
84 437 87 440
84 441 91 442
85 24 97 24
85 25 92 26
85 27 86 34
85 35 88 38
85 39 100 39
85 48 86 55
85 60 85 75
85 84 85 99
85 100 85 115
85 116 85 131
85 148 85 163
85 164 85 179
85 180 85 195
85 196 85 211
85 224 86 231
85 232 92 233
85 234 92 235
85 242 85 257
85 258 85 273
85 274 85 289
85 290 85 305
85 306 85 321
85 322 85 337
85 338 85 353
85 368 85 383
85 384 85 399
85 400 86 407
85 412 88 415
85 418 86 425
85 430 88 433
86 0 86 15
86 16 87 23
86 40 87 47
86 60 86 75
86 76 86 91
86 92 86 107
86 108 86 123
86 124 86 139
86 144 86 159
86 160 86 175
86 176 86 191
86 192 86 207
86 208 86 223
86 237 86 252
86 253 86 268
86 269 86 284
86 285 86 300
86 301 86 316
86 317 86 332
86 333 86 345
88 349 93 350
86 346 87 353
86 368 86 383
86 384 86 399
87 0 87 15
87 27 88 34
87 48 87 63
87 64 87 79
87 80 87 95
87 96 87 111
87 112 88 119
87 120 90 123
87 125 87 140
87 141 87 156
87 157 87 172
87 173 87 188
87 189 87 204
87 205 87 220
87 221 88 228
87 229 94 230
87 231 102 231
87 237 87 252
87 253 87 268
87 269 87 284
87 285 87 300
87 301 87 316
87 317 87 332
87 333 88 340
87 341 90 344
87 345 102 345
87 354 90 357
87 361 90 364
87 365 94 366
87 368 87 383
87 384 87 399
87 400 88 406
87 407 94 408
87 411 102 411
87 418 88 425
88 0 88 15
88 16 89 23
88 40 88 55
88 56 88 71
88 72 88 87
88 88 88 103
88 104 89 111
88 124 88 139
88 140 88 155
88 156 88 171
88 172 88 187
88 188 88 203
88 204 88 219
88 220 103 220
88 237 88 252
88 253 91 256
88 257 95 258
88 259 91 262
88 263 103 263
88 264 89 271
88 272 88 287
88 288 89 295
88 296 88 311
88 312 88 327
88 328 91 331
88 332 103 332
88 346 95 347
88 348 103 348
88 351 103 351
88 353 103 353
88 368 88 383
88 384 88 399
88 416 95 417
88 437 91 440
89 0 89 15
89 27 90 34
89 35 92 38
89 40 89 55
89 56 89 71
89 72 89 87
89 88 89 103
89 112 90 119
89 124 89 139
89 140 89 155
89 156 89 171
89 172 89 187
89 188 89 203
89 204 89 219
89 221 90 228
89 237 90 244
89 245 90 252
89 272 89 287
89 296 89 311
89 312 89 327
89 333 90 340
89 352 104 352
89 368 89 383
89 384 90 391
89 392 90 399
89 400 92 403
89 404 96 405
89 406 104 406
89 412 92 415
89 418 90 425
89 430 92 433
89 434 96 435
90 0 90 15
90 16 91 23
90 40 90 55
90 56 97 57
90 58 90 73
90 74 90 89
90 90 90 105
90 106 93 109
90 110 97 111
90 124 90 139
90 140 90 155
90 156 90 171
90 172 90 187
90 188 90 203
90 204 90 219
90 264 90 279
90 280 90 295
90 296 90 311
90 312 91 319
90 320 91 327
90 368 90 383
91 0 91 15
91 27 92 34
91 40 91 55
91 58 91 73
91 74 91 89
91 90 91 105
91 112 91 127
91 128 91 143
91 144 91 159
91 160 91 175
91 176 91 191
91 192 91 207
91 208 92 215
91 216 94 219
91 221 92 228
91 237 91 252
91 264 91 279
91 280 91 295
91 296 91 311
91 333 98 334
91 335 92 342
91 343 98 344
91 354 94 357
91 358 98 359
91 361 94 364
91 368 91 383
91 384 92 391
91 392 94 395
91 396 94 399
91 418 92 425
91 426 98 427
91 428 104 428
92 0 92 15
92 16 93 23
92 40 92 55
92 58 92 73
92 74 93 81
92 82 92 97
92 98 93 105
92 112 92 127
92 128 92 143
92 144 92 159
92 160 92 175
92 176 92 191
92 192 92 207
92 237 92 252
92 253 95 256
92 259 95 262
92 264 92 279
92 280 92 295
92 296 92 311
92 312 92 327
92 328 95 331
92 368 92 383
92 437 99 438
92 439 99 440
92 441 99 442
93 0 93 15
93 25 94 32
93 33 96 36
93 37 100 38
93 40 93 55
93 58 93 73
93 82 93 97
93 112 93 127
93 128 93 143
93 144 93 159
93 160 93 175
93 176 93 191
93 192 93 207
93 208 94 215
93 221 94 228
93 232 96 235
93 237 94 244
93 245 94 252
93 264 93 279
93 280 93 295
93 296 100 297
93 298 93 313
93 314 96 317
93 318 96 321
93 322 96 325
93 326 108 326
93 327 108 327
93 335 94 342
93 368 93 383
93 384 94 391
93 400 96 403
93 412 96 415
93 418 94 425
93 430 96 433
94 0 94 15
94 16 95 23
94 40 94 55
94 58 94 73
94 74 97 77
94 78 94 93
94 94 94 109
94 112 94 127
94 128 94 143
94 144 94 159
94 160 94 175
94 176 94 191
94 192 94 207
94 264 94 279
94 280 94 295
94 298 94 313
94 349 101 350
94 368 97 371
94 372 95 379
94 380 101 381
94 382 101 383
95 0 95 15
95 25 96 32
95 40 95 55
95 58 95 73
95 78 95 93
95 94 95 109
95 112 95 127
95 128 95 143
95 144 95 159
95 160 95 175
95 176 95 191
95 192 95 207
95 208 96 215
95 216 98 219
95 221 96 228
95 229 102 230
95 236 95 251
95 252 110 252
95 264 95 279
95 280 96 287
95 288 98 291
95 292 102 293
95 294 102 295
95 298 95 313
95 335 96 342
95 354 98 357
95 361 98 364
95 365 102 366
95 367 110 367
95 384 95 399
95 407 98 410
95 418 96 425
95 429 104 429
96 0 96 15
96 16 97 23
96 40 96 55
96 58 96 73
96 78 96 93
96 94 96 109
96 112 96 127
96 128 96 143
96 144 96 159
96 160 96 175
96 176 96 191
96 192 96 207
96 236 96 251
96 253 97 260
96 261 103 262
96 264 96 279
96 298 96 313
96 328 103 329
96 330 103 331
96 346 103 347
96 372 97 379
96 384 96 399
96 416 103 417
97 0 97 15
97 25 98 32
97 33 100 36
97 40 97 55
97 58 97 73
97 78 97 93
97 94 97 109
97 112 97 127
97 128 97 143
97 144 97 159
97 160 97 175
97 176 97 191
97 192 98 199
97 200 97 215
97 221 100 224
97 225 100 228
97 232 97 247
97 248 100 251
97 264 97 279
97 280 98 287
97 298 97 313
97 314 100 317
97 318 98 325
97 335 98 342
97 384 97 399
97 400 100 403
97 404 104 405
97 412 100 415
97 418 98 425
97 430 100 433
97 434 104 435
97 436 112 436
98 0 98 15
98 16 101 19
98 20 100 24
98 40 98 55
98 56 98 71
98 72 99 79
98 80 98 95
98 96 98 111
98 112 98 127
98 128 98 143
98 144 98 159
98 160 98 175
98 176 98 191
98 200 98 215
98 232 98 247
98 253 101 256
98 257 101 260
98 264 98 279
98 298 98 313
98 368 99 375
98 376 101 379
98 384 98 399
99 0 99 15
99 25 100 32
99 40 99 55
99 56 102 59
99 60 102 63
99 64 100 71
99 80 99 95
99 96 99 111
99 112 99 127
99 128 99 143
99 144 99 159
99 160 99 175
99 176 99 191
99 192 99 207
99 208 100 215
99 216 102 219
99 232 99 247
99 264 99 279
99 280 100 287
99 288 102 291
99 298 99 313
99 318 100 325
99 333 100 340
99 341 102 344
99 354 100 361
99 362 106 363
99 364 114 364
99 384 99 399
99 407 102 410
99 418 100 425
99 426 106 427
100 0 100 15
100 40 100 55
100 72 100 87
100 88 100 103
100 104 100 119
100 120 100 135
100 136 100 151
100 152 100 167
100 168 100 183
100 184 100 199
100 200 101 207
100 232 100 247
100 264 101 271
100 272 103 275
100 276 103 279
100 298 100 313
100 368 101 375
100 384 100 399
100 437 103 440
100 441 107 442
101 0 101 15
101 20 101 35
101 36 101 51
101 52 104 55
101 64 101 79
101 80 101 95
101 96 101 111
101 112 101 127
101 128 101 143
101 144 101 159
101 160 101 175
101 176 101 191
101 192 102 199
101 208 102 215
101 221 102 228
101 232 101 247
101 248 104 251
101 280 102 287
101 296 101 311
101 312 104 315
101 316 102 323
101 324 108 325
101 333 102 340
101 354 102 361
101 384 101 399
101 400 116 400
101 401 108 402
101 403 116 403
101 412 104 415
101 418 102 425
101 430 104 433
102 0 102 15
102 16 102 31
102 32 102 47
102 48 105 51
102 64 102 79
102 80 102 95
102 96 102 111
102 112 102 127
102 128 102 143
102 144 102 159
102 160 102 175
102 176 102 191
102 200 103 207
102 232 102 247
102 253 103 260
102 264 103 271
102 296 102 311
102 349 117 349
102 368 102 383
102 384 102 399
103 0 104 7
103 8 103 23
103 24 103 39
103 40 104 47
103 56 103 71
103 72 103 87
103 88 103 103
103 104 103 119
103 120 103 135
103 136 103 151
103 152 103 167
103 168 103 183
103 184 103 199
103 208 104 215
103 216 106 219
103 221 103 236
103 237 104 244
103 245 110 246
103 247 118 247
103 280 103 295
103 296 103 311
103 316 104 323
103 333 104 340
103 341 106 344
103 345 118 345
103 350 118 350
103 354 104 361
103 365 110 366
103 368 103 383
103 384 103 399
103 407 106 410
103 411 118 411
103 418 104 425
104 8 104 23
104 24 104 39
104 56 104 71
104 72 104 87
104 88 105 95
104 96 107 99
104 100 111 101
104 102 119 102
104 103 107 106
104 107 104 122
104 123 104 138
104 139 104 154
104 155 104 170
104 171 104 186
104 187 104 202
104 203 107 205
104 206 111 207
104 220 104 235
104 236 119 236
104 253 104 268
104 269 105 276
104 277 104 292
104 293 104 308
104 309 111 310
104 311 119 311
104 328 107 331
104 332 119 332
104 346 111 347
104 348 119 348
104 351 119 351
104 353 119 353
104 368 104 383
104 384 104 399
104 416 111 417
104 437 107 440
105 0 105 15
105 16 105 31
105 32 105 47
105 52 105 67
105 68 106 75
105 76 106 83
105 84 108 87
105 107 105 122
105 123 105 138
105 139 105 154
105 155 105 170
105 171 105 186
105 187 105 202
105 208 106 215
105 220 105 235
105 237 106 244
105 248 108 251
105 253 105 268
105 277 105 292
105 293 105 308
105 312 106 319
105 320 108 323
105 333 106 340
105 352 120 352
105 354 106 361
105 368 105 383
105 384 105 399
105 404 112 405
105 406 120 406
105 412 108 415
105 418 106 425
105 430 112 431
105 432 108 435
106 0 106 15
106 16 106 31
106 32 106 47
106 48 107 55
106 56 109 59
106 60 107 67
106 88 107 95
106 107 106 122
106 123 106 138
106 139 106 154
106 155 106 170
106 171 106 186
106 187 106 202
106 220 106 235
106 253 106 268
106 269 106 284
106 285 106 300
106 301 107 308
106 368 106 383
106 384 106 399
107 0 107 15
107 16 107 31
107 32 107 47
107 68 107 83
107 107 107 122
107 123 107 138
107 139 107 154
107 155 107 170
107 171 107 186
107 187 108 194
107 195 108 202
107 208 107 223
107 224 108 231
107 232 110 235
107 237 108 244
107 253 107 268
107 269 107 284
107 285 107 300
107 312 108 319
107 333 108 340
107 341 110 344
107 354 108 361
107 362 114 363
107 368 107 383
107 384 108 391
107 392 108 399
107 407 110 410
107 418 108 425
107 426 114 427
105 428 112 429
108 0 108 15
108 16 108 31
108 32 108 47
108 48 109 55
108 60 108 75
108 76 109 83
108 88 109 95
108 96 111 99
108 103 108 118
108 119 108 134
108 135 108 150
108 151 109 158
108 159 108 174
108 175 109 182
108 183 111 186
108 203 123 203
108 204 115 205
108 208 108 223
108 253 108 268
108 269 108 284
108 285 108 300
108 301 109 308
108 328 111 331
108 368 108 383
108 437 111 440
108 441 115 442
109 0 110 7
109 8 109 23
109 24 109 39
109 40 110 47
109 60 109 75
109 84 112 87
109 103 109 118
109 119 109 134
109 135 109 150
109 159 109 174
109 187 109 202
109 208 109 223
109 224 110 231
109 237 110 244
109 248 112 251
109 253 109 268
109 269 109 284
109 285 109 300
109 312 109 327
109 333 110 340
109 354 110 361
109 368 109 383
109 384 109 399
109 401 116 402
109 412 112 415
109 418 110 425
109 432 112 435
110 8 110 23
110 24 110 39
110 48 110 63
110 64 110 79
110 80 113 83
110 88 111 95
110 103 110 118
110 119 110 134
110 135 110 150
110 151 110 166
110 167 111 174
110 175 111 182
110 187 110 202
110 208 110 223
110 253 110 268
110 269 110 284
110 285 110 300
110 301 111 308
110 312 110 327
110 368 110 383
110 384 110 399
111 0 111 15
111 16 111 31
111 32 111 47
111 48 111 63
111 64 111 79
111 103 111 118
111 119 111 134
111 135 111 150
111 151 111 166
111 187 111 202
111 208 111 223
111 224 114 227
111 228 112 235
111 237 112 244
111 245 118 246
111 252 111 267
111 268 111 283
111 284 111 298
111 299 118 300
111 312 111 327
111 333 112 340
111 341 114 344
111 354 112 361
111 365 112 372
111 373 111 388
111 389 112 396
111 397 118 398
111 399 126 399
111 407 114 410
111 418 112 425
112 0 112 15
112 16 112 31
112 32 112 47
112 48 112 63
112 64 112 79
112 88 113 95
112 96 115 99
112 100 119 101
112 103 112 118
112 119 112 134
112 135 112 150
112 151 112 166
112 167 112 182
112 183 112 198
112 199 115 202
112 206 112 221
112 222 119 223
112 252 112 267
112 268 112 283
112 284 113 291
112 292 119 293
112 294 115 297
112 298 127 298
112 301 113 308
112 309 119 310
112 312 112 327
112 328 115 331
112 346 119 347
112 373 112 388
112 416 119 417
112 437 115 440
113 0 113 15
113 16 113 31
113 32 113 47
113 48 113 63
113 64 113 79
113 84 116 87
113 103 113 118
113 119 113 134
113 135 113 150
113 151 113 166
113 167 113 182
113 183 113 198
113 206 113 221
113 228 114 235
113 237 116 240
113 241 116 244
113 248 114 255
113 256 113 271
113 272 114 279
113 280 116 283
113 312 113 327
113 333 114 340
113 354 114 361
113 365 113 380
113 381 113 396
113 404 120 405
113 412 116 415
113 418 114 425
113 428 128 428
113 429 114 436
114 0 114 15
114 16 114 31
114 32 114 47
114 48 114 63
114 64 114 79
114 80 117 83
114 88 115 95
114 103 114 118
114 119 114 134
114 135 114 150
114 151 114 166
114 167 114 182
114 183 114 198
114 206 114 221
114 256 114 271
114 284 115 291
114 301 115 308
114 312 114 327
114 365 114 380
114 381 114 395
115 0 115 15
115 16 115 31
115 32 115 47
115 48 115 63
115 64 115 79
115 103 115 118
115 119 115 134
115 135 115 150
115 151 115 166
115 167 115 182
115 183 115 198
115 206 115 221
115 224 116 231
115 232 118 235
115 248 115 263
115 264 115 279
115 312 115 327
115 333 116 340
115 341 118 344
115 354 115 369
115 370 115 385
115 386 116 393
115 394 122 395
114 396 129 396
115 407 118 410
115 418 116 425
115 426 122 427
115 429 116 436
116 0 116 15
116 16 116 31
116 32 116 47
116 48 116 63
116 64 116 79
116 88 117 95
116 96 119 99
116 103 116 118
116 119 116 134
116 135 116 150
116 151 116 166
116 167 116 182
116 183 116 198
116 199 119 202
116 204 116 219
116 220 123 221
116 248 116 263
116 264 116 279
116 284 117 291
116 294 119 297
116 301 117 308
116 312 116 327
116 328 119 331
116 354 116 369
116 370 116 385
116 437 119 440
116 441 123 442
117 0 117 15
117 16 117 31
117 32 117 47
117 48 118 55
117 56 117 71
117 72 118 79
117 84 120 87
117 103 117 118
117 119 117 134
117 135 117 150
117 151 117 166
117 167 117 182
117 183 120 186
117 187 124 188
117 189 124 190
117 191 124 192
117 193 124 194
117 195 120 198
117 204 117 219
117 224 118 231
117 237 118 244
117 248 117 263
117 264 117 279
117 280 120 283
117 312 117 327
117 333 118 340
117 354 117 369
117 370 117 385
117 386 118 393
117 400 120 403
117 412 120 415
117 418 118 425
117 429 118 436
118 0 118 15
118 16 118 31
118 32 118 47
118 56 118 71
118 80 121 83
118 88 119 95
118 103 118 118
118 119 118 134
118 135 118 150
118 151 118 166
118 167 118 182
118 204 118 219
118 248 118 263
118 264 118 279
118 284 119 291
118 301 121 304
118 305 121 308
118 312 118 327
118 349 133 349
118 354 118 369
118 370 118 385
119 0 126 1
119 2 119 17
119 18 119 33
119 34 119 49
119 50 119 65
119 66 120 73
119 74 122 77
119 78 126 79
119 103 119 118
119 119 119 134
119 135 119 150
119 151 119 166
119 167 119 182
119 204 119 219
119 224 120 231
119 232 122 235
119 237 119 252
119 253 119 268
119 269 120 276
119 277 134 277
119 278 126 279
119 299 126 300
119 312 119 327
119 333 120 340
119 341 122 344
119 345 134 345
119 350 134 350
119 354 119 369
119 370 119 385
119 386 120 393
119 397 134 397
119 398 134 398
119 407 122 410
119 411 134 411
119 418 120 425
119 429 120 436
120 2 120 17
120 18 120 33
120 34 120 49
120 50 120 65
120 88 120 103
120 104 120 119
120 120 120 135
120 136 120 151
120 152 120 167
120 168 121 175
120 176 123 179
120 180 127 181
120 182 135 182
120 199 123 202
120 204 121 211
120 212 121 219
120 222 127 223
120 236 120 251
120 252 120 267
120 268 135 268
120 284 121 291
120 292 123 295
120 296 127 297
120 309 120 324
120 325 121 332
120 346 127 347
120 348 135 348
120 351 135 351
120 353 120 368
120 369 120 384
120 385 135 385
120 416 127 417
120 437 123 440
121 2 121 17
121 18 121 33
121 34 121 49
121 50 121 65
121 66 122 73
121 84 121 99
121 100 121 115
121 116 121 131
121 132 121 147
121 148 121 163
121 164 124 167
121 183 124 186
121 195 124 198
121 224 122 231
121 236 121 251
121 252 122 259
121 260 124 263
121 264 124 267
121 269 122 276
121 280 124 283
121 309 121 324
121 333 122 340
121 352 121 367
121 368 121 383
121 384 136 384
121 386 124 389
121 390 124 393
121 400 124 403
121 404 128 405
121 406 136 406
121 412 124 415
121 418 122 425
121 429 122 436
122 2 125 5
122 6 122 21
122 22 122 37
122 38 122 53
122 54 123 61
122 62 125 65
122 80 122 95
122 96 122 111
122 112 122 127
122 128 122 143
122 144 122 158
126 160 137 160
122 159 125 162
122 163 137 163
122 168 123 175
122 204 122 219
122 236 122 251
122 284 123 291
122 301 122 316
122 317 122 332
122 352 122 367
122 368 122 383
123 6 123 21
123 22 123 37
123 38 123 53
123 66 126 69
123 70 124 77
123 80 123 95
123 96 123 111
123 112 123 127
123 128 123 143
123 144 126 147
123 148 126 151
123 152 126 155
123 156 130 157
123 158 138 158
123 204 123 219
123 224 123 239
123 240 126 243
123 244 123 259
123 269 124 276
123 301 123 316
123 317 123 332
123 333 124 340
123 341 126 344
123 352 123 367
123 368 123 383
123 394 130 395
123 407 126 410
123 418 124 425
123 426 130 427
123 429 124 436
124 6 124 21
124 22 124 37
124 38 124 53
124 54 125 61
124 80 124 95
124 96 124 111
124 112 124 127
124 128 124 143
124 168 125 175
124 176 127 179
124 199 124 214
124 215 127 217
124 219 131 220
124 221 139 221
124 224 124 239
124 244 125 251
124 252 125 259
124 284 125 291
124 292 127 295
124 301 124 316
124 317 124 332
124 352 124 367
124 368 124 383
124 437 126 441
124 442 138 442
125 6 125 21
125 22 125 37
125 38 125 53
125 70 126 77
125 80 125 95
125 96 125 111
125 112 125 127
125 128 125 143
125 164 128 167
125 183 125 198
125 199 125 214
125 224 125 239
125 260 126 267
125 269 126 276
125 280 128 283
125 301 125 316
125 317 125 332
125 333 126 340
125 352 125 367
125 368 125 383
125 386 126 393
125 400 128 403
125 412 128 415
125 418 126 425
125 429 126 436
126 2 126 17
126 18 126 33
126 34 126 49
126 50 126 65
126 80 126 95
126 96 126 111
126 112 126 127
126 128 126 143
126 159 141 159
126 161 141 161
126 162 141 162
126 168 127 175
126 183 126 198
126 199 126 214
126 224 126 239
126 244 126 259
126 284 127 291
126 301 126 316
126 317 126 332
126 352 126 367
126 368 126 383
127 0 127 15
127 16 127 31
127 32 127 47
127 48 127 63
127 64 127 79
127 80 127 95
127 96 127 111
127 112 127 127
127 128 127 143
127 144 128 151
127 152 130 155
127 183 127 198
127 199 128 206
127 207 128 214
127 224 127 239
127 240 128 247
127 248 127 263
127 264 130 267
127 269 128 276
127 278 134 279
127 299 127 314
127 315 127 330
127 331 128 338
127 339 130 342
127 343 134 344
127 352 127 367
127 368 127 383
127 386 130 389
127 390 134 391
127 392 134 393
127 399 142 399
127 407 130 410
127 418 130 421
127 422 130 425
127 429 128 436
127 437 134 438
127 439 134 440
127 441 142 441
128 0 128 15
128 16 128 31
128 32 128 47
128 48 128 63
128 64 128 79
128 80 128 95
128 96 128 111
128 112 128 127
128 128 128 143
128 168 129 175
128 176 131 179
128 180 135 181
128 183 128 198
128 215 131 217
128 222 128 237
128 238 135 239
128 248 128 263
128 284 128 299
128 300 128 315
128 316 129 323
128 324 131 327
128 328 135 329
128 330 142 330
128 346 135 347
128 352 128 367
128 368 128 383
128 416 135 417
129 0 129 15
129 16 129 31
129 32 129 47
129 48 129 63
129 64 129 79
129 80 129 95
129 96 129 111
129 112 129 127
129 128 130 135
129 136 129 151
129 164 132 167
129 183 129 198
129 199 129 214
129 222 129 237
129 240 129 255
129 256 130 263
129 269 130 276
129 280 129 295
129 296 129 311
129 312 132 315
129 331 130 338
129 352 129 367
129 368 129 383
129 400 132 403
129 404 136 405
129 412 132 415
129 428 130 435
129 436 144 436
130 0 133 3
130 4 130 19
130 20 130 35
130 36 130 51
130 52 130 67
130 68 130 83
130 84 130 99
130 100 130 115
130 116 131 123
130 124 133 127
130 136 130 151
130 168 133 171
130 172 133 175
130 183 130 198
130 199 130 214
130 222 130 237
130 240 130 255
130 280 130 295
130 296 130 311
130 316 131 323
130 352 130 367
130 368 130 383
130 396 144 396
131 4 131 19
131 20 131 35
131 36 131 51
131 52 131 67
131 68 131 83
131 84 131 99
131 100 131 115
131 128 131 143
131 144 132 151
131 152 134 155
131 156 138 157
131 183 131 198
131 199 131 214
131 222 131 237
131 240 131 255
131 256 132 263
131 264 134 267
131 269 132 276
131 280 131 295
131 296 131 311
131 331 132 338
131 339 134 342
131 352 138 353
131 354 131 369
131 370 132 377
131 378 134 381
131 382 138 383
131 386 134 389
131 394 138 395
131 407 134 410
131 418 131 433
131 434 138 435
132 4 132 19
132 20 132 35
132 36 132 51
132 52 133 59
132 60 132 75
132 76 132 91
132 92 132 107
132 108 132 123
132 128 132 143
132 176 135 179
132 183 132 198
132 199 132 214
132 215 135 217
132 219 139 220
132 222 132 237
132 240 132 255
132 280 132 295
132 296 132 311
132 316 133 323
132 324 135 327
132 354 132 369
132 418 132 433
133 4 133 19
133 20 133 35
133 36 133 51
133 60 133 75
133 76 133 91
133 92 133 107
133 108 133 123
133 128 133 143
133 144 134 151
133 164 136 167
133 183 133 198
133 199 133 214
133 222 133 237
133 240 133 255
133 256 134 263
133 269 134 276
133 280 133 295
133 296 133 311
133 312 136 315
133 331 134 338
133 354 133 369
133 370 134 377
133 400 136 403
133 412 136 415
133 418 133 433
134 0 134 15
134 16 134 31
134 32 134 47
134 48 135 55
134 56 134 71
134 72 134 87
134 88 134 103
134 104 134 119
134 120 134 135
134 136 135 143
134 168 135 175
134 183 134 198
134 199 134 214
134 222 134 237
134 240 134 255
134 280 134 295
134 296 134 311
134 316 135 323
134 349 149 349
134 354 134 369
134 418 134 433
135 0 135 15
135 16 135 31
135 32 135 47
135 56 135 71
135 72 136 79
135 80 135 95
135 96 135 111
135 112 135 127
135 128 136 135
135 144 136 151
135 152 138 155
135 183 135 198
135 199 135 214
135 222 135 237
135 240 135 255
135 256 136 263
135 264 138 267
135 269 135 284
135 285 135 300
135 301 138 304
135 305 150 305
135 306 150 306
135 307 138 310
135 311 150 311
135 331 136 338
135 339 138 342
135 343 142 344
135 345 150 345
135 350 150 350
135 354 135 369
135 370 136 377
135 378 138 381
135 386 136 393
135 397 142 398
135 407 138 410
135 411 150 411
135 418 135 433
135 437 138 440
136 0 136 15
136 16 136 31
136 32 136 47
136 48 136 63
136 64 137 71
136 80 136 95
136 96 136 111
136 112 136 127
136 136 137 143
136 168 136 183
136 184 136 199
136 200 136 215
136 216 143 217
124 218 139 218
136 222 136 237
136 238 136 253
136 254 151 254
136 255 151 255
136 268 136 283
136 284 136 299
136 300 151 300
136 316 139 319
136 320 137 327
136 328 143 329
136 346 143 347
136 348 151 348
136 351 151 351
136 354 136 369
136 385 151 385
136 416 136 431
136 432 143 433
137 0 137 15
137 16 137 31
137 32 137 47
137 48 137 63
137 72 137 87
137 88 137 103
137 104 137 119
137 120 137 135
137 144 138 151
137 164 137 179
137 180 137 195
137 196 138 203
137 204 138 211
137 212 140 215
137 222 137 237
137 238 137 253
137 256 140 259
137 260 140 263
137 268 137 283
137 284 138 291
137 292 140 295
137 296 144 297
137 298 144 299
137 312 140 315
137 331 138 338
137 354 137 369
137 370 138 377
137 384 152 384
137 386 138 393
137 400 140 403
137 404 144 405
137 406 152 406
137 412 137 427
137 428 140 431
138 0 138 15
138 16 138 31
138 32 138 47
138 48 138 63
138 64 138 79
138 80 139 87
138 88 138 103
138 104 138 119
138 120 138 135
138 136 139 143
138 160 153 160
138 163 138 178
138 179 138 194
138 195 153 195
138 222 138 237
138 238 138 253
138 268 138 283
138 320 139 327
138 354 138 369
138 412 138 427
139 0 139 15
139 16 140 23
139 24 139 39
139 40 139 55
139 56 139 71
139 72 154 72
139 73 142 76
139 77 146 78
139 79 154 79
139 88 139 103
139 104 139 119
139 120 139 135
139 144 140 151
139 152 142 155
139 156 146 157
139 158 154 158
139 163 139 178
139 179 140 186
139 187 140 194
139 196 140 203
139 204 140 211
139 222 139 237
139 238 139 253
139 264 139 279
139 280 140 287
139 288 142 291
139 301 142 304
139 307 142 310
139 331 140 338
139 339 142 342
139 352 139 367
139 368 139 383
139 386 140 393
139 394 146 395
139 407 142 410
139 412 139 427
139 434 144 435
139 437 142 440
140 0 143 3
140 4 147 5
140 6 141 13
140 14 147 15
140 24 140 39
140 40 140 55
140 56 140 71
140 80 140 95
140 96 140 111
140 112 140 127
140 128 140 143
140 163 140 178
140 218 140 233
140 234 140 249
140 250 155 250
140 251 144 253
140 264 140 279
140 316 141 323
140 324 143 327
140 352 140 367
140 368 140 383
140 412 140 427
139 442 154 442
141 16 141 31
141 32 142 39
141 40 141 55
141 56 141 71
141 80 141 95
141 96 141 111
141 112 141 127
141 128 141 143
141 144 148 145
141 146 144 149
141 150 148 151
141 163 141 178
141 179 141 194
141 196 141 211
141 212 144 215
141 218 141 233
141 234 141 249
141 256 141 271
141 272 141 287
141 292 144 295
141 312 144 315
141 331 142 338
141 352 141 367
141 368 141 383
141 386 142 393
141 400 148 401
141 402 148 403
141 412 141 427
141 428 144 431
142 6 143 13
142 16 142 31
142 40 142 55
142 56 142 71
142 80 142 95
142 96 142 111
142 112 142 127
142 128 142 143
142 159 157 159
142 161 142 176
142 177 142 192
142 193 149 194
142 196 142 211
142 218 142 233
142 234 142 249
142 256 142 271
142 272 142 287
142 316 143 323
142 352 142 367
142 368 142 383
142 412 142 427
143 16 143 31
143 32 143 47
143 48 143 63
143 64 144 71
143 73 146 76
143 80 143 95
143 96 143 111
143 112 143 127
143 128 143 143
143 152 146 155
143 161 143 176
143 177 143 192
143 196 143 211
143 218 143 233
143 234 143 249
143 256 143 271
143 272 143 287
143 288 146 291
143 301 146 304
143 307 146 310
143 331 144 338
143 339 146 342
143 343 150 344
143 352 143 367
143 368 143 383
143 386 144 393
143 397 150 398
143 399 158 399
143 407 146 410
143 412 144 419
143 420 146 423
143 424 158 424
143 425 150 426
143 427 158 427
143 437 146 440
143 441 158 441
144 0 147 3
144 6 145 13
144 16 144 31
144 32 144 47
144 48 144 63
144 80 144 95
144 96 144 111
144 112 144 127
144 128 144 143
144 161 144 176
144 177 144 192
144 196 144 211
144 216 145 223
144 224 144 239
144 240 145 247
144 248 151 249
144 256 144 271
144 272 144 287
144 316 145 323
144 324 147 327
144 328 151 329
143 330 158 330
144 346 151 347
144 352 144 367
144 368 144 383
144 432 159 432
145 16 145 31
145 32 145 47
145 48 145 63
145 64 146 71
145 80 145 95
145 96 145 111
145 112 145 127
145 128 145 143
145 146 148 149
145 161 145 176
145 177 148 180
145 181 146 188
145 189 148 192
145 196 145 211
145 212 148 215
145 224 145 239
145 251 160 251
145 252 152 253
145 256 145 271
145 272 145 287
145 292 146 299
145 312 148 315
145 331 146 338
145 352 146 359
145 360 145 375
145 376 146 383
145 386 146 393
145 404 152 405
145 412 146 419
145 428 148 431
145 433 148 436
146 6 147 13
146 16 147 23
146 24 146 39
146 40 146 55
146 56 147 63
146 80 146 95
146 96 146 111
146 112 147 119
146 120 146 135
146 136 147 143
146 161 146 176
146 196 146 211
146 216 147 223
146 224 147 231
146 232 146 247
146 256 146 271
146 272 147 279
146 280 147 287
146 316 147 323
146 360 146 375
145 396 160 396
147 24 147 39
147 40 147 55
147 64 148 71
147 73 150 76
147 77 154 78
147 80 147 95
147 96 147 111
147 120 147 135
147 152 150 155
147 156 154 157
147 161 147 176
147 181 148 188
147 196 147 211
147 232 147 247
147 256 148 263
147 264 148 271
147 288 148 295
147 296 150 299
147 301 150 304
147 307 150 310
147 331 148 338
147 339 150 342
147 352 147 367
147 368 147 383
147 386 148 393
147 394 154 395
147 407 150 410
147 412 150 415
147 416 148 423
147 437 150 440
148 0 148 15
148 16 148 31
148 32 148 47
148 48 149 55
148 56 149 63
148 80 148 95
148 96 148 111
148 112 148 127
148 128 148 143
148 161 148 176
148 196 148 211
148 216 148 231
148 232 148 247
148 272 148 287
148 316 149 323
148 324 151 327
148 352 148 367
148 368 148 383
149 0 149 15
149 16 149 31
149 32 150 39
149 40 152 43
149 44 152 47
149 64 150 71
149 80 149 95
149 96 149 111
149 112 149 127
149 128 149 143
149 144 150 151
149 161 149 176
149 177 149 192
149 196 149 211
149 212 149 227
149 228 149 243
149 244 152 247
149 256 149 271
149 272 149 287
149 288 150 295
149 312 152 315
149 331 150 338
149 352 149 367
149 368 149 383
149 386 150 393
149 400 152 403
149 416 150 423
149 428 152 431
149 433 152 436
150 0 150 15
150 16 150 31
150 48 150 63
150 80 150 95
150 96 150 111
150 112 150 127
150 128 150 143
150 161 150 176
150 177 150 192
150 193 157 194
150 196 150 211
150 212 150 227
150 228 150 243
150 256 150 271
150 272 150 287
150 316 151 323
150 349 165 349
150 352 150 367
150 368 150 383
151 0 151 15
151 16 151 31
151 32 152 39
151 48 151 63
151 64 152 71
151 73 154 76
151 80 151 95
151 96 151 111
151 112 151 127
151 128 151 143
151 144 152 151
151 152 158 153
151 154 158 155
151 161 151 176
151 177 151 192
151 196 151 211
151 212 151 227
151 228 151 243
151 256 152 263
151 264 151 279
151 280 151 295
151 296 154 299
151 301 152 308
151 309 158 310
151 311 166 311
151 331 152 338
151 339 154 342
151 343 158 344
151 345 166 345
151 350 166 350
151 352 151 367
151 368 151 383
151 386 152 393
151 397 158 398
151 407 151 422
151 423 166 423
151 425 158 426
151 437 154 440
152 0 152 15
152 16 152 31
152 48 152 63
152 80 152 95
152 96 152 111
152 112 152 127
152 128 152 143
152 161 152 176
152 177 152 192
152 196 152 211
152 212 152 227
152 228 152 243
152 248 159 249
152 254 159 255
152 264 153 271
152 272 152 287
152 288 153 295
152 300 167 300
152 316 153 323
152 324 155 327
152 328 159 329
152 346 159 347
152 348 167 348
152 351 153 358
152 359 152 374
152 375 153 382
152 383 167 383
152 385 167 385
152 407 152 421
153 0 153 15
153 16 153 31
153 32 153 47
153 48 153 63
153 64 154 71
153 80 153 95
153 96 153 111
153 112 153 127
153 128 153 143
153 144 154 151
153 161 153 176
153 177 153 192
153 196 153 211
153 212 153 227
153 228 156 231
153 232 154 239
153 240 156 243
153 244 156 247
153 252 160 253
153 256 154 263
153 272 153 287
153 301 154 308
153 312 156 315
153 331 154 338
153 359 153 374
153 384 167 384
153 386 154 393
153 400 153 415
153 416 156 419
153 420 160 421
152 422 167 422
153 428 156 431
153 433 156 436
154 0 154 15
154 16 154 31
154 32 154 47
154 48 155 55
154 56 155 63
154 80 154 95
154 96 154 111
154 112 154 127
154 128 154 143
154 160 154 175
154 176 154 191
154 192 169 192
154 195 154 210
154 211 154 226
154 227 169 227
154 264 154 279
154 280 154 295
154 316 157 318
154 319 157 322
154 323 169 323
154 351 154 366
154 367 154 382
154 400 154 415
155 0 155 15
155 16 155 31
155 32 155 47
155 64 155 79
155 80 155 95
155 96 155 111
155 112 155 127
155 128 155 143
155 144 156 151
155 156 162 157
155 158 170 158
155 160 155 175
155 176 155 191
155 195 155 210
155 211 155 226
155 232 156 239
155 256 155 271
155 272 155 287
155 288 156 295
155 296 158 299
155 301 156 308
155 331 156 338
155 339 158 342
155 351 155 366
155 367 155 382
155 386 156 393
155 394 162 395
155 400 155 415
155 437 158 440
155 442 170 442
156 0 156 15
156 16 156 31
156 32 156 47
156 48 159 51
156 52 156 67
156 68 156 83
156 84 156 99
156 100 156 115
156 116 156 131
156 132 159 135
156 136 157 143
156 160 156 175
156 176 156 191
156 195 156 210
156 211 156 226
156 250 171 250
156 256 156 271
156 272 156 287
156 324 159 327
156 351 157 358
156 359 157 366
156 367 156 382
156 400 156 415
157 0 157 15
157 16 157 31
157 32 157 47
157 52 158 59
157 60 158 67
157 68 158 75
157 76 157 91
157 92 157 107
157 108 157 123
157 124 158 131
157 144 158 151
157 160 157 175
157 176 157 191
157 195 157 210
157 211 157 226
157 228 157 243
157 244 160 247
157 256 157 271
157 272 157 287
157 288 158 295
157 301 158 308
157 312 160 315
157 331 160 334
157 335 160 338
157 367 157 382
157 386 158 393
157 400 157 415
157 416 160 419
157 428 160 431
157 433 160 436
158 0 158 15
158 16 159 23
158 24 158 39
158 40 159 47
158 76 158 91
158 92 158 107
158 108 158 123
158 136 159 143
158 159 158 174
158 175 158 190
158 191 173 191
158 193 158 208
158 209 158 224
158 225 165 226
158 228 158 243
158 256 158 271
158 272 158 287
158 316 161 319
158 320 165 321
158 322 173 322
158 351 158 366
158 367 158 382
158 400 158 415
159 0 159 15
159 24 159 39
159 52 159 67
159 68 159 83
159 84 159 99
159 100 159 115
159 116 159 131
159 144 160 151
159 152 162 155
159 159 159 174
159 175 159 190
159 193 159 208
159 209 159 224
159 228 159 243
159 256 159 271
159 272 159 287
159 288 160 295
159 296 162 299
159 301 160 308
159 309 166 310
159 330 174 330
159 339 162 342
159 343 166 344
159 351 159 366
159 367 159 382
159 386 160 393
159 397 159 412
159 413 166 414
159 415 173 415
159 424 162 427
159 437 162 440
159 441 174 441
160 0 160 15
160 16 160 31
160 32 160 47
160 48 160 63
160 64 160 79
160 80 160 95
160 96 160 111
160 112 160 127
160 128 160 143
160 159 160 174
160 175 160 190
160 193 161 200
160 201 161 208
160 209 160 224
160 228 160 243
160 248 167 249
160 254 160 269
160 270 160 284
160 286 167 287
160 324 163 327
160 328 167 329
160 346 167 347
160 351 160 366
160 367 161 374
160 375 161 382
160 397 161 404
160 405 161 412
160 432 175 432
161 0 161 15
161 16 161 31
161 32 161 47
161 48 161 63
161 64 161 79
161 80 161 95
161 96 161 111
161 112 161 127
161 128 161 143
161 144 162 151
161 159 161 174
161 175 164 178
161 179 168 180
161 181 168 182
161 183 162 190
161 209 161 224
161 228 161 243
161 244 164 247
161 251 161 266
161 267 162 274
161 275 162 282
161 283 168 284
160 285 175 285
161 288 162 295
161 301 168 302
161 303 164 306
161 307 168 308
161 312 164 315
161 331 162 338
161 351 161 366
161 386 162 393
161 396 176 396
161 416 164 419
161 420 176 420
161 421 176 421
161 428 164 431
161 433 164 436
162 0 162 15
162 16 162 31
162 32 162 47
162 48 162 63
162 64 162 79
162 80 162 95
162 96 162 111
162 112 162 127
162 128 162 143
162 159 162 174
162 193 162 208
162 209 162 224
162 228 162 243
162 251 162 266
162 316 165 319
162 351 162 366
162 367 163 374
162 375 165 378
162 379 165 382
162 397 162 412
163 0 163 15
163 16 163 31
163 32 163 47
163 48 163 63
163 64 163 79
163 80 163 95
163 96 163 111
163 112 163 127
163 128 166 131
163 132 163 147
163 148 164 155
163 156 170 157
163 159 164 166
163 167 166 169
163 170 170 171
163 172 178 172
163 173 178 173
163 174 178 174
163 183 164 190
163 193 163 208
163 209 163 224
163 228 166 231
163 232 164 239
163 240 166 243
163 251 163 266
163 267 163 282
163 288 164 295
163 296 166 299
163 331 164 338
163 339 166 342
163 351 163 366
163 386 166 389
163 390 170 391
163 392 166 395
163 397 163 412
163 424 166 427
163 437 166 440
164 0 164 15
164 16 164 31
164 32 167 35
164 36 164 51
164 52 171 53
164 54 179 54
164 55 179 55
164 56 164 71
164 72 164 87
164 88 164 103
164 104 164 119
164 120 165 127
164 132 165 139
164 140 165 147
164 193 164 208
164 209 164 224
164 251 164 266
164 267 171 268
164 269 167 272
164 273 167 276
164 277 167 280
164 281 171 282
164 324 167 327
164 351 164 366
164 367 165 374
164 397 164 412
165 0 165 15
165 16 165 31
165 36 165 51
165 56 165 71
165 72 165 87
165 88 165 103
165 104 165 119
165 148 166 155
165 159 166 166
165 175 168 178
165 183 172 184
165 185 168 188
165 189 172 190
165 193 165 208
165 209 166 216
165 217 166 224
165 232 166 239
165 244 168 247
165 251 165 266
165 288 166 295
165 303 180 303
165 304 180 304
165 305 172 306
165 312 168 315
165 331 166 338
165 351 165 366
165 397 165 412
165 416 168 419
165 428 168 431
165 433 168 436
166 0 166 15
166 16 166 31
166 36 166 51
166 56 166 71
166 72 173 73
166 74 166 89
166 90 166 105
166 106 166 121
166 122 169 125
166 126 173 127
166 132 166 147
166 193 166 208
166 225 173 226
166 251 166 266
166 316 169 319
166 320 173 321
166 349 181 349
166 351 166 366
166 367 166 382
166 397 166 412
167 0 167 15
167 16 167 31
167 36 167 51
167 56 167 71
167 74 167 89
167 90 167 105
167 106 167 121
167 128 167 143
167 144 168 151
167 152 170 155
167 159 168 166
167 167 182 167
167 168 174 169
167 193 167 208
167 209 167 224
167 228 167 243
167 251 167 266
167 288 168 295
167 296 170 299
167 309 174 310
167 311 182 311
167 331 168 338
167 339 170 342
167 343 174 344
167 345 182 345
167 350 167 365
167 366 170 369
167 370 170 373
167 374 168 381
167 382 182 382
167 386 170 389
167 392 170 395
167 397 167 412
167 413 174 414
167 423 170 426
167 427 182 427
167 437 170 440
168 0 168 15
168 16 168 31
168 32 168 47
168 48 171 51
168 56 169 63
168 64 169 71
168 74 168 89
168 90 168 105
168 106 168 121
168 128 168 143
168 193 168 208
168 209 169 216
168 217 169 224
168 228 168 243
168 248 175 249
168 251 168 266
168 269 169 276
168 277 171 280
168 286 175 287
168 300 183 300
168 324 171 327
168 328 175 329
168 346 175 347
168 348 183 348
168 350 168 365
168 383 183 383
168 384 175 385
168 397 168 412
168 422 183 422
169 0 169 15
169 16 169 31
169 32 169 47
169 74 169 89
169 90 169 105
169 106 169 121
169 128 169 143
169 144 170 151
169 159 170 166
169 175 172 178
169 179 184 179
169 180 176 181
169 182 184 182
169 185 172 188
169 193 169 208
169 228 169 243
169 244 172 247
169 251 169 266
169 283 176 284
169 288 170 295
169 301 176 302
169 307 176 308
169 312 176 313
169 314 176 315
169 331 170 338
169 350 169 365
169 374 170 381
169 397 169 412
169 416 172 419
169 428 172 431
169 433 172 436
170 0 171 7
170 8 170 23
170 24 170 39
170 40 171 47
170 56 170 71
170 74 170 89
170 90 171 97
170 98 171 105
170 106 170 121
170 122 173 125
170 128 170 143
170 192 171 199
170 200 171 207
170 208 170 223
170 224 185 224
170 227 170 242
170 243 185 243
170 251 170 266
170 269 171 276
170 316 173 319
170 323 185 323
170 350 170 365
170 397 170 412
171 8 171 23
171 24 178 25
171 26 172 33
171 34 174 37
171 38 178 39
171 56 171 71
171 74 171 89
171 106 171 121
171 128 171 143
171 144 171 159
171 160 174 163
171 164 178 165
171 166 186 166
171 170 178 171
171 208 171 223
171 227 171 242
171 251 171 266
171 288 172 295
171 296 174 299
171 331 172 338
171 339 174 342
171 350 172 357
171 358 171 373
171 374 172 381
171 386 172 393
171 394 178 395
171 397 171 412
171 423 178 424
171 425 178 426
171 437 174 440
171 442 186 442
172 0 172 15
172 16 175 19
172 20 175 23
172 40 173 47
172 48 175 51
172 52 179 53
172 56 172 71
172 74 172 89
172 90 172 105
172 106 172 121
172 128 172 143
172 144 172 159
172 192 172 207
172 208 172 223
172 227 172 242
172 250 172 265
172 266 172 281
172 282 186 282
172 324 175 327
172 358 172 373
172 397 172 412
173 0 174 7
173 8 174 15
173 26 176 29
173 30 176 33
173 56 173 71
173 74 174 81
173 82 173 97
173 98 173 113
173 114 174 121
173 128 173 143
173 144 173 159
173 175 176 178
173 183 174 190
173 192 173 207
173 208 173 223
173 227 173 242
173 244 176 247
173 250 173 265
173 266 173 281
173 288 174 295
173 305 180 306
173 331 174 338
173 350 173 365
173 366 173 381
173 386 174 393
173 397 176 399
173 401 180 402
173 403 188 403
173 404 176 407
173 408 176 411
173 412 188 412
173 416 176 419
173 428 176 431
173 433 176 436
174 40 175 47
174 56 174 71
174 72 181 73
174 82 174 97
174 98 174 113
174 122 174 137
174 138 174 153
174 154 177 157
174 158 181 159
174 191 174 206
174 207 174 222
174 223 189 223
174 225 174 240
174 241 181 242
174 250 174 265
174 266 174 281
174 316 177 319
174 320 181 321
174 322 188 322
174 350 174 365
174 366 174 381
175 0 175 15
175 34 178 37
175 56 175 71
175 74 175 89
175 90 175 105
175 106 175 121
175 122 175 137
175 138 175 153
175 160 178 163
175 168 182 169
175 183 176 190
175 191 175 206
175 207 175 222
175 225 175 240
175 250 175 265
175 266 175 281
175 288 176 295
175 296 178 299
175 309 182 310
175 330 176 337
175 338 178 341
175 342 182 343
175 344 190 344
175 350 176 357
175 358 175 373
175 374 176 381
175 386 176 393
175 413 181 414
174 415 189 415
175 437 178 440
175 441 190 441
176 0 176 15
176 16 177 23
176 40 177 47
176 48 179 51
176 56 176 71
176 74 176 89
176 90 176 105
176 106 176 121
176 122 176 137
176 138 176 153
176 191 176 206
176 207 176 222
176 225 176 240
176 248 176 263
176 264 176 279
176 280 183 281
176 285 183 286
176 287 191 287
176 324 179 327
176 328 191 328
176 329 191 329
176 346 183 347
176 358 176 373
176 384 183 385
176 432 191 432
177 0 177 15
177 26 178 33
177 56 177 71
177 74 177 89
177 90 177 105
177 106 177 121
177 122 177 137
177 138 177 153
177 175 180 178
177 180 184 181
177 183 177 198
177 199 177 214
177 215 178 222
177 225 177 240
177 244 177 259
177 260 177 275
177 276 180 279
177 283 184 284
177 288 178 295
177 301 184 302
177 307 184 308
177 312 180 315
177 330 178 337
177 350 177 365
177 366 177 381
177 386 178 393
177 396 180 399
173 400 188 400
177 404 178 411
177 416 180 419
177 420 184 421
177 428 180 431
177 433 180 436
178 0 178 15
178 16 179 23
178 40 179 47
178 56 178 71
178 74 178 89
178 90 178 105
178 106 178 121
178 122 178 137
178 138 178 153
178 154 185 155
178 156 185 157
178 183 178 198
178 199 178 214
178 225 178 240
178 244 178 259
178 260 178 275
178 316 181 319
178 350 178 365
178 366 178 381
179 0 180 7
179 8 186 9
179 10 182 13
179 14 186 15
179 24 179 39
179 56 182 59
179 60 186 61
179 62 180 69
179 70 186 71
179 74 186 75
179 76 179 91
179 92 179 107
179 108 180 115
179 116 179 131
179 132 179 147
179 148 182 151
179 152 186 153
179 160 182 163
179 164 186 165
179 170 182 173
179 174 194 174
179 183 179 198
179 199 179 214
179 215 180 222
179 225 179 240
179 244 179 259
179 260 179 275
179 288 180 295
179 296 182 299
179 330 180 337
179 338 182 341
179 350 179 365
179 366 180 373
179 374 180 381
179 386 180 393
179 394 186 395
179 404 180 411
179 423 182 426
179 437 186 438
179 439 186 440
180 16 180 31
180 32 180 47
180 48 181 55
180 76 180 91
180 92 180 107
180 116 180 131
180 132 180 147
180 183 180 198
180 199 181 206
180 207 181 214
180 225 180 240
180 244 180 259
180 260 180 275
180 324 183 327
180 350 180 365
181 0 182 7
181 16 181 31
181 32 181 47
181 62 182 69
181 76 181 91
181 92 181 107
181 108 181 123
181 124 181 139
181 140 182 147
181 175 184 178
181 183 181 198
181 215 182 222
181 225 181 240
181 244 181 259
181 260 181 275
181 276 184 279
181 288 182 295
181 303 184 306
181 312 188 313
181 314 188 315
181 330 182 337
181 350 181 365
181 366 181 381
181 386 182 393
181 396 196 396
181 398 188 399
181 401 188 402
181 404 182 411
181 416 184 419
181 428 184 431
181 433 184 436
182 16 182 31
182 32 183 39
182 40 182 55
182 72 189 73
182 76 182 91
182 92 182 107
182 108 182 123
182 124 182 139
182 158 189 159
182 183 182 198
182 199 182 214
182 225 182 240
182 241 189 242
182 244 182 259
182 260 182 275
182 316 185 319
182 320 189 321
182 349 182 364
182 365 182 380
182 381 197 381
183 0 184 7
183 10 186 13
183 16 183 31
183 40 183 55
183 56 186 59
183 62 184 69
183 76 183 91
183 92 183 107
183 108 183 123
183 124 183 139
183 140 186 143
183 144 184 151
183 160 186 163
183 167 186 170
183 171 190 172
183 173 198 173
183 183 183 198
183 199 183 214
183 215 184 222
183 225 183 240
183 244 183 259
183 260 183 275
183 288 184 295
183 296 186 299
183 309 190 310
183 311 198 311
183 330 184 337
183 338 186 341
183 342 190 343
183 345 198 345
183 349 183 364
183 365 183 380
183 382 198 382
183 386 184 393
183 397 198 397
183 404 184 411
182 413 189 414
183 423 186 426
183 427 198 427
184 16 184 31
184 32 184 47
184 48 185 55
184 76 184 91
184 92 184 107
184 108 184 123
184 124 184 139
184 183 184 198
184 199 185 206
184 207 185 214
184 225 184 240
184 244 184 259
184 260 184 275
184 280 199 280
184 281 199 281
184 285 191 286
184 300 199 300
184 324 187 327
184 346 184 361
184 362 185 369
184 370 185 377
184 378 191 379
184 380 199 380
184 383 191 384
184 385 199 385
184 422 199 422
185 0 186 7
185 16 185 31
185 32 185 47
185 62 186 69
185 76 185 91
185 92 185 107
185 108 185 123
185 124 185 139
185 144 186 151
185 175 185 190
185 191 186 198
185 215 186 222
185 225 185 240
185 244 185 259
185 260 185 275
185 276 188 279
185 283 192 284
185 288 186 295
185 301 186 308
185 330 186 337
185 346 186 353
185 354 186 361
185 386 186 393
185 404 186 411
185 416 188 419
185 420 192 421
185 428 188 431
185 433 188 436
186 16 186 31
186 32 187 39
186 40 186 55
186 76 187 83
186 84 186 99
186 100 186 115
186 116 186 131
186 132 187 139
186 154 189 157
186 175 186 190
186 199 186 214
186 224 186 239
186 240 201 240
186 243 186 258
186 259 186 274
186 275 201 275
186 316 193 317
186 318 201 318
186 319 201 319
186 323 201 323
186 362 186 377
187 0 187 15
187 16 187 31
187 40 187 55
187 56 187 71
187 74 194 75
187 84 187 99
187 100 187 115
187 116 187 131
187 140 188 147
187 148 190 151
187 152 202 152
187 153 202 153
187 160 188 167
187 168 194 169
187 170 202 170
187 175 187 190
187 191 188 198
187 199 190 202
187 203 190 206
187 207 188 214
187 215 188 222
187 224 187 239
187 243 187 258
187 259 187 274
187 288 188 295
187 296 190 299
187 301 188 308
187 330 188 337
187 338 190 341
187 346 187 361
187 362 187 377
187 386 188 391
193 394 202 394
187 392 189 395
187 404 188 411
187 423 190 426
187 437 190 440
187 442 202 442
188 0 189 7
188 8 195 9
188 10 189 17
188 18 188 33
188 34 188 49
188 50 188 65
188 66 191 69
188 70 195 71
188 76 188 91
188 92 188 107
188 108 188 123
188 124 188 139
188 175 188 190
188 224 188 239
188 243 188 258
188 259 188 274
187 282 202 282
188 324 195 325
188 326 203 326
188 346 188 361
188 362 188 377
189 18 189 33
189 34 189 49
189 50 189 65
189 76 189 91
189 92 189 107
189 108 189 123
189 124 189 139
189 140 190 147
189 160 190 167
189 175 189 190
189 191 190 198
189 207 189 222
189 224 189 239
189 243 190 250
189 251 189 266
189 267 190 274
189 276 196 277
189 278 196 279
189 288 190 295
189 301 190 308
189 312 192 315
189 330 190 337
189 346 189 361
189 362 189 377
189 386 192 389
189 390 204 390
189 391 204 391
189 398 190 405
189 406 192 409
189 410 196 411
189 412 203 412
189 416 192 419
189 428 192 431
189 433 192 436
190 0 191 7
190 10 190 25
190 26 190 41
190 42 190 57
190 58 191 65
190 72 197 73
190 76 190 91
190 92 190 107
190 108 190 123
190 124 190 139
190 154 193 157
190 158 197 159
190 175 190 190
190 207 190 222
190 223 190 238
190 239 205 239
190 241 197 242
190 251 190 266
190 320 197 321
189 322 204 322
190 346 190 361
190 362 190 377
190 413 194 415
191 10 191 25
191 26 191 41
191 42 191 57
191 76 191 91
191 92 191 107
191 108 191 123
191 124 191 139
191 140 192 147
191 148 194 151
191 160 192 167
191 171 198 172
191 175 191 190
191 191 191 206
191 207 191 222
191 223 191 238
191 243 192 250
191 251 191 266
191 267 198 268
191 269 194 272
191 273 198 274
191 288 192 295
191 296 194 299
191 301 192 308
191 309 206 309
191 310 206 310
191 327 206 327
191 330 192 337
191 338 194 341
191 342 198 343
191 344 206 344
191 346 191 361
191 362 191 377
193 392 198 393
190 392 192 395
191 398 192 405
191 423 194 426
191 437 194 440
191 441 206 441
192 0 193 7
192 10 192 25
192 26 192 41
192 42 192 57
192 58 193 65
192 66 195 69
192 76 192 91
192 92 193 99
192 100 192 115
192 116 192 131
192 132 193 139
192 175 192 190
192 191 192 206
192 207 192 222
192 223 192 238
192 251 192 266
192 285 199 286
192 287 207 287
192 328 199 329
192 346 192 361
192 362 192 377
192 378 199 379
192 383 199 384
192 432 207 432
193 10 193 25
193 26 193 41
193 42 193 57
193 76 193 91
193 100 193 115
193 116 193 131
193 140 194 147
193 160 194 167
193 175 193 190
193 191 193 206
193 207 193 222
193 223 193 238
193 243 193 258
193 259 194 266
193 283 200 284
193 288 194 295
193 301 194 308
193 312 196 315
193 330 195 334
193 335 200 336
193 337 208 337
193 346 193 361
193 362 193 377
193 386 196 389
193 398 194 405
193 406 196 409
193 416 196 419
193 420 200 421
193 428 196 431
193 433 196 436
194 0 195 7
194 10 194 25
194 26 194 41
194 42 194 57
194 58 195 65
194 76 195 83
194 84 194 99
194 100 194 115
194 116 194 131
194 132 195 139
194 154 197 157
194 175 194 190
194 191 194 206
194 207 194 222
194 223 194 238
194 243 194 258
194 316 201 317
194 346 194 361
194 362 194 377
194 395 209 395
195 10 195 25
195 26 195 41
195 42 195 57
195 74 202 75
195 84 195 99
195 100 195 115
195 116 195 131
195 140 196 147
195 148 198 151
195 160 196 167
195 168 210 168
195 169 210 169
195 174 195 189
195 190 195 205
195 206 198 209
195 210 195 225
195 226 196 233
195 234 198 237
195 238 210 238
195 243 195 258
195 259 196 266
195 269 198 272
195 288 196 295
195 296 198 299
195 301 196 308
195 338 202 339
195 340 202 341
195 346 195 361
195 362 195 377
195 398 196 405
195 413 202 414
195 415 210 415
195 423 198 426
195 437 198 440
196 0 196 15
196 16 196 31
196 32 196 47
196 48 196 63
196 64 197 71
196 76 196 91
196 92 196 107
196 108 196 123
196 124 196 139
196 174 196 189
196 190 196 205
196 210 196 225
196 243 196 258
196 324 203 325
196 330 199 333
196 334 211 334
196 346 196 361
196 362 196 377
197 0 197 15
197 16 198 23
197 24 197 39
197 40 197 55
197 56 198 63
197 76 197 91
197 92 197 107
197 108 197 123
197 124 197 139
197 140 198 147
197 160 198 167
197 174 197 189
197 190 197 205
197 210 197 225
197 226 198 233
197 243 197 258
197 259 198 266
197 276 200 279
197 288 198 295
197 301 198 308
197 312 200 315
197 346 197 361
197 362 197 377
197 386 200 389
197 396 212 396
197 398 198 405
197 406 200 409
197 410 204 411
197 416 200 419
197 428 200 431
197 433 200 436
198 0 198 15
198 24 198 39
198 40 198 55
198 64 199 71
198 72 205 73
198 76 198 91
198 92 199 99
198 100 199 107
198 108 198 123
198 124 198 139
198 154 201 157
198 158 205 159
198 174 198 189
198 190 198 205
198 210 198 225
198 241 198 256
198 257 205 258
198 320 204 321
198 346 198 361
198 362 199 369
198 370 199 377
198 381 213 381
199 0 199 15
199 16 200 23
199 24 199 39
199 40 199 55
199 56 200 63
199 76 199 91
199 108 199 123
199 124 199 139
199 140 200 147
199 148 202 151
199 160 202 163
199 164 202 167
199 171 199 186
199 187 199 202
199 203 199 218
199 219 199 234
199 235 206 236
199 237 210 237
199 241 199 256
199 259 199 274
199 288 202 291
199 292 200 299
199 301 200 308
199 311 211 311
199 342 206 343
199 345 199 359
199 360 206 361
199 382 213 382
199 392 206 393
199 397 200 404
199 405 214 405
199 423 202 426
199 427 214 427
199 437 202 440
200 0 200 15
200 24 200 39
200 40 200 55
200 64 201 71
200 76 200 91
200 92 200 107
200 108 200 123
200 124 200 139
200 171 200 186
200 187 200 202
200 203 201 210
200 211 200 226
200 227 201 234
200 241 200 256
200 259 200 274
200 280 207 281
200 285 207 286
200 300 214 300
200 328 203 331
200 332 207 333
200 345 201 352
200 353 203 356
200 357 207 358
200 359 215 359
200 362 201 369
200 370 201 377
200 378 207 379
200 380 215 380
200 383 207 384
200 385 215 385
200 422 215 422
201 0 201 15
201 16 201 31
201 32 201 47
201 48 201 63
201 76 201 91
201 92 201 107
201 108 201 123
201 124 201 139
201 140 204 143
201 144 204 147
201 171 201 186
201 187 201 202
201 211 201 226
201 241 201 256
201 259 201 274
201 276 204 279
201 283 208 284
201 292 202 299
201 301 202 308
201 312 204 315
201 335 208 336
201 386 204 389
201 397 208 398
201 399 208 400
201 401 212 401
201 402 208 403
201 404 214 404
201 406 204 409
201 416 204 419
201 420 208 421
201 428 204 431
201 433 204 436
202 0 202 15
202 16 202 31
202 32 202 47
202 48 202 63
202 64 203 71
202 76 202 91
202 92 202 107
202 108 202 123
202 124 202 139
202 154 209 155
202 156 209 157
202 171 202 186
202 187 202 202
202 203 202 218
202 219 202 234
202 240 202 255
202 256 217 256
202 259 202 274
202 275 217 275
202 316 205 319
202 323 215 323
202 345 203 352
202 362 202 377
203 0 203 15
203 16 203 31
203 32 203 47
203 48 203 63
203 74 203 89
203 90 203 105
203 106 203 121
203 122 203 137
203 138 210 139
203 148 206 151
203 152 210 153
203 160 204 167
203 170 203 185
203 186 206 189
203 190 203 205
203 206 203 221
203 222 204 229
203 230 206 233
203 234 217 234
203 240 203 255
203 259 203 274
203 282 218 282
203 288 204 295
203 296 206 299
203 301 204 308
203 338 206 341
203 362 203 377
203 394 218 394
203 413 210 414
203 423 215 423
203 424 218 424
203 425 210 426
203 437 210 438
203 439 210 440
203 442 218 442
204 0 204 15
204 16 204 31
204 32 204 47
204 48 204 63
204 64 205 71
204 74 204 89
204 90 204 105
204 106 204 121
204 122 204 137
204 170 204 185
204 190 205 197
204 198 205 205
204 206 204 221
204 240 204 255
204 259 204 274
204 324 211 325
204 326 219 326
204 328 207 331
204 345 205 352
204 353 207 356
204 362 204 377
205 0 205 15
205 16 205 31
205 32 205 47
205 48 205 63
205 74 205 89
205 90 205 105
205 106 205 121
205 122 205 137
205 140 206 147
205 160 206 167
205 170 205 185
205 206 205 221
205 222 206 229
205 240 206 247
205 248 206 255
205 259 205 274
205 276 208 279
205 288 206 295
205 301 206 308
205 312 208 315
205 320 208 322
205 362 205 377
205 386 208 389
205 390 218 390
205 391 218 391
205 406 208 409
205 410 212 411
204 412 217 412
205 416 208 419
205 428 208 431
205 433 207 436
206 0 206 15
206 16 206 31
206 32 206 47
206 48 206 63
206 64 207 71
206 72 206 87
206 88 206 103
206 104 206 119
206 120 206 135
206 136 213 137
206 158 213 159
206 170 207 177
206 178 207 185
206 190 206 205
206 206 206 221
206 239 218 239
206 257 206 272
206 273 213 274
206 316 208 319
206 345 207 352
206 362 206 377
207 0 207 15
207 16 207 31
207 32 207 47
207 48 207 63
207 72 207 87
207 88 207 103
207 104 207 119
207 120 207 135
207 140 208 147
207 148 210 151
207 160 208 167
207 186 207 201
207 202 207 217
207 218 207 233
207 235 214 236
207 240 207 255
207 257 208 264
207 265 208 272
207 288 208 295
207 296 210 299
207 301 210 304
207 305 210 308
207 309 214 310
207 327 219 327
207 338 210 341
207 342 214 343
207 344 222 344
207 360 208 367
207 368 208 375
207 376 214 377
207 392 213 393
207 441 218 441
208 0 208 15
208 16 208 31
208 32 208 47
208 48 208 63
208 64 208 79
208 80 208 95
208 96 208 111
208 112 208 127
208 128 211 131
208 132 211 135
208 170 208 185
208 186 208 201
208 202 208 217
208 218 208 233
208 240 208 255
208 280 215 281
208 285 215 286
208 287 220 287
208 328 211 331
208 332 213 333
208 345 209 352
208 353 211 356
208 357 215 358
208 378 215 379
208 383 215 384
208 432 210 436
209 0 209 15
209 16 209 31
209 32 209 47
209 48 209 63
209 64 209 79
209 80 209 95
209 96 209 111
209 112 209 127
209 140 210 147
209 160 210 167
209 170 210 177
209 178 209 193
209 194 209 209
209 210 210 217
209 218 209 233
209 240 209 255
209 257 209 272
209 276 212 279
209 283 215 284
209 288 210 295
209 312 212 315
209 335 215 336
209 337 222 337
209 360 210 367
209 368 210 375
209 386 212 389
209 397 212 400
209 402 215 403
209 406 212 409
209 416 212 419
209 420 215 421
209 428 212 431
210 0 210 15
210 16 210 31
210 32 213 35
210 36 210 51
210 52 210 67
210 68 210 83
210 84 210 99
210 100 210 115
210 116 211 123
210 124 213 127
210 154 213 157
210 178 210 193
210 194 211 201
210 202 211 209
210 218 210 233
210 240 210 255
210 257 210 272
211 316 213 319
211 320 215 322
209 316 210 322
210 345 211 351
210 395 221 395
211 0 211 15
211 16 212 23
211 24 212 31
211 36 211 51
211 52 211 67
211 68 211 83
211 84 211 99
211 100 211 115
211 138 211 153
211 160 211 175
211 176 211 191
211 192 218 193
211 210 211 225
211 226 212 233
211 237 218 238
211 240 211 255
211 257 211 272
211 288 212 295
211 296 214 299
211 301 212 308
211 338 214 341
211 360 211 375
211 413 217 414
211 415 222 415
211 425 216 426
211 432 212 438
211 439 218 440
212 0 212 15
212 36 212 51
212 52 212 67
212 68 212 83
212 84 212 99
212 100 212 115
212 116 213 123
212 128 213 135
212 138 212 153
212 160 212 175
212 176 212 191
212 194 212 209
212 210 212 225
212 240 212 255
212 257 212 272
212 324 219 325
212 328 215 331
212 345 213 351
212 353 215 356
212 360 212 375
213 0 213 15
213 16 213 31
213 36 213 51
213 52 213 67
213 68 213 83
213 84 216 87
213 88 213 103
213 104 214 111
213 112 216 115
213 138 213 153
213 160 213 175
213 176 213 191
213 194 213 209
213 210 213 225
213 226 214 233
213 240 213 255
213 257 213 272
213 276 216 279
213 288 214 295
213 301 214 308
213 312 216 315
213 360 213 375
213 386 216 389
213 396 216 399
213 400 220 401
213 406 215 410
213 416 216 419
213 428 220 429
213 432 220 433
213 434 216 437
213 438 222 438
214 0 214 15
214 16 214 31
214 32 214 47
214 48 214 63
214 64 214 79
214 80 217 83
214 88 214 103
214 116 214 131
214 132 214 147
214 148 214 163
214 164 214 179
214 180 215 187
214 188 217 191
214 194 214 209
214 210 214 225
214 240 214 255
214 257 214 272
214 273 220 274
214 316 217 319
214 332 218 334
214 345 215 351
214 360 214 375
214 381 220 382
215 0 215 15
215 16 215 31
215 32 215 47
215 48 216 55
215 56 215 71
215 72 218 75
215 76 218 79
215 88 215 103
215 104 216 111
215 116 215 131
215 132 215 147
215 148 215 163
215 164 215 179
215 194 215 209
215 210 215 225
215 226 216 233
215 235 221 236
215 240 215 255
215 257 215 272
215 288 216 295
215 296 218 299
215 302 216 308
215 309 222 310
212 311 222 311
215 338 218 341
215 342 222 343
215 360 216 367
215 368 216 375
215 376 222 377
214 392 218 393
215 404 222 405
216 0 216 15
216 16 216 31
216 32 216 47
216 56 217 63
216 64 217 71
216 88 216 103
216 116 216 131
216 132 216 147
216 148 216 163
216 164 216 179
216 180 217 187
216 194 216 209
216 210 216 225
216 240 216 255
216 257 216 272
216 280 222 281
216 283 218 286
215 300 222 301
216 328 219 331
216 345 217 351
216 353 219 356
216 357 220 359
216 378 220 380
216 383 220 385
216 406 219 409
216 410 222 411
216 420 222 421
217 0 217 15
217 16 217 31
217 32 217 47
217 48 218 55
217 84 217 99
217 100 217 115
217 116 217 131
217 132 217 147
217 148 217 163
217 164 217 179
217 194 218 201
217 202 217 217
217 218 217 233
217 240 217 255
217 257 217 272
217 276 220 279
217 288 218 295
217 302 220 305
217 306 220 308
217 312 220 315
216 320 219 323
216 335 222 336
217 360 217 375
217 386 220 389
217 396 220 399
216 402 222 403
217 416 219 419
217 425 220 427
217 434 220 437
218 0 218 11
218 16 219 23
218 24 219 31
218 32 218 47
218 56 218 71
218 80 218 95
218 96 218 111
218 112 218 127
218 128 218 142
218 150 218 159
218 160 218 175
218 176 218 191
218 202 218 217
218 218 218 229
218 240 218 255
218 256 218 268
218 269 220 272
218 316 220 319
218 345 221 348
218 349 222 351
210 352 222 352
218 360 218 375
219 0 220 7
219 8 222 11
218 12 221 15
219 32 219 47
219 48 219 63
219 64 219 79
219 80 219 95
219 96 219 111
219 112 219 127
219 128 220 134
219 135 220 142
218 143 222 145
218 146 221 149
219 150 220 157
219 158 219 173
219 174 219 189
219 190 219 205
219 206 220 213
219 214 219 229
220 230 222 234
218 230 219 234
219 237 221 240
219 241 219 256
219 257 222 260
219 261 220 268
219 282 220 286
219 288 220 295
219 296 222 299
219 332 222 334
219 338 222 341
219 360 219 375
219 390 221 394
218 412 222 414
216 422 222 423
219 439 222 442
220 16 220 31
220 32 220 47
220 48 220 63
220 64 220 79
220 80 220 95
220 96 220 111
220 112 220 127
220 158 220 173
220 174 220 189
220 190 220 205
220 214 220 225
220 241 220 256
220 325 221 331
220 353 222 356
220 360 220 375
220 406 222 409
221 0 222 7
221 16 221 31
221 32 221 47
221 48 221 63
221 64 221 79
221 80 221 95
221 96 221 111
221 112 221 123
221 129 222 135
221 136 222 142
221 150 221 165
221 166 221 181
221 182 221 197
221 198 221 213
221 214 221 225
221 241 221 250
221 261 222 265
221 273 222 279
221 288 222 295
221 302 222 308
221 312 222 319
220 320 222 324
221 357 221 367
221 368 222 375
221 378 222 385
220 416 222 419
221 424 222 431
221 432 222 437
222 12 222 27
222 28 222 43
222 44 222 59
222 60 222 75
222 76 222 91
222 92 222 107
222 108 222 123
221 124 222 128
222 146 222 161
222 162 222 177
222 178 222 193
222 194 222 209
222 210 222 225
220 226 222 229
222 235 222 250
221 251 222 256
221 266 222 272
221 282 222 287
222 357 222 367
222 386 222 401
