1438
17 544 17 578
1 439 1 473
16 410 20 416
52 227 58 231
60 276 74 277
47 61 51 67
5 444 5 478
3 150 3 184
19 59 35 60
18 274 34 275
59 150 66 153
60 255 70 257
39 639 45 643
11 41 45 41
0 674 34 674
49 242 65 243
14 225 18 231
18 441 52 441
14 241 39 241
11 281 44 281
59 401 68 403
53 639 59 643
29 181 33 186
27 511 61 511
7 465 11 471
52 377 68 378
9 593 9 627
40 469 74 469
47 366 60 367
18 120 24 124
62 289 74 290
37 578 63 578
56 649 60 655
66 227 72 231
51 75 55 81
16 232 22 236
8 6 12 12
38 218 44 222
33 613 67 613
46 187 62 188
52 394 68 395
29 19 35 23
38 614 67 614
13 360 17 365
27 639 31 644
2 360 2 394
13 48 20 51
11 649 15 655
42 71 58 72
0 673 34 673
50 531 50 565
8 544 8 578
3 444 3 478
11 301 17 305
24 351 30 355
38 616 67 616
64 459 74 461
19 149 50 149
64 577 74 579
57 111 73 112
1 35 7 39
46 45 62 46
49 54 62 55
61 95 67 99
68 383 71 389
64 664 74 666
69 198 74 202
45 227 51 231
20 668 30 670
47 237 73 237
16 342 47 342
39 596 43 602
22 316 28 320
4 211 4 245
14 544 14 578
39 587 43 593
8 453 14 457
20 438 54 438
25 36 41 37
53 2 69 3
9 225 13 231
28 544 28 578
66 530 70 535
58 437 74 438
21 48 55 48
36 2 52 3
1 229 1 263
5 115 11 119
55 536 71 537
2 66 6 72
60 383 63 390
20 443 54 443
29 158 63 158
19 579 19 613
36 664 63 664
2 528 6 534
18 442 52 442
30 544 30 578
59 596 63 602
21 619 55 619
21 473 27 477
19 485 23 491
52 66 68 67
18 514 52 514
31 625 65 625
13 579 13 613
52 531 52 565
2 54 6 58
68 6 72 12
4 607 4 641
62 198 68 202
11 344 15 350
59 629 74 630
31 622 54 622
28 435 62 435
20 544 20 578
42 74 74 74
72 22 73 38
6 288 6 322
48 507 63 508
51 657 57 661
28 474 61 474
10 314 26 315
23 558 23 592
18 437 52 437
20 444 36 445
4 246 4 280
25 278 59 278
20 446 54 446
18 269 52 269
17 367 21 373
41 535 41 569
65 667 74 669
71 416 74 423
26 191 30 197
7 593 7 627
39 608 55 609
31 16 47 17
50 316 56 320
30 516 34 522
20 530 54 530
3 607 3 641
31 81 35 87
32 396 38 400
7 381 41 381
47 466 57 468
36 419 70 419
51 406 57 410
34 603 38 609
27 344 43 345
36 544 36 578
21 429 54 429
40 240 56 241
63 54 74 55
6 94 10 100
3 402 7 408
43 326 47 332
2 535 6 541
48 51 64 52
46 657 50 662
23 44 57 44
42 381 58 382
8 35 42 35
50 57 74 57
20 667 53 667
70 538 74 544
52 218 67 219
2 437 6 443
28 295 38 297
1 656 5 662
7 73 11 79
13 153 47 153
3 14 9 18
6 80 10 86
47 570 51 576
25 279 59 279
59 631 74 632
31 624 65 624
51 422 67 423
6 53 40 53
19 313 53 313
44 587 48 593
37 75 43 79
32 367 36 373
53 309 69 310
4 190 8 196
67 368 73 372
56 95 60 100
36 96 40 102
61 235 73 236
35 205 38 211
54 478 58 484
27 638 59 638
8 128 14 132
46 459 50 465
16 434 50 434
59 227 65 231
55 32 65 34
31 14 65 14
36 675 70 675
9 544 9 578
5 80 5 114
11 311 45 311
1 509 1 543
11 337 15 343
3 572 3 606
55 528 70 529
61 456 71 458
36 663 70 663
2 80 2 114
12 312 46 312
9 190 9 224
4 115 4 149
13 521 19 525
2 479 2 513
16 656 20 661
0 175 0 209
23 493 27 499
8 260 42 260
12 374 16 380
61 75 65 81
11 81 15 87
33 578 33 612
70 191 74 197
16 433 50 433
16 424 20 430
16 432 50 432
37 69 41 74
11 110 45 110
1 607 1 641
15 321 49 321
18 252 52 252
30 217 64 217
36 421 70 421
69 398 73 403
8 261 42 261
56 252 65 254
12 158 28 159
60 333 74 334
53 531 59 535
14 56 44 56
2 0 2 34
35 648 65 648
12 157 46 157
1 551 5 557
57 87 63 91
23 346 29 350
35 628 41 632
8 444 12 450
46 96 50 102
31 668 41 670
36 420 70 420
72 583 74 593
17 374 21 380
3 80 3 114
58 454 74 455
3 115 3 149
43 38 58 39
21 544 21 578
53 122 69 123
3 423 7 429
18 325 52 325
60 312 70 314
60 269 66 273
30 205 34 211
62 160 68 164
71 75 74 81
3 33 37 33
18 326 22 332
29 488 63 488
48 500 52 506
15 139 49 139
9 351 13 357
32 175 64 175
18 493 22 499
3 0 7 6
3 34 37 34
49 580 53 586
6 337 10 343
11 330 15 336
16 323 50 323
52 274 68 275
24 14 30 18
27 160 33 164
11 109 45 109
49 596 53 602
11 111 45 111
53 450 57 456
54 344 67 345
18 273 52 273
55 627 71 628
64 362 74 364
62 473 68 477
38 615 67 615
71 301 74 306
34 587 38 593
72 381 74 389
50 296 65 297
61 191 65 197
37 577 63 577
29 316 35 320
27 165 55 165
66 568 68 576
8 28 14 32
72 439 74 449
69 477 73 483
69 220 73 225
21 88 25 94
21 428 54 428
12 544 12 578
6 87 10 93
8 402 8 436
3 220 3 254
42 404 49 407
2 73 6 79
38 333 42 339
16 402 41 402
43 535 43 569
7 528 11 534
10 218 16 222
1 663 35 663
8 39 42 39
55 135 71 136
43 451 47 457
67 586 71 591
9 171 10 184
56 608 72 609
19 466 23 472
11 102 15 108
4 479 4 513
16 293 22 297
16 299 49 299
33 225 37 231
14 242 48 242
36 0 70 0
32 360 38 364
43 88 49 92
2 255 2 289
71 390 74 397
15 141 49 141
39 464 45 468
7 640 13 644
48 160 54 164
9 402 15 406
7 66 11 72
18 271 52 271
55 427 62 430
27 314 59 314
1 0 1 34
8 254 42 254
17 14 23 18
33 12 67 12
60 559 63 565
2 514 6 520
56 379 72 380
6 101 10 107
69 633 74 637
30 449 64 449
67 137 73 141
4 359 38 359
15 142 18 149
1 544 5 550
32 579 32 613
0 0 0 34
1 664 35 664
7 54 13 58
14 459 18 465
2 572 2 606
36 453 42 457
15 579 15 613
35 425 51 426
6 444 6 478
27 509 61 509
35 544 35 578
47 289 61 290
9 407 9 436
5 166 11 170
48 457 60 458
21 628 27 632
67 562 73 566
47 535 47 569
36 19 42 23
1 558 5 564
24 478 28 484
64 103 74 105
44 358 48 364
39 120 45 124
4 316 4 350
60 545 66 549
36 88 42 92
2 290 2 324
31 239 65 239
60 500 67 503
33 11 67 11
68 494 69 506
12 167 46 167
64 26 70 30
54 358 58 364
40 214 74 214
63 550 69 554
14 238 30 239
33 499 67 499
15 135 49 135
57 27 63 31
10 14 16 18
28 436 62 436
11 479 11 513
10 211 14 217
8 211 8 245
15 453 21 457
16 346 22 350
40 115 46 119
34 544 34 578
2 521 6 527
41 633 47 637
72 551 74 561
11 286 15 292
21 403 27 407
2 61 8 65
64 157 74 159
68 343 72 349
8 13 42 13
35 672 69 672
42 535 42 569
36 143 60 143
42 285 52 287
32 485 48 486
63 330 72 332
32 544 32 578
52 291 68 292
15 316 21 320
68 145 74 148
51 433 63 434
20 529 54 529
40 535 40 569
46 311 70 311
21 579 21 613
6 108 10 114
27 513 61 513
64 516 70 520
5 178 8 184
24 622 30 626
10 544 10 578
55 545 59 551
9 232 15 236
57 320 72 321
0 560 0 594
23 103 29 107
27 66 31 72
9 244 43 244
42 668 53 669
58 552 62 558
45 535 45 569
53 441 69 442
10 407 10 436
3 360 7 366
69 335 73 341
28 502 32 508
31 408 35 414
44 478 48 484
67 545 73 549
11 414 15 420
39 607 73 607
41 96 45 102
13 532 47 532
46 523 52 527
42 374 46 380
16 298 49 298
66 190 69 197
37 346 43 350
65 404 69 410
0 595 0 629
8 255 42 255
14 466 18 472
18 440 52 440
8 246 12 252
41 108 74 108
18 267 52 267
31 623 65 623
0 385 0 419
32 176 64 176
18 646 52 646
6 47 40 47
8 253 42 253
0 672 34 672
52 220 68 221
2 59 18 60
64 208 70 212
53 500 59 503
23 326 27 332
38 351 44 355
31 15 65 15
53 92 63 94
44 596 48 602
60 128 64 134
14 55 48 55
67 555 71 561
12 73 16 79
1 642 5 648
68 262 72 268
18 268 52 268
47 115 52 119
7 430 7 464
0 315 0 349
64 507 74 509
39 603 68 603
66 75 70 81
28 475 61 475
65 538 69 544
22 593 26 599
57 198 61 203
28 284 34 288
12 614 16 620
16 189 32 190
25 396 31 400
33 497 67 497
16 198 22 202
16 103 22 107
39 471 55 472
39 262 45 266
41 191 45 197
32 120 38 124
46 396 52 400
6 367 6 401
18 544 18 578
39 604 68 604
38 617 72 617
41 47 74 47
11 421 15 427
3 479 3 513
43 259 59 260
18 125 52 125
27 544 27 578
28 326 32 332
2 325 2 359
33 144 39 148
5 572 5 606
47 374 51 380
39 605 68 605
20 528 54 528
68 215 74 219
19 351 23 357
21 656 25 661
43 333 59 334
13 6 17 12
39 478 43 484
51 411 67 412
69 573 74 576
43 261 74 261
4 351 8 357
13 437 17 442
35 422 50 423
30 105 63 105
10 197 13 203
42 73 74 73
51 149 74 149
45 383 51 387
71 203 73 213
18 579 18 613
7 472 11 478
5 316 5 350
13 534 47 534
7 288 7 322
13 152 47 152
62 325 68 329
11 45 45 45
8 451 42 451
11 42 21 44
50 128 54 134
12 115 18 119
2 444 2 478
29 159 63 159
31 415 35 421
26 96 30 102
6 211 6 245
5 281 5 315
6 649 10 655
2 542 36 542
45 223 58 224
53 396 69 397
54 592 70 593
43 205 47 211
24 558 24 592
19 544 19 578
52 425 68 426
39 523 45 527
2 115 2 149
51 649 55 655
0 665 4 671
6 500 10 506
54 596 58 602
19 478 23 484
30 104 63 104
50 404 64 405
33 326 37 332
0 455 0 489
6 120 6 154
15 57 49 57
72 280 74 288
28 289 32 294
7 544 7 578
12 621 16 627
71 516 72 532
30 107 64 107
52 375 68 376
36 416 70 416
27 510 61 510
20 671 48 671
11 293 15 299
27 374 31 380
59 335 63 340
53 553 57 559
54 587 60 591
34 580 38 586
41 649 45 655
35 274 51 275
34 620 58 620
18 270 52 270
16 325 17 341
27 367 31 373
29 187 45 188
47 258 74 258
70 404 74 410
18 302 22 308
16 81 20 87
0 105 0 139
16 108 40 108
29 544 29 578
7 246 7 279
33 6 67 6
64 478 68 484
54 233 70 234
7 383 11 389
41 160 47 164
0 70 0 104
4 204 8 210
14 640 20 644
34 478 38 484
50 135 54 141
53 514 66 515
58 657 64 660
17 579 17 613
28 493 32 499
20 128 24 134
33 7 67 7
13 533 47 533
22 0 28 4
36 415 67 415
42 631 58 632
34 466 38 472
6 507 10 513
39 295 49 297
51 50 74 50
22 160 26 166
13 509 19 513
37 216 67 216
17 622 23 626
60 294 74 295
55 303 70 304
17 390 23 394
11 114 45 114
46 262 52 266
17 633 21 639
22 558 22 592
42 61 46 67
17 66 21 72
6 246 6 279
8 593 8 627
0 280 0 314
45 281 71 281
28 422 34 426
46 535 46 569
27 73 31 79
47 368 51 373
5 211 5 245
10 280 10 313
27 633 33 637
28 403 34 407
45 218 51 222
26 558 26 592
48 450 52 456
16 286 20 292
36 316 42 320
21 427 54 427
32 177 48 178
73 262 74 275
18 647 34 648
30 212 36 216
5 120 5 154
22 551 26 557
34 579 63 579
37 444 71 444
6 40 38 40
14 458 47 458
38 302 42 308
15 19 21 23
57 240 73 241
61 587 66 591
36 418 70 418
30 198 36 202
1 40 5 46
1 675 35 675
58 406 64 410
21 51 47 51
56 165 72 166
14 473 20 477
46 191 50 197
53 285 69 286
24 390 30 394
48 566 63 567
56 75 60 81
46 246 62 247
12 160 16 166
66 250 72 254
15 211 19 217
64 433 74 435
11 171 44 171
4 80 4 114
18 251 45 251
3 325 3 359
39 606 73 606
22 28 28 32
23 198 29 202
64 596 68 602
61 655 74 656
21 81 25 87
22 544 26 550
43 502 47 508
64 383 67 390
44 344 48 350
40 516 44 522
20 204 24 210
57 19 61 25
33 9 67 9
20 211 24 217
31 218 37 222
34 181 40 185
43 127 67 127
37 280 71 280
53 536 54 552
49 178 65 179
4 444 4 478
15 136 49 136
0 630 0 664
54 391 70 392
6 330 10 336
5 171 8 177
36 142 70 142
30 204 63 204
25 128 29 134
47 282 63 283
61 346 67 350
7 579 11 585
17 383 23 387
32 343 66 343
29 489 63 489
17 388 51 388
54 580 58 586
58 262 62 268
24 466 28 472
7 628 13 632
39 535 39 569
51 95 55 101
20 665 54 665
43 253 55 254
12 579 12 613
26 649 30 655
57 352 73 353
42 36 58 37
60 530 64 535
43 302 47 308
16 324 50 324
32 73 36 79
17 395 51 395
24 49 58 49
16 579 16 613
65 657 72 660
55 128 59 134
28 579 28 613
35 516 39 522
16 203 50 203
22 367 26 373
19 144 25 148
53 523 59 527
24 614 30 618
47 167 63 168
27 341 61 341
37 445 71 445
25 211 29 217
32 639 38 643
56 205 63 208
65 129 71 133
51 198 55 203
14 243 48 243
22 42 56 42
50 87 56 91
11 544 11 578
33 302 37 308
43 255 59 256
44 75 50 79
58 661 74 662
42 284 71 284
52 485 68 486
16 649 20 655
38 424 72 424
49 358 53 364
25 401 58 401
51 531 51 565
7 390 11 396
12 465 12 499
1 54 1 88
32 262 38 266
38 226 72 226
69 594 73 600
55 305 70 306
14 478 18 484
67 623 74 626
43 336 58 337
46 109 60 110
12 500 12 534
58 452 74 453
11 172 44 172
16 191 20 197
29 490 63 490
57 318 72 319
7 397 13 401
22 43 56 43
67 640 72 644
53 398 68 399
2 220 2 254
28 666 62 666
25 181 28 188
38 535 38 569
48 326 54 330
32 374 36 380
46 80 50 85
8 458 12 464
67 19 71 25
11 88 15 94
41 356 56 357
1 334 1 368
27 315 61 315
1 47 5 53
18 272 52 272
8 133 12 139
4 185 10 189
13 443 19 447
41 408 45 414
18 246 24 250
3 409 7 415
59 64 74 65
35 403 41 407
16 431 50 431
11 113 45 113
4 367 4 401
39 205 42 212
21 430 54 430
5 246 5 280
27 166 55 166
12 390 16 396
18 502 22 508
42 300 74 300
10 593 10 627
38 227 44 231
18 262 24 266
29 459 33 465
48 331 62 332
9 61 15 65
58 42 68 44
57 570 61 576
49 58 74 58
53 59 69 60
34 160 40 164
7 211 7 245
10 665 14 671
22 24 56 24
46 250 62 251
55 301 70 302
50 19 56 23
16 403 20 409
7 514 11 520
4 197 8 203
37 198 43 202
59 48 74 49
2 430 6 436
14 351 18 357
34 594 68 594
2 185 2 219
65 175 74 177
53 262 57 268
38 383 44 387
12 258 46 258
66 296 73 299
21 640 26 644
9 237 13 243
50 298 65 299
30 103 63 103
13 544 13 578
56 383 59 390
25 360 31 364
5 479 5 513
45 351 74 351
30 128 34 134
60 638 72 639
11 593 11 627
13 257 47 257
12 170 46 170
25 523 31 527
31 88 35 94
12 168 46 168
13 133 14 149
11 435 27 436
18 309 52 309
16 544 16 578
2 395 2 429
6 479 10 485
17 614 23 618
12 282 46 282
1 474 1 508
32 535 36 541
1 369 1 403
63 262 67 268
59 35 65 39
27 512 61 512
60 259 74 260
37 233 53 234
45 516 49 522
30 346 36 350
18 174 24 178
33 495 67 495
43 173 74 173
42 629 58 630
8 437 12 443
5 665 9 671
36 59 52 60
43 338 58 339
39 580 43 586
8 259 42 259
26 408 30 414
42 402 58 403
41 155 74 155
69 567 73 572
3 416 7 422
1 89 1 123
20 521 24 527
37 189 71 189
35 673 69 673
4 281 4 315
16 417 20 423
25 558 25 592
61 366 74 367
31 191 35 197
54 144 60 148
49 531 49 565
46 408 50 414
7 521 11 527
21 415 25 421
51 191 55 197
33 657 39 661
59 580 63 586
38 225 68 225
18 179 48 179
32 66 36 72
30 579 30 613
36 191 40 197
25 25 56 25
33 502 37 508
12 66 16 72
39 618 73 618
64 428 70 432
48 150 58 152
69 601 74 605
52 383 55 390
62 19 66 25
56 101 72 102
7 633 11 639
21 96 25 102
0 350 0 384
35 674 69 674
6 41 10 46
66 648 70 654
20 579 20 613
24 356 40 357
39 246 45 250
7 586 11 592
53 560 59 564
19 142 35 143
13 450 47 450
6 614 6 648
29 579 29 613
33 190 65 190
15 544 15 578
69 42 74 46
17 73 21 79
42 670 74 670
47 156 63 157
24 383 30 387
1 649 5 655
28 628 34 632
59 478 63 484
11 80 45 80
21 191 25 197
50 27 56 31
22 66 26 72
33 498 67 498
7 374 11 380
31 96 35 102
23 302 27 308
6 280 9 287
29 487 63 487
8 38 42 38
46 120 52 124
68 113 74 117
11 46 45 46
29 225 32 231
0 490 0 524
13 493 17 499
13 531 47 531
12 367 16 373
46 649 50 655
71 484 74 491
5 607 5 641
28 333 32 339
38 390 44 394
0 420 0 454
18 301 52 301
11 181 15 187
42 69 58 70
25 26 59 26
64 462 70 466
59 619 74 620
33 10 67 10
48 307 61 308
62 307 74 308
15 0 21 4
47 293 74 293
6 493 10 499
20 509 26 513
0 140 0 174
26 656 60 656
22 535 26 541
8 276 42 276
10 223 44 223
24 218 30 222
39 459 45 463
13 269 17 275
22 374 26 380
33 289 39 293
14 485 18 491
35 128 39 134
6 344 10 350
29 491 63 491
8 19 14 23
23 61 29 65
60 492 74 493
33 496 67 496
60 640 66 643
35 647 69 647
42 367 46 373
37 535 37 569
13 448 29 449
54 667 64 669
0 525 0 559
18 515 52 515
13 458 13 492
42 288 71 288
1 404 1 438
69 94 73 100
71 167 74 172
61 143 74 144
18 340 52 340
16 88 20 94
46 639 52 643
61 109 74 110
48 342 74 342
46 86 74 86
60 523 66 527
58 82 74 83
49 478 53 484
59 358 63 364
52 570 56 576
55 633 61 637
33 8 67 8
24 459 28 465
5 367 5 401
19 115 25 119
41 81 45 87
17 620 33 621
39 358 43 364
70 499 74 505
53 439 69 440
73 318 74 332
7 367 11 373
16 343 26 345
47 144 53 148
43 154 67 154
13 150 47 150
55 621 71 622
45 171 61 172
60 538 64 544
12 633 16 639
41 53 74 53
12 156 46 156
25 516 29 522
21 649 25 655
33 115 39 119
3 185 3 219
30 106 64 106
63 244 73 246
68 355 74 359
39 40 73 40
3 290 3 324
9 288 9 322
66 32 70 38
4 150 4 184
64 88 68 94
29 466 33 472
33 333 37 339
8 0 14 4
13 151 47 151
13 526 19 530
64 580 74 582
64 583 71 585
3 7 7 13
36 93 52 94
14 397 19 401
37 68 67 68
59 69 66 72
7 382 41 382
57 355 67 357
43 5 74 5
49 587 53 593
1 264 1 298
42 570 46 576
37 215 67 215
73 518 74 534
17 160 21 166
10 204 14 210
27 535 31 541
64 203 70 207
46 41 74 41
36 1 70 1
15 204 19 210
37 61 41 67
55 325 61 329
26 415 30 421
14 237 46 237
26 88 30 94
53 504 67 505
3 255 3 289
18 6 22 12
11 283 45 283
8 256 42 256
69 323 72 329
34 595 68 595
68 124 74 128
6 323 10 329
20 396 24 401
51 82 57 85
1 565 5 571
30 61 36 65
40 144 46 148
13 246 17 252
11 173 42 173
22 633 26 639
69 374 74 378
8 25 24 26
22 19 28 23
43 19 49 23
21 422 27 426
63 113 67 118
13 120 17 126
25 262 31 266
7 645 41 645
18 333 22 339
67 511 73 515
43 28 49 32
36 408 40 414
37 367 41 373
10 224 44 224
56 191 60 197
22 600 26 606
3 19 7 25
19 459 23 465
14 492 42 492
12 27 46 27
67 269 72 273
45 322 72 322
56 459 59 465
13 500 47 500
57 316 70 317
55 160 61 164
68 613 74 616
6 48 12 52
45 353 55 355
7 535 11 541
15 28 21 32
53 269 59 273
26 115 32 119
8 127 42 127
10 190 13 196
48 531 48 565
37 570 41 576
31 351 37 355
13 501 47 501
6 486 10 492
36 81 40 87
36 649 40 655
61 145 67 148
62 61 72 63
33 544 33 577
46 180 74 180
17 218 23 222
8 278 24 279
62 570 65 576
18 310 52 310
11 180 45 180
21 112 55 112
8 140 12 146
29 0 35 4
64 557 66 567
25 174 31 178
18 360 24 364
51 323 67 324
8 452 42 452
8 288 8 322
38 502 42 508
48 568 64 569
63 186 73 188
64 168 70 172
27 579 27 613
18 516 24 520
62 183 72 185
45 56 74 56
58 467 74 468
23 333 27 339
51 459 55 465
67 521 70 527
52 368 56 374
23 6 27 12
36 28 42 32
49 671 74 671
24 485 28 491
28 473 61 473
8 269 12 275
11 95 15 101
29 28 35 32
44 244 60 245
37 213 70 213
3 26 7 32
25 204 29 210
44 535 44 569
5 156 11 160
16 181 20 187
43 276 59 277
34 596 38 602
11 407 15 413
6 155 40 155
51 431 63 432
2 150 2 184
51 610 61 612
51 413 67 414
68 68 74 72
50 521 66 522
57 516 63 520
45 476 61 477
64 487 70 491
44 198 50 202
22 73 26 79
31 390 37 394
22 453 28 457
11 284 27 285
31 18 65 18
23 232 29 236
6 579 6 613
2 607 2 641
28 476 44 477
55 538 59 544
21 50 50 50
3 367 3 401
31 238 65 238
50 516 56 520
42 645 72 645
60 137 66 141
12 169 46 169
10 316 14 321
48 209 63 210
34 174 68 174
62 610 72 612
8 262 12 268
16 61 22 65
21 408 25 414
62 368 66 374
13 262 17 268
24 225 28 231
36 417 70 417
38 33 54 34
26 144 32 148
5 161 11 165
47 169 63 170
32 644 66 644
11 300 41 300
4 572 4 606
37 374 41 380
71 310 74 317
8 154 42 154
52 61 58 65
25 246 31 250
31 649 35 655
1 299 1 333
29 478 33 484
29 453 35 457
13 366 46 366
34 633 40 637
54 346 60 350
34 459 38 465
59 222 68 224
55 137 59 141
11 323 15 329
55 181 61 185
48 181 54 185
15 665 19 671
18 439 52 439
19 225 23 231
21 286 27 290
31 579 31 613
53 115 57 121
68 411 74 415
73 638 74 654
69 470 73 476
34 610 50 611
13 502 17 508
49 344 53 350
0 210 0 244
13 514 17 520
18 126 52 126
11 175 17 179
28 6 32 12
11 662 45 662
6 544 6 578
14 628 20 632
60 278 74 279
44 580 48 586
64 335 68 341
1 159 1 193
4 358 38 358
11 656 15 661
8 120 12 126
63 119 73 121
56 470 66 472
43 316 49 320
37 236 60 236
31 614 37 618
11 306 17 310
48 302 54 306
33 294 59 294
38 326 42 332
48 633 54 637
45 128 49 134
55 248 71 249
17 535 21 541
58 450 74 451
68 150 74 154
7 646 17 648
32 523 38 527
23 291 27 297
14 188 15 203
31 383 37 387
39 396 45 400
30 232 36 236
23 502 27 508
45 390 51 394
8 277 42 277
37 232 71 232
59 381 71 382
61 649 65 654
46 113 62 114
8 5 42 5
33 365 67 365
1 572 1 606
42 626 52 628
40 128 44 134
21 181 24 188
9 245 43 245
43 492 59 493
69 87 73 93
16 95 50 95
22 607 26 613
7 120 7 154
70 494 74 498
1 124 1 158
12 535 16 541
26 81 30 87
8 360 12 366
32 246 38 250
2 543 36 543
1 194 1 228
58 84 74 85
15 128 19 134
33 494 67 494
62 633 68 637
41 181 47 185
8 147 12 153
57 368 61 374
35 284 41 288
40 289 46 293
12 383 16 389
60 459 63 466
11 428 15 434
10 322 44 322
28 302 32 308
0 35 0 69
48 205 55 208
16 96 20 102
31 544 31 578
29 447 63 447
26 657 32 661
17 627 41 627
40 657 45 661
0 245 0 279
34 186 62 186
58 115 62 121
25 120 31 124
17 389 51 389
6 656 10 662
36 4 70 4
74 220 74 254
14 579 14 613
8 36 24 37
14 58 48 58
14 54 48 54
13 52 47 52
15 138 49 138
15 140 49 140
15 137 49 137
43 13 74 13
49 16 65 17
66 14 72 18
