834
0 0 1 8
0 9 2 14
2 0 3 8
3 9 5 14
4 0 5 8
6 0 7 8
6 9 8 14
8 0 9 8
9 9 11 14
10 0 11 8
12 0 13 8
12 9 14 14
14 0 15 8
15 9 17 14
16 0 17 8
18 0 19 8
18 9 20 14
20 0 21 8
21 9 23 14
22 0 23 8
24 0 25 8
24 9 26 14
26 0 27 8
27 9 29 14
28 0 29 8
30 0 31 8
30 9 32 14
32 0 33 8
33 9 35 14
34 0 35 8
36 0 38 5
36 6 37 14
38 6 39 14
39 0 41 5
40 6 41 14
42 0 43 8
42 9 44 14
44 0 45 8
45 9 47 14
46 0 47 8
48 0 49 8
48 9 50 14
50 0 51 8
51 9 53 14
52 0 53 8
54 0 55 8
54 9 56 14
56 0 57 8
57 9 59 14
58 0 59 8
60 0 61 8
60 9 62 14
62 0 63 8
63 9 65 14
64 0 66 5
64 6 69 8
66 9 68 14
67 0 69 5
69 9 71 14
70 0 71 8
72 0 73 8
72 9 74 14
74 0 75 8
75 9 77 14
76 0 77 8
78 0 79 8
78 9 80 14
80 0 81 8
81 9 83 14
82 0 84 5
82 6 87 8
84 9 86 14
85 0 87 5
87 9 89 14
88 0 89 8
90 0 91 8
90 9 92 14
92 0 93 8
93 9 95 14
94 0 95 8
96 0 98 5
96 6 97 14
98 6 99 14
99 0 101 5
100 6 101 14
102 0 103 8
102 9 104 14
104 0 105 8
105 9 107 14
106 0 107 8
108 0 109 8
108 9 110 14
110 0 111 8
111 9 113 14
112 0 113 8
114 0 115 8
114 9 116 14
116 0 117 8
117 9 119 14
118 0 119 8
120 0 121 8
120 9 122 14
122 0 123 8
123 9 125 14
124 0 125 8
126 0 127 8
126 9 128 14
128 0 129 8
129 9 131 14
130 0 131 8
132 0 133 8
132 9 134 14
134 0 135 8
135 9 137 14
136 0 137 8
138 0 139 8
138 9 140 14
140 0 141 8
141 9 143 14
142 0 143 8
144 0 145 8
144 9 146 14
146 0 147 8
147 9 149 14
148 0 149 8
150 0 151 8
150 9 152 14
152 0 153 8
153 9 155 14
154 0 155 8
156 0 157 8
156 9 158 14
158 0 159 8
159 9 161 14
160 0 161 8
162 0 163 8
162 9 164 14
164 0 165 8
165 9 167 14
166 0 167 8
168 0 169 8
168 9 170 14
170 0 171 8
171 9 173 14
172 0 173 8
174 0 175 8
174 9 176 14
176 0 177 8
177 9 179 14
178 0 179 8
180 0 181 8
180 9 182 14
182 0 183 8
183 9 185 14
184 0 185 8
186 0 187 8
186 9 188 14
188 0 189 8
189 9 191 14
190 0 191 8
192 0 193 8
192 9 194 14
194 0 195 8
195 9 197 14
196 0 197 8
198 0 199 8
198 9 200 14
200 0 201 8
201 9 203 14
202 0 203 8
204 0 205 8
204 9 206 14
206 0 207 8
207 9 209 14
208 0 209 8
210 0 211 8
210 9 212 14
212 0 213 8
213 9 215 14
214 0 215 8
216 0 217 8
216 9 218 14
218 0 219 8
219 9 221 14
220 0 221 8
222 0 223 8
222 9 224 14
224 0 225 8
225 9 227 14
226 0 227 8
228 0 229 8
228 9 230 14
230 0 231 8
231 9 233 14
232 0 233 8
234 0 235 8
234 9 236 14
236 0 237 8
237 9 239 14
238 0 239 8
240 0 241 8
240 9 242 14
242 0 243 8
243 9 245 14
244 0 245 8
246 0 247 8
246 9 248 14
248 0 249 8
249 9 251 14
250 0 251 8
252 0 253 8
252 9 254 14
254 0 255 8
255 9 257 14
256 0 257 8
258 0 259 8
258 9 260 14
260 0 261 8
261 9 263 14
262 0 263 8
264 0 265 8
264 9 266 14
266 0 267 8
267 9 269 14
268 0 269 8
270 0 271 8
270 9 272 14
272 0 273 8
273 9 275 14
274 0 275 8
276 0 277 8
276 9 278 14
278 0 279 8
279 9 281 14
280 0 281 8
282 0 283 8
282 9 284 14
284 0 285 8
285 9 287 14
286 0 287 8
288 0 289 8
288 9 290 14
290 0 291 8
291 9 293 14
292 0 293 8
294 0 295 8
294 9 296 14
296 0 297 8
297 9 299 14
298 0 299 8
300 0 301 8
300 9 302 14
302 0 303 8
303 9 305 14
304 0 305 8
306 0 307 8
306 9 308 14
308 0 309 8
309 9 311 14
310 0 311 8
312 0 313 8
312 9 314 14
314 0 315 8
315 9 317 14
316 0 317 8
318 0 319 8
318 9 320 14
320 0 321 8
321 9 326 11
321 12 329 13
321 14 338 14
322 0 323 8
324 0 325 8
326 0 327 8
327 9 332 11
328 0 329 8
330 0 331 8
330 12 338 13
332 0 333 8
333 9 338 11
334 0 335 8
336 0 337 8
338 0 339 8
339 9 341 14
340 0 341 8
342 0 343 8
342 9 344 14
344 0 345 8
345 9 347 14
346 0 347 8
348 0 349 8
348 9 350 14
350 0 351 8
351 9 353 14
352 0 353 8
354 0 355 8
354 9 359 11
354 12 359 14
356 0 357 8
358 0 359 8
360 0 361 8
360 9 362 14
362 0 363 8
363 9 365 14
364 0 365 8
366 0 367 8
366 9 368 14
368 0 369 8
369 9 371 14
370 0 371 8
372 0 373 8
372 9 374 14
374 0 375 8
375 9 377 14
376 0 377 8
378 0 379 8
378 9 380 14
380 0 381 8
381 9 383 14
382 0 383 8
384 0 385 8
384 9 386 14
386 0 387 8
387 9 389 14
388 0 389 8
390 0 391 8
390 9 392 14
392 0 393 8
393 9 395 14
394 0 395 8
396 0 397 8
396 9 398 14
398 0 399 8
399 9 401 14
400 0 401 8
402 0 403 8
402 9 404 14
404 0 405 8
405 9 407 14
406 0 407 8
408 0 409 8
408 9 410 14
410 0 411 8
411 9 413 14
412 0 413 8
414 0 415 8
414 9 416 14
416 0 417 8
417 9 419 14
418 0 419 8
420 0 421 8
420 9 422 14
422 0 423 8
423 9 425 14
424 0 425 8
426 0 427 8
426 9 428 14
428 0 429 8
429 9 431 14
430 0 431 8
432 0 433 8
432 9 434 14
434 0 435 8
435 9 437 14
436 0 437 8
438 0 439 8
438 9 440 14
440 0 441 8
441 9 443 14
442 0 443 8
444 0 445 8
444 9 446 14
446 0 447 8
447 9 449 14
448 0 449 8
450 0 451 8
450 9 452 14
452 0 453 8
453 9 455 14
454 0 456 5
454 6 462 7
454 8 471 8
456 9 458 14
457 0 459 5
459 9 461 14
460 0 462 5
462 9 464 14
463 0 465 5
463 6 471 7
465 9 467 14
466 0 468 5
468 9 470 14
469 0 471 5
471 9 473 14
472 0 473 8
474 0 475 8
474 9 476 14
476 0 477 8
477 9 479 14
478 0 479 8
480 0 481 8
480 9 482 14
482 0 483 8
483 9 485 14
484 0 485 8
486 0 487 8
486 9 488 14
488 0 489 8
489 9 491 14
490 0 491 8
492 0 493 8
492 9 494 14
494 0 495 8
495 9 497 14
496 0 497 8
498 0 499 8
498 9 500 14
500 0 501 8
501 9 503 14
502 0 504 5
502 6 507 8
504 9 506 14
505 0 507 5
507 9 509 14
508 0 509 8
510 0 511 8
510 9 512 14
512 0 513 8
513 9 515 14
514 0 515 8
516 0 517 8
516 9 518 14
518 0 519 8
519 9 521 14
520 0 521 8
522 0 523 8
522 9 524 14
524 0 525 8
525 9 527 14
526 0 527 8
528 0 529 8
528 9 530 14
530 0 531 8
531 9 533 14
532 0 533 8
534 0 535 8
534 9 536 14
536 0 537 8
537 9 539 14
538 0 539 8
540 0 541 8
540 9 542 14
542 0 543 8
543 9 545 14
544 0 545 8
546 0 547 8
546 9 548 14
548 0 549 8
549 9 551 14
550 0 551 8
552 0 553 8
552 9 554 14
554 0 555 8
555 9 557 14
556 0 557 8
558 0 559 8
558 9 560 14
560 0 561 8
561 9 563 14
562 0 563 8
564 0 565 8
564 9 566 14
566 0 567 8
567 9 569 14
568 0 569 8
570 0 571 8
570 9 572 14
572 0 573 8
573 9 575 14
574 0 575 8
576 0 577 8
576 9 578 14
578 0 579 8
579 9 581 14
580 0 581 8
582 0 583 8
582 9 584 14
584 0 585 8
585 9 587 14
586 0 587 8
588 0 589 8
588 9 590 14
590 0 591 8
591 9 593 14
592 0 593 8
594 0 595 8
594 9 596 14
596 0 597 8
597 9 599 14
598 0 599 8
600 0 601 8
600 9 602 14
602 0 603 8
603 9 605 14
604 0 605 8
606 0 607 8
606 9 608 14
608 0 609 8
609 9 611 14
610 0 611 8
612 0 613 8
612 9 614 14
614 0 615 8
615 9 617 14
616 0 617 8
618 0 619 8
618 9 620 14
620 0 621 8
621 9 623 14
622 0 623 8
624 0 625 8
624 9 626 14
626 0 627 8
627 9 629 14
628 0 629 8
630 0 631 8
630 9 632 14
632 0 633 8
633 9 635 14
634 0 635 8
636 0 637 8
636 9 638 14
638 0 639 8
639 9 641 14
640 0 641 8
642 0 643 8
642 9 644 14
644 0 645 8
645 9 647 14
646 0 647 8
648 0 649 8
648 9 650 14
650 0 651 8
651 9 653 14
652 0 653 8
654 0 655 8
654 9 656 14
656 0 657 8
657 9 659 14
658 0 659 8
660 0 661 8
660 9 662 14
662 0 663 8
663 9 665 14
664 0 665 8
666 0 667 8
666 9 668 14
668 0 669 8
669 9 671 14
670 0 671 8
672 0 673 8
672 9 674 14
674 0 675 8
675 9 677 14
676 0 677 8
678 0 679 8
678 9 680 14
680 0 681 8
681 9 683 14
682 0 683 8
684 0 685 8
684 9 686 14
686 0 687 8
687 9 689 14
688 0 689 8
690 0 691 8
690 9 692 14
692 0 693 8
693 9 695 14
694 0 695 8
696 0 697 8
696 9 698 14
698 0 699 8
699 9 701 14
700 0 701 8
702 0 703 8
702 9 704 14
704 0 705 8
705 9 707 14
706 0 707 8
708 0 709 8
708 9 710 14
710 0 711 8
711 9 713 14
712 0 713 8
714 0 715 8
714 9 716 14
716 0 717 8
717 9 719 14
718 0 719 8
720 0 721 8
720 9 722 14
722 0 723 8
723 9 725 14
724 0 725 8
726 0 727 8
726 9 728 14
728 0 729 8
729 9 731 14
730 0 731 8
732 0 734 5
732 6 733 14
734 6 735 14
735 0 737 5
736 6 737 14
738 0 739 8
738 9 740 14
740 0 741 8
741 9 743 14
742 0 743 8
744 0 745 8
744 9 746 14
746 0 747 8
747 9 749 14
748 0 749 8
750 0 751 8
750 9 752 14
752 0 753 8
753 9 755 14
754 0 755 8
756 0 757 8
756 9 758 14
758 0 759 8
759 9 761 14
760 0 761 8
762 0 763 8
762 9 764 14
764 0 765 8
765 9 767 14
766 0 767 8
768 0 769 8
768 9 770 14
770 0 771 8
771 9 773 14
772 0 773 8
774 0 775 8
774 9 776 14
776 0 777 8
777 9 779 14
778 0 779 8
780 0 781 8
780 9 782 14
782 0 783 8
783 9 785 14
784 0 785 8
786 0 787 8
786 9 788 14
788 0 789 8
789 9 791 14
790 0 791 8
792 0 793 8
792 9 794 14
794 0 795 8
795 9 797 14
796 0 797 8
798 0 799 8
798 9 800 14
800 0 801 8
801 9 803 14
802 0 803 8
804 0 805 8
804 9 806 14
806 0 807 8
807 9 809 14
808 0 809 8
810 0 811 8
810 9 812 14
812 0 813 8
813 9 815 14
814 0 815 8
816 0 817 8
816 9 818 14
818 0 819 8
819 9 821 14
820 0 821 8
822 0 823 8
822 9 824 14
824 0 825 8
825 9 827 14
826 0 827 8
828 0 829 8
828 9 830 14
830 0 831 8
831 9 833 14
832 0 833 8
834 0 835 8
834 9 836 14
836 0 837 8
837 9 839 14
838 0 839 8
840 0 841 8
840 9 842 14
842 0 843 8
843 9 845 14
844 0 845 8
846 0 847 8
846 9 848 14
848 0 849 8
849 9 851 14
850 0 851 8
852 0 853 8
852 9 854 14
854 0 855 8
855 9 857 14
856 0 857 8
858 0 859 8
858 9 860 14
860 0 861 8
861 9 863 14
862 0 863 8
864 0 865 8
864 9 866 14
866 0 867 8
867 9 869 14
868 0 869 8
870 0 871 8
870 9 872 14
872 0 873 8
873 9 875 14
874 0 875 8
876 0 877 8
876 9 878 14
878 0 879 8
879 9 881 14
880 0 881 8
882 0 883 8
882 9 884 14
884 0 885 8
885 9 887 14
886 0 887 8
888 0 889 8
888 9 890 14
890 0 891 8
891 9 893 14
892 0 893 8
894 0 895 8
894 9 896 14
896 0 897 8
897 9 899 14
898 0 899 8
900 0 901 8
900 9 902 14
902 0 903 8
903 9 905 14
904 0 905 8
906 0 907 8
906 9 908 14
908 0 909 8
909 9 911 14
910 0 911 8
912 0 913 8
912 9 914 14
914 0 915 8
915 9 917 14
916 0 917 8
918 0 919 8
918 9 920 14
920 0 921 8
921 9 923 14
922 0 923 8
924 0 925 8
924 9 926 14
926 0 927 8
927 9 929 14
928 0 929 8
930 0 931 8
930 9 932 14
932 0 933 8
933 9 935 14
934 0 935 8
936 0 937 8
936 9 938 14
938 0 939 8
939 9 941 14
940 0 941 8
942 0 943 8
942 9 944 14
944 0 945 8
945 9 947 14
946 0 947 8
948 0 949 8
948 9 950 14
950 0 951 8
951 9 953 14
952 0 953 8
954 0 955 8
954 9 956 14
956 0 961 2
956 3 958 8
957 9 959 14
959 3 961 8
960 9 962 14
962 0 963 8
963 9 965 14
964 0 965 8
966 0 967 8
966 9 968 14
968 0 969 8
969 9 971 14
970 0 971 8
972 0 973 8
972 9 974 14
974 0 975 8
975 9 977 14
976 0 977 8
978 0 979 8
978 9 980 14
980 0 981 8
981 9 983 14
982 0 983 8
984 0 985 8
984 9 986 14
986 0 987 8
987 9 989 14
988 0 989 8
990 0 991 8
990 9 992 14
992 0 993 8
993 9 995 14
994 0 995 8
996 0 997 8
996 9 998 14
998 0 998 8
999 0 999 14
