158
0 0 18 1
0 2 18 3
0 4 18 5
19 0 37 1
19 2 37 3
19 4 37 5
38 0 56 1
38 2 56 3
38 4 56 5
57 0 75 1
57 2 75 3
57 4 75 5
76 0 94 1
76 2 94 3
76 4 94 5
95 0 113 1
95 2 113 3
95 4 113 5
114 0 132 1
114 2 132 3
114 4 132 5
133 0 151 1
133 2 151 3
133 4 151 5
152 0 170 1
152 2 170 3
152 4 170 5
171 0 189 1
171 2 189 3
171 4 189 5
190 0 208 1
190 2 208 3
190 4 208 5
209 0 227 1
209 2 227 3
209 4 227 5
228 0 246 1
228 2 246 3
228 4 246 5
247 0 265 1
247 2 265 3
247 4 265 5
266 0 284 1
266 2 284 3
266 4 284 5
285 0 303 1
285 2 303 3
285 4 303 5
304 0 322 1
304 2 322 3
304 4 322 5
323 0 341 1
323 2 341 3
323 4 341 5
342 0 360 1
342 2 360 3
342 4 360 5
361 0 379 1
361 2 379 3
361 4 379 5
380 0 398 1
380 2 398 3
380 4 398 5
399 0 417 1
399 2 417 3
399 4 417 5
418 0 436 1
418 2 436 3
418 4 436 5
437 0 455 1
437 2 455 3
437 4 455 5
456 0 474 1
456 2 474 3
456 4 474 5
475 0 493 1
475 2 493 3
475 4 493 5
494 0 512 1
494 2 512 3
494 4 512 5
513 0 531 1
513 2 550 2
513 3 531 4
513 5 550 5
532 0 550 1
532 3 550 4
551 0 569 1
551 2 569 3
551 4 569 5
570 0 588 1
570 2 588 3
570 4 588 5
589 0 607 1
589 2 607 3
589 4 607 5
608 0 626 1
608 2 626 3
608 4 626 5
627 0 645 1
627 2 645 3
627 4 645 5
646 0 664 1
646 2 664 3
646 4 664 5
665 0 683 1
665 2 683 3
665 4 683 5
684 0 702 1
684 2 702 3
684 4 702 5
703 0 721 1
703 2 721 3
703 4 721 5
722 0 740 1
722 2 740 3
722 4 740 5
741 0 759 1
741 2 759 3
741 4 759 5
760 0 778 1
760 2 778 3
760 4 778 5
779 0 797 1
779 2 797 3
779 4 797 5
798 0 816 1
798 2 816 3
798 4 816 5
817 0 835 1
817 2 835 3
817 4 835 5
836 0 854 1
836 2 854 3
836 4 854 5
855 0 873 1
855 2 873 3
855 4 873 5
874 0 892 1
874 2 892 3
874 4 892 5
893 0 911 1
893 2 911 3
893 4 911 5
912 0 930 1
912 2 930 3
912 4 949 4
912 5 949 5
931 0 949 1
931 2 949 3
950 0 987 0
950 1 968 2
950 3 968 4
950 5 987 5
969 1 987 2
969 3 987 4
988 0 993 5
994 0 999 5
