156
0 0 0 32
0 33 0 65
0 66 0 98
0 99 0 131
0 132 0 164
0 165 0 197
0 198 0 230
0 231 0 263
0 264 0 296
0 297 0 329
0 330 0 362
0 363 0 395
0 396 0 428
0 429 0 461
0 462 0 494
0 495 2 505
0 506 7 508
0 509 9 511
1 0 1 32
1 33 1 65
1 66 1 98
1 99 1 131
1 132 1 164
1 165 1 197
1 198 1 230
1 231 1 263
1 264 1 296
1 297 1 329
1 330 1 362
1 363 1 395
1 396 1 428
1 429 1 461
1 462 1 494
2 0 2 32
2 33 2 65
2 66 2 98
2 99 2 131
2 132 2 164
2 165 2 197
2 198 2 230
2 231 2 263
2 264 2 296
2 297 2 329
2 330 2 362
2 363 2 395
2 396 2 428
2 429 2 461
2 462 2 494
3 0 3 32
3 33 3 65
3 66 3 98
3 99 3 131
3 132 3 164
3 165 3 197
3 198 3 230
3 231 3 263
3 264 3 296
3 297 3 329
3 330 3 362
3 363 3 395
3 396 3 428
3 429 3 461
3 462 3 494
3 495 5 505
4 0 4 32
4 33 4 65
4 66 4 98
4 99 4 131
4 132 4 164
4 165 4 197
4 198 4 230
4 231 4 263
4 264 4 296
4 297 4 329
4 330 4 362
4 363 4 395
4 396 4 428
4 429 4 461
4 462 4 494
5 0 5 32
5 33 5 65
5 66 5 98
5 99 5 131
5 132 5 164
5 165 5 197
5 198 5 230
5 231 5 263
5 264 5 296
5 297 5 329
5 330 5 362
5 363 5 395
5 396 5 428
5 429 5 461
5 462 5 494
6 0 6 32
6 33 6 65
6 66 6 98
6 99 6 131
6 132 6 164
6 165 6 197
6 198 6 230
6 231 6 263
6 264 6 296
6 297 6 329
6 330 6 362
6 363 6 395
6 396 6 428
6 429 6 461
6 462 6 494
6 495 7 505
7 0 7 32
7 33 7 65
7 66 7 98
7 99 7 131
7 132 7 164
7 165 7 197
7 198 7 230
7 231 7 263
7 264 7 296
7 297 7 329
7 330 7 362
7 363 7 395
7 396 7 428
7 429 7 461
7 462 7 494
8 0 8 32
8 33 8 65
8 66 8 98
8 99 8 131
8 132 8 164
8 165 8 197
8 198 8 230
8 231 8 263
8 264 8 296
8 297 8 329
8 330 8 362
8 363 8 395
8 396 8 428
8 429 8 461
8 462 8 492
8 493 9 508
9 0 9 32
9 33 9 65
9 66 9 98
9 99 9 131
9 132 9 164
9 165 9 197
9 198 9 230
9 231 9 263
9 264 9 296
9 297 9 329
9 330 9 362
9 363 9 395
9 396 9 428
9 429 9 461
9 462 9 492
