140
0 3 4 5
0 6 0 20
0 21 0 35
0 36 0 50
3 52 17 52
0 52 1 58
0 59 0 73
0 74 2 78
0 80 2 84
0 87 4 89
0 90 1 96
0 97 14 97
0 99 2 103
0 104 2 108
0 109 2 113
0 115 0 128
0 129 2 133
0 134 2 138
1 1 7 2
1 6 1 20
1 21 1 35
1 36 1 50
1 59 1 73
1 115 1 128
2 6 8 7
2 9 4 13
2 15 16 15
2 17 13 17
2 19 3 25
2 27 6 29
2 30 15 30
2 31 2 45
2 46 16 46
2 48 16 48
2 49 16 49
2 51 2 65
2 66 4 70
2 71 6 73
2 94 6 96
0 114 14 114
2 115 4 119
2 120 8 121
2 123 6 125
2 126 15 126
2 127 15 127
3 31 3 45
3 47 17 47
3 50 9 51
3 55 5 59
3 62 7 64
3 74 5 78
3 79 4 85
3 86 17 86
3 99 3 113
3 128 5 132
3 133 5 137
4 18 8 20
4 22 8 24
4 32 15 32
4 34 8 36
4 37 16 37
4 39 8 41
4 42 18 42
4 43 18 43
4 60 10 61
4 91 18 91
4 98 4 112
4 113 18 113
4 138 10 139
5 0 19 0
5 3 9 5
5 12 19 12
5 13 19 13
5 14 19 14
5 66 9 68
5 69 11 70
5 79 9 81
5 84 19 84
5 87 9 89
5 98 5 112
5 115 7 119
6 8 10 10
6 45 20 45
6 53 8 57
6 58 20 58
6 74 20 74
6 77 20 77
6 98 6 112
6 128 8 132
6 133 8 137
7 26 11 28
7 29 20 29
7 72 20 72
7 92 9 96
7 98 7 112
7 124 13 125
8 64 20 64
8 99 14 100
8 101 9 107
8 108 11 110
8 116 12 118
9 18 11 22
9 23 13 25
9 38 11 41
9 53 13 55
9 56 15 57
9 82 15 83
9 120 13 122
9 129 11 133
9 134 13 136
10 33 14 35
10 65 14 67
10 78 14 80
10 92 12 96
10 105 14 107
11 101 17 102
12 108 14 112
12 130 16 132
13 50 19 51
13 60 17 62
13 92 15 96
14 5 18 7
14 16 16 20
14 21 18 23
14 24 16 28
14 116 20 117
14 133 18 135
15 1 19 3
15 65 17 69
15 103 17 107
16 9 20 11
16 30 20 32
16 55 20 57
16 79 20 81
16 92 18 96
16 126 20 128
17 35 19 39
18 46 20 49
19 101 20 107
19 130 20 136
