136
0 0 0 25
0 26 0 51
0 52 4 56
0 57 1 69
0 70 0 95
0 96 0 121
0 122 0 146
0 147 1 159
0 160 0 185
0 186 0 211
0 212 0 237
0 238 0 263
0 264 0 289
0 290 0 315
0 316 0 341
0 342 0 367
0 368 0 393
0 394 0 419
0 420 0 445
0 446 0 471
0 472 0 497
0 498 0 523
0 524 0 549
0 550 0 575
0 576 0 601
0 602 0 627
0 628 0 653
0 654 0 679
0 680 1 689
0 694 4 697
1 0 1 25
1 26 1 51
1 70 1 95
1 96 1 121
1 122 2 134
1 135 2 146
1 160 1 185
1 186 1 211
1 212 1 237
1 238 1 263
1 264 1 289
1 290 1 315
1 316 1 341
1 342 1 367
1 368 4 373
1 376 2 388
1 389 2 401
1 403 1 428
1 429 4 434
1 435 1 460
1 461 1 486
1 487 1 512
1 513 1 538
1 539 1 564
1 565 1 590
1 591 1 615
1 616 2 628
1 629 2 641
1 642 2 654
1 655 1 679
2 0 2 25
2 26 2 51
2 57 2 82
2 83 2 108
2 109 3 121
2 147 2 172
2 173 2 196
2 197 2 222
2 223 2 248
2 249 2 274
2 275 2 296
2 305 3 313
2 314 3 326
2 327 2 352
2 353 3 365
2 402 3 414
2 415 4 422
2 436 3 448
2 449 2 474
2 475 2 500
2 501 2 526
2 527 2 552
2 553 2 578
2 579 2 602
2 603 3 615
2 655 4 662
2 665 4 672
2 676 3 688
0 690 4 693
3 0 3 25
3 26 3 51
3 57 3 82
3 83 3 108
3 122 3 147
3 148 3 173
3 174 4 183
3 184 4 196
3 198 4 210
3 211 3 236
3 237 3 262
3 263 3 282
3 283 4 295
2 297 4 304
3 327 3 352
3 374 3 399
3 449 3 474
3 475 3 500
3 501 3 526
3 527 3 552
3 553 3 578
3 579 4 589
3 590 4 602
3 616 3 631
3 643 4 654
4 0 4 25
4 26 4 51
4 57 4 82
4 83 4 108
4 109 4 134
4 135 4 154
4 155 4 173
4 211 4 236
4 237 4 255
4 256 4 281
4 305 4 330
4 331 4 356
4 374 4 397
4 398 4 414
4 435 4 460
4 461 4 486
4 487 4 512
4 513 4 538
4 539 4 562
4 563 4 578
4 603 4 628
3 632 4 642
