386
0 0 0 51
0 52 0 103
0 104 0 155
0 156 0 207
0 208 0 259
0 260 0 311
0 312 0 363
0 364 0 415
0 416 0 467
0 468 0 519
0 520 0 571
0 572 0 623
0 624 3 636
0 637 12 640
0 641 12 644
0 645 25 646
1 0 1 51
1 52 1 103
1 104 1 155
1 156 1 207
1 208 1 259
1 260 1 311
1 312 1 363
1 364 1 415
1 416 1 467
1 468 1 519
1 520 1 571
1 572 1 623
2 0 2 51
2 52 2 103
2 104 2 155
2 156 2 207
2 208 2 259
2 260 2 311
2 312 2 363
2 364 2 415
2 416 2 467
2 468 2 519
2 520 2 571
2 572 2 623
3 0 3 51
3 52 3 103
3 104 3 155
3 156 3 207
3 208 3 259
3 260 3 311
3 312 3 363
3 364 3 415
3 416 3 467
3 468 3 519
3 520 3 571
3 572 3 623
4 0 4 51
4 52 4 103
4 104 4 155
4 156 4 207
4 208 4 259
4 260 4 311
4 312 4 363
4 364 4 415
4 416 4 467
4 468 4 519
4 520 4 571
4 572 4 623
4 624 7 636
5 0 5 51
5 52 5 103
5 104 5 155
5 156 5 207
5 208 5 259
5 260 5 311
5 312 5 363
5 364 5 415
5 416 5 467
5 468 5 519
5 520 5 571
5 572 5 623
6 0 6 51
6 52 6 103
6 104 6 155
6 156 6 207
6 208 6 259
6 260 6 311
6 312 6 363
6 364 6 415
6 416 6 467
6 468 6 519
6 520 6 571
6 572 6 623
7 0 7 51
7 52 7 103
7 104 7 155
7 156 7 207
7 208 7 259
7 260 7 311
7 312 7 363
7 364 7 415
7 416 7 467
7 468 7 519
7 520 7 571
7 572 7 623
8 0 8 51
8 52 8 103
8 104 8 155
8 156 9 181
8 182 8 233
8 234 8 285
8 286 8 337
8 338 8 389
8 390 8 441
8 442 8 493
8 494 8 545
8 546 8 597
8 598 9 623
8 624 11 636
9 0 9 51
9 52 9 103
9 104 9 155
9 182 9 233
9 234 9 285
9 286 9 337
9 338 9 389
9 390 9 441
9 442 9 493
9 494 9 545
9 546 9 597
10 0 10 51
10 52 10 103
10 104 10 155
10 156 10 207
10 208 10 259
10 260 10 311
10 312 10 363
10 364 10 415
10 416 10 467
10 468 10 519
10 520 10 571
10 572 10 623
11 0 11 51
11 52 11 103
11 104 11 155
11 156 11 207
11 208 11 259
11 260 11 311
11 312 11 363
11 364 11 415
11 416 11 467
11 468 11 519
11 520 11 571
11 572 11 623
12 0 12 51
12 52 12 103
12 104 12 155
12 156 12 207
12 208 12 259
12 260 12 311
12 312 12 363
12 364 12 415
12 416 12 467
12 468 12 519
12 520 12 571
12 572 12 623
12 624 15 636
13 0 13 51
13 52 13 103
13 104 14 129
13 130 13 181
13 182 13 233
13 234 13 285
13 286 13 337
13 338 13 389
13 390 13 441
13 442 13 493
13 494 13 545
13 546 13 597
13 598 14 623
13 637 25 640
13 641 25 644
14 0 14 51
14 52 14 103
14 130 14 181
14 182 14 233
14 234 14 285
14 286 14 337
14 338 14 389
14 390 14 441
14 442 14 493
14 494 14 545
14 546 14 597
15 0 15 51
15 52 15 103
15 104 15 155
15 156 15 207
15 208 15 259
15 260 15 311
15 312 15 363
15 364 15 415
15 416 15 467
15 468 15 519
15 520 15 571
15 572 15 623
16 0 16 51
16 52 16 103
16 104 16 155
16 156 16 207
16 208 16 259
16 260 16 311
16 312 16 363
16 364 16 415
16 416 16 467
16 468 16 519
16 520 16 571
16 572 17 597
16 598 17 623
16 624 19 636
17 0 17 51
17 52 17 103
17 104 17 155
17 156 17 207
17 208 17 259
17 260 17 311
17 312 17 363
17 364 17 415
17 416 17 467
17 468 17 519
17 520 17 571
18 0 18 51
18 52 18 103
18 104 18 155
18 156 18 207
18 208 18 259
18 260 18 311
18 312 18 363
18 364 18 415
18 416 18 467
18 468 18 519
18 520 18 571
18 572 18 623
19 0 19 51
19 52 19 103
19 104 19 155
19 156 19 207
19 208 19 259
19 260 19 311
19 312 19 363
19 364 19 415
19 416 19 467
19 468 19 519
19 520 19 571
19 572 19 623
20 0 20 51
20 52 20 103
20 104 20 155
20 156 20 207
20 208 20 259
20 260 20 311
20 312 20 363
20 364 20 415
20 416 20 467
20 468 20 519
20 520 20 571
20 572 20 623
20 624 23 636
21 0 21 51
21 52 21 103
21 104 21 155
21 156 21 207
21 208 21 259
21 260 21 311
21 312 21 363
21 364 21 415
21 416 21 467
21 468 21 519
21 520 21 571
21 572 21 623
22 0 22 51
22 52 22 103
22 104 22 155
22 156 22 207
22 208 22 259
22 260 22 311
22 312 22 363
22 364 22 415
22 416 22 467
22 468 22 519
22 520 22 571
22 572 22 623
23 0 23 51
23 52 23 103
23 104 23 155
23 156 23 207
23 208 23 259
23 260 23 311
23 312 23 363
23 364 23 415
23 416 23 467
23 468 23 519
23 520 23 571
23 572 23 623
24 0 24 51
24 52 24 103
24 104 24 155
24 156 24 207
24 208 24 259
24 260 24 311
24 312 24 363
24 364 24 415
24 416 24 467
24 468 24 519
24 520 24 571
24 572 24 623
24 624 27 636
25 0 25 51
25 52 25 103
25 104 25 155
25 156 25 207
25 208 25 259
25 260 25 311
25 312 25 363
25 364 25 415
25 416 25 467
25 468 25 519
25 520 25 571
25 572 25 623
26 0 26 51
26 52 26 103
26 104 26 155
26 156 26 207
26 208 26 259
26 260 26 311
26 312 26 363
26 364 26 415
26 416 26 467
26 468 26 519
26 520 26 571
26 572 26 623
26 637 30 646
27 0 27 51
27 52 27 103
27 104 27 155
27 156 27 207
27 208 27 259
27 260 27 311
27 312 27 363
27 364 27 415
27 416 27 467
27 468 27 519
27 520 27 571
27 572 27 623
28 0 28 51
28 52 28 103
28 104 28 155
28 156 28 207
28 208 28 259
28 260 28 311
28 312 28 363
28 364 28 415
28 416 28 467
28 468 28 519
28 520 28 571
28 572 28 619
28 620 30 636
29 0 29 51
29 52 29 103
29 104 29 151
29 152 29 203
29 204 29 255
29 256 29 307
29 308 29 359
29 360 29 411
29 412 29 463
29 464 29 515
29 516 29 567
29 568 29 619
30 0 30 51
30 52 30 103
30 104 30 155
30 156 30 207
30 208 30 259
30 260 30 311
30 312 30 363
30 364 30 415
30 416 30 467
30 468 30 519
30 520 30 571
30 572 30 619
