946
0 0 0 5
0 6 0 11
0 12 0 17
0 18 0 23
0 24 0 29
0 30 1 32
0 33 1 35
0 36 0 41
0 42 1 44
0 45 0 50
0 51 0 56
0 57 0 62
0 63 0 68
0 69 0 74
0 75 0 80
0 81 2 82
0 83 0 88
0 89 0 94
0 95 2 96
0 97 1 99
0 100 0 105
0 106 1 108
0 109 1 111
0 112 1 114
0 115 1 117
0 118 1 120
0 121 0 126
0 127 0 132
0 133 1 135
0 136 0 141
0 142 0 147
0 148 5 148
0 150 0 155
0 156 0 161
0 162 0 166
0 168 0 173
0 174 0 179
0 180 0 185
0 186 0 191
0 192 0 197
0 198 0 203
0 204 0 209
0 210 0 215
0 216 0 221
0 222 0 227
0 228 0 233
0 234 0 239
0 240 0 245
0 246 0 251
0 252 0 257
0 258 0 263
0 264 1 266
0 267 1 269
0 270 0 275
0 276 0 281
0 282 0 287
0 288 0 293
0 294 1 296
0 297 0 302
0 303 0 308
0 309 0 314
0 315 0 320
0 321 0 326
0 327 1 329
0 330 0 335
0 336 0 341
0 342 1 344
0 345 0 350
0 351 0 356
0 357 0 362
0 363 0 368
0 369 0 374
0 375 0 380
0 381 0 386
0 387 0 392
0 393 1 395
0 396 1 398
0 399 1 401
0 402 1 404
0 405 1 407
0 408 5 408
1 0 1 5
1 6 1 11
1 12 1 17
1 18 1 23
1 24 1 29
1 36 1 41
1 45 1 50
1 51 1 56
1 57 1 62
1 63 1 68
1 69 1 74
1 75 2 77
1 78 2 80
1 83 1 88
1 89 1 94
1 100 1 105
1 121 3 122
1 123 2 125
1 126 3 127
1 128 3 129
1 130 2 132
1 136 2 138
1 139 2 141
1 142 2 144
1 145 2 147
1 149 1 154
1 155 1 160
1 161 1 166
0 167 5 167
1 168 2 170
1 171 3 172
1 173 1 178
1 179 1 184
1 185 1 190
1 191 1 196
1 197 1 202
1 203 1 208
1 209 1 214
1 215 1 220
1 221 1 226
1 227 1 232
1 233 1 238
1 239 1 244
1 245 1 250
1 251 1 256
1 257 1 262
1 263 6 263
1 270 1 275
1 276 1 281
1 282 1 287
1 288 2 290
1 291 6 291
1 292 3 293
1 297 1 302
1 303 1 308
1 309 1 314
1 315 1 320
1 321 1 326
1 330 1 335
1 336 1 341
1 345 1 350
1 351 1 356
1 357 1 362
1 363 1 368
1 369 1 374
1 375 2 377
1 378 3 379
1 380 1 385
1 386 1 391
1 392 6 392
2 0 2 3
2 6 2 11
2 12 2 17
2 18 2 23
2 24 3 26
2 27 2 32
2 33 2 38
2 39 2 44
2 45 2 50
2 51 4 52
2 53 2 58
2 59 2 64
2 65 2 70
2 71 3 73
2 74 7 74
2 83 2 88
2 89 2 94
2 97 7 97
2 98 2 103
2 104 2 109
2 110 2 115
2 116 3 118
2 119 3 120
2 133 3 135
2 149 2 154
2 155 2 160
2 161 2 166
2 173 3 175
2 176 3 178
2 179 3 181
2 182 2 187
2 188 2 193
2 194 2 199
2 200 2 205
2 206 2 211
2 212 2 217
2 218 3 220
2 221 2 226
2 227 2 232
2 233 2 238
2 239 2 244
2 245 2 250
2 251 2 256
2 257 2 262
2 264 2 269
2 270 2 275
2 276 3 278
2 279 3 281
2 282 2 287
2 294 3 296
2 297 2 302
2 303 2 308
2 309 2 314
2 315 2 320
2 321 3 323
2 324 4 325
2 326 3 328
2 329 2 334
2 335 2 340
2 341 3 343
2 344 4 345
2 346 2 351
2 352 2 357
2 358 2 363
2 364 2 369
2 370 4 371
2 372 4 373
2 374 6 374
2 380 2 385
2 386 2 391
2 393 2 398
2 399 2 403
2 405 3 407
3 0 5 1
3 2 5 3
2 4 4 5
3 6 3 11
3 12 4 14
3 15 8 15
3 16 3 21
3 22 5 23
3 27 4 29
3 30 4 32
3 33 3 38
3 39 3 43
3 45 8 45
3 46 5 47
3 48 8 48
3 49 5 50
3 53 3 58
3 59 3 64
3 65 5 66
3 67 4 68
3 69 5 70
3 75 3 80
3 81 3 86
3 87 3 92
3 93 4 95
3 96 8 96
3 98 3 103
3 104 3 109
3 111 3 115
3 123 5 124
3 125 8 125
3 130 4 132
3 136 3 141
3 142 3 147
3 149 3 154
3 155 3 160
3 161 4 163
3 164 5 165
3 166 8 166
3 168 4 170
3 182 4 184
3 185 5 186
3 187 4 189
3 190 3 195
3 197 8 197
3 198 3 203
3 204 3 209
3 210 3 215
3 216 5 217
3 221 3 226
3 227 3 232
3 233 4 235
3 236 3 241
3 242 3 247
3 248 3 253
3 254 3 259
3 260 4 262
3 264 3 269
3 270 3 275
3 282 5 283
3 284 5 285
3 287 4 289
3 290 8 290
3 297 3 302
3 303 3 308
3 309 4 311
3 312 3 317
3 318 4 320
3 329 3 334
3 335 3 340
3 346 3 351
3 352 3 357
3 358 3 363
3 364 3 369
3 375 4 377
3 380 3 385
3 386 4 388
3 389 4 391
3 393 4 395
3 396 3 401
3 402 5 403
2 404 7 404
4 6 6 7
4 8 5 10
4 11 8 11
4 18 4 21
4 24 5 26
4 33 4 37
5 39 10 39
4 38 4 43
3 44 7 44
4 53 4 58
4 59 4 64
4 71 5 73
4 75 5 77
4 78 6 79
4 80 4 85
4 86 4 91
4 92 9 92
4 98 4 103
4 104 4 109
3 110 8 110
4 111 4 116
5 117 6 118
4 117 4 122
4 126 5 128
4 129 9 129
4 133 4 138
4 139 6 140
4 141 9 141
4 143 9 143
4 144 6 145
4 146 9 146
4 147 9 147
4 149 4 154
4 155 7 155
4 156 6 157
4 158 5 160
4 171 4 176
4 177 5 179
4 180 6 181
4 190 4 195
4 196 9 196
4 198 4 203
4 204 4 209
4 210 4 215
4 218 5 220
4 221 4 226
4 227 4 232
4 236 4 241
4 242 4 247
4 248 4 253
4 254 4 259
4 264 5 266
4 267 4 272
4 273 4 278
4 279 5 281
4 286 9 286
4 292 4 297
4 298 4 303
4 304 5 306
4 307 9 307
4 308 8 308
4 312 4 317
4 321 6 322
4 323 9 323
4 326 4 331
4 332 4 337
4 338 4 343
4 346 4 351
4 352 4 357
4 358 4 363
4 364 4 369
4 378 4 383
4 384 9 384
4 385 9 385
4 396 4 401
4 405 5 407
5 12 6 14
5 18 5 21
5 27 5 32
5 33 6 35
5 36 10 36
5 37 7 38
5 40 6 42
5 51 5 56
5 57 6 59
5 60 6 62
5 63 8 63
5 67 7 68
5 80 5 85
5 86 6 88
5 89 6 91
5 93 6 95
5 98 5 103
5 104 7 105
5 106 6 108
5 109 10 109
5 111 5 116
5 119 7 120
5 121 7 122
5 130 5 135
5 136 6 138
5 149 5 154
5 162 7 163
5 168 5 173
5 174 6 176
5 182 6 184
5 187 5 192
5 193 6 195
5 198 5 203
5 204 5 209
5 210 5 215
5 221 5 226
5 227 5 232
5 233 5 238
5 239 5 244
5 245 6 247
5 248 5 253
5 254 7 255
5 256 5 261
5 262 10 262
5 267 5 272
5 273 5 278
5 287 7 288
5 289 10 289
5 292 5 297
5 298 10 298
5 300 7 301
5 302 7 303
5 309 5 314
5 315 5 320
5 324 5 329
5 330 6 332
5 333 7 334
5 335 5 340
5 341 5 346
5 347 5 352
5 353 5 358
5 359 5 364
5 365 5 370
5 371 6 373
5 375 6 377
5 380 6 382
5 386 5 391
5 393 5 398
5 399 6 401
6 0 8 1
6 2 8 3
6 4 8 5
6 8 7 10
4 16 6 17
6 18 6 23
6 24 6 29
6 30 7 32
6 46 8 47
6 49 8 50
6 51 6 56
6 69 7 70
8 72 12 72
6 71 7 73
6 75 7 77
6 80 8 81
6 82 8 83
6 85 11 85
6 98 6 103
6 111 6 116
6 123 8 124
6 126 7 128
6 130 6 135
6 142 11 142
6 150 11 150
6 151 10 151
6 152 7 154
6 158 8 159
6 160 8 161
6 164 8 165
6 167 6 172
6 173 10 173
6 177 8 178
6 179 10 179
6 185 6 190
6 191 7 192
6 198 6 203
6 204 6 209
6 210 7 212
6 213 8 214
6 215 6 220
6 221 6 226
6 227 6 232
6 233 6 238
6 239 6 244
6 248 8 249
6 250 7 252
6 253 11 253
6 256 6 261
6 264 7 266
6 267 6 272
6 273 6 278
6 279 6 284
6 285 9 285
6 292 6 296
6 304 7 306
6 309 6 313
6 314 7 316
6 317 8 318
6 319 8 320
6 324 6 329
6 335 6 340
6 341 6 346
6 347 6 352
6 353 6 358
6 359 6 364
6 365 7 367
6 368 7 370
7 378 11 378
5 378 6 379
7 380 12 380
6 383 11 383
6 386 6 391
6 393 6 398
6 403 11 403
6 405 7 407
6 408 11 408
7 6 12 6
7 7 12 7
7 12 8 14
7 16 12 16
7 17 8 19
7 20 7 25
7 26 8 28
7 29 12 29
7 33 8 35
7 40 9 41
7 51 7 56
7 57 8 59
7 60 8 62
7 65 12 65
7 66 12 66
7 78 9 79
7 86 7 91
7 93 8 95
7 98 12 98
7 99 8 101
7 102 9 103
7 108 10 108
7 111 7 116
7 117 11 117
7 118 11 118
7 130 7 135
7 136 8 138
7 139 9 140
7 144 9 145
7 157 10 157
7 167 11 167
7 168 9 169
7 170 12 170
7 171 11 171
7 172 11 172
7 174 8 176
7 180 7 185
7 186 8 188
7 189 9 190
7 194 9 195
7 198 8 200
7 201 9 202
7 203 7 208
7 209 11 209
7 215 7 220
7 221 7 226
7 227 7 232
7 233 7 238
7 239 7 244
7 245 8 247
7 256 8 258
7 259 8 261
7 263 11 263
7 267 7 272
7 273 7 278
7 279 7 284
7 291 7 296
6 297 11 297
7 309 8 311
7 312 12 312
7 321 8 322
7 324 8 326
7 327 8 329
7 330 8 332
7 335 7 340
7 341 7 346
7 347 7 352
7 353 7 358
7 359 7 364
7 371 8 373
7 376 8 377
7 379 12 379
7 381 12 381
7 382 12 382
7 386 8 388
7 389 11 389
7 390 8 392
7 393 8 395
7 396 7 401
8 8 10 9
8 10 13 10
8 20 8 25
8 30 9 32
8 37 10 38
8 42 9 44
8 51 8 56
8 67 9 69
8 70 10 71
8 73 9 75
8 76 10 77
8 86 8 91
8 97 13 97
8 104 9 106
8 111 8 116
8 120 9 122
8 126 9 128
8 130 8 135
8 152 10 153
8 154 13 154
8 155 10 156
8 162 10 163
8 180 13 180
8 181 9 183
8 184 10 185
8 191 9 193
8 203 9 205
8 206 9 208
8 210 9 212
8 215 8 220
8 221 8 226
8 227 10 228
8 229 9 231
8 232 8 237
8 238 8 243
8 244 12 244
8 250 9 252
8 254 13 254
8 264 8 269
8 270 8 275
8 276 8 281
8 282 9 284
8 287 13 287
8 288 11 288
8 291 10 292
8 293 9 295
8 296 13 296
8 299 8 304
8 305 9 306
8 313 10 314
8 315 10 316
8 333 8 338
8 339 8 344
8 345 9 347
8 348 8 353
8 354 8 359
8 360 8 365
8 366 8 370
7 374 9 375
8 396 9 398
8 399 10 400
8 404 9 406
8 407 13 407
9 0 10 2
9 3 11 4
9 13 10 14
9 15 13 15
9 17 9 22
9 23 9 28
9 33 10 35
9 45 9 50
9 51 9 56
9 57 9 62
9 63 11 64
9 80 10 82
9 83 11 84
9 86 9 91
9 93 11 94
9 95 11 96
9 99 10 101
9 110 9 114
9 115 11 116
9 123 10 125
9 131 9 136
9 137 11 138
9 158 10 160
9 164 10 166
9 174 10 176
9 177 13 177
9 186 10 188
9 197 10 199
9 200 12 200
9 213 9 218
9 219 9 224
9 225 11 226
9 232 9 237
9 238 10 240
9 241 10 243
9 245 10 247
9 248 11 249
9 255 11 256
9 257 10 259
9 260 11 261
9 264 9 268
9 270 10 272
9 273 10 275
9 276 9 281
9 290 13 290
9 299 9 304
9 309 10 311
9 317 9 322
9 324 9 329
9 330 10 332
9 333 9 338
9 339 9 344
9 348 9 353
9 354 11 355
9 356 13 356
9 357 9 362
9 363 10 365
9 366 9 371
9 372 11 373
9 376 11 377
9 386 10 388
9 390 9 395
9 11 11 12
10 17 10 22
10 23 10 28
10 30 11 32
10 40 10 45
10 46 10 51
10 52 10 55
10 56 10 61
10 67 11 69
10 74 12 75
10 78 12 79
10 87 11 89
10 90 11 92
10 102 10 107
10 110 11 112
10 113 11 114
10 119 11 121
10 126 10 130
10 131 11 133
10 134 11 136
10 139 11 141
10 143 10 148
10 181 11 183
10 189 10 194
10 195 12 196
10 201 10 206
10 207 11 208
10 210 12 211
10 212 10 217
10 218 10 223
10 229 10 234
10 235 12 236
10 250 11 252
10 264 10 268
10 276 10 281
10 282 11 284
10 285 11 286
10 293 11 295
10 299 10 304
10 305 11 307
9 308 13 308
10 317 11 319
10 320 10 325
10 326 11 328
10 333 10 338
10 339 10 344
10 345 10 350
10 351 11 353
10 357 10 362
10 366 10 371
10 374 11 375
10 384 13 384
10 390 10 395
10 396 11 398
10 404 11 406
11 0 12 2
11 8 13 9
11 13 13 14
11 17 11 22
11 23 11 28
11 33 11 37
11 38 13 39
11 40 11 45
11 46 11 51
11 52 12 54
11 55 11 60
11 61 12 62
11 70 13 71
11 76 13 77
11 80 12 82
11 99 11 103
11 104 12 106
11 108 13 109
11 122 13 123
11 124 13 125
11 126 12 128
11 129 13 130
11 143 11 146
11 147 12 149
11 151 12 153
11 155 13 156
11 159 11 163
11 164 12 166
11 173 13 174
11 178 13 179
11 184 11 189
11 190 12 192
11 197 12 199
11 201 12 203
11 204 12 206
11 212 11 217
11 218 11 223
11 227 11 232
11 233 13 234
11 237 11 240
11 241 12 243
11 245 12 247
11 257 12 259
11 264 11 268
11 270 12 272
11 273 11 278
11 279 12 281
11 291 13 292
11 298 11 302
11 303 13 304
11 309 13 310
11 313 12 315
11 320 11 325
11 329 11 334
11 335 11 340
11 341 11 345
11 346 12 348
11 349 12 350
11 357 11 360
11 363 11 368
11 369 12 371
11 385 11 388
11 390 11 395
11 399 13 400
11 401 13 402
12 11 13 12
12 17 12 22
12 23 12 28
12 30 13 32
12 33 13 35
12 40 13 42
12 43 12 48
12 49 13 51
12 55 12 60
12 67 13 69
12 83 12 88
12 89 12 93
12 94 13 96
12 99 13 101
12 102 13 103
12 110 13 112
12 115 13 116
12 119 13 121
12 131 12 136
12 137 12 142
12 143 13 144
12 145 13 146
11 157 13 158
12 159 13 161
12 167 13 169
12 181 12 186
12 187 13 189
12 212 13 214
12 215 12 220
12 221 13 223
12 224 13 226
12 227 12 232
12 238 13 240
12 248 12 253
12 260 12 265
12 266 13 268
9 269 13 269
12 273 12 278
12 282 13 284
12 288 13 289
12 297 12 302
12 305 13 307
12 316 12 321
12 322 12 327
12 328 12 333
12 334 12 339
12 340 12 345
12 351 12 355
12 357 12 360
12 363 13 365
12 372 12 375
12 376 13 378
12 385 13 387
12 388 12 393
12 394 13 396
12 397 13 398
12 404 13 406
13 16 13 21
13 22 13 25
13 26 13 29
13 43 13 48
13 52 13 57
13 58 13 63
13 72 13 75
13 79 13 84
13 85 13 90
12 113 13 114
12 117 13 118
13 131 13 136
13 137 13 142
12 171 13 172
13 181 13 186
13 190 13 195
13 196 13 199
13 200 13 205
12 207 13 209
13 215 13 220
13 227 13 232
13 241 13 246
13 247 13 252
13 255 13 260
13 273 13 278
12 285 13 286
13 297 13 302
13 311 13 316
13 317 13 322
13 323 13 328
13 329 13 334
13 336 13 341
13 346 13 351
11 361 13 362
13 368 13 373
13 379 13 383
13 388 13 393
