2484
0 0 0 7
0 8 0 15
0 16 0 23
0 24 0 31
0 32 0 39
0 40 0 47
0 48 0 55
0 56 0 63
0 64 0 71
0 72 0 79
0 80 0 87
0 88 1 91
0 92 1 95
0 96 0 103
0 104 0 111
0 112 0 119
0 120 1 123
0 124 7 124
1 0 1 7
1 8 1 15
1 16 4 17
1 18 1 25
1 26 2 29
1 30 1 37
1 38 1 45
1 46 1 53
1 54 1 61
1 62 1 69
1 70 1 77
1 78 1 85
1 86 4 87
1 96 1 103
1 104 1 111
1 112 1 119
2 0 2 7
2 8 2 15
2 18 2 25
2 30 2 37
2 38 3 41
2 42 9 42
2 44 2 51
2 52 2 59
2 60 2 67
2 68 2 75
2 76 2 83
2 84 5 85
2 88 2 95
2 96 2 103
2 104 5 105
2 106 3 109
2 110 3 113
2 114 5 115
2 116 2 123
3 0 3 7
3 8 3 12
3 18 3 25
3 26 3 33
3 34 4 37
3 43 4 46
3 47 4 50
3 51 3 58
3 59 3 66
3 67 4 70
3 71 6 72
3 73 4 76
3 77 4 80
3 81 10 81
3 82 6 83
3 88 3 95
3 96 4 99
3 100 4 103
3 116 3 123
4 0 4 7
4 8 7 9
4 10 11 10
4 11 7 12
5 13 11 13
3 13 4 15
4 18 4 25
4 26 4 33
4 38 5 41
4 51 4 58
4 59 4 66
4 88 4 95
4 106 4 113
4 116 4 123
5 0 5 7
5 14 5 21
5 22 5 29
5 30 5 37
5 43 5 50
5 51 5 58
5 59 5 66
5 67 6 70
5 73 5 80
5 86 5 93
5 94 5 101
5 102 8 103
5 106 5 113
5 116 5 123
6 0 6 7
6 14 6 21
6 22 6 29
6 30 6 37
6 38 7 41
6 43 6 50
6 51 6 58
6 59 6 66
6 73 6 80
6 84 6 91
6 92 6 99
6 100 9 101
6 104 9 105
6 106 6 113
6 114 6 121
6 122 9 123
7 0 7 7
7 14 7 21
7 22 10 23
7 24 7 31
7 32 8 35
7 36 10 37
7 43 7 50
7 51 7 58
7 59 7 66
7 67 7 74
7 75 8 78
7 79 10 80
7 82 7 89
7 90 7 97
7 98 10 99
7 106 8 109
7 110 7 117
7 118 8 121
8 0 8 7
8 8 11 9
8 11 11 12
8 14 8 21
8 24 8 31
8 38 9 41
8 43 8 50
8 51 9 54
8 55 8 62
8 63 8 70
8 71 11 72
8 73 11 74
8 82 8 89
8 90 8 97
8 110 8 117
8 124 15 124
9 0 9 7
9 14 9 21
9 24 9 31
9 32 10 35
9 43 9 50
9 55 9 62
9 63 9 70
9 75 10 78
9 82 9 89
9 90 9 97
9 106 9 113
9 114 12 115
9 116 12 117
9 118 16 118
9 119 16 119
9 120 16 120
9 121 16 121
10 0 10 7
10 14 10 21
10 24 10 31
10 38 10 45
10 46 10 53
10 54 11 57
10 58 11 61
10 62 10 69
10 70 17 70
10 82 10 89
10 90 10 97
10 100 10 107
10 108 13 109
10 110 11 113
10 122 13 123
11 0 11 7
11 14 11 21
11 22 11 29
11 31 11 37
11 38 11 45
11 46 11 53
11 62 11 69
11 75 11 82
11 83 11 90
11 91 11 98
11 99 11 106
11 107 17 107
12 0 13 3
12 4 12 11
12 12 12 19
12 20 13 23
12 24 13 27
12 28 15 29
11 30 18 30
12 31 19 31
12 32 12 39
12 40 12 47
12 48 12 55
12 56 12 63
12 64 13 67
12 68 15 69
12 71 13 74
12 75 13 78
12 79 12 86
12 87 12 94
12 95 12 102
12 103 15 104
12 105 15 106
12 110 13 113
13 4 13 11
13 12 13 19
13 32 13 39
13 40 13 47
13 48 13 55
13 56 13 63
13 80 13 87
13 88 13 95
13 96 14 99
13 100 16 100
13 101 16 102
13 114 14 117
14 0 14 7
14 8 14 15
14 16 14 23
14 24 15 27
14 32 14 39
14 40 14 47
14 48 14 55
14 56 14 63
14 64 15 67
14 71 14 78
14 79 14 86
14 87 14 94
14 95 18 95
14 108 15 111
14 112 17 113
14 122 17 123
15 0 15 7
15 8 18 9
15 10 22 10
15 11 22 11
15 14 16 17
15 18 21 18
15 19 16 22
15 23 22 23
15 32 15 39
15 40 15 47
15 48 15 55
15 56 15 63
15 71 15 78
15 79 15 86
15 87 15 94
15 96 16 99
15 114 16 117
16 0 16 7
16 24 19 25
16 26 19 27
16 28 23 28
16 29 23 29
16 32 16 38
16 40 16 47
16 48 16 55
16 56 18 57
16 58 16 65
16 66 17 69
16 71 16 78
16 79 16 86
16 87 17 90
16 91 17 94
16 103 16 106
16 108 17 111
17 0 17 7
17 12 18 15
17 16 24 16
17 19 18 22
17 32 17 38
17 40 17 47
17 48 17 55
17 58 17 65
17 71 17 78
17 79 17 86
17 96 18 99
17 100 24 100
17 101 24 101
17 102 17 106
17 114 17 121
18 0 19 3
18 4 19 7
18 32 18 38
18 40 18 47
18 48 18 55
18 58 18 65
18 66 18 73
18 74 18 81
18 82 18 89
18 90 19 93
18 102 18 109
18 110 18 117
18 118 19 121
18 122 21 123
18 124 25 124
19 8 22 9
19 12 20 15
19 19 20 22
19 30 26 30
19 32 19 37
19 40 20 43
19 44 26 44
19 45 19 52
19 53 19 60
19 61 19 68
19 69 20 72
19 73 20 76
19 77 20 80
19 81 20 84
19 85 20 88
19 89 26 89
19 94 22 95
19 96 20 99
19 103 19 110
19 111 20 114
19 115 22 116
19 117 26 117
20 0 20 7
20 24 27 24
20 25 27 25
20 26 27 26
20 31 20 37
16 39 23 39
20 45 20 52
20 53 20 60
20 61 20 68
20 90 21 93
20 102 20 109
20 110 27 110
20 118 21 121
21 0 21 7
21 12 22 15
21 19 22 22
21 31 21 37
21 40 22 43
21 45 21 52
21 53 21 60
21 61 21 68
21 69 21 76
21 77 21 84
21 85 24 86
21 87 24 88
21 96 22 99
21 102 21 109
21 111 22 114
22 0 22 7
22 17 24 18
22 31 25 32
22 33 29 33
22 34 23 37
19 38 26 38
22 45 22 52
22 53 23 56
22 57 22 64
22 65 22 72
22 73 22 80
22 81 23 84
22 92 23 93
22 102 29 102
22 103 23 106
22 107 25 108
22 109 29 109
22 118 23 121
22 122 29 122
22 123 29 123
23 0 24 3
23 4 24 7
23 8 23 15
23 19 24 22
23 23 30 23
23 40 24 43
23 45 23 52
23 57 23 64
23 65 23 72
23 73 23 80
23 94 24 97
23 98 26 99
23 111 24 114
23 115 26 116
24 8 24 15
24 27 27 28
24 29 31 29
24 34 25 37
24 39 31 39
24 45 24 52
24 53 24 60
24 61 24 68
24 69 24 76
24 77 24 84
22 90 25 91
24 92 27 93
24 103 25 105
24 118 25 121
25 0 25 7
25 8 25 15
25 16 32 16
25 19 26 22
25 40 26 43
25 45 25 52
25 53 28 54
25 55 28 56
25 57 32 57
25 58 25 65
25 66 25 73
25 74 25 81
25 82 26 85
25 86 28 87
25 88 32 88
25 94 26 97
25 100 28 101
25 111 28 112
25 113 32 113
25 114 32 114
26 0 26 7
26 8 26 15
25 17 28 18
26 31 29 32
26 34 27 37
26 45 26 52
26 58 26 65
26 66 26 73
26 74 26 81
26 90 33 90
26 91 33 91
26 103 27 105
26 107 29 108
26 118 27 121
26 124 33 124
27 0 27 7
27 8 27 15
27 19 28 22
27 30 34 30
27 38 34 38
27 40 27 47
27 48 30 49
27 50 30 51
27 52 34 52
27 58 27 65
27 66 28 69
27 70 28 73
27 74 27 81
27 82 28 85
27 89 34 89
27 94 28 97
27 98 30 99
27 115 30 116
27 117 34 117
28 0 28 7
28 8 28 15
28 24 35 24
28 27 31 28
28 34 29 37
28 40 29 43
28 44 29 47
28 58 28 65
28 74 28 81
28 92 31 93
28 103 31 103
28 104 31 105
24 106 31 106
28 110 35 110
28 118 29 121
29 0 29 7
29 8 29 15
29 17 30 20
29 21 32 22
29 26 36 26
29 53 30 56
29 58 30 61
29 62 29 69
29 70 29 77
29 78 29 85
29 86 32 87
29 94 30 97
29 100 32 101
29 111 32 112
30 0 30 7
30 8 30 15
30 25 37 25
30 31 31 34
30 35 33 36
30 37 37 37
30 40 30 47
30 62 30 69
30 70 30 77
30 78 30 85
30 102 37 102
30 107 33 108
30 109 37 109
30 118 31 121
30 122 33 123
31 0 31 7
31 8 34 9
31 10 32 13
31 14 38 14
31 15 38 15
31 17 32 20
31 23 38 23
31 40 31 47
31 48 32 51
31 53 32 56
31 58 31 65
31 66 31 73
31 74 31 81
31 82 32 85
31 94 34 95
31 96 34 97
31 98 34 99
31 115 34 116
32 0 32 7
32 27 35 28
32 29 39 29
32 31 39 31
32 32 35 33
32 34 39 34
32 39 32 46
32 47 37 47
32 58 32 65
32 66 32 73
32 74 33 77
32 78 35 79
32 80 35 81
32 92 35 93
32 103 33 106
32 118 33 121
33 0 33 7
33 10 34 13
33 16 34 19
33 20 36 21
33 22 40 22
33 39 33 46
33 48 36 49
33 50 36 51
33 53 33 60
33 61 33 68
33 69 34 72
33 73 40 73
33 82 36 83
33 84 34 87
33 88 40 88
33 100 36 101
33 111 34 114
34 0 34 7
34 35 37 36
34 39 34 46
34 53 34 60
34 61 34 68
34 74 36 75
34 77 41 77
34 90 37 91
34 103 35 106
34 107 37 108
34 118 35 121
34 122 37 123
34 124 41 124
35 0 36 3
35 4 36 7
35 8 36 11
35 12 38 13
35 16 36 19
35 30 42 30
35 38 35 45
35 46 41 46
35 52 35 59
35 60 35 67
35 68 36 71
35 72 42 72
35 84 38 85
35 86 38 87
35 89 42 89
35 94 36 97
35 98 38 99
35 111 36 114
35 115 38 116
35 117 42 117
36 24 43 24
36 27 39 28
36 32 39 33
36 38 36 45
36 52 36 59
36 60 36 67
36 78 37 81
36 92 39 93
36 103 37 106
36 110 43 110
36 118 37 121
37 0 37 7
37 8 38 11
37 16 38 19
37 20 40 21
37 26 44 26
37 38 37 45
37 49 38 52
37 53 37 60
37 61 37 68
37 69 40 70
37 71 43 71
37 74 38 76
37 82 40 83
37 94 38 97
37 100 40 101
37 111 38 114
38 0 38 7
38 25 45 25
38 35 38 42
38 43 41 44
38 45 43 45
38 47 41 48
38 53 38 60
38 61 38 68
38 78 45 78
38 79 41 80
38 81 45 81
38 90 41 91
38 102 38 109
38 118 39 121
38 123 44 123
39 0 39 7
39 8 39 15
39 16 40 19
39 23 46 23
39 35 39 42
39 49 39 56
39 57 39 64
39 65 40 68
39 74 42 75
39 84 40 87
39 94 42 95
39 96 42 97
39 98 46 98
39 99 46 99
39 102 39 109
39 111 40 113
41 115 46 115
39 114 40 116
40 0 40 7
40 8 40 15
40 27 43 28
40 29 47 29
40 31 40 38
40 39 41 42
40 49 40 56
40 57 40 64
40 92 43 93
40 102 41 105
40 106 41 109
40 118 41 121
40 122 47 122
41 0 41 7
41 8 41 15
41 16 42 19
41 20 44 21
41 22 46 22
41 31 44 32
41 33 42 36
41 37 44 38
41 50 41 56
41 57 41 64
41 65 42 68
41 69 44 70
41 73 48 73
41 82 42 85
41 86 44 87
41 88 48 88
41 100 44 101
41 111 42 114
41 116 47 116
42 0 42 7
42 8 42 15
42 39 45 40
42 41 43 44
42 50 42 54
42 55 42 62
42 63 45 64
42 76 45 77
42 79 49 79
42 80 49 80
42 90 45 91
42 102 45 103
42 104 45 105
42 106 43 109
42 118 43 121
42 124 49 124
43 0 43 7
43 8 43 15
43 16 44 19
43 30 50 30
43 33 44 36
44 45 45 48
42 46 43 48
43 50 46 51
43 52 43 59
43 60 46 61
43 65 44 68
43 72 50 72
43 74 46 75
43 82 44 85
43 89 50 89
43 94 46 95
43 96 50 96
43 97 50 97
43 111 44 114
43 117 50 117
44 0 44 7
44 8 47 9
44 10 45 13
44 14 47 15
44 24 51 24
44 27 47 28
44 41 45 44
41 49 48 49
44 52 44 59
44 62 51 62
44 92 47 93
44 106 45 109
44 110 51 110
44 118 47 119
44 121 51 121
45 0 45 7
45 16 46 19
45 20 48 21
45 26 49 26
45 31 46 34
45 35 46 38
45 52 45 59
45 65 46 68
45 69 48 70
44 71 48 71
45 82 46 85
45 86 48 87
45 100 48 101
45 111 46 114
46 0 46 7
46 10 47 13
46 25 52 25
46 39 47 42
46 43 49 44
46 45 53 45
46 48 53 48
46 52 46 59
46 63 49 64
46 76 53 76
46 77 52 77
46 78 52 78
46 90 53 90
46 91 53 91
46 102 46 109
45 123 52 123
47 0 47 7
47 16 48 19
47 22 50 23
47 31 47 38
47 46 50 47
47 50 47 57
47 58 48 61
47 65 48 68
47 74 48 75
47 81 48 84
47 85 54 85
47 94 54 94
47 95 54 95
47 98 50 99
47 102 47 109
47 111 48 114
47 115 54 115
48 0 48 7
48 8 48 15
48 27 51 28
48 29 55 29
48 31 48 38
48 39 49 42
48 50 48 57
48 92 51 93
48 102 48 109
48 118 51 119
48 120 55 120
48 122 55 122
49 0 49 7
49 8 49 15
49 16 50 19
49 20 52 21
49 31 49 38
49 49 49 56
49 57 50 60
49 61 56 61
49 65 50 68
51 69 52 71
49 73 50 75
49 81 52 82
49 83 52 84
49 86 52 87
49 88 56 88
49 100 49 107
49 108 52 109
49 111 50 114
48 116 55 116
50 0 50 6
50 7 50 14
50 15 55 15
50 31 50 38
50 39 51 42
50 43 53 44
50 49 53 50
50 51 53 52
50 53 53 54
50 55 53 56
50 63 53 64
49 69 50 71
50 79 52 80
50 100 51 103
50 104 51 107
50 124 57 124
51 0 51 7
51 9 54 10
51 11 52 14
51 16 52 19
51 23 58 23
51 30 51 37
51 38 58 38
51 46 53 47
51 57 52 60
51 65 52 68
51 72 52 75
51 89 58 89
51 96 52 99
51 111 52 114
51 117 57 117
52 0 52 4
52 5 53 8
52 24 56 24
52 27 55 28
52 30 52 37
52 39 53 42
52 62 59 62
52 92 55 93
52 100 52 107
52 110 57 110
52 118 55 119
52 121 58 121
53 0 54 3
53 4 60 4
53 11 54 14
53 16 56 17
53 18 54 21
53 25 56 25
53 30 55 31
53 32 60 32
53 33 56 34
53 35 56 36
53 37 60 37
53 57 54 60
53 65 53 72
53 73 56 74
53 75 60 75
53 81 56 82
53 83 56 84
53 86 56 87
53 96 53 103
53 104 54 107
53 108 56 109
53 111 54 114
53 123 59 123
54 5 55 8
54 39 57 40
54 41 55 44
54 45 54 52
54 53 55 56
54 63 55 66
54 67 57 68
54 69 55 72
54 76 61 76
53 77 54 80
54 90 57 91
54 96 54 103
55 0 56 3
56 9 56 12
56 13 62 13
55 9 55 14
55 18 56 21
55 22 62 22
55 45 55 52
55 57 56 60
55 78 58 79
55 80 62 80
55 94 55 101
55 102 56 105
55 106 58 107
55 111 56 114
55 115 62 115
56 5 57 8
56 14 59 15
56 27 59 28
58 29 65 29
56 41 56 48
56 49 56 56
56 63 57 66
56 69 57 72
56 77 63 77
56 85 63 85
56 92 56 99
56 100 59 101
56 116 63 116
56 118 58 119
56 120 62 120
56 122 63 122
57 0 58 3
57 9 58 12
57 16 58 19
57 20 60 21
57 24 60 25
50 26 57 26
56 29 57 31
57 33 60 34
57 35 60 36
57 41 57 48
57 49 57 56
57 57 58 60
57 61 64 61
57 73 60 74
57 81 58 84
57 86 60 87
57 88 64 88
57 92 57 99
57 102 58 105
57 108 64 108
57 109 64 109
57 111 58 114
58 5 59 8
58 26 65 26
58 30 61 31
58 39 58 46
58 47 58 53
58 54 61 55
58 56 65 56
58 63 58 70
58 71 65 71
58 72 65 72
58 90 58 97
58 98 61 99
58 124 65 124
59 0 62 1
59 3 66 3
59 9 66 9
59 10 66 10
59 16 60 19
59 23 66 23
59 38 59 45
59 46 59 53
59 57 60 60
59 63 59 70
59 81 60 84
59 89 59 95
59 96 62 97
59 102 60 105
59 106 62 107
59 111 60 114
58 117 65 117
60 5 61 8
60 11 67 11
60 12 67 12
60 15 66 15
60 28 67 28
60 38 61 41
60 42 60 49
60 50 61 53
60 62 60 69
60 70 67 70
60 89 61 92
60 93 63 94
60 95 67 95
60 100 63 101
58 110 65 110
59 118 62 119
59 121 66 121
61 2 68 2
61 4 68 4
61 16 62 19
61 20 62 21
61 24 64 25
61 32 62 35
61 36 64 37
61 42 61 49
61 57 62 60
61 62 61 69
61 73 68 73
61 74 64 75
61 79 68 79
61 81 62 84
61 86 64 87
61 102 62 105
61 111 64 112
61 113 64 114
60 123 67 123
62 5 63 8
62 14 69 14
62 30 65 31
62 38 62 45
62 46 62 53
62 54 65 55
62 62 62 69
62 78 69 78
62 89 63 92
62 98 65 99
63 0 66 1
63 13 68 13
63 16 64 19
63 20 64 22
63 27 70 27
63 32 64 35
63 38 63 45
63 46 63 53
63 57 64 60
63 62 63 69
63 80 64 83
63 84 68 84
63 96 66 97
63 102 64 105
63 106 66 107
63 115 70 115
63 118 66 119
64 5 65 8
64 38 64 45
64 46 64 53
64 62 64 69
64 77 71 77
64 85 70 85
64 89 65 92
64 93 67 94
64 100 67 101
64 116 71 116
63 120 70 120
64 122 71 122
65 16 66 19
65 20 68 21
65 22 72 22
65 24 68 25
65 32 65 39
65 40 65 47
65 48 68 49
65 50 68 51
65 52 68 53
65 57 65 64
65 65 66 68
65 69 72 69
65 74 68 75
65 76 72 76
65 80 66 83
65 86 68 87
65 88 72 88
65 102 66 105
65 108 70 108
65 109 72 109
65 111 66 114
66 5 67 8
66 26 73 26
66 33 66 36
66 37 66 44
66 45 69 46
66 47 73 47
66 54 66 61
66 62 69 63
66 64 73 64
66 71 68 72
66 89 67 92
66 98 69 99
66 110 73 110
66 117 73 117
66 124 73 124
67 0 70 1
67 3 74 3
67 9 70 10
67 16 68 19
67 23 73 23
66 29 67 32
67 33 67 40
67 41 68 44
67 54 67 61
67 65 68 68
67 80 68 82
67 96 70 97
67 102 68 105
67 106 70 107
67 111 68 114
67 118 70 119
67 121 74 121
68 5 69 8
68 11 71 12
67 15 74 15
68 28 75 28
68 29 75 29
68 30 68 37
68 38 71 39
68 40 72 40
68 54 69 57
68 58 71 59
68 60 75 60
68 61 75 61
68 70 75 70
68 89 71 90
68 91 69 94
68 95 73 95
68 100 70 101
68 123 75 123
69 2 76 2
69 4 76 4
69 16 70 19
69 20 72 21
69 24 72 25
69 30 69 37
69 41 70 44
69 48 70 51
69 52 72 53
69 65 70 68
70 73 71 75
69 71 69 75
69 79 70 82
69 84 72 84
69 86 72 87
69 102 70 105
69 111 70 114
70 5 71 8
70 14 76 14
70 30 70 37
70 45 77 45
70 46 77 46
70 54 71 57
70 62 73 63
70 71 73 72
70 78 77 78
70 91 71 94
70 98 73 99
71 0 74 1
71 9 74 10
69 13 76 13
71 16 72 19
71 30 71 37
71 41 72 44
71 48 72 51
71 65 72 68
71 79 72 82
71 96 73 97
71 102 72 104
71 105 72 108
71 111 72 114
71 115 78 115
71 118 74 119
71 120 78 120
72 5 73 8
72 11 74 12
72 27 79 27
72 30 72 37
72 38 75 39
72 54 73 57
72 58 75 59
72 75 79 75
72 77 79 77
71 85 78 85
72 89 73 92
72 93 75 94
71 100 74 101
72 116 79 116
72 122 79 122
73 16 74 19
73 20 76 21
73 22 80 22
73 24 76 25
73 30 73 37
73 42 74 44
73 48 74 51
73 52 76 53
73 65 74 68
73 69 80 69
73 73 80 73
73 74 80 74
73 76 80 76
73 79 74 82
67 83 74 83
73 84 80 84
73 86 74 88
73 102 73 109
73 111 74 114
74 5 75 8
74 26 81 26
74 30 74 37
74 47 81 47
74 54 75 57
74 62 77 63
74 71 77 72
74 89 75 92
74 98 77 99
74 102 74 109
74 110 81 110
74 117 81 117
74 124 81 124
75 0 78 1
75 3 82 3
75 9 76 12
75 15 76 18
75 19 82 19
74 23 81 23
75 30 75 37
75 42 76 44
75 48 76 51
75 67 78 68
75 79 78 80
75 81 78 82
75 83 82 83
75 86 78 87
75 88 82 88
74 96 77 97
75 100 75 107
75 108 78 109
75 111 76 114
75 118 78 119
75 121 79 121
76 5 77 8
76 28 76 35
76 36 77 39
73 40 76 41
76 54 76 61
76 70 83 70
76 89 77 92
76 93 79 94
74 95 81 95
76 100 76 107
76 123 83 123
77 2 84 2
77 4 84 4
77 9 78 12
77 13 78 16
77 17 80 18
77 20 80 21
77 25 84 25
77 28 77 35
77 40 78 43
77 44 84 44
77 48 77 55
77 56 78 59
77 60 80 61
77 64 84 64
77 100 80 101
77 102 78 105
77 106 80 107
77 111 78 114
78 5 79 8
78 24 85 24
78 28 78 35
78 36 79 39
78 45 81 46
78 48 78 55
78 62 81 63
78 71 81 72
78 78 85 78
78 89 79 92
78 96 81 97
78 98 81 99
79 0 82 1
79 9 79 16
79 28 79 35
79 40 80 43
79 48 79 55
79 56 80 59
79 65 86 65
79 66 86 66
79 67 82 68
79 79 80 82
79 85 82 86
79 87 86 87
79 102 80 105
79 108 82 109
79 111 80 114
79 115 86 115
79 118 82 119
79 120 86 120
80 5 80 12
80 13 83 14
80 15 83 16
80 29 80 34
80 35 81 38
80 39 87 39
80 48 80 55
80 75 87 75
80 77 87 77
80 89 81 92
80 93 83 94
80 121 83 122
81 5 88 5
81 6 88 6
81 7 82 10
81 11 88 11
81 17 84 18
81 20 84 21
81 22 84 22
80 27 83 28
81 29 82 32
81 33 84 34
81 40 88 40
81 42 84 43
81 48 81 55
81 56 82 59
81 60 84 61
81 69 88 69
81 73 84 74
81 76 87 76
81 79 82 82
81 84 88 84
81 100 81 107
81 111 82 114
81 116 88 116
82 12 89 12
82 23 89 23
82 26 89 26
82 35 83 38
82 45 82 51
82 52 83 55
82 62 85 63
82 71 85 72
82 89 83 92
82 95 82 102
82 103 83 106
82 107 89 107
82 110 89 110
82 117 89 117
82 124 89 124
83 0 86 1
83 3 90 3
83 7 84 10
83 19 90 19
83 29 84 32
83 45 84 48
83 49 86 50
83 51 89 51
83 56 84 59
83 67 86 68
83 79 84 82
83 83 90 83
83 85 86 86
83 88 90 88
83 95 83 102
83 108 86 109
83 111 84 114
83 119 90 119
84 13 87 14
84 15 91 15
84 16 91 16
84 27 87 28
84 35 85 38
84 52 87 53
84 54 91 54
84 55 91 55
84 70 91 70
84 89 84 96
84 97 84 104
84 105 87 106
84 121 87 122
84 123 91 123
85 2 92 2
85 4 92 4
85 7 86 10
85 17 88 18
85 20 88 21
85 25 92 25
85 29 86 32
85 33 88 34
85 41 85 48
85 56 86 59
85 60 88 61
85 64 92 64
85 73 88 74
85 79 86 82
85 89 85 96
85 97 85 104
85 111 86 114
86 24 93 24
86 35 87 38
86 41 86 48
86 62 89 63
86 71 89 72
86 78 93 78
86 89 86 96
86 97 86 104
86 118 93 118
87 0 94 0
87 1 94 1
87 7 88 10
87 29 88 32
87 41 87 48
87 49 90 50
87 56 90 57
87 58 90 59
87 65 88 68
87 79 90 80
87 81 90 82
87 85 90 86
87 87 94 87
87 89 87 96
87 97 87 104
87 108 90 109
87 111 88 114
87 115 93 115
87 120 94 120
88 13 91 14
88 27 90 28
88 35 89 38
88 39 95 39
88 41 89 44
88 45 89 48
88 52 91 53
88 75 95 75
88 77 95 77
88 89 88 96
88 97 88 104
88 105 91 106
88 121 91 122
89 5 90 8
89 9 92 10
89 11 96 11
89 17 92 18
89 20 92 21
85 22 92 22
89 29 90 32
89 33 92 34
89 40 96 40
89 60 92 61
89 65 90 68
89 69 96 69
89 73 92 74
88 76 95 76
89 89 89 96
89 97 89 104
89 111 90 114
89 116 96 116
90 12 97 12
90 23 97 23
90 26 97 26
90 35 91 38
90 41 90 48
90 62 93 63
90 71 93 72
90 89 90 96
90 97 90 104
90 107 97 107
90 110 97 110
90 117 97 117
90 124 97 124
91 3 98 3
91 5 92 8
91 19 98 19
91 31 92 32
91 41 91 48
91 49 94 50
90 51 97 51
91 56 92 59
91 65 92 68
91 79 94 80
91 81 92 84
91 85 94 86
91 88 91 95
91 96 91 103
91 104 98 104
91 108 94 109
91 111 92 114
91 119 98 119
92 13 93 16
91 27 92 30
92 35 93 37
92 41 92 48
92 52 95 53
92 54 95 55
92 70 99 70
92 88 92 95
92 96 92 103
92 105 95 106
92 121 95 122
92 123 99 123
93 2 100 2
94 4 94 10
95 8 96 10
93 4 93 10
93 17 96 18
93 20 96 21
93 22 100 22
93 25 100 25
93 27 93 34
93 41 93 48
93 56 94 59
93 60 96 61
93 64 94 67
93 68 100 68
93 73 96 74
93 81 94 84
93 88 93 95
93 96 93 103
93 111 94 114
94 13 95 16
94 24 101 24
94 27 94 34
94 35 97 36
94 37 101 37
92 38 99 38
94 41 94 48
94 62 97 63
94 71 97 72
94 78 101 78
94 88 94 95
94 96 94 103
94 118 101 118
95 0 98 1
95 4 96 7
95 27 95 34
95 41 95 48
95 49 98 50
95 56 96 59
95 64 96 67
95 79 95 86
95 87 95 94
95 95 95 102
95 103 102 103
95 108 98 109
95 111 96 114
94 115 101 115
95 120 102 120
97 10 103 10
96 13 97 16
96 27 96 34
96 39 103 39
96 41 96 48
96 52 98 53
96 54 98 55
96 75 99 76
96 77 103 77
96 79 96 86
96 87 96 94
96 95 96 102
96 105 99 106
96 121 99 122
97 4 98 7
97 8 100 9
97 11 104 11
97 17 100 18
97 20 100 21
97 27 104 27
97 28 98 31
97 32 100 33
97 34 104 34
97 40 97 47
97 48 104 48
97 56 98 59
97 60 100 61
97 64 98 67
97 69 104 69
97 73 100 74
97 79 97 86
97 87 97 94
97 95 97 102
97 111 98 114
97 116 102 116
98 12 99 15
98 16 105 16
98 23 105 23
98 26 105 26
98 35 101 36
98 40 98 47
98 62 101 63
98 71 101 72
98 79 98 86
98 87 99 90
98 91 98 98
98 99 99 102
98 107 105 107
98 110 105 110
98 117 105 117
98 124 105 124
99 0 102 1
99 3 100 6
99 7 104 7
99 19 106 19
99 28 100 31
99 40 100 43
99 45 102 46
99 47 106 47
99 49 106 49
99 50 99 57
99 58 102 59
99 64 102 65
99 66 106 66
99 67 106 67
99 79 99 86
99 91 99 98
99 104 106 104
99 108 102 109
99 111 100 114
99 119 106 119
100 12 101 15
100 38 107 38
100 44 107 44
100 50 100 57
100 70 105 70
100 75 103 76
100 79 100 86
100 87 100 94
100 95 100 102
100 105 103 106
100 121 103 122
100 123 107 123
101 2 102 4
101 5 104 6
101 8 104 9
101 17 104 18
101 20 104 21
101 22 108 22
101 25 108 25
101 28 102 31
101 32 104 33
101 40 102 43
101 50 101 57
101 60 104 61
101 68 108 68
101 73 104 74
101 79 101 86
101 87 101 94
101 95 101 102
101 111 102 114
102 12 103 15
102 24 109 24
102 35 105 36
102 37 108 37
102 50 102 57
102 62 105 63
102 71 105 72
102 78 102 85
102 86 102 93
102 94 102 101
102 102 109 102
102 118 108 118
103 0 104 3
103 4 110 4
103 28 104 31
103 40 104 43
103 45 106 46
103 50 104 53
103 54 104 57
103 58 106 59
103 64 106 65
103 78 103 85
103 86 103 93
103 94 103 101
103 103 110 103
103 108 106 109
103 111 106 112
103 113 106 114
103 115 106 116
103 120 110 120
104 10 111 10
104 12 105 15
104 39 111 39
104 75 104 82
104 83 105 86
104 87 104 94
104 95 105 98
104 99 107 100
104 101 111 101
104 105 111 105
104 121 107 122
105 0 106 3
105 5 106 8
105 9 112 9
105 11 112 11
105 17 108 18
105 20 108 21
105 27 105 34
105 40 106 43
105 48 112 48
105 50 105 57
105 60 108 61
105 73 105 80
105 81 108 82
105 87 105 94
106 12 107 15
106 16 113 16
106 23 113 23
106 26 106 33
106 34 109 35
106 36 113 36
106 50 113 50
106 51 107 54
106 55 109 56
106 57 113 57
106 62 109 63
106 69 107 72
106 73 106 80
106 83 106 90
106 91 106 98
106 106 109 107
106 110 113 110
106 117 113 117
106 124 113 124
107 0 108 3
107 5 108 8
107 19 110 19
107 26 107 33
107 40 108 43
107 45 110 46
107 47 114 47
107 49 114 49
107 58 110 59
107 64 108 67
107 73 107 80
107 83 107 90
107 91 107 98
107 104 114 104
107 108 110 109
107 111 108 114
107 115 114 115
107 116 114 116
108 12 109 15
108 26 108 33
108 38 115 38
108 44 114 44
108 51 109 54
108 69 108 76
108 77 109 80
108 83 108 90
108 91 108 98
108 99 115 99
108 100 115 100
108 119 115 119
108 121 111 122
108 123 113 123
109 0 110 3
109 5 110 8
109 17 112 18
109 20 112 21
109 22 116 22
109 25 109 32
109 33 116 33
109 40 110 43
109 60 112 61
109 64 110 67
109 68 110 71
109 72 110 75
109 76 116 76
109 81 109 88
109 89 110 92
109 93 110 96
109 97 112 98
109 111 110 114
110 12 111 15
110 24 110 31
110 32 116 32
110 34 113 35
109 37 116 37
110 51 111 54
110 55 113 56
110 62 113 63
110 77 110 84
110 85 113 86
110 87 113 88
110 102 117 102
110 106 113 107
109 118 113 118
111 0 111 6
111 7 114 8
111 24 111 31
111 40 112 43
111 45 114 46
111 58 118 58
111 59 118 59
111 64 111 71
111 72 112 75
111 77 111 84
111 89 111 96
111 103 118 103
111 108 118 108
111 109 118 109
111 111 112 114
111 120 118 120
112 0 113 3
112 4 115 5
112 6 119 6
112 10 119 10
112 12 113 15
112 24 112 31
112 39 119 39
112 51 113 54
112 64 112 71
112 77 112 84
112 89 112 96
112 101 117 101
112 105 119 105
112 121 115 122
113 9 117 9
113 11 120 11
113 17 116 18
113 20 120 20
113 21 120 21
113 24 113 31
113 40 114 43
113 48 116 48
113 60 116 61
113 64 113 71
113 72 114 75
113 77 113 84
113 89 113 96
113 97 116 98
113 111 114 114
114 0 115 3
114 12 115 15
114 16 119 16
114 23 114 30
114 31 121 31
114 34 117 35
114 36 121 36
114 50 114 57
114 62 114 69
114 70 117 71
114 77 114 84
114 85 114 92
114 93 115 96
114 106 117 107
114 110 121 110
114 117 117 118
114 124 121 124
115 7 122 7
111 19 118 19
115 23 115 30
115 40 116 43
117 45 118 46
115 44 116 47
115 49 115 56
115 57 122 57
115 62 115 69
115 72 116 75
115 77 115 84
115 85 115 92
115 104 122 104
115 111 116 114
115 115 118 116
116 0 117 3
116 4 119 5
116 12 117 15
116 23 116 30
116 38 123 38
116 49 116 56
116 62 116 69
116 77 116 84
116 85 116 92
116 93 117 96
116 99 119 100
116 119 122 119
116 121 119 122
114 123 121 123
117 17 120 18
117 22 117 29
117 30 124 30
117 32 120 33
117 37 124 37
117 40 118 43
117 44 124 44
117 47 120 48
117 49 117 56
117 60 117 67
117 68 120 69
117 72 117 79
117 80 117 87
117 88 124 88
117 89 118 92
117 97 120 98
117 111 118 114
118 0 119 3
118 8 121 9
118 12 119 15
118 22 118 29
118 34 121 35
118 49 118 56
118 60 118 67
118 70 118 77
118 78 118 85
118 86 121 87
118 93 119 96
118 102 125 102
118 106 121 107
119 19 126 19
119 22 119 29
119 40 120 43
119 45 122 46
119 49 119 56
119 58 119 62
119 65 122 66
119 67 123 67
119 70 119 77
119 78 119 85
119 90 122 91
119 92 126 92
119 103 126 103
119 108 122 109
119 111 120 114
119 115 122 116
119 117 122 118
119 120 126 120
120 0 121 3
120 4 123 5
120 6 127 6
120 10 127 10
120 12 123 13
120 14 123 15
120 22 120 29
120 39 127 39
120 49 120 56
120 58 121 61
120 62 127 62
119 63 122 64
120 70 120 77
120 78 120 85
120 93 121 96
120 99 123 100
118 101 125 101
120 105 127 105
120 121 123 122
121 11 128 11
121 17 124 18
121 20 121 27
121 28 124 29
121 32 124 33
121 40 122 43
121 47 121 54
121 55 124 56
121 68 121 75
121 76 121 83
121 84 124 85
121 89 128 89
121 97 124 98
121 111 122 114
122 0 123 3
122 8 125 9
120 16 127 16
122 20 122 27
122 31 129 31
124 34 125 35
122 34 123 36
122 47 122 54
122 58 125 59
122 60 125 61
122 68 122 74
122 75 122 82
122 83 129 83
122 86 125 87
122 93 123 96
122 106 125 107
122 110 129 110
122 123 129 123
122 124 129 124
123 7 130 7
123 20 123 27
123 40 124 43
123 45 124 48
123 49 124 52
123 53 126 54
123 57 129 57
123 63 130 63
123 65 130 65
123 68 123 75
123 76 126 77
123 78 124 81
123 82 130 82
123 90 126 91
123 104 130 104
123 108 126 109
123 111 123 118
124 0 125 3
124 4 127 5
124 12 125 15
124 20 124 27
124 36 131 36
124 38 131 38
124 66 127 67
124 68 124 75
124 93 127 94
124 95 127 96
124 99 127 100
124 111 125 114
124 115 125 118
123 119 129 119
124 121 127 122
125 17 127 18
125 20 125 27
125 28 128 29
125 30 130 30
125 32 128 33
125 37 132 37
125 40 125 47
125 48 126 51
125 52 132 52
125 55 128 56
125 68 125 75
125 78 126 81
125 84 128 85
125 88 132 88
125 97 128 98
126 0 127 3
126 9 133 9
126 12 129 13
126 14 129 15
126 20 126 27
126 34 129 35
126 40 126 47
126 58 127 61
126 68 126 75
126 86 129 87
126 101 129 102
126 106 129 107
126 111 126 118
127 8 134 8
127 19 127 26
127 27 134 27
127 40 130 41
127 42 134 42
127 43 127 50
127 51 134 51
127 53 130 54
127 68 127 75
127 76 130 77
127 78 134 78
127 79 134 79
127 80 130 81
127 90 134 90
127 91 130 92
127 103 134 103
127 108 130 109
127 111 127 118
127 120 134 120
128 0 129 3
128 4 131 5
128 6 135 6
128 10 135 10
128 16 128 23
128 24 131 25
128 26 135 26
128 39 135 39
128 43 128 50
128 58 129 61
128 62 135 62
128 64 135 64
128 66 128 73
128 74 131 75
128 93 129 96
128 99 131 100
128 105 135 105
128 111 128 118
128 121 131 122
129 11 136 11
129 16 129 23
129 28 132 29
129 32 132 33
129 43 129 50
129 55 132 56
129 66 129 73
129 84 132 85
129 89 136 89
129 97 132 98
129 111 129 118
130 0 131 3
130 12 130 19
130 20 131 23
130 31 137 31
130 34 132 35
130 43 130 50
130 59 131 61
130 66 133 67
130 68 133 69
130 70 131 73
130 83 137 83
130 86 133 87
130 93 133 94
130 95 133 96
130 101 133 102
130 106 133 107
130 110 130 117
130 118 133 119
130 123 133 124
131 7 138 7
131 12 131 19
131 40 134 41
131 43 131 50
131 53 134 54
130 57 133 58
131 63 138 63
131 65 135 65
131 76 134 77
131 80 134 81
131 82 135 82
131 91 134 92
131 104 138 104
131 108 131 115
131 116 134 117
132 0 135 1
132 2 133 5
132 12 132 19
132 20 133 23
132 24 135 25
132 36 139 36
132 38 139 38
132 43 133 46
132 47 133 50
132 59 135 60
132 61 139 61
132 70 133 73
132 74 135 75
132 99 135 100
132 108 135 109
132 110 133 113
132 114 135 115
132 121 135 122
133 12 133 19
133 28 136 29
131 30 138 30
135 32 140 32
133 32 134 35
133 37 140 37
133 52 140 52
133 55 136 56
133 84 140 84
133 85 140 85
133 88 140 88
133 98 140 98
134 2 135 5
134 9 141 9
134 12 134 19
134 20 135 23
134 43 134 50
134 57 137 58
134 66 134 73
134 86 137 87
134 93 135 96
134 101 137 102
134 106 137 107
134 110 137 111
134 112 137 113
134 118 137 119
134 123 137 124
135 8 142 8
135 12 135 19
135 27 142 27
135 33 136 35
135 40 135 47
135 48 136 51
135 53 142 53
135 54 142 54
135 66 135 73
135 76 136 79
135 80 138 81
135 90 138 91
135 92 142 92
135 103 138 103
135 116 138 117
135 120 142 120
136 0 137 3
136 4 139 5
136 6 143 6
136 10 143 10
136 12 136 19
136 20 137 23
136 24 139 25
136 26 143 26
136 39 136 46
136 47 143 47
136 59 139 60
136 64 139 65
136 66 136 73
136 74 139 75
136 93 137 96
136 97 143 97
136 99 139 100
136 105 143 105
136 108 139 109
136 114 139 115
136 121 139 122
137 11 137 18
137 19 144 19
137 28 140 29
137 33 140 34
137 35 140 35
137 39 137 46
137 48 138 51
137 55 140 56
137 62 144 62
137 66 137 73
137 76 140 77
137 78 140 79
137 89 144 89
138 0 139 3
138 11 138 18
138 20 139 23
138 31 145 31
138 39 139 42
138 43 139 46
138 57 141 58
138 66 138 73
138 83 145 83
138 86 141 87
138 93 139 96
138 101 141 102
138 106 141 107
138 110 139 113
138 118 141 119
138 123 141 124
139 7 146 7
139 11 139 18
139 30 144 30
139 48 140 51
139 63 146 63
139 66 140 69
139 70 140 73
139 80 142 81
136 82 143 82
139 90 142 91
139 103 142 104
139 116 146 116
139 117 146 117
140 0 147 0
140 1 141 4
140 5 147 5
140 11 140 18
140 20 141 23
140 24 143 25
140 36 147 36
140 38 141 41
140 42 143 43
140 44 143 45
140 46 147 46
140 59 143 60
140 61 146 61
140 64 143 65
140 74 143 75
140 93 143 94
140 95 143 96
140 99 143 100
140 108 140 115
140 121 143 122
141 11 141 18
141 28 144 29
141 32 144 33
141 34 144 35
141 37 148 37
141 48 142 51
141 52 147 52
141 55 144 56
141 66 141 73
141 76 142 79
141 84 144 85
141 88 148 88
141 98 148 98
141 108 141 115
142 1 143 4
142 9 149 9
142 11 145 12
142 13 145 14
142 15 143 18
142 20 143 23
142 38 143 41
142 57 148 57
142 58 149 58
142 66 142 73
142 86 145 87
142 101 145 102
142 106 142 113
142 114 145 115
142 118 149 118
142 119 149 119
142 123 145 124
143 8 149 8
143 27 150 27
143 48 144 51
143 53 146 54
143 66 143 73
143 76 144 79
143 80 146 81
143 90 146 91
143 92 150 92
143 103 146 104
143 106 150 106
143 107 144 110
143 111 146 112
143 113 150 113
143 120 150 120
144 1 145 4
144 6 150 6
144 10 151 10
144 15 145 18
144 20 145 23
144 24 147 25
144 26 150 26
144 38 144 45
144 47 151 47
144 59 147 60
144 64 144 71
144 72 145 75
144 82 150 82
144 93 145 96
144 97 147 97
144 99 147 100
144 105 151 105
144 121 147 122
145 19 151 19
145 28 148 28
145 32 146 35
145 38 145 45
145 48 146 51
145 55 148 56
145 62 152 62
145 64 145 71
145 76 146 79
145 84 148 85
145 89 150 89
145 107 146 110
146 1 149 2
146 11 146 18
146 20 147 23
146 31 152 31
146 38 146 45
146 64 146 71
146 72 147 75
146 83 152 83
146 86 148 87
146 93 147 96
146 101 149 102
146 114 149 115
146 123 149 124
147 3 154 3
147 7 154 7
147 11 147 18
145 29 148 30
147 32 148 35
147 38 147 45
147 48 148 51
147 53 150 54
147 63 147 70
147 71 152 71
147 76 148 79
147 80 150 81
147 90 150 91
147 103 150 104
147 107 148 110
147 111 150 112
147 116 150 117
148 0 155 0
148 5 155 5
148 11 148 18
148 20 149 23
148 24 151 25
148 36 155 36
148 38 148 45
148 46 155 46
148 59 151 60
147 61 152 61
148 63 148 70
148 72 149 75
148 93 149 96
148 99 151 100
148 121 151 122
149 4 156 4
149 11 149 18
149 28 152 29
149 30 156 30
149 32 150 35
149 37 149 44
149 45 156 45
149 48 150 51
148 52 155 52
149 55 156 55
149 56 152 57
149 63 149 70
149 76 150 79
149 84 152 85
149 86 150 88
149 98 155 98
149 107 150 110
150 1 153 2
150 8 153 9
150 11 150 18
150 20 151 22
150 39 150 44
150 58 154 58
150 63 150 70
150 72 151 75
150 93 151 96
150 101 153 102
150 114 153 115
150 118 153 119
150 123 153 124
151 11 151 18
151 26 154 27
151 32 152 35
151 39 151 44
151 48 152 51
151 53 154 54
151 63 152 66
151 67 152 70
151 76 152 78
151 79 154 80
151 81 154 82
151 86 154 87
151 88 152 91
151 92 156 92
151 103 153 104
151 106 151 113
151 116 153 117
151 120 156 120
151 6 156 6
152 10 152 17
152 18 153 21
150 23 156 23
152 24 155 25
150 37 153 38
152 40 155 41
152 42 155 42
152 43 155 44
152 47 156 47
152 59 154 60
152 72 153 75
152 93 153 96
148 97 155 97
152 99 155 100
152 105 152 111
152 112 155 113
152 121 155 122
153 10 153 17
153 28 156 29
153 33 156 33
153 34 156 35
153 48 154 51
153 63 153 68
153 69 156 70
153 77 156 78
153 84 156 85
153 88 154 90
153 105 154 108
153 109 155 110
153 111 156 111
154 1 156 2
154 8 154 15
154 16 155 18
154 19 156 20
153 31 156 32
154 63 156 64
154 67 156 68
155 72 156 75
154 72 154 76
153 83 156 83
154 93 155 96
154 101 154 104
154 114 155 117
154 118 156 119
154 123 156 124
155 7 156 10
155 12 156 15
155 26 156 27
155 48 156 51
155 57 156 60
153 61 156 62
153 71 156 71
155 79 156 82
155 86 156 89
153 91 156 91
155 101 155 108
156 36 156 43
154 65 156 66
156 93 156 97
156 98 156 105
156 106 156 110
156 112 156 117
