6220
0 0 0 45
0 46 0 91
0 92 0 137
0 138 0 183
0 184 0 229
0 230 0 275
0 276 22 277
0 278 22 279
0 280 22 281
0 282 22 283
0 284 22 285
1 0 1 45
1 46 1 91
1 92 1 137
1 138 1 183
1 184 1 229
1 230 1 275
2 0 2 45
2 46 2 91
2 92 2 137
2 138 2 183
2 184 2 229
2 230 2 275
3 0 3 45
3 46 3 91
3 92 3 137
3 138 3 183
3 184 3 229
3 230 3 275
4 0 4 45
4 46 4 91
4 92 4 137
4 138 4 183
4 184 4 229
4 230 4 275
5 0 5 45
5 46 5 91
5 92 5 137
5 138 5 183
5 184 5 229
5 230 5 275
6 0 6 45
6 46 6 91
6 92 6 137
6 138 6 183
6 184 6 229
6 230 6 275
7 0 7 45
7 46 7 91
7 92 7 137
7 138 7 183
7 184 7 229
7 230 7 275
8 0 8 45
8 46 8 91
8 92 8 137
8 138 8 183
8 184 8 229
8 230 8 275
9 0 9 45
9 46 9 91
9 92 9 137
9 138 9 183
9 184 9 229
9 230 9 275
10 0 10 45
10 46 10 91
10 92 10 137
10 138 10 183
10 184 10 229
10 230 10 275
11 0 11 45
11 46 11 91
11 92 11 137
11 138 11 183
11 184 11 229
11 230 11 275
12 0 12 45
12 46 12 91
12 92 12 137
12 138 12 183
12 184 12 229
12 230 12 275
13 0 13 45
13 46 13 91
13 92 13 137
13 138 13 183
13 184 13 229
13 230 13 275
14 0 14 45
14 46 14 91
14 92 14 137
14 138 14 183
14 184 14 229
14 230 14 275
15 0 15 45
15 46 15 91
15 92 15 137
15 138 15 183
15 184 15 229
15 230 15 275
16 0 16 45
16 46 16 91
16 92 16 137
16 138 16 183
16 184 16 229
16 230 16 275
17 0 17 45
17 46 17 91
17 92 17 137
17 138 17 183
17 184 17 229
17 230 17 275
18 0 18 45
18 46 18 91
18 92 18 137
18 138 18 183
18 184 18 229
18 230 18 275
19 0 19 45
19 46 19 91
19 92 19 137
19 138 19 183
19 184 19 229
19 230 19 275
20 0 20 45
20 46 20 91
20 92 20 137
20 138 20 183
20 184 20 229
20 230 20 275
21 0 21 45
21 46 21 91
21 92 21 137
21 138 21 183
21 184 21 229
21 230 21 275
22 0 22 45
22 46 22 91
22 92 22 137
22 138 22 183
22 184 22 229
22 230 22 275
23 0 23 45
23 46 23 91
23 92 23 137
23 138 23 183
23 184 23 229
23 230 23 275
23 276 45 277
23 278 45 279
23 280 45 281
23 282 45 283
23 284 45 285
24 0 24 45
24 46 24 91
24 92 24 137
24 138 24 183
24 184 24 229
24 230 24 275
25 0 25 45
25 46 25 91
25 92 25 137
25 138 25 183
25 184 25 229
25 230 25 275
26 0 26 45
26 46 26 91
26 92 26 137
26 138 26 183
26 184 26 229
26 230 26 275
27 0 27 45
27 46 27 91
27 92 27 137
27 138 27 183
27 184 27 229
27 230 27 275
28 0 28 45
28 46 28 91
28 92 28 137
28 138 28 183
28 184 28 229
28 230 28 275
29 0 29 45
29 46 29 91
29 92 29 137
29 138 29 183
29 184 29 229
29 230 29 275
30 0 30 45
30 46 30 91
30 92 30 137
30 138 30 183
30 184 30 229
30 230 30 275
31 0 31 45
31 46 31 91
31 92 31 137
31 138 31 183
31 184 31 229
31 230 31 275
32 0 32 45
32 46 32 91
32 92 32 137
32 138 32 183
32 184 32 229
32 230 32 275
33 0 33 45
33 46 33 91
33 92 33 137
33 138 33 183
33 184 33 229
33 230 33 275
34 0 34 45
34 46 34 91
34 92 34 137
34 138 34 183
34 184 34 229
34 230 34 275
35 0 35 45
35 46 35 91
35 92 35 137
35 138 35 183
35 184 35 229
35 230 35 275
36 0 36 45
36 46 36 91
36 92 36 137
36 138 36 183
36 184 36 229
36 230 36 275
37 0 37 45
37 46 37 91
37 92 37 137
37 138 37 183
37 184 37 229
37 230 37 275
38 0 38 45
38 46 38 91
38 92 38 137
38 138 38 183
38 184 38 229
38 230 38 275
39 0 39 45
39 46 39 91
39 92 39 137
39 138 39 183
39 184 39 229
39 230 39 275
40 0 40 45
40 46 40 91
40 92 40 137
40 138 40 183
40 184 40 229
40 230 40 275
41 0 41 45
41 46 41 91
41 92 41 137
41 138 41 183
41 184 41 229
41 230 41 275
42 0 42 45
42 46 42 91
42 92 42 137
42 138 42 183
42 184 42 229
42 230 42 275
43 0 43 45
43 46 43 91
43 92 43 137
43 138 43 183
43 184 43 229
43 230 43 275
44 0 44 45
44 46 44 91
44 92 44 137
44 138 44 183
44 184 44 229
44 230 44 275
45 0 45 45
45 46 45 91
45 92 45 137
45 138 45 183
45 184 45 229
45 230 45 275
46 0 46 45
46 46 46 91
46 92 46 137
46 138 46 183
46 184 46 229
46 230 46 275
46 276 68 277
46 278 68 279
46 280 68 281
46 282 68 283
46 284 68 285
47 0 47 45
47 46 47 91
47 92 47 137
47 138 47 183
47 184 47 229
47 230 47 275
48 0 48 45
48 46 48 91
48 92 48 137
48 138 48 183
48 184 48 229
48 230 48 275
49 0 49 45
49 46 49 91
49 92 49 137
49 138 49 183
49 184 49 229
49 230 49 275
50 0 50 45
50 46 50 91
50 92 50 137
50 138 50 183
50 184 50 229
50 230 50 275
51 0 51 45
51 46 51 91
51 92 51 137
51 138 51 183
51 184 51 229
51 230 51 275
52 0 52 45
52 46 52 91
52 92 52 137
52 138 52 183
52 184 52 229
52 230 52 275
53 0 53 45
53 46 53 91
53 92 53 137
53 138 53 183
53 184 53 229
53 230 53 275
54 0 54 45
54 46 54 91
54 92 54 137
54 138 54 183
54 184 54 229
54 230 54 275
55 0 55 45
55 46 55 91
55 92 55 137
55 138 55 183
55 184 55 229
55 230 55 275
56 0 56 45
56 46 56 91
56 92 56 137
56 138 56 183
56 184 56 229
56 230 56 275
57 0 57 45
57 46 57 91
57 92 57 137
57 138 57 183
57 184 57 229
57 230 57 275
58 0 58 45
58 46 58 91
58 92 58 137
58 138 58 183
58 184 58 229
58 230 58 275
59 0 59 45
59 46 59 91
59 92 59 137
59 138 59 183
59 184 59 229
59 230 59 275
60 0 60 45
60 46 60 91
60 92 60 137
60 138 60 183
60 184 60 229
60 230 60 275
61 0 61 45
61 46 61 91
61 92 61 137
61 138 61 183
61 184 61 229
61 230 61 275
62 0 62 45
62 46 62 91
62 92 62 137
62 138 62 183
62 184 62 229
62 230 62 275
63 0 63 45
63 46 63 91
63 92 63 137
63 138 63 183
63 184 63 229
63 230 63 275
64 0 64 45
64 46 64 91
64 92 64 137
64 138 64 183
64 184 64 229
64 230 64 275
65 0 65 45
65 46 65 91
65 92 65 137
65 138 65 183
65 184 65 229
65 230 65 275
66 0 66 45
66 46 66 91
66 92 66 137
66 138 66 183
66 184 66 229
66 230 66 275
67 0 67 45
67 46 67 91
67 92 67 137
67 138 67 183
67 184 67 229
67 230 67 275
68 0 68 45
68 46 68 91
68 92 68 137
68 138 68 183
68 184 68 229
68 230 68 275
69 0 69 45
69 46 69 91
69 92 69 137
69 138 69 183
69 184 69 229
69 230 69 275
69 276 91 277
69 278 91 279
69 280 91 281
69 282 91 283
69 284 91 285
70 0 70 45
70 46 70 91
70 92 70 137
70 138 70 183
70 184 70 229
70 230 70 275
71 0 71 45
71 46 71 91
71 92 71 137
71 138 71 183
71 184 71 229
71 230 71 275
72 0 72 45
72 46 72 91
72 92 72 137
72 138 72 183
72 184 72 229
72 230 72 275
73 0 73 45
73 46 73 91
73 92 73 137
73 138 73 183
73 184 73 229
73 230 73 275
74 0 75 22
74 23 74 68
74 69 74 114
74 115 74 160
74 161 74 206
74 207 74 252
74 253 75 275
75 23 75 68
75 69 75 114
75 115 75 160
75 161 75 206
75 207 75 252
76 0 76 45
76 46 76 91
76 92 76 137
76 138 76 183
76 184 76 229
76 230 76 275
77 0 77 45
77 46 77 91
77 92 77 137
77 138 77 183
77 184 77 229
77 230 77 275
78 0 78 45
78 46 78 91
78 92 78 137
78 138 78 183
78 184 78 229
78 230 78 275
79 0 79 45
79 46 79 91
79 92 79 137
79 138 79 183
79 184 79 229
79 230 79 275
80 0 80 45
80 46 80 91
80 92 80 137
80 138 80 183
80 184 80 229
80 230 80 275
81 0 81 45
81 46 81 91
81 92 81 137
81 138 81 183
81 184 81 229
81 230 81 275
82 0 82 45
82 46 82 91
82 92 82 137
82 138 82 183
82 184 82 229
82 230 82 275
83 0 83 45
83 46 83 91
83 92 83 137
83 138 83 183
83 184 83 229
83 230 83 275
84 0 84 45
84 46 84 91
84 92 84 137
84 138 84 183
84 184 84 229
84 230 84 275
85 0 85 45
85 46 85 91
85 92 85 137
85 138 85 183
85 184 85 229
85 230 85 275
86 0 86 45
86 46 86 91
86 92 86 137
86 138 86 183
86 184 86 229
86 230 86 275
87 0 87 45
87 46 87 91
87 92 87 137
87 138 87 183
87 184 87 229
87 230 87 275
88 0 88 45
88 46 88 91
88 92 88 137
88 138 88 183
88 184 88 229
88 230 88 275
89 0 89 45
89 46 89 91
89 92 89 137
89 138 89 183
89 184 89 229
89 230 89 275
90 0 90 45
90 46 90 91
90 92 90 137
90 138 90 183
90 184 90 229
90 230 90 275
91 0 91 45
91 46 91 91
91 92 91 137
91 138 91 183
91 184 91 229
91 230 91 275
92 0 92 45
92 46 92 91
92 92 92 137
92 138 92 183
92 184 92 229
92 230 92 275
92 276 114 277
92 278 114 279
92 280 114 281
92 282 114 283
92 284 114 285
93 0 93 45
93 46 93 91
93 92 93 137
93 138 93 183
93 184 93 229
93 230 93 275
94 0 94 45
94 46 94 91
94 92 94 137
94 138 94 183
94 184 94 229
94 230 94 275
95 0 95 45
95 46 95 91
95 92 95 137
95 138 95 183
95 184 95 229
95 230 95 275
96 0 96 45
96 46 96 91
96 92 96 137
96 138 96 183
96 184 96 229
96 230 96 275
97 0 97 45
97 46 97 91
97 92 97 137
97 138 97 183
97 184 97 229
97 230 97 275
98 0 98 45
98 46 98 91
98 92 98 137
98 138 98 183
98 184 98 229
98 230 98 275
99 0 99 45
99 46 99 91
99 92 99 137
99 138 99 183
99 184 99 229
99 230 99 275
100 0 100 45
100 46 100 91
100 92 100 137
100 138 100 183
100 184 100 229
100 230 100 275
101 0 101 45
101 46 101 91
101 92 101 137
101 138 101 183
101 184 101 229
101 230 101 275
102 0 102 45
102 46 102 91
102 92 102 137
102 138 102 183
102 184 102 229
102 230 102 275
103 0 103 45
103 46 103 91
103 92 103 137
103 138 103 183
103 184 103 229
103 230 103 275
104 0 104 45
104 46 104 91
104 92 104 137
104 138 104 183
104 184 104 229
104 230 104 275
105 0 105 45
105 46 105 91
105 92 105 137
105 138 105 183
105 184 105 229
105 230 105 275
106 0 106 45
106 46 106 91
106 92 106 137
106 138 106 183
106 184 106 229
106 230 106 275
107 0 107 45
107 46 107 91
107 92 107 137
107 138 107 183
107 184 107 229
107 230 107 275
108 0 108 45
108 46 108 91
108 92 108 137
108 138 108 183
108 184 108 229
108 230 108 275
109 0 109 45
109 46 109 91
109 92 109 137
109 138 109 183
109 184 109 229
109 230 109 275
110 0 110 45
110 46 110 91
110 92 110 137
110 138 110 183
110 184 110 229
110 230 110 275
111 0 111 45
111 46 111 91
111 92 111 137
111 138 111 183
111 184 111 229
111 230 111 275
112 0 112 45
112 46 112 91
112 92 112 137
112 138 112 183
112 184 112 229
112 230 112 275
113 0 113 45
113 46 113 91
113 92 113 137
113 138 113 183
113 184 113 229
113 230 113 275
114 0 114 45
114 46 114 91
114 92 114 137
114 138 114 183
114 184 114 229
114 230 114 275
115 0 115 45
115 46 115 91
115 92 115 137
115 138 115 183
115 184 115 229
115 230 115 275
115 276 137 277
115 278 137 279
115 280 137 281
115 282 137 283
115 284 137 285
116 0 116 45
116 46 116 91
116 92 116 137
116 138 116 183
116 184 116 229
116 230 116 275
117 0 117 45
117 46 117 91
117 92 117 137
117 138 117 183
117 184 117 229
117 230 117 275
118 0 118 45
118 46 118 91
118 92 118 137
118 138 118 183
118 184 118 229
118 230 118 275
119 0 119 45
119 46 119 91
119 92 119 137
119 138 119 183
119 184 119 229
119 230 119 275
120 0 120 45
120 46 120 91
120 92 120 137
120 138 120 183
120 184 120 229
120 230 120 275
121 0 121 45
121 46 121 91
121 92 121 137
121 138 121 183
121 184 121 229
121 230 121 275
122 0 122 45
122 46 122 91
122 92 122 137
122 138 122 183
122 184 122 229
122 230 122 275
123 0 123 45
123 46 123 91
123 92 123 137
123 138 123 183
123 184 123 229
123 230 123 275
124 0 124 45
124 46 124 91
124 92 124 137
124 138 124 183
124 184 124 229
124 230 124 275
125 0 125 45
125 46 125 91
125 92 125 137
125 138 125 183
125 184 125 229
125 230 125 275
126 0 126 45
126 46 126 91
126 92 126 137
126 138 126 183
126 184 126 229
126 230 126 275
127 0 127 45
127 46 127 91
127 92 127 137
127 138 127 183
127 184 127 229
127 230 127 275
128 0 128 45
128 46 128 91
128 92 128 137
128 138 128 183
128 184 128 229
128 230 128 275
129 0 129 45
129 46 129 91
129 92 129 137
129 138 129 183
129 184 129 229
129 230 129 275
130 0 130 45
130 46 130 91
130 92 130 137
130 138 130 183
130 184 130 229
130 230 130 275
131 0 131 45
131 46 131 91
131 92 131 137
131 138 131 183
131 184 131 229
131 230 131 275
132 0 132 45
132 46 132 91
132 92 132 137
132 138 132 183
132 184 132 229
132 230 132 275
133 0 133 45
133 46 133 91
133 92 133 137
133 138 133 183
133 184 133 229
133 230 133 275
134 0 134 45
134 46 134 91
134 92 134 137
134 138 134 183
134 184 134 229
134 230 134 275
135 0 135 45
135 46 135 91
135 92 135 137
135 138 135 183
135 184 135 229
135 230 135 275
136 0 136 45
136 46 136 91
136 92 136 137
136 138 136 183
136 184 136 229
136 230 136 275
137 0 137 45
137 46 137 91
137 92 137 137
137 138 137 183
137 184 137 229
137 230 137 275
138 0 138 45
138 46 138 91
138 92 138 137
138 138 138 183
138 184 138 229
138 230 138 275
138 276 160 277
138 278 160 279
138 280 160 281
138 282 160 283
138 284 160 285
139 0 139 45
139 46 139 91
139 92 139 137
139 138 139 183
139 184 139 229
139 230 139 275
140 0 140 45
140 46 140 91
140 92 140 137
140 138 140 183
140 184 140 229
140 230 140 275
141 0 141 45
141 46 141 91
141 92 141 137
141 138 141 183
141 184 141 229
141 230 141 275
142 0 142 45
142 46 142 91
142 92 142 137
142 138 142 183
142 184 142 229
142 230 142 275
143 0 143 45
143 46 143 91
143 92 143 137
143 138 143 183
143 184 143 229
143 230 143 275
144 0 144 45
144 46 144 91
144 92 144 137
144 138 144 183
144 184 144 229
144 230 144 275
145 0 145 45
145 46 145 91
145 92 145 137
145 138 145 183
145 184 145 229
145 230 145 275
146 0 146 45
146 46 146 91
146 92 146 137
146 138 146 183
146 184 146 229
146 230 146 275
147 0 147 45
147 46 147 91
147 92 147 137
147 138 147 183
147 184 147 229
147 230 147 275
148 0 148 45
148 46 148 91
148 92 148 137
148 138 148 183
148 184 148 229
148 230 148 275
149 0 149 45
149 46 149 91
149 92 149 137
149 138 149 183
149 184 149 229
149 230 149 275
150 0 150 45
150 46 150 91
150 92 150 137
150 138 150 183
150 184 150 229
150 230 150 275
151 0 151 45
151 46 151 91
151 92 151 137
151 138 151 183
151 184 151 229
151 230 151 275
152 0 152 45
152 46 152 91
152 92 152 137
152 138 152 183
152 184 152 229
152 230 152 275
153 0 153 45
153 46 153 91
153 92 153 137
153 138 153 183
153 184 153 229
153 230 153 275
154 0 154 45
154 46 154 91
154 92 154 137
154 138 154 183
154 184 154 229
154 230 154 275
155 0 155 45
155 46 155 91
155 92 155 137
155 138 155 183
155 184 155 229
155 230 155 275
156 0 156 45
156 46 156 91
156 92 156 137
156 138 156 183
156 184 156 229
156 230 156 275
157 0 157 45
157 46 157 91
157 92 157 137
157 138 157 183
157 184 157 229
157 230 157 275
158 0 158 45
158 46 158 91
158 92 158 137
158 138 158 183
158 184 158 229
158 230 158 275
159 0 159 45
159 46 159 91
159 92 159 137
159 138 159 183
159 184 159 229
159 230 159 275
160 0 160 45
160 46 160 91
160 92 160 137
160 138 160 183
160 184 160 229
160 230 160 275
161 0 161 45
161 46 161 91
161 92 161 137
161 138 161 183
161 184 161 229
161 230 161 275
161 276 183 277
161 278 183 279
161 280 183 281
161 282 183 283
161 284 183 285
162 0 162 45
162 46 162 91
162 92 162 137
162 138 162 183
162 184 162 229
162 230 162 275
163 0 163 45
163 46 163 91
163 92 163 137
163 138 163 183
163 184 163 229
163 230 163 275
164 0 164 45
164 46 164 91
164 92 164 137
164 138 164 183
164 184 164 229
164 230 164 275
165 0 165 45
165 46 165 91
165 92 165 137
165 138 165 183
165 184 165 229
165 230 165 275
166 0 166 45
166 46 166 91
166 92 166 137
166 138 166 183
166 184 166 229
166 230 166 275
167 0 167 45
167 46 167 91
167 92 167 137
167 138 167 183
167 184 167 229
167 230 167 275
168 0 168 45
168 46 168 91
168 92 168 137
168 138 168 183
168 184 168 229
168 230 168 275
169 0 169 45
169 46 169 91
169 92 169 137
169 138 169 183
169 184 169 229
169 230 169 275
170 0 170 45
170 46 170 91
170 92 170 137
170 138 170 183
170 184 170 229
170 230 170 275
171 0 171 45
171 46 171 91
171 92 171 137
171 138 171 183
171 184 171 229
171 230 171 275
172 0 172 45
172 46 172 91
172 92 172 137
172 138 172 183
172 184 172 229
172 230 172 275
173 0 173 45
173 46 173 91
173 92 173 137
173 138 173 183
173 184 173 229
173 230 173 275
174 0 174 45
174 46 174 91
174 92 174 137
174 138 174 183
174 184 174 229
174 230 174 275
175 0 175 45
175 46 175 91
175 92 175 137
175 138 175 183
175 184 175 229
175 230 175 275
176 0 176 45
176 46 176 91
176 92 176 137
176 138 176 183
176 184 176 229
176 230 176 275
177 0 177 45
177 46 177 91
177 92 177 137
177 138 177 183
177 184 177 229
177 230 177 275
178 0 178 45
178 46 178 91
178 92 178 137
178 138 178 183
178 184 178 229
178 230 178 275
179 0 179 45
179 46 179 91
179 92 179 137
179 138 179 183
179 184 179 229
179 230 179 275
180 0 180 45
180 46 180 91
180 92 180 137
180 138 180 183
180 184 180 229
180 230 180 275
181 0 181 45
181 46 181 91
181 92 181 137
181 138 181 183
181 184 181 229
181 230 181 275
182 0 182 45
182 46 183 68
182 69 182 114
182 115 182 160
182 161 182 206
182 207 182 252
182 253 183 275
183 0 183 45
183 69 183 114
183 115 183 160
183 161 183 206
183 207 183 252
184 0 184 45
184 46 184 91
184 92 184 137
184 138 184 183
184 184 184 229
184 230 184 275
184 276 206 277
184 278 206 279
184 280 206 281
184 282 206 283
184 284 206 285
185 0 185 45
185 46 185 91
185 92 185 137
185 138 185 183
185 184 185 229
185 230 185 275
186 0 186 45
186 46 186 91
186 92 186 137
186 138 186 183
186 184 186 229
186 230 186 275
187 0 187 45
187 46 187 91
187 92 187 137
187 138 187 183
187 184 187 229
187 230 187 275
188 0 188 45
188 46 188 91
188 92 188 137
188 138 188 183
188 184 188 229
188 230 188 275
189 0 189 45
189 46 189 91
189 92 189 137
189 138 189 183
189 184 189 229
189 230 189 275
190 0 190 45
190 46 190 91
190 92 190 137
190 138 190 183
190 184 190 229
190 230 190 275
191 0 191 45
191 46 191 91
191 92 191 137
191 138 191 183
191 184 191 229
191 230 191 275
192 0 192 45
192 46 192 91
192 92 192 137
192 138 192 183
192 184 192 229
192 230 192 275
193 0 193 45
193 46 193 91
193 92 193 137
193 138 193 183
193 184 193 229
193 230 193 275
194 0 194 45
194 46 194 91
194 92 194 137
194 138 194 183
194 184 194 229
194 230 194 275
195 0 195 45
195 46 195 91
195 92 195 137
195 138 195 183
195 184 195 229
195 230 195 275
196 0 196 45
196 46 196 91
196 92 196 137
196 138 196 183
196 184 196 229
196 230 196 275
197 0 197 45
197 46 197 91
197 92 197 137
197 138 197 183
197 184 197 229
197 230 197 275
198 0 198 45
198 46 198 91
198 92 198 137
198 138 198 183
198 184 198 229
198 230 198 275
199 0 199 45
199 46 199 91
199 92 199 137
199 138 199 183
199 184 199 229
199 230 199 275
200 0 200 45
200 46 200 91
200 92 200 137
200 138 200 183
200 184 200 229
200 230 200 275
201 0 201 45
201 46 201 91
201 92 201 137
201 138 201 183
201 184 201 229
201 230 201 275
202 0 202 45
202 46 202 91
202 92 202 137
202 138 202 183
202 184 202 229
202 230 202 275
203 0 203 45
203 46 203 91
203 92 203 137
203 138 203 183
203 184 203 229
203 230 203 275
204 0 204 45
204 46 204 91
204 92 204 137
204 138 204 183
204 184 204 229
204 230 204 275
205 0 205 45
205 46 205 91
205 92 205 137
205 138 205 183
205 184 205 229
205 230 205 275
206 0 206 45
206 46 206 91
206 92 206 137
206 138 206 183
206 184 206 229
206 230 206 275
207 0 207 45
207 46 207 91
207 92 207 137
207 138 207 183
207 184 207 229
207 230 207 275
207 276 229 277
207 278 229 279
207 280 229 281
207 282 229 283
207 284 229 285
208 0 208 45
208 46 208 91
208 92 208 137
208 138 208 183
208 184 208 229
208 230 208 275
209 0 209 45
209 46 209 91
209 92 209 137
209 138 209 183
209 184 209 229
209 230 209 275
210 0 210 45
210 46 210 91
210 92 210 137
210 138 210 183
210 184 210 229
210 230 210 275
211 0 211 45
211 46 211 91
211 92 211 137
211 138 211 183
211 184 211 229
211 230 211 275
212 0 212 45
212 46 212 91
212 92 212 137
212 138 212 183
212 184 212 229
212 230 212 275
213 0 213 45
213 46 213 91
213 92 213 137
213 138 213 183
213 184 213 229
213 230 213 275
214 0 214 45
214 46 214 91
214 92 214 137
214 138 214 183
214 184 214 229
214 230 214 275
215 0 215 45
215 46 215 91
215 92 215 137
215 138 215 183
215 184 215 229
215 230 215 275
216 0 216 45
216 46 216 91
216 92 216 137
216 138 216 183
216 184 216 229
216 230 216 275
217 0 217 45
217 46 217 91
217 92 217 137
217 138 217 183
217 184 217 229
217 230 217 275
218 0 218 45
218 46 218 91
218 92 218 137
218 138 240 139
218 140 218 185
218 186 218 231
218 232 219 254
218 255 240 256
218 257 240 258
218 259 240 260
218 261 240 262
218 263 240 264
218 265 240 266
218 267 240 268
218 269 240 270
218 271 240 272
218 273 240 274
218 275 263 275
219 0 219 45
219 46 219 91
219 92 219 137
219 140 219 185
219 186 219 231
220 0 220 45
220 46 220 91
220 92 220 137
220 140 220 185
220 186 220 231
220 232 221 254
221 0 221 45
221 46 221 91
221 92 221 137
221 140 221 185
221 186 221 231
222 0 222 45
222 46 222 91
222 92 222 137
222 140 222 185
222 186 222 231
222 232 223 254
223 0 223 45
223 46 223 91
223 92 223 137
223 140 223 185
223 186 223 231
224 0 224 45
224 46 224 91
224 92 224 137
224 140 224 185
224 186 224 231
224 232 225 254
225 0 225 45
225 46 225 91
225 92 225 137
225 140 225 185
225 186 225 231
226 0 226 45
226 46 226 91
226 92 226 137
226 140 226 185
226 186 226 231
226 232 227 254
227 0 227 45
227 46 227 91
227 92 227 137
227 140 227 185
227 186 227 231
228 0 228 45
228 46 228 91
228 92 228 137
228 140 228 185
228 186 228 231
228 232 229 254
229 0 229 45
229 46 229 91
229 92 229 137
229 140 229 185
229 186 229 231
230 0 230 45
230 46 230 91
230 92 230 137
230 140 230 185
230 186 230 231
230 232 231 254
230 276 252 277
230 278 252 279
230 280 252 281
230 282 252 283
230 284 252 285
231 0 231 45
231 46 231 91
231 92 231 137
231 140 231 185
231 186 231 231
232 0 232 45
232 46 232 91
232 92 232 137
232 140 232 185
232 186 232 231
232 232 233 254
233 0 233 45
233 46 233 91
233 92 233 137
233 140 233 185
233 186 233 231
234 0 234 45
234 46 234 91
234 92 234 137
234 140 234 185
234 186 234 231
234 232 235 254
235 0 235 45
235 46 235 91
235 92 235 137
235 140 235 185
235 186 235 231
236 0 236 45
236 46 236 91
236 92 236 137
236 140 236 185
236 186 236 231
236 232 237 254
237 0 237 45
237 46 237 91
237 92 237 137
237 140 237 185
237 186 237 231
238 0 238 45
238 46 238 91
238 92 238 137
238 140 238 185
238 186 238 231
238 232 239 254
239 0 239 45
239 46 239 91
239 92 239 137
239 140 239 185
239 186 239 231
240 0 240 45
240 46 240 91
240 92 240 137
240 140 240 185
240 186 240 231
240 232 241 254
241 0 241 45
241 46 241 91
241 92 241 137
241 138 241 183
241 184 241 229
241 230 263 231
241 255 263 256
241 257 263 258
241 259 263 260
241 261 263 262
241 263 263 264
241 265 263 266
241 267 263 268
241 269 263 270
241 271 263 272
241 273 263 274
242 0 242 45
242 46 242 91
242 92 242 137
242 138 242 183
242 184 242 229
242 232 243 254
243 0 243 45
243 46 243 91
243 92 243 137
243 138 243 183
243 184 243 229
244 0 244 45
244 46 244 91
244 92 244 137
244 138 244 183
244 184 244 229
244 232 245 254
245 0 245 45
245 46 245 91
245 92 245 137
245 138 245 183
245 184 245 229
246 0 246 45
246 46 246 91
246 92 246 137
246 138 246 183
246 184 246 229
246 232 247 254
247 0 247 45
247 46 247 91
247 92 247 137
247 138 247 183
247 184 247 229
248 0 248 45
248 46 248 91
248 92 248 137
248 138 248 183
248 184 248 229
248 232 249 254
249 0 249 45
249 46 249 91
249 92 249 137
249 138 249 183
249 184 249 229
250 0 250 45
250 46 250 91
250 92 250 137
250 138 250 183
250 184 250 229
250 232 251 254
251 0 251 45
251 46 251 91
251 92 251 137
251 138 251 183
251 184 251 229
252 0 252 45
252 46 252 91
252 92 252 137
252 138 252 183
252 184 252 229
252 232 253 254
253 0 253 45
253 46 253 91
253 92 253 137
253 138 253 183
253 184 253 229
253 276 275 277
253 278 275 279
253 280 275 281
253 282 275 283
253 284 275 285
254 0 254 45
254 46 254 91
254 92 254 137
254 138 254 183
254 184 254 229
254 232 255 254
255 0 255 45
255 46 255 91
255 92 255 137
255 138 255 183
255 184 255 229
256 0 256 45
256 46 256 91
256 92 256 137
256 138 256 183
256 184 256 229
256 232 257 254
257 0 257 45
257 46 257 91
257 92 257 137
257 138 257 183
257 184 257 229
258 0 258 45
258 46 258 91
258 92 258 137
258 138 258 183
258 184 258 229
258 232 259 254
259 0 259 45
259 46 259 91
259 92 259 137
259 138 259 183
259 184 259 229
260 0 260 45
260 46 260 91
260 92 260 137
260 138 260 183
260 184 260 229
260 232 261 254
261 0 261 45
261 46 261 91
261 92 261 137
261 138 261 183
261 184 261 229
262 0 262 45
262 46 262 91
262 92 262 137
262 138 262 183
262 184 262 229
262 232 263 254
263 0 263 45
263 46 263 91
263 92 263 137
263 138 263 183
263 184 263 229
264 0 264 45
264 46 264 91
264 92 264 137
264 138 264 183
264 184 264 229
264 230 264 275
265 0 265 45
265 46 265 91
265 92 265 137
265 138 265 183
265 184 265 229
265 230 265 275
266 0 266 45
266 46 266 91
266 92 266 137
266 138 266 183
266 184 266 229
266 230 266 275
267 0 267 45
267 46 267 91
267 92 267 137
267 138 267 183
267 184 267 229
267 230 267 275
268 0 268 45
268 46 268 91
268 92 268 137
268 138 268 183
268 184 268 229
268 230 268 275
269 0 269 45
269 46 269 91
269 92 269 137
269 138 269 183
269 184 269 229
269 230 269 275
270 0 270 45
270 46 270 91
270 92 270 137
270 138 270 183
270 184 270 229
270 230 270 275
271 0 271 45
271 46 271 91
271 92 271 137
271 138 271 183
271 184 271 229
271 230 271 275
272 0 272 45
272 46 272 91
272 92 272 137
272 138 272 183
272 184 272 229
272 230 272 275
273 0 273 45
273 46 273 91
273 92 273 137
273 138 273 183
273 184 273 229
273 230 273 275
274 0 274 45
274 46 274 91
274 92 274 137
274 138 274 183
274 184 274 229
274 230 274 275
275 0 275 45
275 46 275 91
275 92 275 137
275 138 275 183
275 184 275 229
275 230 275 275
276 0 276 45
276 46 276 91
276 92 276 137
276 138 276 183
276 184 276 229
276 230 276 275
276 276 298 277
276 278 298 279
276 280 298 281
276 282 298 283
276 284 298 285
277 0 277 45
277 46 277 91
277 92 277 137
277 138 277 183
277 184 277 229
277 230 277 275
278 0 278 45
278 46 278 91
278 92 278 137
278 138 278 183
278 184 278 229
278 230 278 275
279 0 279 45
279 46 279 91
279 92 279 137
279 138 279 183
279 184 279 229
279 230 279 275
280 0 280 45
280 46 280 91
280 92 280 137
280 138 280 183
280 184 280 229
280 230 280 275
281 0 281 45
281 46 281 91
281 92 281 137
281 138 281 183
281 184 281 229
281 230 281 275
282 0 282 45
282 46 282 91
282 92 282 137
282 138 282 183
282 184 282 229
282 230 282 275
283 0 283 45
283 46 283 91
283 92 283 137
283 138 283 183
283 184 283 229
283 230 283 275
284 0 284 45
284 46 284 91
284 92 284 137
284 138 284 183
284 184 284 229
284 230 284 275
285 0 285 45
285 46 285 91
285 92 285 137
285 138 285 183
285 184 285 229
285 230 285 275
286 0 286 45
286 46 286 91
286 92 286 137
286 138 286 183
286 184 286 229
286 230 286 275
287 0 287 45
287 46 287 91
287 92 287 137
287 138 287 183
287 184 287 229
287 230 287 275
288 0 288 45
288 46 288 91
288 92 288 137
288 138 288 183
288 184 288 229
288 230 288 275
289 0 289 45
289 46 289 91
289 92 289 137
289 138 289 183
289 184 289 229
289 230 289 275
290 0 290 45
290 46 290 91
290 92 290 137
290 138 290 183
290 184 290 229
290 230 290 275
291 0 291 45
291 46 291 91
291 92 291 137
291 138 291 183
291 184 291 229
291 230 291 275
292 0 292 45
292 46 292 91
292 92 292 137
292 138 292 183
292 184 292 229
292 230 292 275
293 0 293 45
293 46 293 91
293 92 293 137
293 138 293 183
293 184 293 229
293 230 293 275
294 0 294 45
294 46 294 91
294 92 294 137
294 138 294 183
294 184 294 229
294 230 294 275
295 0 295 45
295 46 295 91
295 92 295 137
295 138 295 183
295 184 295 229
295 230 295 275
296 0 296 45
296 46 296 91
296 92 296 137
296 138 296 183
296 184 296 229
296 230 296 275
297 0 297 45
297 46 297 91
297 92 297 137
297 138 297 183
297 184 297 229
297 230 297 275
298 0 298 45
298 46 298 91
298 92 298 137
298 138 298 183
298 184 298 229
298 230 298 275
299 0 299 45
299 46 299 91
299 92 299 137
299 138 299 183
299 184 299 229
299 230 299 275
299 276 321 277
299 278 321 279
299 280 321 281
299 282 321 283
299 284 321 285
300 0 300 45
300 46 300 91
300 92 300 137
300 138 300 183
300 184 300 229
300 230 300 275
301 0 301 45
301 46 301 91
301 92 301 137
301 138 301 183
301 184 301 229
301 230 301 275
302 0 302 45
302 46 302 91
302 92 302 137
302 138 302 183
302 184 302 229
302 230 302 275
303 0 303 45
303 46 303 91
303 92 303 137
303 138 303 183
303 184 303 229
303 230 303 275
304 0 304 45
304 46 304 91
304 92 304 137
304 138 304 183
304 184 304 229
304 230 304 275
305 0 305 45
305 46 305 91
305 92 305 137
305 138 305 183
305 184 305 229
305 230 305 275
306 0 306 45
306 46 306 91
306 92 306 137
306 138 306 183
306 184 306 229
306 230 306 275
307 0 307 45
307 46 307 91
307 92 307 137
307 138 307 183
307 184 307 229
307 230 307 275
308 0 308 45
308 46 308 91
308 92 308 137
308 138 308 183
308 184 308 229
308 230 308 275
309 0 309 45
309 46 309 91
309 92 309 137
309 138 309 183
309 184 309 229
309 230 309 275
310 0 310 45
310 46 310 91
310 92 310 137
310 138 310 183
310 184 310 229
310 230 310 275
311 0 311 45
311 46 311 91
311 92 311 137
311 138 311 183
311 184 311 229
311 230 311 275
312 0 312 45
312 46 312 91
312 92 312 137
312 138 312 183
312 184 312 229
312 230 312 275
313 0 313 45
313 46 313 91
313 92 313 137
313 138 313 183
313 184 313 229
313 230 313 275
314 0 314 45
314 46 314 91
314 92 314 137
314 138 314 183
314 184 314 229
314 230 314 275
315 0 315 45
315 46 315 91
315 92 315 137
315 138 315 183
315 184 315 229
315 230 315 275
316 0 316 45
316 46 316 91
316 92 316 137
316 138 316 183
316 184 316 229
316 230 316 275
317 0 317 45
317 46 318 68
317 69 318 91
317 92 317 137
317 138 317 183
317 184 317 229
317 230 317 275
318 0 318 45
318 92 318 137
318 138 318 183
318 184 318 229
318 230 318 275
319 0 319 45
319 46 319 91
319 92 319 137
319 138 319 183
319 184 319 229
319 230 319 275
320 0 320 45
320 46 320 91
320 92 320 137
320 138 320 183
320 184 320 229
320 230 320 275
321 0 321 45
321 46 321 91
321 92 321 137
321 138 321 183
321 184 321 229
321 230 321 275
322 0 322 45
322 46 322 91
322 92 322 137
322 138 322 183
322 184 322 229
322 230 322 275
322 276 344 277
322 278 344 279
322 280 344 281
322 282 344 283
322 284 344 285
323 0 323 45
323 46 323 91
323 92 323 137
323 138 323 183
323 184 323 229
323 230 323 275
324 0 324 45
324 46 324 91
324 92 324 137
324 138 324 183
324 184 324 229
324 230 324 275
325 0 325 45
325 46 325 91
325 92 325 137
325 138 325 183
325 184 325 229
325 230 325 275
326 0 326 45
326 46 326 91
326 92 326 137
326 138 326 183
326 184 326 229
326 230 326 275
327 0 327 45
327 46 327 91
327 92 327 137
327 138 327 183
327 184 327 229
327 230 327 275
328 0 328 45
328 46 328 91
328 92 328 137
328 138 328 183
328 184 328 229
328 230 328 275
329 0 329 45
329 46 329 91
329 92 329 137
329 138 329 183
329 184 329 229
329 230 329 275
330 0 330 45
330 46 330 91
330 92 330 137
330 138 330 183
330 184 330 229
330 230 330 275
331 0 331 45
331 46 331 91
331 92 331 137
331 138 331 183
331 184 331 229
331 230 331 275
332 0 332 45
332 46 332 91
332 92 332 137
332 138 332 183
332 184 332 229
332 230 332 275
333 0 333 45
333 46 333 91
333 92 333 137
333 138 333 183
333 184 333 229
333 230 333 275
334 0 334 45
334 46 334 91
334 92 334 137
334 138 334 183
334 184 334 229
334 230 334 275
335 0 335 45
335 46 335 91
335 92 335 137
335 138 335 183
335 184 335 229
335 230 335 275
336 0 336 45
336 46 336 91
336 92 336 137
336 138 336 183
336 184 336 229
336 230 336 275
337 0 337 45
337 46 337 91
337 92 337 137
337 138 337 183
337 184 337 229
337 230 337 275
338 0 338 45
338 46 338 91
338 92 338 137
338 138 338 183
338 184 338 229
338 230 338 275
339 0 339 45
339 46 339 91
339 92 339 137
339 138 339 183
339 184 339 229
339 230 339 275
340 0 340 45
340 46 340 91
340 92 340 137
340 138 340 183
340 184 340 229
340 230 340 275
341 0 341 45
341 46 341 91
341 92 341 137
341 138 341 183
341 184 341 229
341 230 341 275
342 0 342 45
342 46 342 91
342 92 342 137
342 138 342 183
342 184 342 229
342 230 342 275
343 0 343 45
343 46 343 91
343 92 343 137
343 138 343 183
343 184 343 229
343 230 343 275
344 0 344 45
344 46 344 91
344 92 344 137
344 138 344 183
344 184 344 229
344 230 344 275
345 0 345 45
345 46 345 91
345 92 345 137
345 138 345 183
345 184 345 229
345 230 345 275
345 276 367 277
345 278 367 279
345 280 367 281
345 282 367 283
345 284 367 285
346 0 346 45
346 46 346 91
346 92 346 137
346 138 346 183
346 184 346 229
346 230 346 275
347 0 347 45
347 46 347 91
347 92 347 137
347 138 347 183
347 184 347 229
347 230 347 275
348 0 348 45
348 46 348 91
348 92 348 137
348 138 348 183
348 184 348 229
348 230 348 275
349 0 349 45
349 46 349 91
349 92 349 137
349 138 349 183
349 184 349 229
349 230 349 275
350 0 350 45
350 46 350 91
350 92 350 137
350 138 350 183
350 184 350 229
350 230 350 275
351 0 351 45
351 46 351 91
351 92 351 137
351 138 351 183
351 184 351 229
351 230 351 275
352 0 352 45
352 46 352 91
352 92 352 137
352 138 352 183
352 184 352 229
352 230 352 275
353 0 353 45
353 46 353 91
353 92 353 137
353 138 353 183
353 184 353 229
353 230 353 275
354 0 354 45
354 46 354 91
354 92 354 137
354 138 354 183
354 184 354 229
354 230 354 275
355 0 355 45
355 46 355 91
355 92 355 137
355 138 355 183
355 184 355 229
355 230 355 275
356 0 356 45
356 46 356 91
356 92 356 137
356 138 356 183
356 184 356 229
356 230 356 275
357 0 357 45
357 46 357 91
357 92 357 137
357 138 357 183
357 184 357 229
357 230 357 275
358 0 358 45
358 46 358 91
358 92 358 137
358 138 358 183
358 184 358 229
358 230 358 275
359 0 359 45
359 46 359 91
359 92 359 137
359 138 359 183
359 184 359 229
359 230 359 275
360 0 360 45
360 46 360 91
360 92 360 137
360 138 360 183
360 184 360 229
360 230 360 275
361 0 361 45
361 46 361 91
361 92 361 137
361 138 361 183
361 184 361 229
361 230 361 275
362 0 362 45
362 46 362 91
362 92 362 137
362 138 362 183
362 184 362 229
362 230 362 275
363 0 363 45
363 46 363 91
363 92 363 137
363 138 363 183
363 184 363 229
363 230 363 275
364 0 364 45
364 46 364 91
364 92 364 137
364 138 364 183
364 184 364 229
364 230 364 275
365 0 365 45
365 46 365 91
365 92 365 137
365 138 365 183
365 184 365 229
365 230 365 275
366 0 366 45
366 46 366 91
366 92 366 137
366 138 366 183
366 184 366 229
366 230 366 275
367 0 367 45
367 46 367 91
367 92 367 137
367 138 367 183
367 184 367 229
367 230 367 275
368 0 368 45
368 46 368 91
368 92 368 137
368 138 368 183
368 184 368 229
368 230 368 275
368 276 390 277
368 278 390 279
368 280 390 281
368 282 390 283
368 284 390 285
369 0 369 45
369 46 369 91
369 92 369 137
369 138 369 183
369 184 369 229
369 230 369 275
370 0 370 45
370 46 370 91
370 92 370 137
370 138 370 183
370 184 370 229
370 230 370 275
371 0 371 45
371 46 371 91
371 92 371 137
371 138 371 183
371 184 371 229
371 230 371 275
372 0 372 45
372 46 372 91
372 92 372 137
372 138 372 183
372 184 372 229
372 230 372 275
373 0 373 45
373 46 373 91
373 92 373 137
373 138 373 183
373 184 373 229
373 230 373 275
374 0 374 45
374 46 374 91
374 92 374 137
374 138 374 183
374 184 374 229
374 230 374 275
375 0 375 45
375 46 375 91
375 92 375 137
375 138 375 183
375 184 375 229
375 230 375 275
376 0 376 45
376 46 376 91
376 92 376 137
376 138 376 183
376 184 376 229
376 230 376 275
377 0 377 45
377 46 377 91
377 92 377 137
377 138 377 183
377 184 377 229
377 230 377 275
378 0 378 45
378 46 378 91
378 92 378 137
378 138 378 183
378 184 378 229
378 230 378 275
379 0 379 45
379 46 379 91
379 92 379 137
379 138 379 183
379 184 379 229
379 230 379 275
380 0 380 45
380 46 380 91
380 92 380 137
380 138 380 183
380 184 380 229
380 230 380 275
381 0 381 45
381 46 381 91
381 92 381 137
381 138 381 183
381 184 381 229
381 230 381 275
382 0 382 45
382 46 382 91
382 92 382 137
382 138 382 183
382 184 382 229
382 230 382 275
383 0 383 45
383 46 383 91
383 92 383 137
383 138 383 183
383 184 383 229
383 230 383 275
384 0 384 45
384 46 384 91
384 92 384 137
384 138 384 183
384 184 384 229
384 230 384 275
385 0 385 45
385 46 385 91
385 92 385 137
385 138 385 183
385 184 385 229
385 230 385 275
386 0 386 45
386 46 386 91
386 92 386 137
386 138 386 183
386 184 386 229
386 230 386 275
387 0 387 45
387 46 387 91
387 92 387 137
387 138 387 183
387 184 387 229
387 230 387 275
388 0 388 45
388 46 388 91
388 92 388 137
388 138 388 183
388 184 388 229
388 230 388 275
389 0 389 45
389 46 389 91
389 92 389 137
389 138 389 183
389 184 389 229
389 230 389 275
390 0 390 45
390 46 390 91
390 92 390 137
390 138 390 183
390 184 390 229
390 230 390 275
391 0 391 45
391 46 391 91
391 92 391 137
391 138 391 183
391 184 391 229
391 230 391 275
391 276 413 277
391 278 413 279
391 280 413 281
391 282 413 283
391 284 413 285
392 0 392 45
392 46 392 91
392 92 392 137
392 138 392 183
392 184 392 229
392 230 392 275
393 0 393 45
393 46 393 91
393 92 393 137
393 138 393 183
393 184 393 229
393 230 393 275
394 0 394 45
394 46 394 91
394 92 394 137
394 138 394 183
394 184 394 229
394 230 394 275
395 0 395 45
395 46 395 91
395 92 395 137
395 138 395 183
395 184 395 229
395 230 395 275
396 0 396 45
396 46 396 91
396 92 396 137
396 138 396 183
396 184 396 229
396 230 396 275
397 0 397 45
397 46 397 91
397 92 397 137
397 138 397 183
397 184 397 229
397 230 397 275
398 0 398 45
398 46 398 91
398 92 398 137
398 138 398 183
398 184 398 229
398 230 398 275
399 0 399 45
399 46 399 91
399 92 399 137
399 138 399 183
399 184 399 229
399 230 399 275
400 0 400 45
400 46 400 91
400 92 400 137
400 138 400 183
400 184 400 229
400 230 400 275
401 0 401 45
401 46 401 91
401 92 401 137
401 138 401 183
401 184 401 229
401 230 401 275
402 0 402 45
402 46 402 91
402 92 402 137
402 138 402 183
402 184 402 229
402 230 402 275
403 0 403 45
403 46 403 91
403 92 403 137
403 138 403 183
403 184 403 229
403 230 403 275
404 0 404 45
404 46 404 91
404 92 404 137
404 138 404 183
404 184 404 229
404 230 404 275
405 0 405 45
405 46 405 91
405 92 405 137
405 138 405 183
405 184 405 229
405 230 405 275
406 0 406 45
406 46 406 91
406 92 406 137
406 138 406 183
406 184 406 229
406 230 406 275
407 0 407 45
407 46 407 91
407 92 407 137
407 138 407 183
407 184 407 229
407 230 407 275
408 0 408 45
408 46 408 91
408 92 408 137
408 138 408 183
408 184 408 229
408 230 408 275
409 0 409 45
409 46 409 91
409 92 409 137
409 138 409 183
409 184 409 229
409 230 409 275
410 0 410 45
410 46 410 91
410 92 410 137
410 138 410 183
410 184 410 229
410 230 410 275
411 0 411 45
411 46 411 91
411 92 411 137
411 138 411 183
411 184 411 229
411 230 411 275
412 0 412 45
412 46 412 91
412 92 412 137
412 138 412 183
412 184 412 229
412 230 412 275
413 0 413 45
413 46 413 91
413 92 413 137
413 138 413 183
413 184 413 229
413 230 413 275
414 0 414 45
414 46 414 91
414 92 414 137
414 138 414 183
414 184 414 229
414 230 414 275
414 276 436 277
414 278 436 279
414 280 436 281
414 282 436 283
414 284 436 285
415 0 415 45
415 46 415 91
415 92 415 137
415 138 415 183
415 184 415 229
415 230 415 275
416 0 416 45
416 46 416 91
416 92 416 137
416 138 416 183
416 184 416 229
416 230 416 275
417 0 417 45
417 46 417 91
417 92 417 137
417 138 417 183
417 184 417 229
417 230 417 275
418 0 418 45
418 46 418 91
418 92 418 137
418 138 418 183
418 184 418 229
418 230 418 275
419 0 419 45
419 46 419 91
419 92 419 137
419 138 419 183
419 184 419 229
419 230 419 275
420 0 420 45
420 46 420 91
420 92 420 137
420 138 420 183
420 184 420 229
420 230 420 275
421 0 421 45
421 46 421 91
421 92 421 137
421 138 421 183
421 184 421 229
421 230 421 275
422 0 422 45
422 46 422 91
422 92 422 137
422 138 422 183
422 184 422 229
422 230 422 275
423 0 423 45
423 46 423 91
423 92 423 137
423 138 423 183
423 184 423 229
423 230 423 275
424 0 424 45
424 46 424 91
424 92 424 137
424 138 424 183
424 184 424 229
424 230 424 275
425 0 425 45
425 46 425 91
425 92 425 137
425 138 425 183
425 184 425 229
425 230 425 275
426 0 426 45
426 46 426 91
426 92 426 137
426 138 426 183
426 184 426 229
426 230 426 275
427 0 427 45
427 46 427 91
427 92 427 137
427 138 427 183
427 184 427 229
427 230 427 275
428 0 428 45
428 46 428 91
428 92 428 137
428 138 428 183
428 184 428 229
428 230 428 275
429 0 429 45
429 46 429 91
429 92 429 137
429 138 429 183
429 184 429 229
429 230 429 275
430 0 430 45
430 46 430 91
430 92 430 137
430 138 430 183
430 184 430 229
430 230 430 275
431 0 431 45
431 46 431 91
431 92 431 137
431 138 431 183
431 184 431 229
431 230 431 275
432 0 432 45
432 46 432 91
432 92 432 137
432 138 432 183
432 184 432 229
432 230 432 275
433 0 433 45
433 46 433 91
433 92 433 137
433 138 433 183
433 184 433 229
433 230 433 275
434 0 434 45
434 46 434 91
434 92 434 137
434 138 434 183
434 184 434 229
434 230 434 275
435 0 435 45
435 46 435 91
435 92 435 137
435 138 435 183
435 184 435 229
435 230 435 275
436 0 436 45
436 46 436 91
436 92 436 137
436 138 436 183
436 184 436 229
436 230 436 275
437 0 437 45
437 46 437 91
437 92 437 137
437 138 437 183
437 184 437 229
437 230 437 275
437 276 459 277
437 278 459 279
437 280 459 281
437 282 459 283
437 284 459 285
438 0 438 45
438 46 438 91
438 92 438 137
438 138 438 183
438 184 438 229
438 230 438 275
439 0 439 45
439 46 439 91
439 92 439 137
439 138 439 183
439 184 439 229
439 230 439 275
440 0 440 45
440 46 440 91
440 92 440 137
440 138 440 183
440 184 440 229
440 230 440 275
441 0 441 45
441 46 441 91
441 92 441 137
441 138 441 183
441 184 441 229
441 230 441 275
442 0 442 45
442 46 442 91
442 92 442 137
442 138 442 183
442 184 442 229
442 230 442 275
443 0 443 45
443 46 443 91
443 92 443 137
443 138 443 183
443 184 443 229
443 230 443 275
444 0 444 45
444 46 444 91
444 92 444 137
444 138 444 183
444 184 444 229
444 230 444 275
445 0 445 45
445 46 445 91
445 92 445 137
445 138 445 183
445 184 445 229
445 230 445 275
446 0 446 45
446 46 446 91
446 92 446 137
446 138 446 183
446 184 446 229
446 230 446 275
447 0 447 45
447 46 447 91
447 92 447 137
447 138 447 183
447 184 447 229
447 230 447 275
448 0 448 45
448 46 448 91
448 92 448 137
448 138 448 183
448 184 448 229
448 230 448 275
449 0 449 45
449 46 449 91
449 92 449 137
449 138 449 183
449 184 449 229
449 230 449 275
450 0 450 45
450 46 450 91
450 92 450 137
450 138 450 183
450 184 450 229
450 230 450 275
451 0 451 45
451 46 451 91
451 92 451 137
451 138 451 183
451 184 451 229
451 230 451 275
452 0 452 45
452 46 452 91
452 92 452 137
452 138 452 183
452 184 452 229
452 230 452 275
453 0 453 45
453 46 453 91
453 92 453 137
453 138 453 183
453 184 453 229
453 230 453 275
454 0 454 45
454 46 454 91
454 92 454 137
454 138 454 183
454 184 454 229
454 230 454 275
455 0 455 45
455 46 455 91
455 92 455 137
455 138 455 183
455 184 455 229
455 230 455 275
456 0 456 45
456 46 456 91
456 92 456 137
456 138 456 183
456 184 456 229
456 230 456 275
457 0 457 45
457 46 457 91
457 92 457 137
457 138 457 183
457 184 457 229
457 230 457 275
458 0 458 45
458 46 458 91
458 92 458 137
458 138 458 183
458 184 458 229
458 230 458 275
459 0 459 45
459 46 459 91
459 92 459 137
459 138 459 183
459 184 459 229
459 230 459 275
460 0 460 45
460 46 460 91
460 92 460 137
460 138 460 183
460 184 460 229
460 230 460 275
460 276 505 276
460 277 482 278
460 279 482 280
460 281 482 282
460 283 482 284
460 285 505 285
461 0 461 45
461 46 461 91
461 92 461 137
461 138 461 183
461 184 461 229
461 230 461 275
462 0 462 45
462 46 462 91
462 92 462 137
462 138 462 183
462 184 462 229
462 230 462 275
463 0 463 45
463 46 463 91
463 92 463 137
463 138 463 183
463 184 463 229
463 230 463 275
464 0 464 45
464 46 464 91
464 92 464 137
464 138 464 183
464 184 464 229
464 230 464 275
465 0 465 45
465 46 465 91
465 92 465 137
465 138 465 183
465 184 465 229
465 230 465 275
466 0 466 45
466 46 466 91
466 92 466 137
466 138 466 183
466 184 466 229
466 230 466 275
467 0 467 45
467 46 467 91
467 92 467 137
467 138 467 183
467 184 467 229
467 230 467 275
468 0 468 45
468 46 469 68
468 69 468 114
468 115 468 160
468 161 468 206
468 207 468 252
468 253 469 275
469 0 469 45
469 69 469 114
469 115 469 160
469 161 469 206
469 207 469 252
470 0 470 45
470 46 470 91
470 92 470 137
470 138 470 183
470 184 470 229
470 230 470 275
471 0 471 45
471 46 471 91
471 92 471 137
471 138 471 183
471 184 471 229
471 230 471 275
472 0 472 45
472 46 472 91
472 92 472 137
472 138 472 183
472 184 472 229
472 230 472 275
473 0 473 45
473 46 473 91
473 92 473 137
473 138 473 183
473 184 473 229
473 230 473 275
474 0 474 45
474 46 474 91
474 92 474 137
474 138 474 183
474 184 474 229
474 230 474 275
475 0 475 45
475 46 475 91
475 92 475 137
475 138 475 183
475 184 475 229
475 230 475 275
476 0 476 45
476 46 476 91
476 92 476 137
476 138 476 183
476 184 476 229
476 230 476 275
477 0 477 45
477 46 477 91
477 92 477 137
477 138 477 183
477 184 477 229
477 230 477 275
478 0 478 45
478 46 478 91
478 92 478 137
478 138 478 183
478 184 478 229
478 230 478 275
479 0 479 45
479 46 479 91
479 92 479 137
479 138 479 183
479 184 479 229
479 230 479 275
480 0 480 45
480 46 480 91
480 92 480 137
480 138 480 183
480 184 480 229
480 230 480 275
481 0 481 45
481 46 481 91
481 92 481 137
481 138 481 183
481 184 481 229
481 230 481 275
482 0 482 45
482 46 482 91
482 92 482 137
482 138 482 183
482 184 482 229
482 230 482 275
483 0 483 45
483 46 483 91
483 92 483 137
483 138 483 183
483 184 483 229
483 230 483 275
483 277 505 278
483 279 505 280
483 281 505 282
483 283 505 284
484 0 484 45
484 46 484 91
484 92 484 137
484 138 484 183
484 184 484 229
484 230 484 275
485 0 485 45
485 46 485 91
485 92 485 137
485 138 485 183
485 184 485 229
485 230 485 275
486 0 486 45
486 46 486 91
486 92 486 137
486 138 486 183
486 184 486 229
486 230 486 275
487 0 487 45
487 46 487 91
487 92 487 137
487 138 487 183
487 184 487 229
487 230 487 275
488 0 488 45
488 46 488 91
488 92 488 137
488 138 488 183
488 184 488 229
488 230 488 275
489 0 489 45
489 46 489 91
489 92 489 137
489 138 489 183
489 184 489 229
489 230 489 275
490 0 490 45
490 46 490 91
490 92 490 137
490 138 490 183
490 184 490 229
490 230 490 275
491 0 491 45
491 46 491 91
491 92 491 137
491 138 491 183
491 184 491 229
491 230 491 275
492 0 492 45
492 46 492 91
492 92 492 137
492 138 492 183
492 184 492 229
492 230 492 275
493 0 493 45
493 46 493 91
493 92 493 137
493 138 493 183
493 184 493 229
493 230 493 275
494 0 494 45
494 46 494 91
494 92 494 137
494 138 494 183
494 184 494 229
494 230 494 275
495 0 495 45
495 46 495 91
495 92 495 137
495 138 495 183
495 184 495 229
495 230 495 275
496 0 496 45
496 46 496 91
496 92 496 137
496 138 496 183
496 184 496 229
496 230 496 275
497 0 497 45
497 46 497 91
497 92 497 137
497 138 497 183
497 184 497 229
497 230 497 275
498 0 498 45
498 46 498 91
498 92 498 137
498 138 498 183
498 184 498 229
498 230 498 275
499 0 499 45
499 46 499 91
499 92 499 137
499 138 499 183
499 184 499 229
499 230 499 275
500 0 500 45
500 46 500 91
500 92 500 137
500 138 500 183
500 184 500 229
500 230 500 275
501 0 501 45
501 46 501 91
501 92 501 137
501 138 501 183
501 184 501 229
501 230 501 275
502 0 502 45
502 46 502 91
502 92 502 137
502 138 502 183
502 184 502 229
502 230 502 275
503 0 503 45
503 46 503 91
503 92 503 137
503 138 503 183
503 184 503 229
503 230 503 275
504 0 504 45
504 46 504 91
504 92 504 137
504 138 504 183
504 184 504 229
504 230 504 275
505 0 505 45
505 46 505 91
505 92 505 137
505 138 505 183
505 184 505 229
505 230 505 275
506 0 506 45
506 46 506 91
506 92 506 137
506 138 506 183
506 184 506 229
506 230 506 275
506 276 528 277
506 278 528 279
506 280 528 281
506 282 528 283
506 284 528 285
507 0 507 45
507 46 507 91
507 92 507 137
507 138 507 183
507 184 507 229
507 230 507 275
508 0 508 45
508 46 508 91
508 92 508 137
508 138 508 183
508 184 508 229
508 230 508 275
509 0 509 45
509 46 509 91
509 92 509 137
509 138 509 183
509 184 509 229
509 230 509 275
510 0 510 45
510 46 510 91
510 92 510 137
510 138 510 183
510 184 510 229
510 230 510 275
511 0 511 45
511 46 511 91
511 92 511 137
511 138 511 183
511 184 511 229
511 230 511 275
512 0 512 45
512 46 512 91
512 92 512 137
512 138 512 183
512 184 512 229
512 230 512 275
513 0 513 45
513 46 513 91
513 92 513 137
513 138 513 183
513 184 513 229
513 230 513 275
514 0 514 45
514 46 514 91
514 92 514 137
514 138 514 183
514 184 514 229
514 230 514 275
515 0 515 45
515 46 515 91
515 92 515 137
515 138 515 183
515 184 515 229
515 230 515 275
516 0 516 45
516 46 516 91
516 92 516 137
516 138 516 183
516 184 516 229
516 230 516 275
517 0 517 45
517 46 517 91
517 92 517 137
517 138 517 183
517 184 517 229
517 230 517 275
518 0 518 45
518 46 518 91
518 92 518 137
518 138 518 183
518 184 518 229
518 230 518 275
519 0 519 45
519 46 519 91
519 92 519 137
519 138 519 183
519 184 519 229
519 230 519 275
520 0 520 45
520 46 520 91
520 92 520 137
520 138 520 183
520 184 520 229
520 230 520 275
521 0 521 45
521 46 521 91
521 92 521 137
521 138 521 183
521 184 521 229
521 230 521 275
522 0 522 45
522 46 522 91
522 92 522 137
522 138 522 183
522 184 522 229
522 230 522 275
523 0 523 45
523 46 523 91
523 92 523 137
523 138 523 183
523 184 523 229
523 230 523 275
524 0 524 45
524 46 524 91
524 92 524 137
524 138 524 183
524 184 524 229
524 230 524 275
525 0 525 45
525 46 525 91
525 92 525 137
525 138 525 183
525 184 525 229
525 230 525 275
526 0 526 45
526 46 526 91
526 92 526 137
526 138 526 183
526 184 526 229
526 230 526 275
527 0 527 45
527 46 527 91
527 92 527 137
527 138 527 183
527 184 527 229
527 230 527 275
528 0 528 45
528 46 528 91
528 92 528 137
528 138 528 183
528 184 528 229
528 230 528 275
529 0 529 45
529 46 529 91
529 92 529 137
529 138 529 183
529 184 529 229
529 230 529 275
529 276 551 277
529 278 551 279
529 280 551 281
529 282 551 283
529 284 551 285
530 0 530 45
530 46 530 91
530 92 530 137
530 138 530 183
530 184 530 229
530 230 530 275
531 0 531 45
531 46 531 91
531 92 531 137
531 138 531 183
531 184 531 229
531 230 531 275
532 0 532 45
532 46 532 91
532 92 532 137
532 138 532 183
532 184 532 229
532 230 532 275
533 0 533 45
533 46 533 91
533 92 533 137
533 138 533 183
533 184 533 229
533 230 533 275
534 0 534 45
534 46 534 91
534 92 534 137
534 138 534 183
534 184 534 229
534 230 534 275
535 0 535 45
535 46 535 91
535 92 535 137
535 138 535 183
535 184 535 229
535 230 535 275
536 0 536 45
536 46 536 91
536 92 536 137
536 138 536 183
536 184 536 229
536 230 536 275
537 0 537 45
537 46 537 91
537 92 537 137
537 138 537 183
537 184 537 229
537 230 537 275
538 0 538 45
538 46 538 91
538 92 538 137
538 138 538 183
538 184 538 229
538 230 538 275
539 0 539 45
539 46 539 91
539 92 539 137
539 138 539 183
539 184 539 229
539 230 539 275
540 0 540 45
540 46 540 91
540 92 540 137
540 138 540 183
540 184 540 229
540 230 540 275
541 0 541 45
541 46 541 91
541 92 541 137
541 138 541 183
541 184 541 229
541 230 541 275
542 0 542 45
542 46 542 91
542 92 542 137
542 138 542 183
542 184 542 229
542 230 542 275
543 0 543 45
543 46 543 91
543 92 543 137
543 138 543 183
543 184 543 229
543 230 543 275
544 0 544 45
544 46 544 91
544 92 544 137
544 138 544 183
544 184 544 229
544 230 544 275
545 0 545 45
545 46 545 91
545 92 545 137
545 138 545 183
545 184 545 229
545 230 545 275
546 0 546 45
546 46 546 91
546 92 546 137
546 138 546 183
546 184 546 229
546 230 546 275
547 0 547 45
547 46 547 91
547 92 547 137
547 138 547 183
547 184 547 229
547 230 547 275
548 0 548 45
548 46 548 91
548 92 548 137
548 138 548 183
548 184 548 229
548 230 548 275
549 0 549 45
549 46 549 91
549 92 549 137
549 138 549 183
549 184 549 229
549 230 549 275
550 0 550 45
550 46 550 91
550 92 550 137
550 138 550 183
550 184 550 229
550 230 550 275
551 0 551 45
551 46 551 91
551 92 551 137
551 138 551 183
551 184 551 229
551 230 551 275
552 0 552 45
552 46 552 91
552 92 552 137
552 138 552 183
552 184 552 229
552 230 552 275
552 276 574 277
552 278 574 279
552 280 574 281
552 282 574 283
552 284 574 285
553 0 553 45
553 46 553 91
553 92 553 137
553 138 553 183
553 184 553 229
553 230 553 275
554 0 554 45
554 46 554 91
554 92 554 137
554 138 554 183
554 184 554 229
554 230 554 275
555 0 555 45
555 46 555 91
555 92 555 137
555 138 555 183
555 184 555 229
555 230 555 275
556 0 556 45
556 46 556 91
556 92 556 137
556 138 556 183
556 184 557 206
556 207 557 229
556 230 556 275
557 0 557 45
557 46 557 91
557 92 557 137
557 138 557 183
557 230 557 275
558 0 558 45
558 46 558 91
558 92 558 137
558 138 558 183
558 184 558 229
558 230 558 275
559 0 559 45
559 46 559 91
559 92 559 137
559 138 559 183
559 184 559 229
559 230 559 275
560 0 560 45
560 46 560 91
560 92 560 137
560 138 560 183
560 184 560 229
560 230 560 275
561 0 561 45
561 46 561 91
561 92 561 137
561 138 561 183
561 184 561 229
561 230 561 275
562 0 562 45
562 46 562 91
562 92 562 137
562 138 562 183
562 184 562 229
562 230 562 275
563 0 563 45
563 46 563 91
563 92 563 137
563 138 563 183
563 184 563 229
563 230 563 275
564 0 564 45
564 46 564 91
564 92 564 137
564 138 564 183
564 184 564 229
564 230 564 275
565 0 565 45
565 46 565 91
565 92 565 137
565 138 565 183
565 184 565 229
565 230 565 275
566 0 566 45
566 46 566 91
566 92 566 137
566 138 566 183
566 184 566 229
566 230 566 275
567 0 567 45
567 46 567 91
567 92 567 137
567 138 567 183
567 184 567 229
567 230 567 275
568 0 568 45
568 46 568 91
568 92 568 137
568 138 568 183
568 184 568 229
568 230 568 275
569 0 569 45
569 46 569 91
569 92 569 137
569 138 569 183
569 184 569 229
569 230 569 275
570 0 570 45
570 46 570 91
570 92 570 137
570 138 570 183
570 184 570 229
570 230 570 275
571 0 571 45
571 46 571 91
571 92 571 137
571 138 571 183
571 184 571 229
571 230 571 275
572 0 572 45
572 46 572 91
572 92 572 137
572 138 572 183
572 184 572 229
572 230 572 275
573 0 573 45
573 46 573 91
573 92 573 137
573 138 573 183
573 184 573 229
573 230 573 275
574 0 574 45
574 46 574 91
574 92 574 137
574 138 574 183
574 184 574 229
574 230 574 275
575 0 575 45
575 46 575 91
575 92 575 137
575 138 575 183
575 184 575 229
575 230 575 275
575 276 597 277
575 278 597 279
575 280 597 281
575 282 597 283
575 284 597 285
576 0 576 45
576 46 576 91
576 92 576 137
576 138 576 183
576 184 576 229
576 230 576 275
577 0 577 45
577 46 577 91
577 92 577 137
577 138 577 183
577 184 577 229
577 230 577 275
578 0 578 45
578 46 578 91
578 92 578 137
578 138 578 183
578 184 578 229
578 230 578 275
579 0 579 45
579 46 579 91
579 92 579 137
579 138 579 183
579 184 579 229
579 230 579 275
580 0 580 45
580 46 580 91
580 92 580 137
580 138 580 183
580 184 580 229
580 230 580 275
581 0 581 45
581 46 581 91
581 92 581 137
581 138 581 183
581 184 581 229
581 230 581 275
582 0 582 45
582 46 582 91
582 92 582 137
582 138 582 183
582 184 582 229
582 230 582 275
583 0 583 45
583 46 583 91
583 92 583 137
583 138 583 183
583 184 583 229
583 230 583 275
584 0 584 45
584 46 584 91
584 92 584 137
584 138 584 183
584 184 584 229
584 230 584 275
585 0 585 45
585 46 585 91
585 92 585 137
585 138 585 183
585 184 585 229
585 230 585 275
586 0 586 45
586 46 586 91
586 92 586 137
586 138 586 183
586 184 586 229
586 230 586 275
587 0 587 45
587 46 587 91
587 92 587 137
587 138 587 183
587 184 587 229
587 230 587 275
588 0 588 45
588 46 588 91
588 92 588 137
588 138 588 183
588 184 588 229
588 230 588 275
589 0 589 45
589 46 589 91
589 92 589 137
589 138 589 183
589 184 589 229
589 230 589 275
590 0 590 45
590 46 590 91
590 92 590 137
590 138 590 183
590 184 590 229
590 230 590 275
591 0 591 45
591 46 591 91
591 92 591 137
591 138 591 183
591 184 591 229
591 230 591 275
592 0 592 45
592 46 592 91
592 92 592 137
592 138 592 183
592 184 592 229
592 230 592 275
593 0 593 45
593 46 593 91
593 92 593 137
593 138 593 183
593 184 593 229
593 230 593 275
594 0 594 45
594 46 594 91
594 92 594 137
594 138 594 183
594 184 594 229
594 230 594 275
595 0 595 45
595 46 595 91
595 92 595 137
595 138 595 183
595 184 595 229
595 230 595 275
596 0 596 45
596 46 596 91
596 92 596 137
596 138 596 183
596 184 596 229
596 230 596 275
597 0 597 45
597 46 597 91
597 92 597 137
597 138 597 183
597 184 597 229
597 230 597 275
598 0 598 45
598 46 598 91
598 92 598 137
598 138 598 183
598 184 598 229
598 230 598 275
598 276 620 277
598 278 620 279
598 280 620 281
598 282 620 283
598 284 620 285
599 0 599 45
599 46 599 91
599 92 599 137
599 138 599 183
599 184 599 229
599 230 599 275
600 0 600 45
600 46 600 91
600 92 600 137
600 138 600 183
600 184 600 229
600 230 600 275
601 0 601 45
601 46 601 91
601 92 601 137
601 138 601 183
601 184 601 229
601 230 601 275
602 0 602 45
602 46 602 91
602 92 602 137
602 138 602 183
602 184 602 229
602 230 602 275
603 0 603 45
603 46 603 91
603 92 603 137
603 138 603 183
603 184 603 229
603 230 603 275
604 0 604 45
604 46 604 91
604 92 604 137
604 138 604 183
604 184 604 229
604 230 604 275
605 0 605 45
605 46 605 91
605 92 605 137
605 138 605 183
605 184 605 229
605 230 605 275
606 0 606 45
606 46 606 91
606 92 606 137
606 138 606 183
606 184 606 229
606 230 606 275
607 0 607 45
607 46 607 91
607 92 607 137
607 138 607 183
607 184 607 229
607 230 607 275
608 0 608 45
608 46 608 91
608 92 608 137
608 138 608 183
608 184 608 229
608 230 608 275
609 0 609 45
609 46 609 91
609 92 609 137
609 138 609 183
609 184 609 229
609 230 609 275
610 0 610 45
610 46 610 91
610 92 610 137
610 138 610 183
610 184 610 229
610 230 610 275
611 0 611 45
611 46 611 91
611 92 611 137
611 138 611 183
611 184 611 229
611 230 611 275
612 0 612 45
612 46 612 91
612 92 612 137
612 138 612 183
612 184 612 229
612 230 612 275
613 0 613 45
613 46 613 91
613 92 613 137
613 138 613 183
613 184 613 229
613 230 613 275
614 0 614 45
614 46 614 91
614 92 614 137
614 138 614 183
614 184 614 229
614 230 614 275
615 0 615 45
615 46 615 91
615 92 615 137
615 138 615 183
615 184 615 229
615 230 615 275
616 0 616 45
616 46 616 91
616 92 616 137
616 138 616 183
616 184 616 229
616 230 616 275
617 0 617 45
617 46 617 91
617 92 617 137
617 138 617 183
617 184 617 229
617 230 617 275
618 0 618 45
618 46 618 91
618 92 618 137
618 138 618 183
618 184 618 229
618 230 618 275
619 0 619 45
619 46 619 91
619 92 619 137
619 138 619 183
619 184 619 229
619 230 619 275
620 0 620 45
620 46 620 91
620 92 620 137
620 138 620 183
620 184 620 229
620 230 620 275
621 0 621 45
621 46 621 91
621 92 621 137
621 138 621 183
621 184 621 229
621 230 621 275
621 276 643 277
621 278 643 279
621 280 643 281
621 282 643 283
621 284 643 285
622 0 622 45
622 46 622 91
622 92 622 137
622 138 622 183
622 184 622 229
622 230 622 275
623 0 623 45
623 46 623 91
623 92 623 137
623 138 623 183
623 184 623 229
623 230 623 275
624 0 624 45
624 46 624 91
624 92 624 137
624 138 624 183
624 184 624 229
624 230 624 275
625 0 625 45
625 46 625 91
625 92 625 137
625 138 625 183
625 184 625 229
625 230 625 275
626 0 626 45
626 46 626 91
626 92 626 137
626 138 626 183
626 184 626 229
626 230 626 275
627 0 627 45
627 46 627 91
627 92 627 137
627 138 627 183
627 184 627 229
627 230 627 275
628 0 628 45
628 46 628 91
628 92 628 137
628 138 628 183
628 184 628 229
628 230 628 275
629 0 629 45
629 46 629 91
629 92 629 137
629 138 629 183
629 184 629 229
629 230 629 275
630 0 630 45
630 46 630 91
630 92 630 137
630 138 630 183
630 184 630 229
630 230 630 275
631 0 631 45
631 46 631 91
631 92 631 137
631 138 631 183
631 184 631 229
631 230 631 275
632 0 632 45
632 46 632 91
632 92 632 137
632 138 632 183
632 184 632 229
632 230 632 275
633 0 633 45
633 46 633 91
633 92 633 137
633 138 633 183
633 184 633 229
633 230 633 275
634 0 634 45
634 46 634 91
634 92 634 137
634 138 634 183
634 184 634 229
634 230 634 275
635 0 635 45
635 46 635 91
635 92 635 137
635 138 635 183
635 184 635 229
635 230 635 275
636 0 636 45
636 46 636 91
636 92 636 137
636 138 636 183
636 184 636 229
636 230 636 275
637 0 637 45
637 46 637 91
637 92 637 137
637 138 637 183
637 184 637 229
637 230 637 275
638 0 638 45
638 46 638 91
638 92 638 137
638 138 638 183
638 184 638 229
638 230 638 275
639 0 639 45
639 46 639 91
639 92 639 137
639 138 639 183
639 184 639 229
639 230 639 275
640 0 640 45
640 46 640 91
640 92 640 137
640 138 640 183
640 184 640 229
640 230 640 275
641 0 641 45
641 46 641 91
641 92 641 137
641 138 641 183
641 184 641 229
641 230 641 275
642 0 642 45
642 46 642 91
642 92 642 137
642 138 642 183
642 184 642 229
642 230 642 275
643 0 643 45
643 46 643 91
643 92 643 137
643 138 643 183
643 184 643 229
643 230 643 275
644 0 644 45
644 46 644 91
644 92 644 137
644 138 644 183
644 184 644 229
644 230 644 275
644 276 666 277
644 278 666 279
644 280 666 281
644 282 666 283
644 284 666 285
645 0 645 45
645 46 645 91
645 92 645 137
645 138 645 183
645 184 645 229
645 230 645 275
646 0 646 45
646 46 646 91
646 92 646 137
646 138 646 183
646 184 646 229
646 230 646 275
647 0 647 45
647 46 647 91
647 92 647 137
647 138 647 183
647 184 647 229
647 230 647 275
648 0 648 45
648 46 648 91
648 92 648 137
648 138 648 183
648 184 648 229
648 230 648 275
649 0 649 45
649 46 649 91
649 92 649 137
649 138 649 183
649 184 649 229
649 230 649 275
650 0 650 45
650 46 650 91
650 92 650 137
650 138 650 183
650 184 650 229
650 230 650 275
651 0 651 45
651 46 651 91
651 92 651 137
651 138 651 183
651 184 651 229
651 230 651 275
652 0 652 45
652 46 652 91
652 92 652 137
652 138 652 183
652 184 652 229
652 230 652 275
653 0 653 45
653 46 653 91
653 92 653 137
653 138 653 183
653 184 653 229
653 230 653 275
654 0 654 45
654 46 654 91
654 92 654 137
654 138 654 183
654 184 654 229
654 230 654 275
655 0 655 45
655 46 655 91
655 92 655 137
655 138 655 183
655 184 655 229
655 230 655 275
656 0 656 45
656 46 656 91
656 92 656 137
656 138 656 183
656 184 656 229
656 230 656 275
657 0 657 45
657 46 657 91
657 92 657 137
657 138 657 183
657 184 657 229
657 230 657 275
658 0 658 45
658 46 658 91
658 92 658 137
658 138 658 183
658 184 658 229
658 230 658 275
659 0 659 45
659 46 659 91
659 92 659 137
659 138 659 183
659 184 659 229
659 230 659 275
660 0 660 45
660 46 660 91
660 92 660 137
660 138 660 183
660 184 660 229
660 230 660 275
661 0 661 45
661 46 661 91
661 92 661 137
661 138 661 183
661 184 661 229
661 230 661 275
662 0 662 45
662 46 662 91
662 92 662 137
662 138 662 183
662 184 662 229
662 230 662 275
663 0 663 45
663 46 663 91
663 92 663 137
663 138 663 183
663 184 663 229
663 230 663 275
664 0 664 45
664 46 664 91
664 92 664 137
664 138 664 183
664 184 664 229
664 230 664 275
665 0 665 45
665 46 665 91
665 92 665 137
665 138 665 183
665 184 665 229
665 230 665 275
666 0 666 45
666 46 666 91
666 92 666 137
666 138 666 183
666 184 666 229
666 230 666 275
667 0 667 45
667 46 667 91
667 92 667 137
667 138 667 183
667 184 667 229
667 230 667 275
667 276 689 277
667 278 689 279
667 280 689 281
667 282 689 283
667 284 689 285
668 0 668 45
668 46 668 91
668 92 668 137
668 138 668 183
668 184 668 229
668 230 668 275
669 0 669 45
669 46 669 91
669 92 669 137
669 138 669 183
669 184 669 229
669 230 669 275
670 0 670 45
670 46 670 91
670 92 670 137
670 138 670 183
670 184 670 229
670 230 670 275
671 0 671 45
671 46 671 91
671 92 671 137
671 138 671 183
671 184 671 229
671 230 671 275
672 0 672 45
672 46 672 91
672 92 672 137
672 138 672 183
672 184 672 229
672 230 672 275
673 0 673 45
673 46 673 91
673 92 673 137
673 138 673 183
673 184 673 229
673 230 673 275
674 0 674 45
674 46 674 91
674 92 674 137
674 138 674 183
674 184 674 229
674 230 674 275
675 0 675 45
675 46 675 91
675 92 675 137
675 138 675 183
675 184 675 229
675 230 675 275
676 0 676 45
676 46 676 91
676 92 676 137
676 138 676 183
676 184 676 229
676 230 676 275
677 0 677 45
677 46 677 91
677 92 677 137
677 138 677 183
677 184 677 229
677 230 677 275
678 0 678 45
678 46 678 91
678 92 678 137
678 138 678 183
678 184 678 229
678 230 678 275
679 0 679 45
679 46 679 91
679 92 679 137
679 138 679 183
679 184 679 229
679 230 679 275
680 0 680 45
680 46 680 91
680 92 680 137
680 138 680 183
680 184 680 229
680 230 680 275
681 0 681 45
681 46 681 91
681 92 681 137
681 138 681 183
681 184 681 229
681 230 681 275
682 0 682 45
682 46 682 91
682 92 682 137
682 138 682 183
682 184 682 229
682 230 682 275
683 0 683 45
683 46 683 91
683 92 683 137
683 138 683 183
683 184 683 229
683 230 683 275
684 0 684 45
684 46 684 91
684 92 684 137
684 138 684 183
684 184 684 229
684 230 684 275
685 0 685 45
685 46 685 91
685 92 685 137
685 138 685 183
685 184 685 229
685 230 685 275
686 0 686 45
686 46 686 91
686 92 686 137
686 138 686 183
686 184 686 229
686 230 686 275
687 0 687 45
687 46 687 91
687 92 687 137
687 138 687 183
687 184 687 229
687 230 687 275
688 0 688 45
688 46 688 91
688 92 688 137
688 138 688 183
688 184 688 229
688 230 688 275
689 0 689 45
689 46 689 91
689 92 689 137
689 138 689 183
689 184 689 229
689 230 689 275
690 0 690 45
690 46 690 91
690 92 690 137
690 138 690 183
690 184 690 229
690 230 690 275
690 276 712 277
690 278 712 279
690 280 712 281
690 282 712 283
690 284 712 285
691 0 691 45
691 46 691 91
691 92 691 137
691 138 691 183
691 184 691 229
691 230 691 275
692 0 692 45
692 46 692 91
692 92 692 137
692 138 692 183
692 184 692 229
692 230 692 275
693 0 693 45
693 46 693 91
693 92 693 137
693 138 693 183
693 184 693 229
693 230 693 275
694 0 694 45
694 46 694 91
694 92 694 137
694 138 694 183
694 184 694 229
694 230 694 275
695 0 695 45
695 46 695 91
695 92 695 137
695 138 695 183
695 184 695 229
695 230 695 275
696 0 696 45
696 46 696 91
696 92 696 137
696 138 696 183
696 184 696 229
696 230 696 275
697 0 697 45
697 46 697 91
697 92 697 137
697 138 697 183
697 184 697 229
697 230 697 275
698 0 698 45
698 46 698 91
698 92 698 137
698 138 698 183
698 184 698 229
698 230 698 275
699 0 699 45
699 46 699 91
699 92 699 137
699 138 699 183
699 184 699 229
699 230 699 275
700 0 700 45
700 46 700 91
700 92 700 137
700 138 700 183
700 184 700 229
700 230 700 275
701 0 701 45
701 46 701 91
701 92 701 137
701 138 701 183
701 184 701 229
701 230 701 275
702 0 702 45
702 46 702 91
702 92 702 137
702 138 702 183
702 184 702 229
702 230 702 275
703 0 703 45
703 46 703 91
703 92 703 137
703 138 703 183
703 184 703 229
703 230 703 275
704 0 704 45
704 46 704 91
704 92 704 137
704 138 704 183
704 184 704 229
704 230 704 275
705 0 705 45
705 46 705 91
705 92 705 137
705 138 705 183
705 184 705 229
705 230 705 275
706 0 706 45
706 46 706 91
706 92 706 137
706 138 706 183
706 184 706 229
706 230 706 275
707 0 707 45
707 46 707 91
707 92 707 137
707 138 707 183
707 184 707 229
707 230 707 275
708 0 708 45
708 46 708 91
708 92 708 137
708 138 708 183
708 184 708 229
708 230 708 275
709 0 709 45
709 46 709 91
709 92 709 137
709 138 709 183
709 184 709 229
709 230 709 275
710 0 710 45
710 46 710 91
710 92 710 137
710 138 710 183
710 184 710 229
710 230 710 275
711 0 711 45
711 46 711 91
711 92 711 137
711 138 711 183
711 184 711 229
711 230 711 275
712 0 712 45
712 46 712 91
712 92 712 137
712 138 712 183
712 184 712 229
712 230 712 275
713 0 713 45
713 46 713 91
713 92 713 137
713 138 713 183
713 184 713 229
713 230 713 275
713 276 735 277
713 278 735 279
713 280 735 281
713 282 735 283
713 284 735 285
714 0 714 45
714 46 714 91
714 92 714 137
714 138 714 183
714 184 714 229
714 230 714 275
715 0 715 45
715 46 715 91
715 92 715 137
715 138 715 183
715 184 715 229
715 230 715 275
716 0 716 45
716 46 716 91
716 92 716 137
716 138 716 183
716 184 716 229
716 230 716 275
717 0 717 45
717 46 717 91
717 92 717 137
717 138 717 183
717 184 717 229
717 230 717 275
718 0 718 45
718 46 718 91
718 92 718 137
718 138 718 183
718 184 718 229
718 230 718 275
719 0 719 45
719 46 719 91
719 92 719 137
719 138 719 183
719 184 719 229
719 230 719 275
720 0 720 45
720 46 720 91
720 92 720 137
720 138 720 183
720 184 720 229
720 230 720 275
721 0 721 45
721 46 721 91
721 92 721 137
721 138 721 183
721 184 721 229
721 230 721 275
722 0 722 45
722 46 722 91
722 92 722 137
722 138 722 183
722 184 722 229
722 230 722 275
723 0 723 45
723 46 723 91
723 92 723 137
723 138 723 183
723 184 723 229
723 230 723 275
724 0 724 45
724 46 724 91
724 92 724 137
724 138 724 183
724 184 724 229
724 230 724 275
725 0 725 45
725 46 725 91
725 92 725 137
725 138 725 183
725 184 725 229
725 230 725 275
726 0 726 45
726 46 726 91
726 92 726 137
726 138 726 183
726 184 726 229
726 230 726 275
727 0 727 45
727 46 727 91
727 92 727 137
727 138 727 183
727 184 727 229
727 230 727 275
728 0 728 45
728 46 728 91
728 92 728 137
728 138 728 183
728 184 728 229
728 230 728 275
729 0 729 45
729 46 729 91
729 92 729 137
729 138 729 183
729 184 729 229
729 230 729 275
730 0 730 45
730 46 730 91
730 92 730 137
730 138 730 183
730 184 730 229
730 230 730 275
731 0 731 45
731 46 731 91
731 92 731 137
731 138 731 183
731 184 731 229
731 230 731 275
732 0 732 45
732 46 732 91
732 92 732 137
732 138 732 183
732 184 732 229
732 230 732 275
733 0 733 45
733 46 733 91
733 92 733 137
733 138 733 183
733 184 733 229
733 230 733 275
734 0 734 45
734 46 734 91
734 92 734 137
734 138 734 183
734 184 734 229
734 230 734 275
735 0 735 45
735 46 735 91
735 92 735 137
735 138 735 183
735 184 735 229
735 230 735 275
736 0 736 45
736 46 736 91
736 92 736 137
736 138 736 183
736 184 736 229
736 230 736 275
736 276 758 277
736 278 758 279
736 280 758 281
736 282 758 283
736 284 758 285
737 0 737 45
737 46 737 91
737 92 737 137
737 138 737 183
737 184 737 229
737 230 737 275
738 0 738 45
738 46 738 91
738 92 738 137
738 138 738 183
738 184 738 229
738 230 738 275
739 0 739 45
739 46 739 91
739 92 739 137
739 138 739 183
739 184 739 229
739 230 739 275
740 0 740 45
740 46 740 91
740 92 740 137
740 138 740 183
740 184 740 229
740 230 740 275
741 0 741 45
741 46 741 91
741 92 741 137
741 138 741 183
741 184 741 229
741 230 741 275
742 0 742 45
742 46 742 91
742 92 742 137
742 138 742 183
742 184 742 229
742 230 742 275
743 0 743 45
743 46 743 91
743 92 743 137
743 138 743 183
743 184 743 229
743 230 743 275
744 0 744 45
744 46 744 91
744 92 744 137
744 138 744 183
744 184 744 229
744 230 744 275
745 0 745 45
745 46 745 91
745 92 745 137
745 138 745 183
745 184 745 229
745 230 745 275
746 0 746 45
746 46 746 91
746 92 746 137
746 138 746 183
746 184 746 229
746 230 746 275
747 0 747 45
747 46 747 91
747 92 747 137
747 138 747 183
747 184 747 229
747 230 747 275
748 0 748 45
748 46 748 91
748 92 748 137
748 138 748 183
748 184 748 229
748 230 748 275
749 0 749 45
749 46 749 91
749 92 749 137
749 138 749 183
749 184 749 229
749 230 749 275
750 0 750 45
750 46 750 91
750 92 750 137
750 138 750 183
750 184 750 229
750 230 750 275
751 0 751 45
751 46 751 91
751 92 751 137
751 138 751 183
751 184 751 229
751 230 751 275
752 0 752 45
752 46 752 91
752 92 752 137
752 138 752 183
752 184 752 229
752 230 752 275
753 0 753 45
753 46 753 91
753 92 753 137
753 138 753 183
753 184 753 229
753 230 753 275
754 0 754 45
754 46 754 91
754 92 754 137
754 138 754 183
754 184 754 229
754 230 754 275
755 0 755 45
755 46 755 91
755 92 755 137
755 138 755 183
755 184 755 229
755 230 755 275
756 0 756 45
756 46 756 91
756 92 756 137
756 138 756 183
756 184 756 229
756 230 756 275
757 0 757 45
757 46 757 91
757 92 757 137
757 138 757 183
757 184 757 229
757 230 757 275
758 0 758 45
758 46 758 91
758 92 758 137
758 138 758 183
758 184 758 229
758 230 758 275
759 0 759 45
759 46 759 91
759 92 759 137
759 138 759 183
759 184 759 229
759 230 759 275
759 276 781 277
759 278 781 279
759 280 781 281
759 282 781 283
759 284 781 285
760 0 760 45
760 46 760 91
760 92 760 137
760 138 760 183
760 184 760 229
760 230 760 275
761 0 761 45
761 46 761 91
761 92 761 137
761 138 761 183
761 184 761 229
761 230 761 275
762 0 762 45
762 46 762 91
762 92 762 137
762 138 762 183
762 184 762 229
762 230 762 275
763 0 763 45
763 46 763 91
763 92 763 137
763 138 763 183
763 184 763 229
763 230 763 275
764 0 764 45
764 46 764 91
764 92 764 137
764 138 764 183
764 184 764 229
764 230 764 275
765 0 765 45
765 46 765 91
765 92 765 137
765 138 765 183
765 184 765 229
765 230 765 275
766 0 766 45
766 46 766 91
766 92 766 137
766 138 766 183
766 184 766 229
766 230 766 275
767 0 767 45
767 46 767 91
767 92 767 137
767 138 767 183
767 184 767 229
767 230 767 275
768 0 768 45
768 46 768 91
768 92 768 137
768 138 768 183
768 184 768 229
768 230 768 275
769 0 769 45
769 46 769 91
769 92 769 137
769 138 769 183
769 184 769 229
769 230 769 275
770 0 770 45
770 46 770 91
770 92 770 137
770 138 770 183
770 184 770 229
770 230 770 275
771 0 771 45
771 46 771 91
771 92 771 137
771 138 771 183
771 184 771 229
771 230 771 275
772 0 772 45
772 46 772 91
772 92 772 137
772 138 772 183
772 184 772 229
772 230 772 275
773 0 773 45
773 46 773 91
773 92 773 137
773 138 773 183
773 184 773 229
773 230 773 275
774 0 774 45
774 46 774 91
774 92 774 137
774 138 774 183
774 184 774 229
774 230 774 275
775 0 775 45
775 46 775 91
775 92 775 137
775 138 775 183
775 184 775 229
775 230 775 275
776 0 776 45
776 46 776 91
776 92 776 137
776 138 776 183
776 184 776 229
776 230 776 275
777 0 777 45
777 46 777 91
777 92 777 137
777 138 777 183
777 184 777 229
777 230 777 275
778 0 778 45
778 46 778 91
778 92 778 137
778 138 778 183
778 184 778 229
778 230 778 275
779 0 779 45
779 46 779 91
779 92 779 137
779 138 779 183
779 184 779 229
779 230 779 275
780 0 780 45
780 46 780 91
780 92 780 137
780 138 780 183
780 184 780 229
780 230 780 275
781 0 781 45
781 46 781 91
781 92 781 137
781 138 781 183
781 184 781 229
781 230 781 275
782 0 782 45
782 46 782 91
782 92 782 137
782 138 782 183
782 184 782 229
782 230 782 275
782 276 804 277
782 278 804 279
782 280 804 281
782 282 804 283
782 284 804 285
783 0 783 45
783 46 783 91
783 92 783 137
783 138 783 183
783 184 783 229
783 230 783 275
784 0 784 45
784 46 784 91
784 92 784 137
784 138 784 183
784 184 784 229
784 230 784 275
785 0 785 45
785 46 785 91
785 92 785 137
785 138 785 183
785 184 785 229
785 230 785 275
786 0 786 45
786 46 786 91
786 92 786 137
786 138 786 183
786 184 786 229
786 230 786 275
787 0 787 45
787 46 787 91
787 92 787 137
787 138 787 183
787 184 787 229
787 230 787 275
788 0 788 45
788 46 788 91
788 92 788 137
788 138 788 183
788 184 788 229
788 230 788 275
789 0 789 45
789 46 789 91
789 92 789 137
789 138 789 183
789 184 789 229
789 230 789 275
790 0 790 45
790 46 790 91
790 92 790 137
790 138 790 183
790 184 790 229
790 230 790 275
791 0 791 45
791 46 791 91
791 92 791 137
791 138 791 183
791 184 791 229
791 230 791 275
792 0 792 45
792 46 792 91
792 92 792 137
792 138 792 183
792 184 792 229
792 230 792 275
793 0 793 45
793 46 793 91
793 92 793 137
793 138 793 183
793 184 793 229
793 230 793 275
794 0 794 45
794 46 794 91
794 92 794 137
794 138 794 183
794 184 794 229
794 230 794 275
795 0 795 45
795 46 795 91
795 92 795 137
795 138 795 183
795 184 795 229
795 230 795 275
796 0 796 45
796 46 796 91
796 92 796 137
796 138 796 183
796 184 796 229
796 230 796 275
797 0 797 45
797 46 797 91
797 92 797 137
797 138 797 183
797 184 797 229
797 230 797 275
798 0 798 45
798 46 798 91
798 92 798 137
798 138 798 183
798 184 798 229
798 230 798 275
799 0 799 45
799 46 799 91
799 92 799 137
799 138 799 183
799 184 799 229
799 230 799 275
800 0 800 45
800 46 800 91
800 92 800 137
800 138 800 183
800 184 800 229
800 230 800 275
801 0 801 45
801 46 801 91
801 92 801 137
801 138 801 183
801 184 801 229
801 230 801 275
802 0 802 45
802 46 802 91
802 92 802 137
802 138 802 183
802 184 802 229
802 230 802 275
803 0 803 45
803 46 803 91
803 92 803 137
803 138 803 183
803 184 803 229
803 230 803 275
804 0 804 45
804 46 804 91
804 92 804 137
804 138 804 183
804 184 804 229
804 230 804 275
805 0 805 45
805 46 805 91
805 92 805 137
805 138 805 183
805 184 805 229
805 230 805 275
805 276 827 277
805 278 827 279
805 280 827 281
805 282 827 283
805 284 827 285
806 0 806 45
806 46 806 91
806 92 806 137
806 138 806 183
806 184 806 229
806 230 806 275
807 0 807 45
807 46 807 91
807 92 807 137
807 138 807 183
807 184 807 229
807 230 807 275
808 0 808 45
808 46 808 91
808 92 808 137
808 138 808 183
808 184 808 229
808 230 808 275
809 0 809 45
809 46 809 91
809 92 809 137
809 138 809 183
809 184 809 229
809 230 809 275
810 0 810 45
810 46 810 91
810 92 810 137
810 138 810 183
810 184 810 229
810 230 810 275
811 0 811 45
811 46 811 91
811 92 811 137
811 138 811 183
811 184 811 229
811 230 811 275
812 0 812 45
812 46 812 91
812 92 812 137
812 138 812 183
812 184 812 229
812 230 812 275
813 0 813 45
813 46 813 91
813 92 813 137
813 138 813 183
813 184 813 229
813 230 813 275
814 0 814 45
814 46 814 91
814 92 814 137
814 138 814 183
814 184 814 229
814 230 814 275
815 0 815 45
815 46 815 91
815 92 815 137
815 138 815 183
815 184 815 229
815 230 815 275
816 0 816 45
816 46 816 91
816 92 816 137
816 138 816 183
816 184 816 229
816 230 816 275
817 0 817 45
817 46 817 91
817 92 817 137
817 138 817 183
817 184 817 229
817 230 817 275
818 0 818 45
818 46 818 91
818 92 818 137
818 138 818 183
818 184 818 229
818 230 818 275
819 0 819 45
819 46 819 91
819 92 819 137
819 138 819 183
819 184 819 229
819 230 819 275
820 0 820 45
820 46 820 91
820 92 820 137
820 138 820 183
820 184 820 229
820 230 820 275
821 0 821 45
821 46 821 91
821 92 821 137
821 138 821 183
821 184 821 229
821 230 821 275
822 0 822 45
822 46 822 91
822 92 822 137
822 138 822 183
822 184 822 229
822 230 822 275
823 0 823 45
823 46 823 91
823 92 823 137
823 138 823 183
823 184 823 229
823 230 823 275
824 0 824 45
824 46 824 91
824 92 824 137
824 138 824 183
824 184 824 229
824 230 824 275
825 0 825 45
825 46 825 91
825 92 825 137
825 138 825 183
825 184 825 229
825 230 825 275
826 0 826 45
826 46 826 91
826 92 826 137
826 138 826 183
826 184 826 229
826 230 826 275
827 0 827 45
827 46 827 91
827 92 827 137
827 138 827 183
827 184 827 229
827 230 827 275
828 0 828 45
828 46 828 91
828 92 828 137
828 138 828 183
828 184 828 229
828 230 828 275
828 276 850 277
828 278 850 279
828 280 850 281
828 282 850 283
828 284 850 285
829 0 829 45
829 46 829 91
829 92 829 137
829 138 829 183
829 184 829 229
829 230 829 275
830 0 830 45
830 46 830 91
830 92 830 137
830 138 830 183
830 184 830 229
830 230 830 275
831 0 831 45
831 46 831 91
831 92 831 137
831 138 831 183
831 184 831 229
831 230 831 275
832 0 832 45
832 46 832 91
832 92 832 137
832 138 832 183
832 184 832 229
832 230 832 275
833 0 833 45
833 46 833 91
833 92 833 137
833 138 833 183
833 184 833 229
833 230 833 275
834 0 834 45
834 46 834 91
834 92 834 137
834 138 834 183
834 184 834 229
834 230 834 275
835 0 835 45
835 46 835 91
835 92 835 137
835 138 835 183
835 184 835 229
835 230 835 275
836 0 836 45
836 46 836 91
836 92 836 137
836 138 836 183
836 184 836 229
836 230 836 275
837 0 837 45
837 46 837 91
837 92 837 137
837 138 837 183
837 184 837 229
837 230 837 275
838 0 838 45
838 46 838 91
838 92 838 137
838 138 838 183
838 184 838 229
838 230 838 275
839 0 839 45
839 46 839 91
839 92 839 137
839 138 839 183
839 184 839 229
839 230 839 275
840 0 840 45
840 46 840 91
840 92 840 137
840 138 840 183
840 184 840 229
840 230 840 275
841 0 841 45
841 46 841 91
841 92 841 137
841 138 841 183
841 184 841 229
841 230 841 275
842 0 842 45
842 46 842 91
842 92 842 137
842 138 842 183
842 184 842 229
842 230 842 275
843 0 843 45
843 46 843 91
843 92 843 137
843 138 843 183
843 184 843 229
843 230 843 275
844 0 844 45
844 46 844 91
844 92 844 137
844 138 844 183
844 184 844 229
844 230 844 275
845 0 845 45
845 46 845 91
845 92 845 137
845 138 845 183
845 184 845 229
845 230 845 275
846 0 846 45
846 46 846 91
846 92 846 137
846 138 846 183
846 184 846 229
846 230 846 275
847 0 847 45
847 46 847 91
847 92 847 137
847 138 847 183
847 184 847 229
847 230 847 275
848 0 848 45
848 46 848 91
848 92 848 137
848 138 848 183
848 184 848 229
848 230 848 275
849 0 849 45
849 46 849 91
849 92 849 137
849 138 849 183
849 184 849 229
849 230 849 275
850 0 850 45
850 46 850 91
850 92 850 137
850 138 850 183
850 184 850 229
850 230 850 275
851 0 851 45
851 46 851 91
851 92 851 137
851 138 851 183
851 184 851 229
851 230 851 275
851 276 873 277
851 278 873 279
851 280 873 281
851 282 873 283
851 284 873 285
852 0 852 45
852 46 852 91
852 92 852 137
852 138 852 183
852 184 852 229
852 230 852 275
853 0 853 45
853 46 853 91
853 92 853 137
853 138 853 183
853 184 853 229
853 230 853 275
854 0 854 45
854 46 854 91
854 92 854 137
854 138 854 183
854 184 854 229
854 230 854 275
855 0 855 45
855 46 855 91
855 92 855 137
855 138 855 183
855 184 855 229
855 230 855 275
856 0 856 45
856 46 856 91
856 92 856 137
856 138 856 183
856 184 856 229
856 230 856 275
857 0 857 45
857 46 857 91
857 92 857 137
857 138 857 183
857 184 857 229
857 230 857 275
858 0 858 45
858 46 858 91
858 92 858 137
858 138 858 183
858 184 858 229
858 230 858 275
859 0 859 45
859 46 859 91
859 92 859 137
859 138 859 183
859 184 859 229
859 230 859 275
860 0 860 45
860 46 860 91
860 92 860 137
860 138 860 183
860 184 860 229
860 230 860 275
861 0 861 45
861 46 861 91
861 92 861 137
861 138 861 183
861 184 861 229
861 230 861 275
862 0 862 45
862 46 862 91
862 92 862 137
862 138 862 183
862 184 862 229
862 230 862 275
863 0 863 45
863 46 863 91
863 92 863 137
863 138 863 183
863 184 863 229
863 230 863 275
864 0 864 45
864 46 864 91
864 92 864 137
864 138 864 183
864 184 864 229
864 230 864 275
865 0 865 45
865 46 865 91
865 92 865 137
865 138 865 183
865 184 865 229
865 230 865 275
866 0 866 45
866 46 866 91
866 92 866 137
866 138 866 183
866 184 866 229
866 230 866 275
867 0 867 45
867 46 867 91
867 92 867 137
867 138 867 183
867 184 867 229
867 230 867 275
868 0 868 45
868 46 868 91
868 92 868 137
868 138 868 183
868 184 868 229
868 230 868 275
869 0 869 45
869 46 869 91
869 92 869 137
869 138 869 183
869 184 869 229
869 230 869 275
870 0 870 45
870 46 870 91
870 92 870 137
870 138 870 183
870 184 870 229
870 230 870 275
871 0 871 45
871 46 871 91
871 92 871 137
871 138 871 183
871 184 871 229
871 230 871 275
872 0 872 45
872 46 872 91
872 92 872 137
872 138 872 183
872 184 872 229
872 230 872 275
873 0 873 45
873 46 873 91
873 92 873 137
873 138 873 183
873 184 873 229
873 230 873 275
874 0 874 45
874 46 874 91
874 92 874 137
874 138 874 183
874 184 874 229
874 230 874 275
874 276 896 277
874 278 896 279
874 280 896 281
874 282 896 283
874 284 896 285
875 0 875 45
875 46 875 91
875 92 875 137
875 138 875 183
875 184 875 229
875 230 875 275
876 0 876 45
876 46 876 91
876 92 876 137
876 138 876 183
876 184 876 229
876 230 876 275
877 0 877 45
877 46 877 91
877 92 877 137
877 138 877 183
877 184 877 229
877 230 877 275
878 0 878 45
878 46 878 91
878 92 878 137
878 138 878 183
878 184 878 229
878 230 878 275
879 0 879 45
879 46 879 91
879 92 879 137
879 138 879 183
879 184 879 229
879 230 879 275
880 0 880 45
880 46 880 91
880 92 880 137
880 138 880 183
880 184 880 229
880 230 880 275
881 0 881 45
881 46 881 91
881 92 881 137
881 138 881 183
881 184 881 229
881 230 881 275
882 0 882 45
882 46 882 91
882 92 882 137
882 138 882 183
882 184 882 229
882 230 882 275
883 0 883 45
883 46 883 91
883 92 883 137
883 138 883 183
883 184 883 229
883 230 883 275
884 0 884 45
884 46 884 91
884 92 884 137
884 138 884 183
884 184 884 229
884 230 884 275
885 0 885 45
885 46 885 91
885 92 885 137
885 138 885 183
885 184 885 229
885 230 885 275
886 0 886 45
886 46 886 91
886 92 886 137
886 138 886 183
886 184 886 229
886 230 886 275
887 0 887 45
887 46 887 91
887 92 887 137
887 138 887 183
887 184 887 229
887 230 887 275
888 0 888 45
888 46 888 91
888 92 888 137
888 138 888 183
888 184 888 229
888 230 888 275
889 0 889 45
889 46 889 91
889 92 889 137
889 138 889 183
889 184 889 229
889 230 889 275
890 0 890 45
890 46 890 91
890 92 890 137
890 138 890 183
890 184 890 229
890 230 890 275
891 0 891 45
891 46 891 91
891 92 891 137
891 138 891 183
891 184 891 229
891 230 891 275
892 0 892 45
892 46 892 91
892 92 892 137
892 138 892 183
892 184 892 229
892 230 892 275
893 0 893 45
893 46 893 91
893 92 893 137
893 138 893 183
893 184 893 229
893 230 893 275
894 0 894 45
894 46 894 91
894 92 894 137
894 138 894 183
894 184 894 229
894 230 894 275
895 0 895 45
895 46 895 91
895 92 895 137
895 138 895 183
895 184 895 229
895 230 895 275
896 0 896 45
896 46 896 91
896 92 896 137
896 138 896 183
896 184 896 229
896 230 896 275
897 0 897 45
897 46 897 91
897 92 897 137
897 138 897 183
897 184 897 229
897 230 897 275
897 276 919 277
897 278 919 279
897 280 919 281
897 282 919 283
897 284 919 285
898 0 898 45
898 46 898 91
898 92 898 137
898 138 898 183
898 184 898 229
898 230 898 275
899 0 899 45
899 46 899 91
899 92 899 137
899 138 899 183
899 184 899 229
899 230 899 275
900 0 900 45
900 46 900 91
900 92 900 137
900 138 900 183
900 184 900 229
900 230 900 275
901 0 901 45
901 46 901 91
901 92 901 137
901 138 901 183
901 184 901 229
901 230 901 275
902 0 902 45
902 46 902 91
902 92 902 137
902 138 902 183
902 184 902 229
902 230 902 275
903 0 903 45
903 46 903 91
903 92 903 137
903 138 903 183
903 184 903 229
903 230 903 275
904 0 904 45
904 46 904 91
904 92 904 137
904 138 904 183
904 184 904 229
904 230 904 275
905 0 905 45
905 46 905 91
905 92 905 137
905 138 905 183
905 184 905 229
905 230 905 275
906 0 906 45
906 46 906 91
906 92 906 137
906 138 906 183
906 184 906 229
906 230 906 275
907 0 907 45
907 46 907 91
907 92 907 137
907 138 907 183
907 184 907 229
907 230 907 275
908 0 908 45
908 46 908 91
908 92 908 137
908 138 908 183
908 184 908 229
908 230 908 275
909 0 909 45
909 46 909 91
909 92 909 137
909 138 909 183
909 184 909 229
909 230 909 275
910 0 910 45
910 46 910 91
910 92 910 137
910 138 910 183
910 184 910 229
910 230 910 275
911 0 911 45
911 46 911 91
911 92 911 137
911 138 911 183
911 184 911 229
911 230 911 275
912 0 912 45
912 46 912 91
912 92 912 137
912 138 912 183
912 184 912 229
912 230 912 275
913 0 913 45
913 46 913 91
913 92 913 137
913 138 913 183
913 184 913 229
913 230 913 275
914 0 914 45
914 46 914 91
914 92 914 137
914 138 914 183
914 184 914 229
914 230 914 275
915 0 915 45
915 46 915 91
915 92 915 137
915 138 915 183
915 184 915 229
915 230 915 275
916 0 916 45
916 46 916 91
916 92 916 137
916 138 916 183
916 184 916 229
916 230 916 275
917 0 917 45
917 46 917 91
917 92 917 137
917 138 917 183
917 184 917 229
917 230 917 275
918 0 918 45
918 46 918 91
918 92 918 137
918 138 918 183
918 184 918 229
918 230 918 275
919 0 919 45
919 46 919 91
919 92 919 137
919 138 919 183
919 184 919 229
919 230 919 275
920 0 920 45
920 46 920 91
920 92 920 137
920 138 920 183
920 184 920 229
920 230 920 275
920 276 942 277
920 278 942 279
920 280 942 281
920 282 942 283
920 284 942 285
921 0 921 45
921 46 921 91
921 92 921 137
921 138 921 183
921 184 921 229
921 230 921 275
922 0 922 45
922 46 922 91
922 92 922 137
922 138 922 183
922 184 922 229
922 230 922 275
923 0 923 45
923 46 923 91
923 92 923 137
923 138 923 183
923 184 923 229
923 230 923 275
924 0 924 45
924 46 924 91
924 92 924 137
924 138 924 183
924 184 924 229
924 230 924 275
925 0 925 45
925 46 925 91
925 92 925 137
925 138 925 183
925 184 925 229
925 230 925 275
926 0 926 45
926 46 926 91
926 92 926 137
926 138 926 183
926 184 926 229
926 230 926 275
927 0 927 45
927 46 927 91
927 92 927 137
927 138 927 183
927 184 927 229
927 230 927 275
928 0 928 45
928 46 928 91
928 92 928 137
928 138 928 183
928 184 928 229
928 230 928 275
929 0 929 45
929 46 929 91
929 92 929 137
929 138 929 183
929 184 929 229
929 230 929 275
930 0 930 45
930 46 930 91
930 92 930 137
930 138 930 183
930 184 930 229
930 230 930 275
931 0 931 45
931 46 931 91
931 92 931 137
931 138 931 183
931 184 931 229
931 230 931 275
932 0 932 45
932 46 932 91
932 92 932 137
932 138 932 183
932 184 932 229
932 230 932 275
933 0 933 45
933 46 933 91
933 92 933 137
933 138 933 183
933 184 933 229
933 230 933 275
934 0 934 45
934 46 934 91
934 92 934 137
934 138 934 183
934 184 934 229
934 230 934 275
935 0 935 45
935 46 935 91
935 92 935 137
935 138 935 183
935 184 935 229
935 230 935 275
936 0 936 45
936 46 936 91
936 92 936 137
936 138 936 183
936 184 936 229
936 230 936 275
937 0 937 45
937 46 937 91
937 92 937 137
937 138 937 183
937 184 937 229
937 230 937 275
938 0 938 45
938 46 938 91
938 92 938 137
938 138 938 183
938 184 938 229
938 230 938 275
939 0 939 45
939 46 939 91
939 92 939 137
939 138 939 183
939 184 939 229
939 230 939 275
940 0 940 45
940 46 940 91
940 92 940 137
940 138 940 183
940 184 940 229
940 230 940 275
941 0 941 45
941 46 941 91
941 92 941 137
941 138 941 183
941 184 941 229
941 230 941 275
942 0 942 45
942 46 942 91
942 92 942 137
942 138 942 183
942 184 942 229
942 230 942 275
943 0 943 45
943 46 943 91
943 92 943 137
943 138 943 183
943 184 943 229
943 230 943 275
943 276 965 277
943 278 965 279
943 280 965 281
943 282 965 283
943 284 965 285
944 0 944 45
944 46 944 91
944 92 944 137
944 138 944 183
944 184 944 229
944 230 944 275
945 0 945 45
945 46 945 91
945 92 945 137
945 138 945 183
945 184 945 229
945 230 945 275
946 0 946 45
946 46 946 91
946 92 946 137
946 138 946 183
946 184 946 229
946 230 946 275
947 0 947 45
947 46 947 91
947 92 947 137
947 138 947 183
947 184 947 229
947 230 947 275
948 0 948 45
948 46 948 91
948 92 948 137
948 138 948 183
948 184 948 229
948 230 948 275
949 0 949 45
949 46 949 91
949 92 949 137
949 138 949 183
949 184 949 229
949 230 949 275
950 0 950 45
950 46 950 91
950 92 950 137
950 138 950 183
950 184 950 229
950 230 950 275
951 0 951 45
951 46 951 91
951 92 951 137
951 138 951 183
951 184 951 229
951 230 951 275
952 0 952 45
952 46 952 91
952 92 952 137
952 138 952 183
952 184 952 229
952 230 952 275
953 0 953 45
953 46 953 91
953 92 953 137
953 138 953 183
953 184 953 229
953 230 953 275
954 0 954 45
954 46 954 91
954 92 954 137
954 138 954 183
954 184 954 229
954 230 954 275
955 0 955 45
955 46 955 91
955 92 955 137
955 138 955 183
955 184 955 229
955 230 955 275
956 0 956 45
956 46 956 91
956 92 956 137
956 138 956 183
956 184 956 229
956 230 956 275
957 0 957 45
957 46 957 91
957 92 957 137
957 138 957 183
957 184 957 229
957 230 957 275
958 0 958 45
958 46 958 91
958 92 958 137
958 138 958 183
958 184 958 229
958 230 958 275
959 0 959 45
959 46 959 91
959 92 959 137
959 138 959 183
959 184 959 229
959 230 959 275
960 0 960 45
960 46 960 91
960 92 960 137
960 138 960 183
960 184 960 229
960 230 960 275
961 0 961 45
961 46 961 91
961 92 961 137
961 138 961 183
961 184 961 229
961 230 961 275
962 0 962 45
962 46 962 91
962 92 962 137
962 138 962 183
962 184 962 229
962 230 962 275
963 0 963 45
963 46 963 91
963 92 963 137
963 138 963 183
963 184 963 229
963 230 963 275
964 0 964 45
964 46 964 91
964 92 964 137
964 138 964 183
964 184 964 229
964 230 964 275
965 0 965 45
965 46 965 91
965 92 965 137
965 138 965 183
965 184 965 229
965 230 965 275
966 0 966 45
966 46 966 91
966 92 966 137
966 138 966 183
966 184 966 229
966 230 966 275
966 276 988 277
966 278 988 279
966 280 988 281
966 282 988 283
966 284 988 285
967 0 967 45
967 46 967 91
967 92 967 137
967 138 967 183
967 184 967 229
967 230 967 275
968 0 968 45
968 46 968 91
968 92 968 137
968 138 968 183
968 184 968 229
968 230 968 275
969 0 969 45
969 46 969 91
969 92 969 137
969 138 969 183
969 184 969 229
969 230 969 275
970 0 970 45
970 46 970 91
970 92 970 137
970 138 970 183
970 184 970 229
970 230 970 275
971 0 971 45
971 46 971 91
971 92 971 137
971 138 971 183
971 184 971 229
971 230 971 275
972 0 972 45
972 46 972 91
972 92 972 137
972 138 972 183
972 184 972 229
972 230 972 275
973 0 973 45
973 46 973 91
973 92 973 137
973 138 973 183
973 184 973 229
973 230 973 275
974 0 974 45
974 46 974 91
974 92 974 137
974 138 974 183
974 184 974 229
974 230 974 275
975 0 975 45
975 46 975 91
975 92 975 137
975 138 975 183
975 184 975 229
975 230 975 275
976 0 976 45
976 46 976 91
976 92 976 137
976 138 976 183
976 184 976 229
976 230 976 275
977 0 977 45
977 46 977 91
977 92 977 137
977 138 977 183
977 184 977 229
977 230 977 275
978 0 978 45
978 46 978 91
978 92 978 137
978 138 978 183
978 184 978 229
978 230 978 275
979 0 979 45
979 46 979 91
979 92 979 137
979 138 979 183
979 184 979 229
979 230 979 275
980 0 980 45
980 46 980 91
980 92 980 137
980 138 980 183
980 184 980 229
980 230 980 275
981 0 981 45
981 46 981 91
981 92 981 137
981 138 981 183
981 184 981 229
981 230 981 275
982 0 982 45
982 46 982 91
982 92 982 137
982 138 982 183
982 184 982 229
982 230 982 275
983 0 983 45
983 46 983 91
983 92 983 137
983 138 983 183
983 184 983 229
983 230 983 275
984 0 984 45
984 46 984 91
984 92 984 137
984 138 984 183
984 184 984 229
984 230 984 275
985 0 985 45
985 46 985 91
985 92 985 137
985 138 985 183
985 184 985 229
985 230 985 275
986 0 986 45
986 46 986 91
986 92 986 137
986 138 986 183
986 184 986 229
986 230 986 275
987 0 987 45
987 46 987 91
987 92 987 137
987 138 987 183
987 184 987 229
987 230 987 275
988 0 988 45
988 46 988 91
988 92 988 137
988 138 988 183
988 184 988 229
988 230 988 275
989 0 989 45
989 46 989 91
989 92 989 137
989 138 989 183
989 184 989 229
989 230 989 275
989 276 993 281
989 282 997 285
990 0 990 45
990 46 990 91
990 92 990 137
990 138 990 183
990 184 990 229
990 230 990 275
991 0 991 45
991 46 991 91
991 92 991 137
991 138 991 183
991 184 991 229
991 230 991 275
992 0 992 45
992 46 992 91
992 92 992 137
992 138 992 183
992 184 992 229
992 230 992 275
993 0 993 45
993 46 993 91
993 92 993 137
993 138 993 183
993 184 993 229
993 230 993 275
994 0 994 45
994 46 994 91
994 92 994 137
994 138 994 183
994 184 994 229
994 230 994 272
994 273 997 281
995 0 995 45
995 46 995 91
995 92 995 137
995 138 995 183
995 184 995 229
995 230 996 252
995 253 998 260
995 266 999 272
996 0 996 45
996 46 996 91
996 92 996 137
996 138 996 183
996 184 996 229
997 0 997 45
997 46 997 91
997 92 997 137
997 138 997 183
997 184 997 229
997 230 998 252
998 0 998 45
998 46 998 91
998 92 998 137
998 138 998 183
998 184 998 229
995 261 999 265
999 0 999 45
999 46 999 91
999 92 999 137
999 138 999 183
999 184 999 228
999 229 999 260
998 273 999 285
