776
0 0 4 4
0 5 4 9
0 10 0 34
0 35 4 39
0 40 24 40
0 43 11 44
0 45 24 45
0 46 21 46
0 47 24 47
1 10 1 34
1 49 25 49
2 10 2 34
2 41 26 41
3 10 3 34
4 10 4 34
5 0 9 4
5 5 29 5
5 6 9 10
5 12 27 12
5 15 29 15
5 17 25 17
5 19 9 23
5 24 29 24
5 25 6 36
5 37 29 37
5 39 29 39
6 13 30 13
6 18 30 18
6 42 30 42
7 25 8 36
9 25 10 36
10 0 34 0
10 3 34 3
10 6 14 10
10 19 14 23
11 25 15 29
11 30 15 34
11 35 35 35
11 36 35 36
15 2 39 2
15 6 34 6
15 10 39 10
15 19 22 21
15 22 39 22
15 23 39 23
16 25 20 29
16 30 20 34
18 14 42 14
18 38 42 38
21 8 45 8
21 9 45 9
21 25 24 30
21 31 26 34
22 7 46 7
21 43 45 43
23 21 47 21
25 27 49 27
25 40 49 40
25 45 49 45
22 46 46 46
25 47 49 47
26 4 50 4
26 16 37 17
26 29 50 29
26 49 50 49
27 30 31 34
28 11 39 12
30 24 50 24
30 37 54 37
31 20 55 20
31 28 55 28
31 42 55 42
32 13 56 13
32 18 43 19
32 30 37 33
33 41 57 41
34 15 58 15
34 34 58 34
35 0 59 0
35 1 59 1
35 5 46 6
35 44 59 44
36 3 60 3
36 26 60 26
36 35 47 36
38 17 62 17
38 31 49 32
38 33 60 33
38 39 62 39
40 2 64 2
40 10 59 10
40 22 63 22
43 14 67 14
43 38 67 38
44 48 68 48
46 8 70 8
47 6 71 6
47 7 71 7
47 16 71 16
47 30 71 30
47 43 71 43
47 46 71 46
48 21 72 21
48 35 59 36
50 27 74 27
50 31 61 32
50 40 73 40
50 47 74 47
51 23 58 25
52 18 76 18
56 20 80 20
56 42 80 42
57 4 81 4
57 28 68 29
58 9 82 9
58 41 82 41
59 5 83 5
59 15 83 15
60 0 84 0
60 1 84 1
60 11 67 13
60 25 84 25
60 36 84 36
60 44 84 44
61 3 85 3
61 37 85 37
62 31 86 31
62 34 86 34
61 33 85 33
64 22 71 24
65 2 89 2
60 10 84 10
67 19 91 19
68 14 92 14
68 38 92 38
69 28 93 28
69 29 93 29
69 48 93 48
70 45 94 45
71 13 95 13
72 6 96 6
72 7 96 7
72 22 96 22
72 24 96 24
72 30 96 30
72 46 96 46
73 21 97 21
74 39 85 40
77 12 101 12
77 17 88 18
77 43 101 43
78 16 102 16
81 42 101 42
82 4 106 4
83 8 94 9
83 27 107 27
83 41 107 41
85 0 109 0
85 1 109 1
85 32 109 32
85 36 109 36
86 3 110 3
86 37 110 37
86 44 110 44
87 31 110 31
87 33 94 35
88 25 112 25
89 17 113 17
89 18 113 18
89 39 100 40
90 23 114 23
92 5 116 5
92 19 116 19
93 11 117 11
93 38 117 38
93 49 117 49
94 47 118 47
95 9 119 9
95 34 119 34
95 45 119 45
97 6 117 6
97 7 117 7
97 10 121 10
97 22 121 22
97 24 121 24
97 30 121 30
97 35 121 35
97 46 121 46
98 21 122 21
100 33 124 33
101 13 125 13
101 39 125 39
101 40 125 40
102 12 126 12
102 20 126 20
102 42 113 43
108 27 132 27
109 2 133 2
110 0 134 0
110 16 134 16
110 32 134 32
111 8 135 8
111 15 135 15
111 28 135 28
111 37 135 37
111 44 135 44
111 31 135 31
113 48 137 48
114 3 138 3
114 36 138 36
114 42 138 42
115 23 139 23
117 1 141 1
117 25 128 26
118 4 123 7
118 11 142 11
118 38 142 38
119 29 143 29
119 47 142 47
120 9 144 9
120 19 144 19
120 34 144 34
120 45 144 45
120 49 144 49
121 18 145 18
122 10 145 10
122 30 143 30
122 35 146 35
122 46 146 46
123 17 147 17
124 6 148 6
125 33 149 33
126 7 150 7
126 39 150 39
126 40 150 40
128 20 152 20
128 41 152 41
129 25 153 25
129 26 153 26
131 5 155 5
131 22 155 22
131 24 155 24
133 27 157 27
134 2 158 2
135 16 159 16
135 32 159 32
136 15 160 15
136 37 158 37
139 31 163 31
139 42 158 42
139 43 163 43
140 23 164 23
140 28 164 28
141 13 165 13
141 14 165 14
142 1 166 1
143 11 167 11
143 38 167 38
143 47 154 48
144 29 155 30
145 3 169 3
145 19 169 19
145 34 169 34
145 44 156 45
145 49 169 49
146 9 157 10
146 21 170 21
147 18 171 18
147 35 171 35
147 46 171 46
148 17 172 17
148 36 172 36
149 6 173 6
150 33 174 33
151 39 175 39
153 20 177 20
154 25 178 25
154 26 178 26
155 48 179 48
156 24 179 24
156 30 179 30
157 4 181 4
157 44 181 44
158 10 182 10
158 27 182 27
159 2 183 2
159 8 183 8
159 40 183 40
159 41 170 42
159 47 183 47
160 16 184 16
160 32 184 32
159 37 183 37
163 29 187 29
163 45 187 45
164 31 188 31
165 23 189 23
166 12 173 14
167 1 191 1
168 11 192 11
168 15 192 15
168 38 192 38
169 28 193 28
170 19 193 19
170 34 194 34
171 41 195 41
171 42 195 42
172 21 196 21
172 35 196 35
173 17 196 17
173 36 197 36
176 39 200 39
177 33 201 33
177 49 201 49
178 20 202 20
179 25 188 26
180 12 204 12
180 14 204 14
180 24 204 24
180 30 204 30
182 6 206 6
182 44 206 44
183 22 207 22
183 27 207 27
183 48 207 48
184 2 208 2
184 8 208 8
184 40 208 40
184 46 195 47
185 4 209 4
185 18 209 18
188 9 212 9
188 45 212 45
190 23 210 23
191 0 215 0
191 13 215 13
189 25 200 26
192 3 216 3
193 11 214 11
193 15 217 15
193 38 217 38
194 28 215 28
194 19 218 19
196 7 220 7
196 41 220 41
196 47 220 47
197 35 221 35
197 17 221 17
199 21 223 21
201 16 225 16
201 26 225 26
201 39 225 39
201 46 225 46
202 25 226 25
202 49 226 49
204 36 228 36
205 12 229 12
205 14 229 14
205 20 229 20
205 30 227 30
205 31 229 31
205 34 229 34
207 1 231 1
207 5 231 5
207 6 231 6
207 37 231 37
208 27 227 27
208 48 228 48
209 8 233 8
209 40 229 40
209 42 233 42
210 4 234 4
210 18 231 18
211 33 235 33
213 24 237 24
213 43 220 45
211 23 235 23
216 0 236 0
216 13 240 13
216 28 227 29
218 2 229 3
218 9 242 9
215 11 239 11
218 15 242 15
218 38 242 38
220 19 244 19
221 41 245 41
221 44 244 44
221 45 244 45
221 47 245 47
222 35 246 35
223 7 247 7
226 10 250 10
226 16 250 16
226 32 250 32
226 46 250 46
227 25 251 25
228 26 232 30
230 12 254 12
230 14 254 14
230 39 241 40
232 5 256 5
232 17 243 18
232 20 256 20
232 37 256 37
233 28 257 28
229 48 253 48
234 6 258 6
234 8 258 8
235 22 259 22
235 31 259 31
236 29 260 29
236 36 260 36
237 0 241 4
237 21 261 21
237 26 261 26
237 49 261 49
238 23 249 24
238 33 262 33
240 11 264 11
241 13 265 13
242 0 246 4
243 9 267 9
243 15 267 15
243 38 266 38
244 17 268 17
244 39 268 39
245 43 252 45
246 41 270 41
246 47 270 47
247 0 271 0
247 2 271 2
247 4 271 4
247 35 271 35
248 3 272 3
250 34 274 34
251 10 275 10
251 16 275 16
251 24 275 24
251 32 275 32
251 46 275 46
252 42 276 42
253 44 264 45
254 1 278 1
254 48 278 48
255 12 279 12
255 14 279 14
258 18 282 18
258 25 282 25
258 28 282 28
258 43 282 43
259 6 283 6
259 7 270 8
259 37 283 37
260 22 283 22
261 31 285 31
261 36 285 36
262 20 273 21
262 26 286 26
262 49 286 49
265 11 289 11
265 44 276 45
268 9 292 9
268 15 287 15
268 23 292 23
267 38 291 38
269 17 293 17
270 19 294 19
271 8 295 8
271 29 295 29
271 47 295 47
272 4 296 4
272 35 296 35
272 39 296 39
273 3 297 3
273 33 297 33
274 0 298 0
274 7 298 7
274 41 298 41
275 34 299 34
275 40 299 40
276 5 300 5
276 10 300 10
276 16 300 16
276 24 300 24
278 42 302 42
279 1 299 1
279 48 303 48
280 12 304 12
280 14 304 14
282 20 306 20
283 18 305 18
283 25 307 25
283 28 307 28
283 43 290 45
284 6 308 6
284 22 308 22
285 37 309 37
286 31 310 31
286 32 310 32
286 36 309 36
287 26 311 26
290 11 314 11
291 30 315 30
291 45 313 45
292 38 316 38
288 15 312 15
293 23 312 23
294 17 318 17
295 19 319 19
296 47 320 47
297 4 321 4
297 35 321 35
297 39 321 39
298 43 322 43
299 49 323 49
300 0 307 2
300 7 307 9
300 33 311 34
300 40 324 40
301 5 325 5
301 10 325 10
301 24 323 24
303 42 327 42
304 3 328 3
305 12 329 12
305 14 329 14
305 16 329 16
306 46 330 46
307 13 331 13
307 20 331 20
307 27 331 27
307 29 331 29
308 0 319 1
308 8 330 8
308 9 330 9
306 18 330 18
308 28 331 28
308 48 332 48
310 2 334 2
310 6 334 6
310 36 321 37
311 31 335 31
311 32 335 32
312 7 336 7
312 26 336 26
312 33 323 34
313 15 337 15
313 22 323 23
314 44 325 45
316 11 340 11
317 38 341 38
318 41 342 41
319 17 343 17
320 0 331 1
322 4 346 4
322 19 346 19
322 35 346 35
322 39 341 39
324 21 328 25
324 33 348 33
324 34 348 34
325 30 349 30
325 40 349 40
326 5 350 5
326 37 350 37
327 47 351 47
329 22 353 22
329 23 353 23
330 12 354 12
330 14 354 14
330 24 354 24
331 8 338 10
331 18 355 18
331 42 342 43
331 46 355 46
332 0 356 0
332 1 356 1
332 16 356 16
332 27 339 29
333 48 357 48
335 2 359 2
335 6 359 6
335 20 359 20
335 44 346 45
336 21 360 21
336 31 360 31
336 32 360 32
337 7 359 7
337 26 358 26
338 15 362 15
339 8 363 8
339 9 363 9
339 25 363 25
340 27 364 27
341 29 365 29
342 38 353 39
343 41 367 41
344 13 368 13
347 3 358 4
349 10 360 11
349 33 372 33
349 45 373 45
350 30 374 30
350 40 374 40
351 5 374 5
351 37 375 37
351 44 375 44
352 17 376 17
352 47 376 47
353 43 377 43
354 22 375 22
354 23 378 23
355 12 379 12
355 14 379 14
355 35 379 35
355 42 379 42
356 46 380 46
357 0 381 0
357 1 381 1
357 16 381 16
358 48 381 48
359 3 370 4
360 2 384 2
360 6 371 7
360 28 384 28
360 49 384 49
361 10 385 10
361 18 366 21
361 31 372 32
359 26 383 26
362 39 386 39
364 8 388 8
364 11 388 11
364 24 375 25
365 38 389 38
366 29 390 29
367 19 374 21
368 41 392 41
369 13 393 13
373 32 384 33
374 34 398 34
375 3 379 7
375 30 399 30
376 21 387 22
376 25 400 25
376 37 400 37
376 44 400 44
377 47 401 47
378 40 402 40
378 43 400 43
379 17 403 17
379 23 403 23
380 12 402 12
380 18 404 18
380 20 404 20
380 27 404 27
380 35 404 35
381 46 401 46
382 0 406 0
382 1 406 1
382 3 386 7
382 24 406 24
382 48 406 48
384 14 408 14
384 45 408 45
385 2 409 2
385 19 409 19
385 28 409 28
385 32 408 32
385 33 409 33
385 49 409 49
386 10 410 10
386 16 410 16
387 3 410 3
387 4 410 4
387 39 411 39
388 21 399 22
388 42 412 42
389 5 413 5
389 11 413 11
390 38 414 38
391 29 410 29
393 15 417 15
393 36 417 36
394 6 405 7
394 13 418 13
398 9 422 9
399 34 423 34
400 21 424 21
400 22 424 22
400 30 422 30
401 25 425 25
401 37 425 37
401 43 425 43
402 46 413 47
403 40 414 41
404 17 424 17
403 12 427 12
405 20 429 20
405 27 429 27
405 35 429 35
407 0 431 0
407 1 431 1
407 7 418 8
407 24 431 24
407 48 431 48
409 14 433 14
409 31 420 32
410 18 434 18
410 49 433 49
411 2 418 4
411 10 435 10
411 28 422 29
412 6 436 6
412 26 436 26
414 5 438 5
414 11 438 11
414 23 438 23
414 39 438 39
414 42 438 42
414 46 438 46
415 38 439 38
416 19 440 19
416 41 440 41
416 44 440 44
418 15 442 15
418 36 440 36
419 2 430 3
419 4 443 4
421 31 445 31
421 32 445 32
421 45 445 45
423 9 447 9
423 28 430 30
424 8 448 8
424 34 448 34
425 16 436 17
425 21 449 21
425 22 449 22
426 37 450 37
427 13 451 13
428 12 452 12
426 40 450 40
430 20 453 20
431 2 442 3
432 0 456 0
432 1 456 1
432 7 456 7
432 25 456 25
434 29 458 29
435 18 456 18
434 49 458 49
436 10 458 10
437 6 461 6
437 17 456 17
437 26 461 26
439 11 458 11
439 23 463 23
439 39 460 39
439 42 450 43
439 46 463 46
440 38 464 38
441 19 464 19
441 35 452 36
442 47 453 48
443 3 464 3
446 4 457 5
449 8 460 9
450 14 461 15
451 32 458 34
454 20 461 22
457 16 464 18
459 10 464 13
459 28 464 31
461 39 464 44
