165
0 0 0 21
0 22 0 43
0 44 0 65
0 66 0 87
0 88 0 109
0 110 0 131
0 132 10 133
0 134 10 135
0 136 10 137
0 138 21 138
1 0 1 21
1 22 1 43
1 44 1 65
1 66 1 87
1 88 1 109
1 110 1 131
2 0 2 21
2 22 2 43
2 44 2 65
2 66 2 87
2 88 2 109
2 110 2 131
3 0 3 21
3 22 3 43
3 44 3 65
3 66 3 87
3 88 3 109
3 110 3 131
4 0 4 21
4 22 4 43
4 44 4 65
4 66 4 87
4 88 4 109
4 110 4 131
5 0 5 21
5 22 5 43
5 44 5 65
5 66 5 87
5 88 5 109
5 110 5 131
6 0 6 21
6 22 6 43
6 44 6 65
6 66 6 87
6 88 6 109
6 110 6 131
7 0 7 21
7 22 7 43
7 44 7 65
7 66 7 87
7 88 7 109
7 110 7 131
8 0 8 21
8 22 8 43
8 44 8 65
8 66 8 87
8 88 8 109
8 110 8 131
9 0 9 21
9 22 9 43
9 44 9 65
9 66 9 87
9 88 9 109
9 110 9 131
10 0 10 21
10 22 10 43
10 44 11 54
10 55 10 76
10 77 10 98
10 99 10 120
10 121 11 131
11 0 11 21
11 22 11 43
11 55 11 76
11 77 11 98
11 99 11 120
11 132 21 133
11 134 21 135
11 136 21 137
12 0 12 21
12 22 12 43
12 44 12 65
12 66 12 87
12 88 12 109
12 110 12 131
13 0 13 21
13 22 13 43
13 44 13 65
13 66 13 87
13 88 13 109
13 110 13 131
14 0 14 21
14 22 14 43
14 44 14 65
14 66 14 87
14 88 14 109
14 110 14 131
15 0 15 21
15 22 15 43
15 44 15 65
15 66 15 87
15 88 15 109
15 110 15 131
16 0 16 21
16 22 16 43
16 44 16 65
16 66 16 87
16 88 16 109
16 110 16 131
17 0 17 21
17 22 17 43
17 44 17 65
17 66 17 87
17 88 17 109
17 110 17 131
18 0 18 21
18 22 18 43
18 44 18 65
18 66 18 87
18 88 18 109
18 110 18 131
19 0 19 21
19 22 19 43
19 44 19 65
19 66 19 87
19 88 19 109
19 110 19 131
20 0 20 21
20 22 20 43
20 44 20 65
20 66 20 87
20 88 20 109
20 110 20 131
21 0 21 21
21 22 21 43
21 44 21 65
21 66 21 87
21 88 21 109
21 110 21 131
22 0 22 21
22 22 22 43
22 44 22 65
22 66 22 87
22 88 22 109
22 110 22 131
22 132 24 138
23 0 23 21
23 22 23 43
23 44 23 65
23 66 23 87
23 88 23 109
23 110 23 131
24 0 24 21
24 22 24 43
24 44 24 65
24 66 24 87
24 88 24 109
24 110 24 131
25 0 25 21
25 22 25 43
25 44 25 65
25 66 25 87
25 88 25 109
25 110 25 125
25 126 25 138
