210
0 5 24 5
1 2 25 2
7 0 31 0
8 4 32 4
8 6 32 6
25 5 49 5
26 2 37 3
33 4 57 4
33 6 56 6
41 3 65 3
45 0 56 1
54 2 78 2
57 1 81 1
57 5 68 6
69 0 93 0
69 5 93 5
79 2 103 2
83 1 107 1
93 6 117 6
94 0 118 0
94 3 118 3
95 5 119 5
104 2 128 2
118 4 142 4
119 6 143 6
120 3 144 3
129 2 153 2
129 5 153 5
130 1 154 1
144 6 168 6
147 3 171 3
148 4 172 4
159 0 166 2
165 5 189 5
167 1 191 1
170 0 194 0
172 3 196 3
175 2 199 2
182 6 206 6
186 4 210 4
192 1 216 1
193 5 217 5
195 0 219 0
200 2 224 2
204 3 228 3
207 6 231 6
219 4 243 4
220 0 244 0
227 2 251 2
229 5 253 5
234 6 258 6
244 3 255 4
252 1 276 1
252 2 276 2
254 5 278 5
256 3 267 4
258 0 282 0
259 6 283 6
277 4 301 4
278 1 285 3
285 5 309 5
286 1 293 3
296 1 320 1
296 6 320 6
297 2 308 3
309 2 333 2
311 0 335 0
318 3 342 3
320 4 344 4
321 6 344 6
324 1 348 1
345 5 356 6
347 3 371 3
350 1 374 1
351 0 375 0
357 5 381 5
357 6 381 6
358 2 382 2
362 4 386 4
377 0 401 0
381 1 405 1
382 3 406 3
382 5 393 6
389 2 413 2
395 6 419 6
398 4 422 4
399 5 423 5
402 0 426 0
408 1 432 1
414 2 438 2
424 4 435 5
434 6 458 6
436 4 460 4
438 3 462 3
439 1 450 2
451 1 462 2
452 0 476 0
455 5 479 5
459 6 483 6
461 4 485 4
465 1 476 2
477 0 501 0
486 5 510 5
488 2 495 4
496 4 520 4
498 1 522 1
505 0 529 0
506 2 530 2
511 5 535 5
521 4 545 4
521 6 545 6
525 1 549 1
532 2 543 3
542 0 566 0
544 2 568 2
544 3 568 3
546 4 570 4
546 6 570 6
549 5 573 5
551 1 575 1
568 0 592 0
569 2 592 2
579 4 590 5
580 3 604 3
585 1 609 1
590 6 614 6
593 2 617 2
594 5 618 5
606 3 617 4
613 0 637 0
614 1 638 1
619 2 623 6
624 2 647 2
625 3 636 4
631 5 655 5
639 0 650 1
639 4 663 4
642 6 666 6
648 2 659 3
656 5 679 5
657 0 681 0
661 1 672 2
664 3 675 4
671 6 695 6
675 2 699 2
677 3 701 3
680 4 691 5
682 0 706 0
692 5 716 5
700 2 724 2
702 6 726 6
709 1 733 1
710 4 734 4
719 3 743 3
727 5 738 6
732 0 756 0
734 1 745 2
735 4 759 4
743 5 767 5
744 3 768 3
753 6 777 6
757 1 781 1
759 0 783 0
760 2 784 2
765 4 789 4
769 5 793 5
774 3 798 3
778 6 802 6
785 0 809 0
800 3 824 3
800 4 824 4
807 2 831 2
811 5 835 5
813 0 837 0
829 1 853 1
834 2 841 4
836 5 847 6
838 0 862 0
842 3 866 3
848 6 872 6
849 5 873 5
851 2 875 2
852 4 876 4
856 1 880 1
873 3 897 3
880 4 904 4
881 1 905 1
884 0 908 0
891 5 915 5
894 6 918 6
896 2 920 2
906 4 930 4
909 0 933 0
916 5 940 5
917 1 941 1
919 6 942 6
921 2 944 2
923 3 947 3
931 4 954 4
942 0 953 1
943 6 967 6
945 2 969 2
953 3 977 3
954 0 978 0
954 5 978 5
955 4 979 4
958 1 982 1
980 2 987 4
982 5 993 6
985 0 996 1
