533
0 1 6 1
1 2 2 4
3 0 9 0
3 3 9 3
3 4 9 4
5 2 11 2
7 1 13 1
11 0 17 0
11 3 17 3
12 2 17 2
12 4 18 4
14 1 20 1
18 0 24 0
18 3 24 3
18 2 24 2
19 4 25 4
21 1 27 1
25 2 27 3
28 1 34 1
28 2 34 2
35 0 36 2
36 3 42 3
37 0 43 0
37 1 43 1
38 2 44 2
43 4 49 4
45 0 46 2
47 0 49 1
48 2 54 2
48 3 54 3
50 0 56 0
50 4 56 4
52 1 58 1
55 2 61 2
55 3 61 3
57 4 63 4
64 0 66 1
64 2 65 4
66 4 72 4
67 0 73 0
70 1 76 1
71 2 77 2
74 0 80 0
74 3 80 3
77 1 83 1
78 4 84 4
82 3 88 3
84 2 90 2
85 4 91 4
86 0 92 0
86 1 92 1
89 3 94 3
92 2 98 2
93 0 95 1
95 3 97 4
96 0 102 0
97 1 103 1
98 3 104 3
98 4 104 4
99 2 105 2
103 0 109 0
104 1 110 1
105 3 111 3
105 4 111 4
107 2 113 2
110 0 116 0
112 1 118 1
112 3 114 4
115 4 121 4
117 2 123 2
119 0 121 1
121 3 127 3
122 1 128 1
123 0 129 0
123 4 129 4
126 2 132 2
129 1 135 1
130 0 136 0
130 4 136 4
136 2 142 2
139 3 145 3
142 4 148 4
143 1 149 1
146 2 148 3
147 0 153 0
149 2 155 2
150 1 155 1
151 3 153 4
154 3 160 3
156 1 158 2
157 4 163 4
159 0 161 1
159 2 165 2
161 3 166 3
164 4 170 4
166 0 172 0
166 1 168 2
167 3 172 3
169 1 175 1
173 2 174 4
175 2 177 3
175 4 181 4
178 3 184 3
182 1 188 1
182 4 188 4
186 0 192 0
189 1 195 1
189 2 190 4
191 4 196 4
197 1 203 1
197 2 198 4
199 4 204 4
200 2 206 2
200 3 206 3
203 0 209 0
204 1 210 1
205 4 211 4
207 3 213 3
209 2 215 2
212 0 218 0
214 1 220 1
215 3 221 3
216 2 222 2
219 0 225 0
221 1 227 1
222 3 228 3
224 4 230 4
225 2 231 2
226 0 232 0
231 3 237 3
231 4 237 4
233 1 239 1
234 2 240 2
238 3 244 3
238 4 244 4
241 1 247 1
241 2 247 2
245 3 247 4
248 1 254 1
248 2 253 2
249 4 255 4
250 0 256 0
254 2 256 3
257 2 263 2
258 3 260 4
260 1 266 1
261 0 267 0
263 4 269 4
264 2 269 2
268 0 274 0
270 1 271 3
272 2 278 2
272 4 278 4
273 1 279 1
274 3 280 3
279 2 285 2
280 0 286 0
280 1 286 1
281 3 283 4
284 3 289 3
284 4 290 4
288 1 294 1
290 2 292 3
295 4 301 4
296 2 302 2
300 0 306 0
301 1 307 1
301 3 307 3
302 4 308 4
307 0 313 0
308 1 314 1
308 3 313 3
314 3 316 4
315 0 321 0
316 1 322 1
318 3 324 3
319 4 325 4
321 2 327 2
322 0 328 0
323 1 328 1
328 2 329 4
329 0 331 1
332 0 338 0
332 1 338 1
334 2 340 2
334 4 340 4
339 1 345 1
341 2 347 2
343 0 349 0
344 3 350 3
346 1 352 1
348 2 354 2
349 4 355 4
350 0 356 0
354 3 360 3
355 2 361 2
356 4 361 4
357 0 363 0
359 1 365 1
361 3 367 3
362 2 368 2
362 4 368 4
364 0 370 0
369 1 375 1
369 4 374 4
371 0 377 0
372 2 378 2
375 3 377 4
376 1 382 1
378 0 384 0
380 4 386 4
385 1 391 1
388 3 394 3
392 0 398 0
392 1 398 1
392 2 398 2
395 3 401 3
399 0 405 0
399 2 405 2
402 1 408 1
402 3 408 3
403 4 409 4
406 0 412 0
406 2 412 2
410 3 412 4
412 1 418 1
413 0 419 0
413 2 419 2
418 3 424 3
420 0 421 2
422 2 428 2
425 0 427 1
426 3 432 3
426 4 432 4
429 2 434 2
431 0 437 0
431 1 437 1
433 3 435 4
435 2 441 2
438 0 444 0
438 1 444 1
442 2 448 2
443 4 449 4
445 3 451 3
446 0 448 1
449 2 455 2
450 0 456 0
452 1 458 1
452 3 458 3
456 2 462 2
457 0 463 0
459 1 465 1
459 3 465 3
460 4 466 4
463 2 469 2
464 0 470 0
466 3 472 3
467 4 473 4
471 0 477 0
471 2 477 2
472 1 478 1
477 4 483 4
479 0 485 0
479 1 485 1
479 2 481 3
482 2 488 2
484 4 490 4
486 0 492 0
486 1 492 1
487 3 493 3
490 2 496 2
493 0 499 0
493 4 499 4
496 3 502 3
497 1 499 2
501 4 507 4
502 0 508 0
505 1 507 2
508 3 514 3
509 1 515 1
509 4 515 4
512 0 518 0
512 2 518 2
515 3 521 3
516 4 522 4
519 0 525 0
519 1 521 2
522 1 528 1
522 2 528 2
522 3 528 3
523 4 529 4
526 0 531 0
529 1 530 3
532 0 533 2
534 0 539 0
534 2 540 2
538 1 544 1
538 4 544 4
540 0 546 0
541 2 547 2
545 4 551 4
547 0 553 0
550 2 556 2
550 3 556 3
551 1 557 1
552 4 557 4
554 0 559 0
557 2 563 2
557 3 563 3
558 4 564 4
560 0 562 1
563 1 569 1
564 3 570 3
565 0 571 0
565 2 571 2
570 1 576 1
572 0 578 0
572 2 573 4
574 2 575 4
576 2 582 2
577 1 583 1
577 3 583 3
580 0 586 0
582 4 588 4
584 1 590 1
589 2 590 4
591 1 597 1
591 3 597 3
598 0 600 1
598 3 604 3
598 4 604 4
602 2 608 2
603 0 609 0
607 4 613 4
609 1 610 3
610 0 616 0
611 1 612 3
614 2 615 4
617 0 623 0
618 4 624 4
619 1 625 1
619 2 625 2
620 3 626 3
625 4 631 4
626 1 628 2
627 3 633 3
632 4 638 4
634 1 640 1
634 3 639 3
640 2 641 4
644 3 650 3
647 2 653 2
649 4 655 4
650 1 656 1
655 3 661 3
659 2 665 2
662 0 668 0
663 4 669 4
664 1 670 1
666 2 672 2
670 3 672 4
671 0 673 1
673 2 679 2
673 3 675 4
674 0 680 0
674 1 680 1
677 3 683 3
680 4 686 4
681 0 687 0
684 2 690 2
685 1 691 1
685 3 691 3
687 4 693 4
688 0 694 0
691 2 697 2
695 0 700 0
699 3 705 3
701 0 707 0
702 2 708 2
703 4 709 4
708 0 714 0
709 2 715 2
710 1 716 1
710 3 712 4
714 3 716 4
715 0 721 0
717 2 718 4
721 1 727 1
728 0 734 0
728 1 734 1
729 3 735 3
734 2 740 2
735 0 741 0
735 4 741 4
736 1 742 1
736 3 742 3
741 2 747 2
742 0 748 0
742 4 748 4
743 3 749 3
748 1 754 1
751 0 757 0
751 3 753 4
753 2 759 2
754 3 759 3
758 0 764 0
760 1 761 3
762 1 768 1
762 2 763 4
764 2 769 2
764 3 770 3
764 4 770 4
770 1 772 2
771 3 777 3
773 0 779 0
773 2 779 2
776 1 782 1
779 3 785 3
780 0 785 0
780 2 786 2
783 4 789 4
786 0 788 1
787 2 793 2
789 0 795 0
794 1 796 2
797 3 803 3
799 0 801 1
800 4 806 4
801 2 807 2
804 1 810 1
804 3 810 3
808 2 814 2
809 4 815 4
811 0 817 0
811 3 817 3
815 2 821 2
816 1 822 1
818 0 823 0
819 3 825 3
823 2 829 2
824 4 830 4
824 0 830 0
825 1 831 1
829 3 835 3
831 2 837 2
831 4 837 4
832 1 838 1
838 2 839 4
839 0 841 1
840 2 846 2
840 3 842 4
843 3 849 3
843 4 849 4
845 0 851 0
849 1 851 2
850 3 856 3
851 4 857 4
852 2 857 2
854 1 860 1
857 0 863 0
857 3 863 3
858 4 864 4
858 2 864 2
861 1 867 1
864 0 870 0
864 3 870 3
865 2 871 2
869 1 875 1
871 0 877 0
871 3 877 3
872 2 878 2
874 4 880 4
878 0 884 0
878 3 884 3
882 4 888 4
885 0 891 0
885 2 891 2
889 1 895 1
889 3 895 3
890 4 896 4
893 2 899 2
896 3 902 3
898 4 904 4
899 1 905 1
900 2 906 2
901 0 907 0
903 3 909 3
906 1 912 1
908 0 914 0
908 2 914 2
914 4 920 4
915 0 921 0
915 2 921 2
916 1 922 1
922 2 928 2
922 3 928 3
928 1 934 1
929 0 935 0
929 2 935 2
929 4 935 4
930 3 936 3
936 0 942 0
936 1 942 1
936 2 942 2
937 3 943 3
938 4 944 4
943 0 945 1
944 3 950 3
945 2 951 2
949 0 955 0
951 3 957 3
952 1 954 2
954 4 960 4
956 0 957 2
958 1 964 1
958 3 964 3
960 0 966 0
960 2 966 2
961 4 967 4
968 3 970 4
970 0 976 0
971 4 977 4
972 3 978 3
973 1 979 1
973 2 979 2
979 3 984 3
980 1 986 1
980 2 986 2
984 0 990 0
985 3 987 4
987 1 993 1
991 3 997 3
993 2 999 2
