1635
0 0 0 27
0 28 0 55
0 56 0 83
0 84 0 111
0 112 0 139
0 140 0 167
0 168 1 181
0 182 3 188
0 189 0 216
0 217 0 244
0 245 0 272
0 273 0 300
0 301 0 328
0 329 0 356
0 357 1 370
0 371 3 377
0 378 6 381
0 382 13 383
1 0 1 27
1 28 1 55
1 56 1 83
1 84 1 111
1 112 1 139
1 140 1 167
1 189 1 216
1 217 1 244
1 245 1 272
1 273 1 300
1 301 1 328
1 329 1 356
2 0 2 27
2 28 2 55
2 56 2 83
2 84 2 111
2 112 2 139
2 140 2 167
2 168 3 181
2 189 2 216
2 217 2 244
2 245 2 272
2 273 2 300
2 301 2 328
2 329 2 356
2 357 3 370
3 0 3 27
3 28 3 55
3 56 3 83
3 84 3 111
3 112 3 139
3 140 3 167
3 189 3 216
3 217 3 244
3 245 3 272
3 273 3 300
3 301 3 328
3 329 3 356
4 0 4 27
4 28 4 55
4 56 4 83
4 84 4 111
4 112 4 139
4 140 4 167
4 168 4 195
4 196 4 223
4 224 4 251
4 252 4 279
4 280 4 307
4 308 5 321
4 322 7 328
4 329 4 356
4 357 5 370
4 371 7 377
5 0 5 27
5 28 5 55
5 56 5 83
5 84 5 111
5 112 5 139
5 140 5 167
5 168 5 195
5 196 5 223
5 224 5 251
5 252 5 279
5 280 5 307
5 329 5 356
6 0 6 27
6 28 6 55
6 56 6 83
6 84 12 87
6 88 7 101
6 102 6 129
6 130 6 157
6 158 6 185
6 186 6 213
6 214 6 241
6 242 6 269
6 270 6 297
6 298 7 311
6 312 9 318
6 319 19 320
6 321 33 321
6 329 6 356
6 357 7 370
7 0 7 27
7 28 8 41
7 42 8 55
7 56 34 56
7 57 13 60
7 61 10 67
7 68 10 74
7 75 10 81
7 82 20 83
7 102 7 129
7 130 7 157
7 158 7 185
7 186 7 213
7 214 7 241
7 242 7 269
7 270 7 297
7 329 7 356
7 378 13 381
8 0 8 27
8 88 8 115
8 116 8 143
8 144 8 171
8 172 8 199
8 200 8 227
8 228 8 255
8 256 8 283
8 284 8 311
8 322 8 349
8 350 8 377
9 0 9 27
9 28 9 55
9 88 9 115
9 116 9 143
9 144 9 171
9 172 9 199
9 200 10 213
9 214 12 220
9 221 15 224
9 225 22 226
9 227 36 227
9 228 9 255
9 256 9 283
9 284 9 311
9 322 9 349
9 350 9 377
10 0 10 27
10 28 10 55
10 88 10 115
10 116 10 143
10 144 10 171
10 172 10 199
10 228 10 255
10 256 10 283
10 284 10 311
10 312 13 318
10 322 10 349
10 350 10 377
11 0 11 27
11 28 11 55
11 61 12 74
11 75 14 81
11 88 11 115
11 116 11 143
11 144 11 171
11 172 11 199
11 200 12 213
11 228 11 255
11 256 11 283
11 284 11 311
11 322 12 335
11 336 11 363
11 364 12 377
12 0 12 27
12 28 12 55
12 88 12 115
12 116 12 143
12 144 12 171
12 172 12 199
12 228 12 255
12 256 12 283
12 284 12 311
12 336 12 363
13 0 13 27
13 28 13 55
13 61 14 74
13 84 13 111
13 112 13 139
13 140 13 167
13 168 13 195
13 196 14 209
13 210 16 216
13 217 19 220
13 228 14 241
13 242 13 269
13 270 13 297
13 298 14 311
13 322 13 349
13 350 13 377
14 0 14 27
14 28 14 55
14 57 20 60
14 84 14 111
14 112 14 139
14 140 14 167
14 168 14 195
14 242 14 269
14 270 14 297
14 312 17 318
14 322 14 349
14 350 14 377
14 378 20 381
14 382 27 383
15 0 15 27
15 28 15 55
15 61 16 74
15 75 18 81
15 84 15 111
15 112 15 139
15 140 15 167
15 168 15 195
15 196 16 209
15 228 15 255
15 256 15 283
15 284 15 311
15 322 15 349
15 350 15 377
16 0 16 27
16 28 16 55
16 84 16 111
16 112 16 139
16 140 16 167
16 168 16 195
16 221 22 224
16 228 16 255
16 256 16 283
16 284 16 311
16 322 16 349
16 350 16 377
17 0 17 27
17 28 17 55
17 61 18 74
17 84 17 111
17 112 17 139
17 140 17 167
17 168 17 195
17 196 18 209
17 210 20 216
17 228 17 255
17 256 17 283
17 284 17 311
17 322 17 349
17 350 17 377
18 0 19 13
18 14 18 41
18 42 19 55
18 84 18 111
18 112 18 139
18 140 18 167
18 168 18 195
18 228 18 255
18 256 18 283
18 284 18 311
18 312 21 318
18 322 18 349
18 350 18 377
19 14 19 41
19 61 20 74
19 75 22 81
19 84 19 111
19 112 19 139
19 140 19 167
19 168 19 195
19 196 20 209
19 228 19 255
19 256 19 283
19 284 19 311
19 322 19 349
19 350 19 377
20 0 20 27
20 28 20 55
20 84 23 90
20 91 21 104
20 105 20 132
20 133 20 160
20 161 20 188
20 189 23 195
20 217 26 220
20 228 20 255
20 256 20 283
20 284 20 311
20 319 33 320
20 322 20 349
20 350 20 377
21 0 21 27
21 28 21 55
21 57 22 70
21 71 27 74
21 82 34 83
21 105 21 132
21 133 21 160
21 161 21 188
21 196 22 209
21 210 24 216
21 228 21 255
21 256 21 283
21 284 21 311
21 322 21 349
21 350 21 377
21 378 27 381
22 0 22 27
22 28 22 55
22 91 22 118
22 119 22 146
22 147 22 174
22 175 23 188
22 228 23 241
22 242 22 269
22 270 22 297
22 298 23 311
22 312 25 318
22 322 22 349
22 350 22 377
23 0 23 27
23 28 23 55
23 57 26 63
23 64 26 70
23 75 26 81
23 91 23 118
23 119 23 146
23 147 23 174
23 196 24 209
23 221 29 224
23 225 36 226
23 242 23 269
23 270 23 297
23 322 23 349
23 350 23 377
24 0 24 27
24 28 24 55
24 84 25 97
24 98 24 125
24 126 24 153
24 154 24 181
24 182 27 188
24 189 27 195
24 228 24 255
24 256 24 283
24 284 24 311
24 322 24 349
24 350 24 377
25 0 25 27
25 28 25 55
25 98 25 125
25 126 25 153
25 154 25 181
25 196 26 209
25 210 28 216
25 228 25 255
25 256 25 283
25 284 25 311
25 322 25 349
25 350 25 377
26 0 26 27
26 28 26 55
26 84 26 111
26 112 26 139
26 140 32 143
26 144 26 171
26 172 29 178
26 179 39 180
26 228 26 255
26 256 26 283
26 284 26 311
26 312 29 318
26 322 26 349
26 350 26 377
27 0 27 27
27 28 27 55
27 57 28 70
27 75 30 80
27 84 27 111
27 112 27 139
27 144 27 171
27 196 28 209
27 217 33 220
27 228 27 255
27 256 27 283
27 284 27 311
27 322 27 349
27 350 27 377
28 0 28 27
28 28 28 55
28 71 34 74
28 84 28 111
28 112 28 139
28 144 28 171
28 181 29 194
28 195 55 195
28 228 28 255
28 256 28 283
28 284 28 311
28 322 28 349
28 350 28 377
28 378 34 381
28 382 41 383
29 0 35 3
29 4 35 7
29 8 29 35
29 36 30 49
29 50 35 53
29 54 42 55
29 57 30 70
29 84 29 111
29 112 29 139
29 144 29 171
29 196 30 209
29 210 32 216
29 228 29 255
29 256 29 283
29 284 29 311
29 322 30 335
29 336 29 363
29 364 30 377
30 8 30 35
30 84 30 111
30 112 30 139
30 144 30 171
30 172 33 178
30 181 31 194
30 221 36 224
30 228 30 255
30 256 30 283
30 284 30 311
30 312 33 318
30 336 30 363
31 8 31 35
31 36 32 49
31 57 32 70
31 75 44 76
31 77 37 80
27 81 54 81
31 84 31 111
31 112 31 139
31 144 31 171
31 196 32 209
31 228 31 255
31 256 31 283
31 284 31 311
31 322 31 349
31 350 31 377
32 8 33 21
32 22 33 35
32 84 32 111
32 112 32 139
32 144 32 171
32 181 33 194
32 228 32 255
32 256 32 283
32 284 32 311
32 322 32 349
32 350 32 377
33 36 34 49
33 57 34 70
33 84 33 111
33 112 33 139
33 140 33 167
33 168 39 171
33 196 34 209
33 210 36 216
33 228 33 255
33 256 33 283
33 284 33 311
33 322 33 349
33 350 33 377
34 8 34 35
34 84 34 111
34 112 34 139
34 140 34 167
34 172 37 178
34 181 35 194
34 217 40 220
34 228 34 255
34 256 35 269
34 270 34 297
34 298 34 325
34 326 34 353
34 354 35 367
34 368 37 374
34 375 47 376
34 377 61 377
35 8 35 35
35 36 36 49
35 56 36 69
35 70 41 73
35 74 62 74
35 82 35 109
35 110 35 137
35 138 35 165
35 166 48 167
35 196 36 209
35 228 35 255
35 270 35 297
35 298 36 311
35 312 35 339
35 340 36 353
35 378 41 381
36 0 36 27
36 28 39 34
36 35 63 35
36 50 42 53
36 82 36 109
36 110 36 137
36 138 36 165
36 181 42 184
36 185 39 191
36 192 49 193
36 194 63 194
36 228 36 255
36 256 36 283
36 284 37 297
36 312 36 339
36 354 37 367
37 0 37 27
37 36 38 49
37 56 38 69
37 82 37 109
37 110 37 137
37 138 37 165
37 196 40 202
37 203 40 209
37 210 43 213
37 215 64 215
37 216 64 216
37 221 37 248
37 249 37 276
37 277 40 283
37 298 37 325
37 326 37 353
38 0 38 27
38 77 44 80
38 82 38 109
38 110 38 137
38 138 38 165
38 172 41 178
38 221 38 248
38 249 38 276
38 284 38 311
38 312 38 339
38 340 38 367
38 368 41 374
39 0 39 27
39 36 40 49
39 56 40 69
39 82 39 109
39 110 39 137
39 138 39 165
39 214 66 214
39 221 39 248
39 249 39 276
39 284 39 311
39 312 39 339
39 340 39 367
40 0 40 27
40 28 43 34
40 82 40 109
40 110 40 137
40 138 40 165
40 168 46 171
40 179 53 180
40 185 43 191
40 221 40 248
40 249 40 276
40 284 40 311
40 312 40 339
40 340 40 367
41 0 41 27
41 36 42 49
41 56 42 69
41 82 41 109
41 110 41 137
41 138 41 165
41 196 42 209
41 217 41 244
41 245 41 272
41 273 41 300
41 301 41 328
41 329 41 356
41 357 44 363
41 364 47 367
42 0 42 27
42 70 48 73
42 82 42 109
42 110 42 137
42 138 42 165
42 172 45 178
42 217 42 244
42 245 42 272
42 273 42 300
42 301 42 328
42 329 42 356
42 368 45 374
42 378 48 381
42 382 55 383
43 0 43 27
43 36 43 63
43 64 49 67
43 68 56 69
43 82 43 109
43 110 43 137
43 138 43 165
43 181 49 184
43 196 44 209
43 217 43 244
43 245 43 272
43 273 44 286
43 287 43 314
43 315 43 342
43 343 44 356
44 0 44 27
44 28 47 34
44 36 44 63
44 82 44 109
44 110 44 137
44 138 44 165
44 185 47 191
44 210 50 213
44 217 44 244
44 245 44 272
44 287 44 314
44 315 44 342
45 0 45 27
45 36 45 63
45 75 51 78
45 79 58 80
45 82 45 109
45 110 45 137
45 138 45 165
45 196 46 209
45 217 45 244
45 245 45 272
45 273 45 300
45 301 45 328
45 329 45 356
45 357 48 363
46 0 46 27
46 36 46 63
46 82 46 109
46 110 46 137
46 138 46 165
46 172 49 178
46 217 46 244
46 245 46 272
46 273 46 300
46 301 47 314
46 315 47 328
46 329 46 356
46 368 49 374
47 0 47 27
47 36 47 63
47 82 47 109
47 110 47 137
47 138 47 165
47 168 53 171
47 196 48 209
47 217 47 244
47 245 48 258
47 259 47 286
47 287 48 300
47 329 47 356
48 0 48 27
48 28 61 29
48 30 54 33
48 34 75 34
48 36 48 63
48 82 48 109
48 110 49 123
48 124 48 151
48 152 49 165
48 185 51 191
48 217 48 244
48 259 48 286
48 301 48 328
48 329 48 356
48 364 54 367
48 375 61 376
49 0 49 27
49 36 49 63
49 70 55 73
49 82 50 95
49 96 50 109
49 124 49 151
49 166 76 166
49 167 76 167
49 196 50 209
49 217 49 244
49 245 49 272
49 273 49 300
49 301 49 328
49 329 49 356
49 357 52 363
49 378 55 381
50 0 50 27
50 36 50 63
50 64 56 67
50 110 50 137
50 138 50 165
50 172 53 178
50 181 77 181
50 182 77 182
50 183 63 184
50 192 63 193
50 217 50 244
50 245 50 272
50 273 50 300
50 301 50 328
50 329 50 356
50 368 53 374
51 0 51 27
51 36 51 63
51 82 51 109
51 110 51 137
51 138 51 165
51 196 52 209
51 210 57 213
51 217 51 244
51 245 51 272
51 273 51 300
51 301 52 314
51 315 51 342
51 343 52 356
52 0 52 27
52 36 52 63
52 75 58 78
52 82 52 109
52 110 52 137
52 138 53 151
52 152 55 158
52 159 55 165
52 185 55 191
52 217 52 244
52 245 52 272
52 273 52 300
52 315 52 342
53 0 53 27
53 36 53 63
53 82 53 109
53 110 53 137
53 196 54 209
53 217 53 244
53 245 53 272
53 273 53 300
53 301 53 328
53 329 53 356
53 357 56 363
54 0 54 27
54 36 54 63
54 82 54 109
54 110 54 137
54 138 55 151
54 168 57 174
54 175 60 178
54 179 67 180
54 217 55 230
54 231 54 258
54 259 54 286
54 287 54 314
54 315 54 342
54 343 67 344
54 345 57 351
54 352 60 355
54 356 81 356
54 368 57 374
55 0 55 27
55 30 61 33
55 36 55 63
55 81 56 94
55 95 55 122
55 123 56 136
55 137 82 137
55 196 56 209
55 231 55 258
55 259 55 286
55 287 56 300
55 301 55 328
55 329 56 342
55 364 61 367
56 0 56 27
56 36 56 63
56 70 62 73
56 95 56 122
56 138 56 165
56 185 59 191
56 195 83 195
56 217 56 244
56 245 56 272
56 273 57 286
56 301 56 328
56 378 62 381
56 382 69 383
57 0 57 27
57 36 57 63
57 64 63 67
57 68 70 69
57 81 57 108
57 109 57 136
57 138 57 165
57 196 70 197
57 198 70 199
57 200 84 200
57 201 60 207
57 208 70 209
57 217 57 244
57 245 57 272
57 287 57 314
57 315 57 342
57 357 63 360
57 361 70 362
57 363 84 363
58 0 58 27
58 36 58 63
58 81 59 94
58 95 58 122
58 123 59 136
58 138 58 165
58 168 61 174
58 210 64 213
58 217 58 244
58 245 58 272
58 273 58 300
58 301 58 328
58 329 59 342
58 345 64 348
58 349 71 350
58 351 85 351
58 368 61 374
59 0 59 27
59 36 59 63
59 75 65 78
59 79 72 80
59 95 59 122
59 138 59 165
59 217 59 244
59 245 59 272
59 273 59 300
59 301 59 328
60 0 60 27
60 36 60 63
60 81 60 108
60 109 60 136
60 138 60 165
60 185 63 191
60 217 60 244
60 245 60 272
60 273 60 300
60 301 60 328
60 329 61 342
61 0 61 27
61 36 61 63
61 81 61 108
61 109 61 136
61 138 61 165
61 175 67 178
61 201 64 207
61 217 61 244
61 245 61 272
61 273 61 300
61 301 61 328
61 352 67 355
62 0 62 27
62 28 68 31
62 32 89 32
62 33 89 33
62 36 62 63
62 81 62 108
62 109 62 136
62 138 62 165
62 168 65 174
62 217 62 244
62 245 63 258
62 259 65 265
62 266 63 279
62 280 62 307
62 308 62 335
62 336 65 342
62 364 63 377
63 0 63 27
63 36 63 63
63 70 69 73
63 74 90 74
63 81 63 108
63 109 63 136
63 138 63 165
63 217 63 244
63 280 63 307
63 308 63 335
63 378 69 381
64 0 64 27
64 35 64 62
64 63 70 66
64 67 91 67
64 81 64 108
64 109 64 136
64 138 64 165
64 183 67 189
64 190 70 193
64 194 91 194
64 217 64 244
64 245 65 258
64 266 64 293
64 294 64 321
64 322 65 335
64 357 70 360
64 364 65 377
65 0 65 27
65 35 65 62
65 81 65 108
65 109 65 136
65 138 65 165
65 201 68 207
65 210 78 211
65 215 65 242
65 243 78 244
65 266 65 293
65 294 65 321
65 345 71 348
66 0 66 27
66 35 66 62
66 75 72 78
66 81 66 108
66 109 66 136
66 138 66 165
66 168 69 174
66 215 66 242
66 245 66 272
66 273 66 300
66 301 66 328
66 329 67 342
66 364 67 377
67 0 67 27
67 35 67 62
67 81 67 108
67 109 67 136
67 138 67 165
67 212 67 239
67 240 80 241
67 242 94 242
67 245 67 272
67 273 67 300
67 301 68 314
67 315 70 321
67 322 80 323
67 324 80 325
67 326 80 327
67 328 94 328
68 0 68 27
68 35 68 62
68 81 68 108
68 109 68 136
68 138 68 165
68 175 74 178
68 179 81 180
68 183 71 189
68 212 68 239
68 245 68 272
68 273 68 300
68 329 69 342
68 343 81 344
68 352 74 355
68 364 69 377
69 0 69 27
69 28 75 31
69 35 69 62
69 81 69 108
69 109 69 136
69 138 69 165
69 201 72 207
69 212 69 239
69 245 69 272
69 273 69 300
69 301 70 314
70 0 70 27
70 35 70 62
70 70 76 73
70 81 70 108
70 109 70 136
70 138 70 165
70 168 73 174
70 212 70 239
70 245 70 272
70 273 70 300
70 329 71 342
70 364 71 377
70 378 76 381
70 382 83 383
71 0 71 27
71 35 71 62
71 63 77 66
71 68 84 69
71 81 71 108
71 109 71 136
71 138 71 165
71 190 77 193
71 196 77 199
71 208 84 209
71 212 71 239
71 245 72 258
71 259 71 286
71 287 71 314
71 315 74 321
71 357 77 360
71 361 84 362
72 0 72 27
72 35 72 62
72 81 72 108
72 109 72 136
72 138 72 165
72 183 75 189
72 212 72 239
72 259 72 286
72 287 72 314
72 329 73 342
72 345 78 348
72 349 85 350
72 364 73 377
73 0 73 27
73 35 73 62
73 75 73 102
73 103 73 130
73 131 79 134
73 135 86 136
73 138 73 165
73 201 76 207
73 212 73 239
73 245 73 272
73 273 73 300
73 301 74 314
74 0 74 27
74 35 74 62
74 75 75 88
74 89 74 116
74 117 75 130
74 138 74 165
74 168 77 174
74 212 74 239
74 245 74 272
74 273 74 300
74 329 75 342
74 364 75 377
75 0 75 27
75 35 75 62
75 89 75 116
75 138 75 165
75 175 81 178
75 212 75 239
75 245 75 272
75 273 75 300
75 301 76 314
75 315 78 321
75 352 81 355
76 0 76 27
76 28 82 31
76 34 76 61
76 62 103 62
76 75 76 102
76 103 76 130
76 138 76 165
76 183 79 189
76 212 76 239
76 245 76 272
76 273 76 300
76 329 77 342
76 364 77 377
77 0 77 27
77 34 77 61
77 70 83 73
77 75 77 102
77 103 77 130
77 138 77 165
77 166 90 167
77 201 80 207
77 212 77 239
77 245 77 272
77 273 77 300
77 301 78 314
77 378 83 381
78 0 78 27
78 34 78 61
78 63 84 66
78 75 78 102
78 103 78 130
78 138 78 165
78 168 81 174
78 181 105 181
78 182 105 182
78 190 84 193
78 196 84 199
78 212 78 239
78 245 78 272
78 273 78 300
78 329 79 342
78 357 84 360
78 364 79 377
79 0 79 27
79 34 79 61
79 75 79 102
79 103 79 130
79 138 79 165
79 210 79 237
79 238 92 239
79 243 79 270
79 271 79 298
79 299 80 312
79 313 82 319
79 320 92 321
79 345 85 348
80 0 81 13
80 14 81 27
80 34 80 61
80 75 80 102
80 103 80 130
80 131 86 134
80 138 80 165
80 183 83 189
80 210 80 237
80 243 80 270
80 271 80 298
80 329 81 342
80 364 81 377
81 34 81 61
81 75 81 102
81 103 81 130
81 138 81 165
81 201 84 207
81 210 82 223
81 224 82 237
81 240 94 241
81 243 81 270
81 271 81 298
81 299 82 312
81 322 87 325
81 326 94 327
82 0 82 27
82 34 83 47
82 48 85 54
82 55 85 61
82 75 82 102
82 103 82 130
82 138 82 165
82 168 85 174
82 175 88 178
82 179 95 180
82 243 82 270
82 271 82 298
82 329 83 342
82 343 95 344
82 352 88 355
82 356 104 356
82 364 83 377
83 0 83 27
83 28 89 31
83 75 83 102
83 103 83 130
83 137 83 164
83 165 110 165
83 210 83 237
83 243 83 270
83 271 83 298
83 299 84 312
83 313 86 319
84 0 84 27
84 34 85 47
84 70 90 73
84 75 84 102
84 103 84 130
84 137 84 164
84 183 87 189
84 195 111 195
84 210 85 223
84 224 87 230
84 231 87 237
84 243 84 270
84 271 84 298
84 329 85 342
84 364 85 377
84 378 90 381
84 382 97 383
85 0 85 27
85 63 91 66
85 68 98 69
85 75 85 102
85 103 85 130
85 137 86 150
85 151 86 164
85 190 91 193
85 196 86 209
85 243 85 270
85 271 85 298
85 299 86 312
85 357 88 363
86 0 86 27
86 34 86 61
86 75 86 102
86 103 86 130
86 168 89 174
86 210 87 223
86 243 86 270
86 271 86 298
86 329 87 342
86 345 89 351
86 366 87 377
87 0 87 27
87 34 87 61
87 75 87 102
87 103 87 130
87 131 87 158
87 159 93 162
87 163 100 164
87 196 88 209
87 243 87 270
87 271 87 298
87 299 88 312
87 313 90 319
88 0 88 27
88 34 88 61
88 75 88 102
88 103 88 130
88 131 88 158
88 183 91 189
88 210 88 237
88 243 88 270
88 271 88 298
88 322 94 325
88 329 89 342
86 364 99 365
88 366 91 372
88 373 94 376
88 377 113 377
89 0 89 27
89 34 89 61
89 75 89 102
89 103 89 130
89 131 89 158
89 175 95 178
89 196 89 223
89 224 90 237
89 243 89 270
89 271 89 298
89 299 90 312
89 352 95 355
89 357 92 363
90 0 90 27
90 28 90 55
90 56 96 59
90 60 103 61
90 75 90 102
90 103 90 130
90 131 90 158
90 168 93 174
90 196 90 223
90 243 90 270
90 271 90 298
90 329 91 342
90 345 93 351
91 0 91 27
91 28 91 55
91 70 91 97
91 98 91 125
91 126 91 153
91 154 97 157
91 158 117 158
91 166 104 167
91 196 91 223
91 224 92 237
91 243 91 270
91 271 91 298
91 299 92 312
91 313 94 318
91 378 97 381
92 0 92 27
92 28 92 55
92 63 98 66
92 67 117 67
92 70 92 97
92 98 92 125
92 126 92 153
92 183 95 189
92 190 98 193
92 194 107 194
92 196 92 223
92 243 92 270
92 271 92 298
92 329 93 342
92 366 95 372
93 0 93 27
93 28 93 55
93 70 93 97
93 98 93 125
93 126 93 153
93 196 93 223
93 224 94 237
93 238 106 239
93 243 93 270
93 271 93 298
93 299 94 312
93 320 106 321
93 357 96 363
94 0 94 27
94 28 94 55
94 70 94 97
94 98 94 125
94 126 94 153
94 159 100 162
94 168 97 174
94 196 94 223
94 243 94 270
94 271 94 298
94 329 95 342
94 345 97 351
95 0 95 27
95 28 95 55
95 70 95 97
95 98 95 125
95 126 95 153
95 196 95 223
95 224 96 237
95 240 95 267
95 268 95 295
95 296 96 309
95 310 98 316
95 317 102 318
91 319 117 319
95 322 98 328
95 373 101 376
96 0 96 27
96 28 96 55
96 70 96 97
96 98 96 125
96 126 96 153
96 175 102 178
96 179 108 180
96 183 99 189
96 196 96 223
96 240 96 267
96 268 96 295
96 329 97 342
96 343 109 344
96 352 102 355
96 366 99 372
97 0 97 27
97 28 97 55
97 56 103 59
97 70 97 97
97 98 97 125
97 126 97 153
97 196 97 223
97 224 98 237
97 240 97 267
97 268 97 295
97 296 98 309
97 357 100 362
98 0 98 27
98 28 98 55
98 70 98 97
98 98 98 125
98 126 98 153
98 154 104 157
98 168 101 174
98 196 98 223
98 240 98 267
98 268 98 295
98 329 99 342
98 345 101 351
98 379 104 381
98 382 109 383
99 0 99 27
99 28 99 55
99 63 105 66
99 68 99 95
99 96 99 123
99 124 99 151
99 152 108 153
99 190 105 193
99 196 99 223
99 224 100 237
99 240 99 267
99 268 99 295
99 296 100 309
99 310 102 316
99 322 102 328
100 0 100 27
100 28 100 55
100 68 100 95
100 96 100 123
100 124 101 137
100 138 101 151
100 183 103 189
100 196 100 223
100 240 100 267
100 268 100 295
100 329 101 342
100 364 103 370
100 371 113 372
101 0 101 27
101 28 101 55
101 68 101 95
101 96 101 123
101 159 107 162
101 163 112 164
101 196 101 223
101 224 102 237
101 240 101 267
101 268 101 295
101 296 102 309
101 357 104 362
102 0 103 13
102 14 102 41
102 42 103 55
102 68 102 95
102 96 103 109
102 110 102 137
102 138 103 150
102 168 105 174
102 196 102 223
102 240 103 253
102 254 102 281
102 282 103 295
102 329 103 342
102 345 105 351
102 373 108 376
103 14 103 41
103 68 103 95
103 110 103 137
103 175 108 178
103 196 103 223
103 224 104 237
103 254 103 281
103 296 104 309
103 310 108 313
103 314 116 315
103 316 111 318
103 322 106 328
103 352 109 355
104 0 104 27
104 28 104 55
104 56 107 62
104 68 104 95
104 96 104 123
104 124 105 137
104 138 110 141
104 142 107 148
104 149 117 150
102 151 117 151
104 183 106 189
104 196 104 223
104 240 104 267
104 268 104 295
104 329 105 342
104 364 107 370
105 0 105 27
105 28 105 55
105 68 105 95
105 96 105 123
105 154 111 157
105 166 117 167
105 196 105 223
105 224 106 237
105 240 105 267
105 268 105 295
105 296 106 309
105 358 108 362
105 379 111 381
106 0 106 27
106 28 106 55
106 63 111 66
106 68 106 95
106 96 106 123
106 124 107 137
106 168 108 174
106 181 113 182
106 196 106 223
106 240 106 267
106 268 107 281
106 282 107 295
106 329 107 342
106 345 109 351
107 0 107 27
107 28 107 55
107 68 107 95
107 96 107 123
107 183 109 191
107 196 107 223
107 224 107 251
107 252 108 264
107 265 115 267
107 296 108 309
107 320 110 325
107 326 115 328
108 0 108 27
108 28 108 55
108 56 111 62
108 68 108 95
108 96 108 123
108 124 109 137
108 142 111 146
108 159 112 162
108 192 116 194
108 196 108 223
108 224 108 251
108 268 108 295
108 329 109 342
108 364 111 370
109 0 109 27
109 28 109 55
109 68 109 95
109 96 109 123
109 196 109 223
109 224 109 249
109 252 112 258
109 259 116 261
109 262 116 264
109 268 109 295
109 296 110 309
109 358 112 362
109 373 113 376
110 0 110 27
110 28 110 55
110 68 110 95
110 96 110 123
110 124 111 137
111 168 113 172
111 173 117 176
111 177 117 180
109 168 110 180
110 183 113 186
110 187 116 190
110 196 110 223
110 224 110 249
110 268 110 295
109 310 115 313
110 329 110 355
111 0 111 27
111 28 111 55
111 68 111 95
111 96 111 123
111 138 115 141
111 196 111 223
111 224 111 249
111 268 111 295
111 296 112 309
111 320 117 322
111 323 117 325
111 329 111 355
112 0 112 27
112 28 112 55
112 56 115 62
112 68 112 95
112 96 112 123
112 124 113 137
112 142 115 146
112 154 117 157
112 195 112 222
112 223 112 246
112 247 117 249
112 268 112 295
112 316 117 318
112 329 112 355
112 364 115 370
112 379 117 381
110 382 117 383
113 0 113 27
113 28 113 55
112 63 117 66
113 68 113 95
113 96 113 123
109 152 117 153
113 159 116 165
113 195 113 222
113 223 116 229
113 230 114 241
113 242 117 246
113 252 116 258
113 268 113 295
113 296 114 309
113 329 113 355
113 358 117 362
114 0 114 27
114 28 114 55
114 68 114 95
114 96 114 123
114 124 115 137
114 168 117 172
114 181 117 186
114 195 114 222
114 268 114 295
114 329 114 355
114 371 115 377
115 0 115 27
115 28 115 55
115 68 115 95
115 96 115 123
115 195 115 222
115 230 117 236
115 237 117 241
115 268 115 295
115 296 116 309
115 329 115 355
116 0 116 27
116 28 116 48
116 49 117 62
116 68 116 95
116 96 116 118
116 119 117 132
116 133 117 146
108 147 117 148
116 195 116 222
116 265 116 285
116 286 117 295
116 326 116 342
116 343 117 355
116 364 117 377
117 0 117 27
117 28 117 48
117 68 117 95
117 96 117 118
117 187 117 214
117 215 117 229
109 250 117 251
117 254 117 281
117 296 117 315
117 326 117 342
105 356 117 357
97 363 117 363
98 378 117 378
