1337
0 0 0 40
0 41 40 41
0 42 40 42
0 43 40 43
0 44 40 44
0 45 40 45
0 46 1 65
1 0 1 40
2 0 2 40
2 46 3 65
3 0 3 40
4 0 4 40
4 46 5 65
5 0 5 40
6 0 6 40
6 46 7 65
7 0 7 40
8 0 8 40
8 46 9 65
9 0 9 40
10 0 10 40
10 46 50 46
10 47 50 47
10 48 50 48
10 49 50 49
10 50 50 50
10 51 50 51
10 52 50 52
10 53 50 53
10 54 50 54
10 55 50 55
10 56 50 56
10 57 50 57
10 58 50 58
10 59 50 59
10 60 50 60
10 61 50 61
10 62 50 62
10 63 50 63
10 64 50 64
10 65 50 65
11 0 11 40
12 0 12 40
13 0 13 40
14 0 14 40
15 0 15 40
16 0 16 40
17 0 17 40
18 0 18 40
19 0 19 40
20 0 20 40
21 0 21 40
22 0 22 40
23 0 23 40
24 0 24 40
25 0 25 40
26 0 26 40
27 0 27 40
28 0 28 40
29 0 29 40
30 0 30 40
31 0 31 40
32 0 32 40
33 0 33 40
34 0 34 40
35 0 35 40
36 0 36 40
37 0 37 40
38 0 38 40
39 0 39 40
40 0 40 40
41 0 41 40
41 41 81 41
41 42 81 42
41 43 81 43
41 44 81 44
41 45 81 45
42 0 42 40
43 0 83 0
43 1 83 1
43 2 83 2
43 3 83 3
43 4 83 4
43 5 83 5
43 6 83 6
43 7 83 7
43 8 83 8
43 9 83 9
43 10 83 10
43 11 83 11
43 12 83 12
43 13 83 13
43 14 83 14
43 15 83 15
43 16 83 16
43 17 83 17
43 18 83 18
43 19 83 19
43 20 83 20
43 21 81 21
43 22 46 31
43 32 83 32
43 33 83 33
43 34 83 34
43 35 83 35
43 36 83 36
43 37 83 37
43 38 83 38
43 39 83 39
43 40 83 40
47 22 87 22
47 23 87 23
47 24 87 24
47 25 87 25
47 26 87 26
47 27 87 27
47 28 87 28
47 29 87 29
47 30 87 30
47 31 87 31
51 46 91 46
51 47 91 47
51 48 91 48
51 49 91 49
51 50 91 50
51 51 91 51
51 52 91 52
51 53 91 53
51 54 91 54
51 55 91 55
51 56 91 56
51 57 91 57
51 58 55 65
56 58 60 65
61 58 101 58
61 59 101 59
61 60 101 60
61 61 101 61
61 62 101 62
61 63 101 63
61 64 101 64
61 65 101 65
82 41 122 41
82 42 122 42
82 43 120 43
82 44 120 44
82 45 120 45
84 0 124 0
84 1 124 1
84 2 124 2
84 3 124 3
84 4 124 4
84 5 124 5
84 6 124 6
84 7 124 7
84 8 124 8
84 9 124 9
84 10 124 10
84 11 124 11
84 12 124 12
84 13 124 13
84 14 124 14
84 15 124 15
84 16 124 16
84 17 124 17
84 18 124 18
84 19 124 19
84 20 124 20
82 21 122 21
84 32 124 32
84 33 124 33
84 34 124 34
84 35 124 35
84 36 124 36
84 37 124 37
84 38 124 38
84 39 124 39
84 40 124 40
88 22 128 22
88 23 128 23
88 24 128 24
88 25 128 25
88 26 128 26
88 27 128 27
88 28 128 28
88 29 128 29
88 30 128 30
88 31 128 31
92 46 132 46
92 47 132 47
92 48 132 48
92 49 132 49
92 50 132 50
92 51 132 51
92 52 132 52
92 53 132 53
92 54 132 54
92 55 132 55
92 56 132 56
92 57 132 57
102 58 142 58
102 59 142 59
102 60 109 64
102 65 142 65
110 60 150 60
110 61 150 61
110 62 150 62
110 63 150 63
112 64 152 64
123 21 163 21
123 41 163 41
123 42 163 42
121 43 133 45
125 0 165 0
125 1 165 1
125 2 165 2
125 3 165 3
125 4 165 4
125 5 165 5
125 6 165 6
125 7 165 7
125 8 165 8
125 9 165 9
125 10 165 10
125 11 165 11
125 12 165 12
125 13 165 13
125 14 165 14
125 15 165 15
125 16 165 16
125 17 165 17
125 18 165 18
125 19 165 19
125 20 165 20
125 32 165 32
125 33 165 33
125 34 165 34
125 35 165 35
125 36 165 36
125 37 165 37
125 38 165 38
125 39 165 39
125 40 165 40
129 22 169 22
129 23 169 23
129 24 169 24
129 25 169 25
129 26 169 26
129 27 169 27
129 28 169 28
129 29 169 29
129 30 169 30
129 31 169 31
133 46 173 46
133 47 173 47
133 48 173 48
133 49 173 49
133 50 137 57
134 43 153 44
134 45 174 45
138 50 142 57
143 50 183 50
143 51 183 51
143 52 183 52
143 53 183 53
143 54 183 54
143 55 183 55
143 56 183 56
143 57 183 57
143 58 183 58
143 59 183 59
143 65 183 65
151 60 191 60
151 61 191 61
151 62 191 62
151 63 191 63
153 64 193 64
154 43 194 43
154 44 194 44
164 21 204 21
164 41 204 41
164 42 204 42
166 0 206 0
166 1 206 1
166 2 206 2
166 3 206 3
166 4 206 4
166 5 206 5
166 6 206 6
166 7 206 7
166 8 206 8
166 9 206 9
166 10 206 10
166 11 206 11
166 12 206 12
166 13 206 13
166 14 206 14
166 15 206 15
166 16 206 16
166 17 206 17
166 18 206 18
166 19 206 19
166 20 206 20
166 32 206 32
166 33 206 33
166 34 206 34
166 35 206 35
166 36 206 36
166 37 206 37
166 38 206 38
166 39 206 39
166 40 206 40
170 22 210 22
170 23 210 23
170 24 210 24
170 25 210 25
170 26 210 26
170 27 210 27
170 28 210 28
170 29 210 29
170 30 210 30
170 31 210 31
174 46 214 46
174 47 214 47
174 48 214 48
174 49 214 49
175 45 215 45
184 50 224 50
184 51 224 51
184 52 224 52
184 53 224 53
184 54 224 54
184 55 224 55
184 56 224 56
184 57 224 57
184 58 224 58
184 59 224 59
184 65 224 65
192 60 232 60
192 61 232 61
192 62 232 62
192 63 232 63
194 64 234 64
195 43 235 43
195 44 235 44
205 21 245 21
205 41 245 41
205 42 245 42
207 0 247 0
207 1 247 1
207 2 247 2
207 3 247 3
207 4 247 4
207 5 247 5
207 6 247 6
207 7 247 7
207 8 247 8
207 9 247 9
207 10 247 10
207 11 247 11
207 12 247 12
207 13 247 13
207 14 247 14
207 15 247 15
207 16 247 16
207 17 247 17
207 18 247 18
207 19 247 19
207 20 247 20
207 32 247 32
207 33 247 33
207 34 247 34
207 35 247 35
207 36 247 36
207 37 247 37
207 38 226 39
207 40 247 40
211 22 251 22
211 23 251 23
211 24 251 24
211 25 251 25
211 26 251 26
211 27 251 27
211 28 251 28
211 29 251 29
211 30 251 30
211 31 251 31
215 46 255 46
215 47 255 47
215 48 255 48
215 49 255 49
216 45 256 45
225 50 265 50
225 51 265 51
225 52 265 52
225 53 265 53
225 54 265 54
225 55 265 55
225 56 265 56
225 57 265 57
225 58 265 58
225 59 265 59
225 65 265 65
227 38 267 38
227 39 267 39
233 60 273 60
233 61 273 61
233 62 273 62
233 63 273 63
235 64 275 64
236 43 276 43
236 44 276 44
246 21 286 21
246 41 286 41
246 42 286 42
248 0 288 0
248 1 288 1
248 2 288 2
248 3 288 3
248 4 288 4
248 5 288 5
248 6 288 6
248 7 288 7
248 8 288 8
248 9 288 9
248 10 288 10
248 11 288 11
248 12 288 12
248 13 288 13
248 14 288 14
248 15 288 15
248 16 288 16
248 17 288 17
248 18 288 18
248 19 288 19
248 20 288 20
248 32 288 32
248 33 288 33
248 34 288 34
248 35 288 35
248 36 288 36
248 37 288 37
248 40 288 40
252 22 255 31
256 22 296 22
256 23 296 23
256 24 296 24
256 25 296 25
256 26 296 26
256 27 296 27
256 28 296 28
256 29 296 29
256 30 296 30
256 31 296 31
256 46 296 46
256 47 296 47
256 48 296 48
256 49 296 49
257 45 297 45
266 50 306 50
266 51 306 51
266 52 306 52
266 53 306 53
266 54 306 54
266 55 306 55
266 56 306 56
266 57 306 57
266 58 306 58
266 59 306 59
266 65 306 65
268 38 308 38
268 39 308 39
274 60 314 60
274 61 314 61
274 62 314 62
274 63 314 63
276 64 316 64
277 43 317 43
277 44 317 44
287 21 327 21
287 41 327 41
287 42 327 42
289 0 329 0
289 1 329 1
289 2 329 2
289 3 329 3
289 4 329 4
289 5 329 5
289 6 329 6
289 7 329 7
289 8 329 8
289 9 329 9
289 10 329 10
289 11 329 11
289 12 329 12
289 13 329 13
289 14 329 14
289 15 329 15
289 16 329 16
289 17 329 17
289 18 329 18
289 19 329 19
289 20 329 20
289 32 329 32
289 33 329 33
289 34 329 34
289 35 329 35
289 36 329 36
289 37 329 37
289 40 329 40
297 22 337 22
297 23 337 23
297 24 337 24
297 25 337 25
297 26 337 26
297 27 337 27
297 28 337 28
297 29 337 29
297 30 337 30
297 31 337 31
297 46 337 46
297 47 337 47
297 48 337 48
297 49 337 49
298 45 338 45
307 50 347 50
307 51 347 51
307 52 347 52
307 53 347 53
307 54 347 54
307 55 347 55
307 56 347 56
307 57 347 57
307 58 347 58
307 59 347 59
307 65 347 65
309 38 349 38
309 39 349 39
315 60 355 60
315 61 355 61
315 62 355 62
315 63 355 63
317 64 357 64
318 43 358 43
318 44 358 44
328 21 368 21
328 41 368 41
328 42 368 42
330 0 370 0
330 1 370 1
330 2 370 2
330 3 370 3
330 4 370 4
330 5 370 5
330 6 370 6
330 7 370 7
330 8 370 8
330 9 370 9
330 10 370 10
330 11 370 11
330 12 370 12
330 13 370 13
330 14 370 14
330 15 370 15
330 16 370 16
330 17 370 17
330 18 370 18
330 19 370 19
330 20 370 20
330 32 370 32
330 33 370 33
330 34 370 34
330 35 370 35
330 36 370 36
330 37 370 37
330 40 370 40
338 22 378 22
338 23 378 23
338 24 378 24
338 25 378 25
338 26 378 26
338 27 378 27
338 28 378 28
338 29 378 29
338 30 378 30
338 31 378 31
338 46 378 46
338 47 378 47
338 48 378 48
338 49 378 49
339 45 379 45
348 50 388 50
348 51 388 51
348 52 388 52
348 53 388 53
348 54 388 54
348 55 388 55
348 56 388 56
348 57 388 57
348 58 388 58
348 59 388 59
348 65 388 65
350 38 390 38
350 39 390 39
356 60 396 60
356 61 396 61
356 62 396 62
356 63 396 63
358 64 398 64
359 43 399 43
359 44 399 44
369 21 409 21
369 41 409 41
369 42 409 42
371 0 411 0
371 1 411 1
371 2 411 2
371 3 411 3
371 4 411 4
371 5 411 5
371 6 411 6
371 7 411 7
371 8 411 8
371 9 411 9
371 10 411 10
371 11 411 11
371 12 411 12
371 13 411 13
371 14 411 14
371 15 411 15
371 16 411 16
371 17 411 17
371 18 411 18
371 19 411 19
371 20 411 20
371 32 411 32
371 33 411 33
371 34 411 34
371 35 411 35
371 36 411 36
371 37 411 37
371 40 411 40
379 22 419 22
379 23 419 23
379 24 419 24
379 25 419 25
379 26 419 26
379 27 419 27
379 28 419 28
379 29 419 29
379 30 419 30
379 31 419 31
379 46 419 46
379 47 419 47
379 48 419 48
379 49 419 49
380 45 420 45
389 50 429 50
389 51 429 51
389 52 429 52
389 53 429 53
389 54 429 54
389 55 429 55
389 56 429 56
389 57 429 57
389 58 429 58
389 59 429 59
389 65 429 65
391 38 431 38
391 39 431 39
397 60 437 60
397 61 437 61
397 62 437 62
397 63 437 63
399 64 439 64
400 43 440 43
400 44 440 44
410 21 450 21
410 41 450 41
410 42 450 42
412 0 452 0
412 1 452 1
412 2 452 2
412 3 452 3
412 4 452 4
412 5 452 5
412 6 452 6
412 7 452 7
412 8 452 8
412 9 452 9
412 10 452 10
412 11 452 11
412 12 452 12
412 13 452 13
412 14 452 14
412 15 452 15
412 16 452 16
412 17 452 17
412 18 452 18
412 19 452 19
412 20 452 20
412 32 452 32
412 33 452 33
412 34 452 34
412 35 452 35
412 36 452 36
412 37 452 37
412 40 452 40
420 22 460 22
420 23 460 23
420 24 424 31
420 46 460 46
420 47 460 47
420 48 460 48
420 49 460 49
421 45 461 45
425 24 465 24
425 25 465 25
425 26 465 26
425 27 465 27
425 28 465 28
425 29 465 29
425 30 465 30
425 31 465 31
430 50 470 50
430 51 470 51
430 52 470 52
430 53 470 53
430 54 470 54
430 55 470 55
430 56 470 56
430 57 470 57
430 58 470 58
430 59 470 59
430 65 470 65
432 38 472 38
432 39 472 39
438 60 478 60
438 61 478 61
438 62 478 62
438 63 478 63
440 64 480 64
441 43 481 43
441 44 481 44
451 21 491 21
451 41 491 41
451 42 491 42
453 0 493 0
453 1 493 1
453 2 493 2
453 3 493 3
453 4 493 4
453 5 493 5
453 6 493 6
453 7 493 7
453 8 493 8
453 9 493 9
453 10 493 10
453 11 493 11
453 12 493 12
453 13 493 13
453 14 493 14
453 15 493 15
453 16 493 16
453 17 493 17
453 18 493 18
453 19 493 19
453 20 493 20
453 32 493 32
453 33 493 33
453 34 493 34
453 35 493 35
453 36 493 36
453 37 493 37
453 40 485 40
461 22 501 22
461 23 501 23
461 46 501 46
461 47 501 47
461 48 501 48
461 49 501 49
462 45 502 45
466 24 506 24
466 25 506 25
466 26 506 26
466 27 506 27
466 28 506 28
466 29 506 29
466 30 506 30
466 31 506 31
471 50 511 50
471 51 511 51
471 52 511 52
471 53 511 53
471 54 511 54
471 55 511 55
471 56 511 56
471 57 511 57
471 58 511 58
471 59 511 59
471 65 511 65
473 38 513 38
473 39 513 39
479 60 519 60
479 61 519 61
479 62 519 62
479 63 519 63
481 64 521 64
482 43 522 43
482 44 522 44
492 21 532 21
492 41 532 41
492 42 532 42
494 0 534 0
494 1 534 1
494 2 534 2
494 3 534 3
494 4 534 4
494 5 534 5
494 6 534 6
494 7 534 7
494 8 534 8
494 9 534 9
494 10 534 10
494 11 534 11
494 12 498 19
494 20 534 20
494 32 534 32
494 33 534 33
494 34 534 34
494 35 534 35
494 36 534 36
494 37 534 37
486 40 526 40
499 12 503 19
502 22 542 22
502 23 542 23
502 46 542 46
502 47 542 47
502 48 542 48
502 49 542 49
503 45 543 45
504 12 508 19
507 24 547 24
507 25 547 25
507 26 547 26
507 27 547 27
507 28 547 28
507 29 547 29
507 30 547 30
507 31 547 31
509 12 549 12
509 13 549 13
509 14 549 14
509 15 549 15
509 16 549 16
509 17 549 17
509 18 549 18
509 19 549 19
512 50 552 50
512 51 552 51
512 52 552 52
512 53 552 53
512 54 552 54
512 55 552 55
512 56 552 56
512 57 552 57
512 58 531 59
512 65 552 65
514 38 554 38
514 39 554 39
520 60 560 60
520 61 560 61
520 62 560 62
520 63 560 63
522 64 562 64
523 43 563 43
523 44 563 44
527 40 567 40
532 58 551 59
533 21 573 21
533 41 573 41
533 42 573 42
535 0 575 0
535 1 575 1
535 2 575 2
535 3 575 3
535 4 575 4
535 5 575 5
535 6 575 6
535 7 575 7
535 8 575 8
535 9 575 9
535 10 575 10
535 11 575 11
535 20 575 20
535 32 575 32
535 33 575 33
535 34 575 34
535 35 575 35
535 36 575 36
535 37 575 37
543 22 583 22
543 23 583 23
543 46 583 46
543 47 583 47
543 48 583 48
543 49 583 49
544 45 584 45
548 24 588 24
548 25 588 25
548 26 588 26
548 27 588 27
548 28 588 28
548 29 588 29
548 30 588 30
548 31 588 31
550 12 590 12
550 13 590 13
550 14 557 18
550 19 590 19
552 58 592 58
552 59 592 59
553 50 593 50
553 51 593 51
553 52 593 52
553 53 593 53
553 54 593 54
553 55 593 55
553 56 593 56
553 57 593 57
553 65 593 65
555 38 595 38
555 39 595 39
558 14 565 18
561 60 601 60
561 61 601 61
561 62 601 62
561 63 601 63
563 64 603 64
564 43 604 43
564 44 604 44
566 14 573 18
568 40 608 40
574 14 614 14
574 15 614 15
574 16 614 16
574 17 614 17
574 18 614 18
574 21 614 21
574 41 614 41
574 42 614 42
576 0 616 0
576 1 616 1
576 2 616 2
576 3 616 3
576 4 616 4
576 5 616 5
576 6 616 6
576 7 616 7
576 8 616 8
576 9 616 9
576 10 616 10
576 11 616 11
576 20 616 20
576 32 616 32
576 33 616 33
576 34 616 34
576 35 616 35
576 36 616 36
576 37 616 37
584 22 624 22
584 23 624 23
584 46 624 46
584 47 624 47
584 48 624 48
584 49 624 49
585 45 625 45
589 24 629 24
589 25 629 25
589 26 629 26
589 27 629 27
589 28 629 28
589 29 629 29
589 30 629 30
589 31 629 31
591 12 631 12
591 13 631 13
591 19 631 19
593 58 633 58
593 59 633 59
594 50 634 50
594 51 634 51
594 52 634 52
594 53 634 53
594 54 634 54
594 55 634 55
594 56 634 56
594 57 634 57
594 65 634 65
596 38 636 38
596 39 636 39
602 60 642 60
602 61 642 61
602 62 642 62
602 63 642 63
604 64 644 64
605 43 645 43
605 44 645 44
609 40 649 40
615 14 655 14
615 15 655 15
615 16 655 16
615 17 655 17
615 18 655 18
615 21 655 21
615 41 655 41
615 42 655 42
617 0 657 0
617 1 657 1
617 2 657 2
617 3 657 3
617 4 657 4
617 5 657 5
617 6 657 6
617 7 657 7
617 8 657 8
617 9 657 9
617 10 657 10
617 11 657 11
617 20 657 20
617 32 657 32
617 33 657 33
617 34 657 34
617 35 657 35
617 36 657 36
617 37 657 37
625 22 665 22
625 23 665 23
625 46 665 46
625 47 644 48
625 49 665 49
626 45 666 45
630 24 670 24
630 25 670 25
630 26 670 26
630 27 670 27
630 28 670 28
630 29 670 29
630 30 670 30
630 31 670 31
632 12 672 12
632 13 672 13
632 19 672 19
634 58 674 58
634 59 674 59
635 50 675 50
635 51 675 51
635 52 675 52
635 53 675 53
635 54 675 54
635 55 675 55
635 56 675 56
635 57 675 57
635 65 675 65
637 38 677 38
637 39 677 39
643 60 683 60
643 61 683 61
643 62 683 62
643 63 683 63
645 47 685 47
645 48 685 48
645 64 685 64
646 43 686 43
646 44 686 44
650 40 690 40
656 14 696 14
656 15 696 15
656 16 696 16
656 17 696 17
656 18 696 18
656 21 696 21
656 41 696 41
656 42 696 42
658 0 698 0
658 1 698 1
658 2 698 2
658 3 698 3
658 4 698 4
658 5 698 5
658 6 698 6
658 7 698 7
658 8 698 8
658 9 698 9
658 10 698 10
658 11 698 11
658 20 698 20
658 32 698 32
658 33 698 33
658 34 698 34
658 35 698 35
658 36 698 36
658 37 698 37
666 22 706 22
666 23 706 23
666 46 706 46
666 49 706 49
667 45 707 45
671 24 711 24
671 25 711 25
671 26 711 26
671 27 711 27
671 28 711 28
671 29 711 29
671 30 711 30
671 31 711 31
673 12 713 12
673 13 713 13
673 19 713 19
675 58 715 58
675 59 715 59
676 50 716 50
676 51 716 51
676 52 716 52
676 53 716 53
676 54 716 54
676 55 716 55
676 56 716 56
676 57 716 57
676 65 716 65
678 38 718 38
678 39 718 39
684 60 724 60
684 61 724 61
684 62 724 62
684 63 724 63
686 47 726 47
686 48 726 48
686 64 726 64
687 43 727 43
687 44 726 44
691 40 731 40
697 14 737 14
697 15 737 15
697 16 737 16
697 17 737 17
697 18 737 18
697 21 737 21
697 41 737 41
697 42 737 42
699 0 739 0
699 1 739 1
699 2 739 2
699 3 739 3
699 4 739 4
699 5 739 5
699 6 739 6
699 7 739 7
699 8 739 8
699 9 739 9
699 10 739 10
699 11 739 11
699 20 739 20
699 32 739 32
699 33 739 33
699 34 739 34
699 35 739 35
699 36 739 36
699 37 739 37
707 22 747 22
707 23 747 23
707 46 747 46
707 49 747 49
708 45 748 45
712 24 752 24
712 25 752 25
712 26 752 26
712 27 752 27
712 28 752 28
712 29 752 29
712 30 752 30
712 31 752 31
714 12 754 12
714 13 754 13
714 19 754 19
716 58 756 58
716 59 751 59
717 50 757 50
717 51 757 51
717 52 757 52
717 53 757 53
717 54 757 54
717 55 757 55
717 56 757 56
717 57 757 57
717 65 757 65
719 38 759 38
719 39 759 39
725 60 765 60
725 61 765 61
725 62 765 62
725 63 765 63
727 47 767 47
727 48 767 48
727 64 767 64
728 43 768 43
727 44 767 44
732 40 772 40
738 14 778 14
738 15 778 15
738 16 778 16
738 17 778 17
738 18 778 18
738 21 778 21
738 41 778 41
738 42 778 42
740 0 780 0
740 1 780 1
740 2 780 2
740 3 780 3
740 4 780 4
740 5 780 5
740 6 780 6
740 7 780 7
740 8 780 8
740 9 780 9
740 10 780 10
740 11 780 11
740 20 780 20
740 32 780 32
740 33 780 33
740 34 780 34
740 35 780 35
740 36 780 36
740 37 780 37
748 22 788 22
748 23 788 23
748 46 788 46
748 49 788 49
749 45 788 45
753 24 793 24
753 25 793 25
753 26 793 26
753 27 793 27
753 28 793 28
753 29 793 29
753 30 793 30
753 31 793 31
755 12 794 12
755 13 794 13
755 19 791 19
757 58 792 58
752 59 792 59
758 50 798 50
758 51 798 51
758 52 798 52
758 53 798 53
758 54 798 54
758 55 798 55
758 56 798 56
758 57 798 57
758 65 798 65
760 38 800 38
760 39 800 39
766 60 806 60
766 61 806 61
766 62 806 62
766 63 806 63
768 44 808 44
768 47 808 47
768 48 808 48
768 64 798 64
769 43 808 43
773 40 813 40
779 14 819 14
779 15 819 15
779 16 819 16
779 17 819 17
779 18 819 18
779 21 816 21
779 41 813 41
779 42 813 42
781 0 821 0
781 1 821 1
781 2 821 2
781 3 821 3
781 4 821 4
781 5 821 5
781 6 821 6
781 7 821 7
781 8 821 8
781 9 821 9
781 10 814 10
781 11 814 11
781 20 816 20
781 32 819 32
781 33 819 33
781 34 819 34
781 35 799 36
781 37 819 37
789 22 808 23
789 45 808 46
789 49 825 49
793 58 812 59
794 24 798 31
795 12 814 13
792 19 825 19
799 24 803 31
799 50 803 57
799 64 816 65
800 35 819 36
801 38 819 39
804 24 808 31
804 50 808 57
807 60 816 63
809 22 812 31
809 45 816 48
809 50 812 57
809 43 825 44
813 22 816 31
813 50 816 59
814 40 823 42
815 10 821 13
817 23 820 31
817 45 825 48
817 50 820 57
817 58 824 61
817 62 825 65
820 14 825 18
817 20 825 22
820 32 823 39
821 23 825 30
821 50 825 57
822 0 825 5
824 31 825 42
822 6 825 13
