3906
0 0 0 13
0 14 0 27
0 28 0 41
0 42 0 55
0 56 0 69
0 70 0 83
0 84 0 97
0 98 6 99
0 100 6 101
0 102 6 103
0 104 0 117
0 118 0 131
0 132 0 145
0 146 0 159
0 160 0 173
0 174 0 187
0 188 6 189
0 190 13 190
1 0 1 13
1 14 1 27
1 28 1 41
1 42 1 55
1 56 1 69
1 70 1 83
1 84 1 97
1 104 1 117
1 118 1 131
1 132 1 145
1 146 1 159
1 160 1 173
1 174 1 187
2 0 2 13
2 14 2 27
2 28 2 41
2 42 2 55
2 56 2 69
2 70 2 83
2 84 2 97
2 104 2 117
2 118 2 131
2 132 2 145
2 146 2 159
2 160 2 173
2 174 2 187
3 0 3 13
3 14 3 27
3 28 3 41
3 42 3 55
3 56 3 69
3 70 3 83
3 84 3 97
3 104 3 117
3 118 9 119
3 120 3 133
3 134 3 147
3 148 3 161
3 162 3 175
3 176 4 182
3 183 9 184
3 185 9 186
3 187 16 187
4 0 4 13
4 14 4 27
4 28 4 41
4 42 10 43
4 44 5 50
4 51 10 52
4 53 4 66
4 67 4 80
4 81 4 94
4 95 10 95
4 97 17 97
4 104 10 105
4 106 10 107
4 108 5 114
4 115 10 116
4 117 17 117
4 120 4 133
4 134 4 147
4 148 4 161
4 162 4 175
5 0 5 13
5 14 5 27
5 28 5 41
5 53 5 66
5 67 5 80
5 81 5 94
5 120 5 133
5 134 5 147
5 148 5 161
5 162 5 175
5 176 6 182
6 0 6 13
6 14 6 27
6 28 6 41
6 44 19 44
6 45 19 45
6 46 12 47
6 48 12 49
6 50 19 50
6 53 6 66
6 67 6 80
6 81 6 94
6 108 7 114
6 120 6 133
6 134 6 147
6 148 7 154
6 155 12 156
6 157 6 170
6 171 12 172
6 173 12 174
6 175 19 175
7 0 7 13
7 14 8 20
7 21 7 34
7 35 8 41
7 53 7 66
7 67 7 80
7 81 7 94
7 98 13 99
7 100 13 101
7 102 12 103
7 120 7 133
7 134 7 147
7 157 7 170
7 176 8 182
7 188 13 189
8 0 8 13
8 21 8 34
8 53 9 59
8 60 8 73
8 74 8 87
8 88 9 94
8 108 9 114
8 120 8 133
8 134 8 147
8 148 9 154
8 157 8 170
9 0 9 13
9 14 9 27
9 28 9 41
9 60 9 73
9 74 9 87
9 120 9 133
9 134 9 147
9 157 22 157
9 158 22 158
9 159 10 165
9 166 15 167
9 168 15 169
9 170 22 170
9 176 10 182
10 0 10 13
10 14 10 27
10 28 10 41
10 53 10 66
10 67 10 80
10 81 10 94
10 108 11 114
10 118 10 131
10 132 10 145
10 146 11 152
10 153 16 154
10 183 16 184
10 185 16 186
11 0 11 12
13 14 17 15
13 16 17 17
11 13 12 19
11 20 12 26
11 27 11 40
11 41 17 42
11 43 24 43
11 51 11 64
11 65 12 71
11 72 17 73
11 74 11 87
11 88 17 89
11 90 17 91
11 92 24 92
11 93 17 94
11 95 24 95
4 96 17 96
11 104 17 105
11 106 17 107
11 115 17 116
11 118 11 126
11 127 12 133
11 134 17 135
11 136 17 137
11 138 17 139
11 140 17 141
11 142 24 142
11 143 17 144
11 145 24 145
11 159 12 165
11 176 12 182
12 0 13 5
14 7 18 8
14 9 25 9
12 6 13 12
12 27 12 40
12 51 12 64
12 74 12 87
12 108 13 114
12 118 13 124
12 125 18 126
12 146 14 149
12 150 14 151
12 152 25 152
13 13 26 13
13 18 13 31
13 32 14 38
13 39 19 40
13 46 19 47
13 48 19 49
13 51 13 64
13 65 14 71
13 74 13 87
13 127 14 133
13 155 19 156
13 159 14 165
13 171 19 172
13 173 19 174
13 176 14 182
14 0 15 6
14 11 18 12
14 18 15 24
14 25 15 31
14 51 14 64
14 74 14 87
14 98 19 99
14 100 19 101
13 102 19 103
14 108 15 114
14 118 15 124
14 188 20 189
14 190 27 190
15 32 16 38
15 51 15 64
15 65 16 71
15 74 15 87
15 127 21 128
15 129 21 130
15 131 21 132
15 133 28 133
15 146 28 146
15 147 21 148
15 149 18 151
15 159 16 165
15 176 16 182
16 0 17 6
16 18 16 31
16 51 16 64
16 74 16 87
16 108 17 114
16 118 17 124
16 166 22 167
16 168 22 169
17 18 17 31
17 32 18 38
17 51 17 64
17 65 18 71
17 74 17 87
17 153 23 154
17 159 18 165
17 176 18 182
17 183 23 184
17 185 23 186
17 187 30 187
18 0 19 6
18 14 18 24
20 28 31 28
18 25 19 31
18 41 24 42
18 51 18 64
18 72 18 85
18 86 24 87
18 88 24 89
18 90 24 91
18 93 24 94
18 96 24 97
18 104 18 117
18 118 19 124
18 134 19 140
18 141 31 141
18 143 24 144
19 7 25 8
19 10 22 12
19 14 20 20
19 21 25 22
19 23 25 24
19 32 20 38
19 51 19 64
19 65 19 78
19 79 20 85
19 104 19 117
19 125 32 125
19 126 32 126
19 149 25 150
19 151 32 151
19 159 20 165
19 176 20 182
20 0 21 6
20 25 25 26
20 27 31 27
20 29 33 29
20 30 26 31
20 39 26 40
20 44 20 57
20 58 21 64
20 65 20 78
20 98 20 111
20 112 21 118
20 119 26 120
20 121 26 122
20 123 26 124
20 134 21 140
20 155 26 156
20 171 26 172
20 173 26 174
20 175 33 175
21 14 22 20
21 32 22 38
21 44 21 57
21 65 21 78
21 79 22 85
21 98 22 104
21 105 22 111
21 159 22 165
21 176 22 182
21 188 27 189
22 0 28 1
22 2 28 3
22 4 35 4
22 5 28 6
22 44 22 57
22 58 22 71
22 72 23 78
22 112 23 118
22 127 28 128
22 129 28 130
22 131 28 132
22 134 23 140
22 147 28 148
23 10 36 10
23 11 29 12
23 14 24 20
23 32 24 38
23 44 23 57
23 58 23 71
23 79 24 85
23 98 23 111
23 157 23 170
23 176 24 182
24 44 24 57
24 58 24 71
24 72 25 78
24 98 24 111
24 112 25 118
24 134 25 140
24 153 30 154
24 157 24 170
24 183 30 184
24 185 30 186
25 14 26 20
25 32 26 38
25 41 25 54
25 55 25 68
25 69 31 70
25 71 38 71
25 79 26 85
25 86 25 99
25 100 26 106
25 107 31 108
25 109 31 110
25 111 38 111
25 142 31 143
25 144 31 145
25 157 25 170
25 176 26 182
26 7 32 8
26 9 39 9
26 21 32 22
26 23 32 24
26 41 26 54
26 55 26 68
26 72 27 78
26 86 26 99
26 112 27 118
26 134 27 140
26 149 32 150
26 152 39 152
26 157 26 170
27 13 28 19
27 20 40 20
26 25 32 26
27 30 27 43
27 44 27 57
27 58 28 64
27 65 33 66
27 67 33 68
27 79 27 92
27 93 27 106
27 119 33 120
27 121 33 122
27 123 33 124
27 155 27 168
27 169 33 170
27 171 33 172
27 173 33 174
27 176 28 182
28 30 28 43
28 44 28 57
28 72 28 85
28 86 28 99
28 100 29 106
28 112 29 118
28 134 29 140
28 155 28 168
28 188 34 189
28 190 41 190
29 0 35 1
29 2 35 3
29 5 35 6
29 13 30 19
29 30 29 43
29 44 29 57
29 58 30 64
29 72 29 85
29 86 29 99
29 127 30 133
29 146 35 147
29 148 42 148
29 155 30 161
29 162 30 168
29 176 30 182
30 11 36 12
30 30 30 43
30 44 30 57
30 72 30 85
30 86 30 99
30 100 31 106
30 112 31 118
30 134 31 140
31 13 32 19
31 30 31 43
31 44 31 57
31 58 32 64
31 72 31 85
31 86 31 99
31 127 32 133
31 153 31 166
31 167 37 168
31 176 32 182
31 183 37 184
31 185 37 186
31 187 44 187
32 27 38 28
32 30 32 43
32 44 32 57
32 69 38 70
32 72 32 85
32 86 32 99
32 100 33 106
32 107 38 108
32 109 38 110
32 112 33 118
32 134 33 140
32 141 38 142
32 143 38 144
32 145 42 145
32 153 32 166
33 7 39 8
33 13 34 19
33 21 39 22
33 23 39 24
33 25 39 26
33 30 33 43
33 44 33 57
33 58 34 64
33 72 33 85
33 86 33 99
33 125 34 131
33 132 39 133
33 149 39 150
33 151 46 151
33 153 33 166
33 176 34 182
34 29 34 42
34 43 34 56
34 57 47 57
34 65 40 66
34 67 40 68
34 72 34 85
34 86 34 99
34 100 35 106
34 112 35 118
34 119 40 120
34 121 40 122
34 123 47 123
34 124 47 124
34 134 35 140
34 153 34 166
34 169 35 175
35 13 36 19
35 29 35 42
35 43 35 56
35 58 36 64
35 72 35 85
35 86 35 99
35 125 36 131
35 153 35 166
35 176 36 182
35 188 41 189
36 0 37 6
36 29 36 42
36 43 36 56
36 72 36 85
36 86 36 99
36 100 42 101
36 102 42 103
36 104 42 105
36 106 49 106
36 112 37 118
36 134 37 140
36 146 42 147
36 153 36 166
36 169 37 175
37 10 38 16
37 17 43 18
37 19 50 19
37 29 37 42
37 43 37 56
37 58 38 64
37 72 37 85
37 86 37 99
37 125 38 131
37 153 37 166
37 176 38 182
38 0 39 6
38 29 38 42
38 43 38 56
38 72 38 85
38 86 38 99
38 112 39 118
38 134 39 140
38 153 38 166
38 167 39 173
38 174 44 175
38 184 44 185
38 186 51 186
39 10 40 16
39 27 39 40
39 41 39 54
39 55 45 56
39 58 40 64
39 69 39 82
39 83 39 96
39 97 45 98
39 99 52 99
39 107 45 108
39 109 45 110
39 111 52 111
39 125 40 131
39 141 45 142
39 143 45 144
39 153 39 166
39 176 40 181
39 182 45 183
40 0 41 6
40 7 46 8
40 9 53 9
40 21 40 34
40 35 40 48
40 49 46 50
40 51 46 52
40 53 46 54
40 69 46 70
40 71 46 72
40 73 40 86
40 87 41 93
40 94 46 95
40 96 53 96
40 112 41 118
40 132 41 138
40 139 46 140
40 149 46 150
40 152 40 165
40 166 41 172
40 173 53 173
41 10 42 16
41 20 41 33
41 34 41 47
41 48 54 48
41 58 42 64
41 65 47 66
41 67 47 68
41 73 41 86
41 119 47 120
41 121 47 122
41 125 42 131
41 152 41 165
41 176 47 177
41 178 47 179
41 180 47 181
42 0 43 6
42 20 42 33
42 34 42 47
42 73 42 86
42 87 48 88
42 89 55 89
42 90 55 90
42 92 46 93
42 112 43 118
42 132 43 138
42 152 42 165
42 166 43 172
42 188 48 189
42 190 55 190
43 10 44 16
43 20 43 33
43 34 43 47
43 58 44 64
43 73 43 86
43 100 49 101
43 102 49 103
43 104 49 105
43 125 44 131
43 146 49 147
43 148 56 148
43 152 43 165
44 0 45 6
44 17 50 18
44 20 44 33
44 34 44 47
44 73 44 86
44 112 45 118
44 132 45 138
44 152 44 165
44 166 45 172
45 10 46 16
45 20 46 26
45 27 45 40
45 41 46 47
45 58 46 64
45 73 45 86
45 125 46 131
45 152 45 165
45 174 51 175
45 184 51 185
45 187 58 187
46 0 47 6
46 27 46 40
46 55 52 56
46 73 46 86
46 97 52 98
46 107 52 108
46 109 52 110
46 112 52 113
46 114 52 115
46 116 52 117
46 118 59 118
46 132 47 138
46 141 52 142
46 143 52 144
43 145 56 145
46 152 46 164
46 167 47 172
46 182 52 183
47 7 53 8
47 10 48 16
47 20 47 33
47 34 47 47
47 49 53 50
47 51 53 52
47 53 53 54
47 58 48 64
47 69 47 82
47 83 53 84
47 85 53 86
47 91 49 94
47 95 60 95
47 125 48 131
47 139 53 140
47 149 47 162
47 163 53 164
46 165 52 166
48 0 49 6
48 20 48 32
49 34 61 34
48 33 48 46
48 47 61 47
48 57 61 57
48 65 48 78
48 79 54 80
48 81 54 82
48 119 54 120
48 121 54 122
48 123 54 124
48 132 49 138
48 149 48 162
48 167 54 168
48 169 54 170
48 171 54 172
48 176 54 177
48 178 50 181
49 10 50 16
49 20 49 33
49 35 50 41
49 42 55 43
49 44 55 45
49 46 62 46
49 58 49 71
49 72 50 78
49 87 55 88
49 125 50 131
49 149 49 162
49 188 55 189
50 0 51 6
50 20 50 33
50 58 50 71
50 91 56 92
50 93 56 94
50 100 51 106
50 132 51 138
50 146 56 147
50 149 50 162
51 10 51 23
51 24 52 30
51 31 57 32
51 33 64 33
51 35 51 41
51 58 51 71
51 72 52 78
51 125 52 131
51 149 51 162
51 178 57 179
51 180 57 181
52 0 53 6
52 10 52 23
52 58 52 71
52 100 53 106
52 132 53 138
52 149 52 162
52 174 58 175
52 184 58 185
52 186 65 186
53 10 53 23
53 24 54 30
52 35 53 41
53 55 66 55
53 56 66 56
53 58 53 71
53 72 54 78
53 97 59 98
53 99 66 99
53 107 54 113
53 114 58 115
53 116 59 117
53 125 54 131
53 141 59 142
53 143 59 144
53 149 53 162
53 165 59 166
53 182 59 183
54 0 54 13
54 14 55 20
54 21 60 22
54 23 67 23
54 35 55 41
54 49 60 50
54 51 60 52
54 53 60 54
54 58 54 71
54 83 60 84
54 85 60 86
54 96 67 96
54 100 55 106
54 132 60 133
54 134 55 140
54 149 55 155
54 156 60 157
54 158 60 159
54 160 60 161
54 162 60 163
54 164 67 164
54 173 67 173
55 0 55 13
55 24 56 30
55 48 68 48
55 58 55 71
55 72 61 73
55 74 56 80
55 81 61 82
55 107 56 113
55 119 56 125
55 126 61 127
55 128 68 128
55 129 61 130
55 131 68 131
55 167 61 168
55 169 61 170
55 171 61 172
55 176 61 177
56 0 57 6
56 7 62 8
56 9 62 10
56 11 57 17
56 18 62 19
56 20 69 20
56 35 57 41
56 42 62 43
56 44 62 45
56 58 56 71
56 87 62 88
56 89 62 90
56 100 57 106
56 134 57 140
56 149 57 155
56 188 62 189
56 190 69 190
57 24 58 30
57 58 57 71
57 74 58 80
57 91 62 92
57 93 62 94
57 107 58 113
57 119 58 125
57 145 63 146
57 147 63 148
58 0 59 6
58 11 59 17
58 31 64 32
58 35 64 36
58 37 64 38
58 39 64 40
58 41 71 41
58 58 58 71
58 100 59 106
58 134 59 140
58 149 59 155
58 178 64 179
58 180 64 181
59 24 60 30
59 58 59 71
59 74 60 80
59 107 65 108
59 109 65 110
59 111 65 112
59 113 62 115
59 119 60 125
59 174 65 175
59 184 65 185
59 187 72 187
60 0 66 1
60 2 66 3
60 4 66 5
60 6 73 6
60 11 61 17
60 58 60 71
60 97 66 98
60 100 66 101
60 102 66 103
60 104 66 105
60 106 72 106
60 116 66 117
60 118 73 118
60 134 61 140
60 141 66 142
60 143 66 144
60 149 61 155
60 165 66 166
60 182 66 183
61 21 67 22
61 24 62 30
61 49 67 50
61 51 67 52
61 53 67 54
61 58 61 71
61 74 62 80
61 83 67 84
61 85 67 86
61 95 74 95
61 119 62 125
61 132 67 133
61 156 62 162
61 163 74 163
62 11 63 17
62 34 75 34
62 47 75 47
62 57 62 70
62 71 68 72
62 73 75 73
62 81 68 82
62 126 68 127
62 129 68 130
62 134 63 140
62 149 63 155
62 167 68 168
62 169 68 170
62 171 68 172
62 176 68 177
63 7 69 8
63 9 69 10
63 18 69 19
63 24 64 30
63 42 69 43
63 44 69 45
63 46 76 46
63 57 63 70
63 74 64 80
63 87 69 88
63 89 76 89
63 90 64 94
63 113 69 114
63 115 76 115
63 119 64 125
63 156 64 162
63 188 69 189
64 11 77 11
64 12 70 13
64 14 70 15
64 16 70 17
64 57 64 70
64 134 70 135
64 136 70 137
64 138 70 139
64 140 77 140
64 145 65 151
64 152 70 153
64 154 70 155
65 24 66 30
65 31 71 32
65 33 78 33
65 35 71 36
65 37 71 38
65 39 71 40
65 57 65 70
65 74 66 80
65 90 78 90
65 91 71 92
65 93 78 93
65 119 66 125
65 156 66 162
65 178 78 178
65 179 71 180
65 181 78 181
66 57 67 63
66 64 72 64
66 65 72 66
66 67 72 68
66 69 72 70
66 94 79 94
66 107 72 108
66 109 72 110
66 111 72 112
66 145 67 151
66 174 72 175
66 184 72 185
66 186 79 186
67 0 73 1
67 2 73 3
67 4 73 5
67 24 73 24
67 25 73 26
67 27 73 28
67 29 73 30
67 55 73 56
67 74 68 80
67 97 68 103
67 104 73 105
67 116 73 117
67 119 68 125
67 141 71 142
67 143 71 144
67 156 68 162
67 165 73 166
67 182 71 183
68 21 74 22
68 49 74 50
68 51 74 52
68 53 74 54
68 57 69 63
68 83 74 84
68 85 74 86
68 96 81 96
68 132 74 133
68 145 69 151
68 164 81 164
68 173 81 173
69 48 82 48
69 71 75 72
69 74 70 80
69 81 75 82
69 97 70 103
69 119 70 125
69 126 75 127
69 128 75 129
69 130 75 131
69 156 70 162
69 167 75 168
69 169 75 170
69 171 75 172
69 176 75 177
70 7 76 8
70 9 76 10
70 18 76 19
70 20 83 20
70 42 75 43
70 44 76 45
70 57 71 63
70 87 76 88
70 113 76 114
70 145 76 146
70 147 76 148
70 149 76 150
70 151 83 151
70 188 76 189
70 190 83 190
71 12 77 13
71 14 77 15
71 16 77 17
71 74 72 80
71 97 72 103
71 119 72 125
71 134 77 135
71 136 77 137
71 138 77 139
71 152 72 158
71 159 77 160
71 161 77 162
72 31 78 32
72 35 73 41
72 57 73 63
72 91 78 92
72 179 78 180
73 23 86 23
73 64 78 65
73 66 86 66
73 67 79 68
73 69 79 70
73 74 74 80
73 97 74 103
73 107 79 108
73 109 79 110
73 111 76 112
73 119 74 125
73 152 74 158
73 174 79 175
73 184 79 185
73 187 86 187
74 0 75 6
74 24 75 30
74 35 75 41
74 55 75 61
74 62 80 63
74 104 80 105
73 106 86 106
74 116 80 117
74 118 87 118
75 141 79 142
72 141 74 144
74 165 80 166
72 182 78 183
75 21 81 22
75 49 81 50
75 51 81 52
75 53 81 54
75 74 76 80
75 83 81 84
75 85 88 85
75 86 88 86
75 95 88 95
75 97 76 103
75 119 76 122
75 132 81 133
75 144 88 144
75 152 76 158
75 163 88 163
76 0 77 6
76 24 77 30
76 34 77 40
76 41 79 43
76 47 89 47
76 55 77 61
76 71 82 72
76 73 89 73
76 81 82 82
76 126 82 127
76 128 82 129
76 130 82 131
76 167 89 167
76 168 82 169
76 170 82 171
76 172 89 172
76 176 82 177
77 7 83 8
77 9 83 10
77 18 83 19
77 44 83 45
77 46 90 46
77 74 78 80
77 87 83 88
77 89 86 89
77 97 78 103
77 113 83 114
77 115 90 115
77 119 83 120
77 121 83 122
75 123 78 125
77 145 83 146
77 147 83 148
77 149 83 150
77 152 78 158
77 188 83 189
78 0 79 6
78 11 79 17
78 24 79 30
78 34 79 40
78 55 79 61
78 134 79 140
78 159 84 160
78 161 84 162
79 31 85 32
79 33 92 33
79 74 80 80
79 90 85 91
79 92 85 93
79 97 80 103
79 123 85 124
79 125 92 125
79 152 80 158
79 178 85 179
79 180 85 181
79 182 85 183
80 0 81 6
80 11 81 17
80 24 81 30
80 34 81 40
80 41 93 41
80 42 86 43
80 55 81 61
79 64 85 65
80 67 86 68
80 69 86 70
80 94 93 94
80 107 86 108
80 109 83 110
77 111 83 112
80 134 81 139
80 140 82 143
80 174 86 175
80 184 85 185
80 186 93 186
81 62 87 63
81 74 82 80
81 97 82 103
81 104 87 105
81 116 87 117
81 152 82 158
81 165 87 166
82 0 83 6
82 11 83 17
82 21 87 22
82 24 83 30
82 34 83 40
82 49 83 55
82 56 88 57
82 58 88 59
82 60 88 61
82 83 95 83
82 84 95 84
82 96 95 96
82 132 83 138
82 139 95 139
82 164 95 164
82 173 95 173
83 48 96 48
83 71 96 71
83 72 96 72
83 74 84 80
83 81 89 82
83 97 84 103
83 126 89 127
83 128 89 129
83 130 89 131
83 140 89 141
83 142 86 143
83 152 84 158
83 168 89 169
83 170 89 171
83 176 89 177
84 0 85 6
84 7 84 20
84 24 85 30
84 34 90 35
84 36 90 37
84 38 90 39
84 40 97 40
84 44 90 45
84 49 85 55
84 87 90 88
84 109 86 112
84 113 90 114
84 119 90 120
84 121 90 122
84 132 85 138
84 145 85 151
84 188 90 189
84 190 97 190
85 7 85 20
85 74 91 75
85 76 91 77
85 78 91 79
85 80 98 80
85 97 91 98
85 99 91 100
85 101 91 102
85 103 98 103
85 152 86 158
85 159 91 160
85 161 91 162
86 0 86 13
86 14 87 20
86 24 87 30
86 31 99 31
86 32 99 32
86 49 87 55
86 64 99 64
86 65 99 65
86 91 92 92
86 93 99 93
86 123 92 124
86 132 87 138
86 145 87 151
86 178 92 179
88 180 90 182
86 180 87 185
87 0 87 13
87 23 100 23
87 42 93 43
87 66 93 67
87 68 93 69
87 70 100 70
87 89 93 90
87 106 88 112
87 152 88 158
87 174 93 175
87 187 100 187
88 0 88 13
88 14 89 17
88 24 89 30
88 49 89 55
88 62 94 63
88 104 94 105
88 116 94 117
88 118 101 118
88 132 89 138
88 145 89 151
88 165 94 166
88 183 94 184
88 185 101 185
89 0 89 13
88 18 89 22
89 56 95 57
89 58 95 59
89 60 95 61
89 85 95 86
89 95 102 95
89 106 90 112
89 144 102 144
89 152 90 158
89 163 102 163
90 0 90 13
90 14 91 20
90 24 91 30
90 47 103 47
90 49 91 55
90 73 103 73
90 81 96 82
90 126 91 132
90 133 96 134
90 135 96 136
90 137 96 138
90 140 96 141
94 142 103 142
87 142 93 143
90 145 91 151
90 167 96 168
90 169 96 170
90 171 96 172
90 176 96 177
91 0 91 13
91 34 97 35
91 36 97 37
91 38 97 39
91 44 94 46
91 87 97 88
91 106 92 112
91 113 97 114
91 115 104 115
91 119 97 120
91 121 97 122
91 152 92 158
91 180 94 182
91 188 104 188
91 189 104 189
92 0 92 13
92 14 93 20
92 21 105 21
92 24 93 30
92 49 93 55
92 74 98 75
92 76 98 77
92 78 98 79
92 97 95 98
92 99 98 100
92 101 98 102
92 126 93 132
92 145 93 151
92 159 98 160
92 161 98 162
93 0 93 13
93 33 106 33
93 91 97 92
93 106 94 112
93 123 99 124
93 125 106 125
93 152 94 158
93 178 99 179
94 0 94 13
94 14 95 20
94 24 95 30
94 41 100 42
94 43 107 43
94 49 95 55
94 66 100 67
94 68 100 69
94 89 107 89
94 94 107 94
94 126 95 132
94 143 107 143
94 145 95 151
94 174 100 175
94 186 103 186
95 0 95 13
95 44 101 45
95 46 108 46
95 62 101 63
95 104 96 110
95 111 101 112
95 116 100 117
95 152 101 153
95 154 101 155
95 156 101 157
95 158 108 158
95 165 101 166
95 180 101 181
95 182 101 183
95 184 108 184
96 0 96 13
96 14 97 20
96 24 97 30
96 49 97 55
96 56 102 57
96 58 109 58
96 59 102 60
96 61 109 61
96 83 109 83
96 84 102 85
96 86 109 86
96 96 99 98
96 126 102 127
96 128 102 129
96 130 102 131
96 132 109 132
96 139 109 139
96 145 97 151
96 164 109 164
96 173 109 173
97 0 97 13
97 48 110 48
97 71 103 72
97 81 103 82
97 104 98 110
97 133 103 134
97 135 103 136
97 137 103 138
97 140 103 141
97 167 110 167
97 168 103 169
97 170 103 171
97 172 110 172
97 176 103 177
98 0 98 13
98 14 99 20
98 24 99 30
98 34 99 40
98 49 99 55
98 87 111 87
98 90 101 92
98 113 104 114
98 119 104 120
98 121 104 122
98 145 99 151
98 190 111 190
99 0 100 6
99 7 105 8
99 9 105 10
99 11 105 12
99 13 112 13
99 22 112 22
99 74 100 80
99 99 105 100
99 101 100 107
99 108 105 109
99 110 112 110
99 159 105 160
99 161 105 162
100 14 101 20
100 24 106 25
100 26 101 32
100 34 101 40
100 49 106 50
100 51 106 52
100 53 113 53
100 54 106 55
100 64 106 65
100 88 113 88
100 93 113 93
100 96 106 97
100 123 106 124
100 145 101 151
100 178 106 179
101 0 102 6
101 23 114 23
101 41 107 42
101 66 107 67
101 68 107 69
101 70 114 70
101 74 102 80
101 98 114 98
101 101 102 107
101 174 107 175
101 187 114 187
102 14 108 15
102 16 108 17
102 18 108 19
102 20 115 20
102 26 103 32
102 34 103 40
102 44 108 45
102 62 108 63
102 90 108 91
102 92 115 92
102 111 115 111
102 112 115 112
101 116 107 117
102 118 115 118
102 145 103 151
102 152 115 152
102 153 108 154
102 155 108 156
102 157 115 157
102 165 108 166
102 180 108 181
102 182 108 183
102 185 115 185
103 0 104 6
103 56 109 57
103 59 109 60
103 74 104 80
103 84 109 85
103 95 116 95
103 101 109 102
103 103 109 104
103 105 109 106
103 107 116 107
103 126 109 127
103 128 109 129
103 130 109 131
103 144 116 144
103 163 116 163
104 26 105 32
104 34 105 40
104 47 117 47
104 71 110 72
104 73 117 73
104 81 110 82
104 133 110 134
104 135 110 136
104 137 110 138
104 140 110 140
104 141 110 142
104 145 105 151
104 168 110 169
104 170 110 171
104 176 110 177
105 0 106 6
105 74 106 80
105 113 111 114
105 115 118 115
105 119 111 120
105 121 111 122
105 188 111 189
106 7 112 8
106 9 112 10
106 11 112 12
106 21 119 21
106 26 107 32
106 34 107 40
106 99 112 100
106 108 112 109
106 145 107 151
106 159 112 160
106 161 112 162
107 0 108 6
107 24 113 25
107 33 120 33
107 49 113 50
107 51 113 52
107 54 113 55
107 64 113 65
107 74 108 80
107 96 113 97
107 123 113 124
107 125 120 125
107 178 113 179
108 26 109 32
108 34 109 40
108 41 113 42
108 43 121 43
108 66 114 67
108 68 114 69
108 89 121 89
108 94 121 94
108 117 121 117
108 143 121 143
108 145 109 151
108 174 114 175
104 186 117 186
109 0 110 6
109 14 122 14
109 15 122 15
109 16 115 17
109 18 115 19
109 44 115 45
109 46 122 46
109 62 115 63
109 74 110 80
109 90 115 91
109 153 115 154
109 155 115 156
109 158 122 158
109 165 115 166
109 180 115 181
109 182 115 183
109 184 122 184
110 26 111 32
110 34 111 40
110 56 116 57
110 58 116 59
110 60 116 61
110 83 116 84
110 85 116 86
110 101 111 106
110 126 111 132
110 139 117 139
110 145 111 151
110 164 123 164
110 173 123 173
111 0 112 6
111 48 124 48
111 71 117 72
111 74 112 80
111 81 124 81
111 82 124 82
111 133 116 134
111 135 116 136
111 137 117 138
111 140 117 140
111 141 117 142
111 167 117 168
111 169 117 170
111 171 117 172
111 176 117 177
112 26 113 32
112 34 113 40
112 87 125 87
112 101 125 101
112 102 118 103
112 104 118 105
112 106 125 106
112 113 125 113
112 114 125 114
112 119 118 120
112 121 118 122
112 126 118 127
112 128 118 129
112 130 118 131
112 132 125 132
112 145 113 151
112 188 118 189
112 190 125 190
113 0 113 13
113 22 126 22
113 74 114 80
113 99 119 100
113 108 119 109
113 110 126 110
113 116 126 116
113 159 119 160
113 161 119 162
114 0 114 13
114 24 115 30
114 31 120 32
114 34 115 39
114 51 115 55
114 64 120 65
114 88 127 88
114 93 127 93
114 96 120 97
114 123 120 124
114 145 115 151
114 178 120 179
115 0 115 13
115 23 128 23
114 40 117 42
115 66 121 67
115 68 121 69
115 70 128 70
115 74 116 80
115 98 128 98
115 174 128 174
115 175 128 175
115 187 128 187
116 0 116 13
116 16 122 17
116 18 122 19
116 20 129 20
116 24 117 30
116 34 121 35
116 36 122 37
116 38 122 39
116 44 122 45
116 51 117 55
116 62 122 63
116 90 121 91
116 92 127 92
116 111 122 112
116 118 129 118
116 145 117 151
116 152 122 153
116 154 122 155
116 156 122 157
116 165 122 166
116 180 129 180
116 181 119 183
116 185 129 185
117 0 118 6
117 7 118 13
117 56 123 57
117 58 123 59
117 60 123 61
117 74 118 80
117 83 123 84
117 85 123 86
117 95 130 95
117 107 130 107
117 144 130 144
117 163 130 163
118 24 119 30
118 40 128 40
118 41 124 42
118 47 131 47
118 51 119 55
118 71 124 72
118 73 131 73
120 133 124 134
117 133 119 136
118 137 131 137
118 138 124 139
118 140 124 141
118 142 131 142
118 145 119 151
118 167 124 168
118 169 124 170
118 171 124 172
118 176 124 177
119 0 119 13
119 74 120 80
119 102 125 103
119 104 125 105
119 115 126 115
119 119 125 120
119 121 125 122
119 126 132 126
119 127 125 128
119 129 125 130
119 131 132 131
119 188 125 189
120 0 120 13
120 21 133 21
120 24 121 30
121 49 133 49
114 49 120 50
120 51 126 52
120 53 126 54
120 55 133 55
120 99 126 100
120 108 126 109
120 135 126 136
120 146 126 147
120 148 126 149
120 150 126 151
120 159 126 160
120 161 126 162
120 181 126 182
120 183 133 183
121 0 121 13
121 31 127 32
121 33 127 33
121 64 127 65
121 74 122 80
121 96 127 97
121 123 127 124
121 125 134 125
121 145 134 145
121 178 127 179
122 0 122 13
122 24 123 30
122 43 135 43
122 66 128 67
122 68 128 69
122 89 125 91
122 94 135 94
122 117 133 117
122 143 132 143
123 0 123 13
123 14 129 15
123 16 129 17
123 18 129 19
123 36 125 39
123 44 129 45
123 46 136 46
123 62 129 63
123 74 124 80
123 111 129 112
123 152 124 158
123 165 129 166
123 184 136 184
124 0 124 13
124 24 125 30
124 50 137 50
124 56 130 57
124 58 130 59
124 60 130 61
124 83 130 84
124 85 130 86
124 164 137 164
124 173 137 173
125 0 125 13
122 34 128 35
126 36 138 36
126 37 131 38
125 41 131 42
125 48 138 48
125 71 131 72
125 74 126 80
125 81 131 82
125 133 131 134
125 138 138 138
125 139 138 139
125 140 131 141
125 152 126 158
125 167 131 168
125 169 131 170
125 171 131 172
125 176 131 177
125 186 138 186
126 0 126 13
126 24 127 30
126 87 139 87
126 89 132 90
126 91 139 91
126 101 132 102
126 103 132 104
126 105 132 106
126 113 132 114
126 119 132 120
126 121 132 122
126 127 139 127
126 128 132 129
126 130 139 130
126 132 139 132
126 188 132 189
126 190 139 190
127 0 127 13
127 22 140 22
127 51 133 52
127 53 133 54
127 74 128 80
127 99 133 100
127 108 133 109
127 110 133 110
127 115 133 116
127 135 131 136
127 146 127 159
127 160 133 161
127 162 140 162
127 181 133 182
128 0 128 13
128 24 129 30
128 31 141 31
128 32 134 33
128 64 134 65
128 88 141 88
135 93 141 93
128 96 134 97
128 123 134 124
128 146 128 159
128 178 134 179
129 0 129 13
129 23 142 23
129 35 142 35
129 39 135 40
129 66 135 67
129 68 135 69
129 70 137 70
129 74 130 80
129 98 142 98
129 146 129 159
129 174 135 175
129 187 142 187
130 0 130 13
130 14 131 20
130 24 131 30
130 44 136 45
130 62 136 63
128 92 134 93
130 111 136 112
130 118 143 118
130 146 130 159
130 165 136 166
130 180 140 180
130 185 143 185
131 0 131 13
131 56 137 57
131 58 137 59
131 60 137 61
131 74 132 80
131 83 137 84
131 85 137 86
131 95 144 95
131 107 143 107
131 144 144 144
131 146 131 159
131 163 144 163
132 0 132 13
132 14 138 15
132 16 138 17
132 18 138 19
132 20 145 20
132 24 133 30
132 34 145 34
132 37 138 38
132 41 138 42
132 47 145 47
132 71 138 72
132 73 145 73
132 81 138 82
132 133 138 134
132 135 135 137
132 140 145 140
132 141 138 142
132 146 132 159
132 167 145 167
132 168 145 168
132 169 138 170
132 171 138 172
132 176 138 177
133 0 134 6
133 7 134 13
133 74 134 80
133 89 139 90
133 101 139 102
133 103 139 104
133 105 139 106
133 113 139 114
133 119 139 120
133 121 139 122
133 126 146 126
133 128 139 129
133 131 146 131
133 146 134 152
133 153 134 159
133 188 139 189
134 21 147 21
134 24 135 30
134 49 147 49
134 51 140 52
134 53 140 54
134 55 147 55
134 99 140 100
134 108 147 108
134 109 140 110
138 115 147 115
134 115 137 117
134 160 140 161
134 181 140 181
134 183 147 183
135 0 135 13
135 32 141 33
135 64 141 65
135 74 136 80
135 92 148 92
135 96 141 97
135 123 141 124
135 125 148 125
135 145 135 158
135 159 148 159
135 178 141 179
136 0 136 13
136 24 137 30
136 39 149 39
136 40 149 40
136 43 149 43
136 66 149 66
136 67 142 68
136 94 149 94
136 135 142 136
136 137 149 137
133 143 146 143
136 145 136 158
136 174 142 175
137 0 137 13
137 44 143 45
137 46 150 46
137 62 143 63
137 74 138 80
137 111 143 112
137 145 137 158
137 165 143 166
137 184 150 184
138 0 138 13
138 24 139 30
138 50 151 50
138 56 144 57
138 58 144 59
138 60 144 61
138 69 144 70
138 83 144 84
138 85 144 86
138 117 151 117
138 145 138 158
138 164 149 164
138 173 151 173
139 0 139 13
139 14 145 15
139 16 145 17
139 18 145 19
139 36 145 37
139 38 151 38
139 41 145 42
139 48 152 48
139 71 145 72
139 74 140 80
139 81 145 82
139 133 145 134
139 138 145 139
139 141 145 142
139 145 139 158
139 169 145 170
139 171 145 172
139 176 142 177
139 186 152 186
140 0 140 13
140 24 141 30
140 87 153 87
140 89 146 90
140 91 153 91
140 101 146 102
140 103 146 104
140 105 146 106
140 113 146 114
140 119 146 120
140 121 146 122
140 127 153 127
140 128 153 128
140 129 146 130
140 132 153 132
140 145 140 158
140 188 146 189
140 190 153 190
141 0 141 13
141 22 154 22
141 51 147 52
141 53 147 54
141 74 142 80
141 99 147 100
141 109 147 110
141 145 141 158
141 160 147 161
141 162 154 162
141 180 147 181
134 182 147 182
142 0 142 13
142 24 143 30
142 31 148 32
142 33 155 33
142 64 148 65
142 88 155 88
142 93 155 93
142 96 148 97
142 123 155 123
142 124 155 124
142 145 148 146
142 147 148 148
142 149 143 155
142 156 148 157
142 158 155 158
142 178 148 179
143 0 143 13
143 23 156 23
143 35 156 35
143 67 149 68
143 74 144 80
143 98 156 98
143 116 156 116
143 135 149 136
143 174 156 174
143 175 146 177
143 187 156 187
144 0 144 13
144 24 145 30
144 44 150 45
144 62 150 63
144 111 150 112
144 118 157 118
144 149 145 155
144 165 150 166
144 185 157 185
145 0 145 13
145 56 151 57
145 58 151 59
145 60 151 61
145 69 151 70
145 74 146 80
145 83 151 84
145 85 158 85
145 86 158 86
145 95 158 95
144 107 157 107
145 144 158 144
145 163 158 163
146 0 146 13
146 14 147 20
146 24 147 30
146 34 159 34
146 36 152 37
146 41 152 42
146 47 159 47
146 71 152 72
146 73 159 73
146 81 152 82
146 133 152 134
146 138 152 139
146 140 152 141
146 142 159 142
146 149 147 155
146 167 152 168
146 169 152 170
146 171 152 172
147 0 147 13
147 74 148 80
147 89 153 90
147 101 153 102
147 103 153 104
147 105 153 106
147 113 153 114
147 119 153 120
147 121 153 122
147 126 160 126
147 129 153 130
147 131 160 131
147 143 160 143
147 175 152 176
147 177 159 177
147 188 153 189
148 0 148 13
148 14 149 20
148 21 161 21
148 24 149 30
148 49 161 49
148 51 154 52
148 53 151 55
148 99 154 100
148 108 154 109
148 110 161 110
148 115 161 115
148 149 149 155
148 160 154 161
148 180 154 181
148 182 154 183
149 0 149 13
149 31 155 32
149 64 155 65
149 74 150 80
149 92 162 92
149 96 155 97
149 125 162 125
149 145 155 146
149 147 155 148
149 156 155 157
149 159 162 159
149 178 154 179
150 0 150 13
150 14 151 20
150 24 151 30
150 39 156 40
150 43 163 43
150 66 156 67
150 68 163 68
150 94 163 94
150 135 156 136
150 137 163 137
150 149 151 155
151 0 151 13
151 44 157 45
151 46 164 46
151 62 157 63
151 74 152 80
151 111 157 112
151 165 157 166
151 184 163 184
152 0 152 13
152 14 153 20
152 24 153 30
152 50 165 50
152 53 153 59
152 60 158 61
152 69 158 70
152 83 158 84
152 117 165 117
152 149 153 155
150 164 163 164
152 173 165 173
153 0 153 13
153 36 159 37
152 38 165 38
153 41 159 42
153 48 166 48
153 71 159 72
153 74 154 80
153 81 159 82
153 133 159 134
153 138 159 139
153 140 159 141
153 167 159 168
153 169 159 170
153 171 159 172
153 186 164 186
154 0 155 6
154 7 155 13
154 14 155 20
154 24 160 25
154 26 160 27
154 28 160 29
154 30 167 30
154 53 155 59
154 87 167 87
154 89 160 90
154 91 167 91
154 101 160 102
154 103 160 104
154 105 157 106
154 113 160 114
154 119 160 120
154 121 160 122
154 127 160 128
154 129 160 130
154 132 167 132
154 149 155 155
153 175 159 176
154 188 160 189
154 190 167 190
155 22 168 22
155 51 161 52
155 74 156 80
155 99 161 100
155 108 161 109
155 160 161 161
155 162 168 162
155 180 161 181
155 182 161 183
156 0 157 6
156 7 156 20
156 31 169 31
156 32 169 32
156 33 169 33
156 53 157 59
156 64 162 65
156 88 169 88
156 93 169 93
156 96 162 97
156 123 162 124
156 145 156 158
155 178 161 179
157 7 157 20
157 23 170 23
157 35 170 35
157 39 163 40
157 66 163 67
157 74 158 80
157 98 170 98
157 116 165 116
157 135 163 136
157 145 157 158
157 174 170 174
157 187 170 187
158 0 158 13
158 14 159 20
158 44 164 45
158 53 159 59
158 62 164 63
158 105 161 107
158 111 171 111
158 112 171 112
158 118 171 118
158 145 158 158
158 165 164 166
158 185 171 185
159 0 159 13
159 60 165 61
159 69 165 70
159 74 160 80
159 83 165 84
159 85 165 86
159 95 172 95
159 144 159 157
159 158 167 158
159 163 172 163
160 0 160 13
160 14 161 20
160 34 173 34
160 36 166 37
160 41 166 42
160 47 173 47
160 53 161 59
160 71 166 72
160 73 173 73
160 81 166 82
160 133 166 134
160 138 166 139
160 140 166 141
160 142 173 142
160 144 160 157
160 167 166 168
160 169 166 170
160 171 166 172
160 175 173 175
160 176 166 177
161 0 161 13
161 24 167 25
161 26 167 27
161 28 167 29
161 74 162 80
161 89 167 90
161 101 167 102
161 103 167 104
161 113 167 114
161 119 167 120
161 121 167 122
161 126 167 127
161 128 167 129
161 130 167 131
161 143 161 155
161 156 167 157
161 188 167 189
162 0 162 13
162 14 163 20
162 21 175 21
162 49 175 49
162 51 168 52
162 53 168 54
162 55 175 55
162 56 175 56
162 57 168 58
162 59 175 59
162 99 168 100
162 105 167 106
162 107 164 110
162 115 174 115
162 143 163 149
162 150 168 151
162 152 164 155
162 160 168 161
162 178 163 183
163 0 163 13
163 64 169 65
163 74 164 80
163 92 176 92
163 96 169 97
163 123 169 124
163 125 176 125
163 159 176 159
164 0 164 13
164 14 165 20
164 39 170 40
164 43 177 43
164 66 170 67
164 68 177 68
164 94 177 94
164 135 170 136
164 137 177 137
164 143 165 149
164 164 177 164
164 178 165 184
165 0 165 13
165 44 171 45
165 46 178 46
165 62 171 63
165 74 166 80
165 108 178 108
165 109 178 109
165 110 178 110
165 152 171 153
165 154 171 155
165 165 171 166
166 0 166 13
166 14 167 20
166 38 179 38
166 50 179 50
166 60 172 61
166 69 172 70
166 83 172 84
166 85 172 86
172 116 178 117
166 143 167 149
166 173 179 173
166 178 167 184
167 0 173 0
167 1 173 2
167 3 173 4
167 5 168 11
167 12 180 12
167 13 180 13
167 36 173 37
167 41 173 42
167 48 180 48
167 71 173 72
167 74 168 80
167 81 173 82
167 133 173 134
167 138 173 139
167 140 173 141
167 167 173 168
167 169 173 170
167 171 173 172
167 176 173 177
165 186 178 186
168 14 169 20
168 24 169 30
168 87 181 87
168 89 174 90
168 91 181 91
168 101 174 102
168 103 174 104
168 105 171 107
168 113 174 114
168 119 174 120
168 121 174 122
168 126 169 132
168 143 169 149
168 156 181 156
168 157 174 158
168 178 169 184
168 188 174 189
168 190 181 190
169 5 170 11
169 22 182 22
169 51 175 52
169 53 175 54
169 57 175 58
169 74 170 80
169 99 175 100
169 150 175 151
169 160 175 161
169 162 182 162
170 14 171 20
170 24 171 30
170 31 176 32
170 33 183 33
170 64 176 65
170 88 183 88
170 93 183 93
170 96 176 97
170 123 176 124
170 126 171 132
170 143 171 149
170 178 171 184
171 5 172 11
171 23 184 23
171 35 184 35
171 39 177 40
171 66 177 67
171 74 172 80
171 98 184 98
166 116 171 117
171 135 177 136
171 174 184 174
171 187 181 187
172 14 173 20
172 24 173 30
172 44 178 45
172 62 178 63
172 105 178 106
172 107 185 107
172 111 185 111
172 112 185 112
172 118 185 118
172 126 173 132
172 143 173 149
172 152 176 153
172 155 185 155
172 165 178 166
172 178 173 184
172 185 185 185
173 5 174 11
173 60 179 61
173 69 179 70
173 74 174 80
173 83 179 84
173 85 179 86
173 95 186 95
173 163 186 163
174 0 180 1
174 2 180 3
174 4 187 4
174 14 175 20
174 24 175 30
174 34 187 34
174 36 180 37
174 41 180 42
174 47 187 47
174 71 180 72
174 73 187 73
174 81 180 82
179 116 187 116
174 126 175 132
174 133 180 134
174 138 175 144
174 145 180 146
174 147 177 149
174 167 180 168
174 169 180 170
174 171 180 172
174 175 175 181
174 182 180 183
174 184 187 184
175 5 176 11
175 74 176 80
175 89 181 90
175 101 181 102
175 103 181 104
178 113 181 114
175 119 181 120
175 121 181 122
175 157 188 157
175 158 188 158
175 188 181 189
176 14 177 20
176 21 189 21
176 24 177 30
176 49 189 49
176 51 177 57
176 58 182 59
176 99 182 100
175 113 177 115
176 126 177 132
176 138 182 139
176 140 182 141
176 142 182 143
176 144 189 144
176 150 182 151
176 160 182 161
176 175 177 181
177 5 178 11
177 31 183 32
177 64 183 65
177 74 178 80
177 92 190 92
177 96 183 97
177 123 190 123
177 124 183 125
177 152 180 154
177 159 190 159
178 14 179 20
178 24 179 30
178 39 184 40
178 43 191 43
178 51 179 57
178 66 184 67
178 68 191 68
178 94 191 94
178 115 191 115
178 126 179 132
178 135 184 136
178 137 191 137
178 147 191 147
178 148 184 149
178 164 191 164
178 175 179 181
179 5 180 11
179 44 185 45
179 46 192 46
179 62 185 63
179 74 180 80
179 105 185 106
179 108 185 109
179 110 185 110
179 165 185 166
179 186 192 186
180 14 181 20
180 24 181 30
180 38 193 38
180 50 181 56
180 57 193 57
180 60 186 61
180 69 186 70
180 83 186 84
180 85 186 86
180 117 193 117
180 126 181 132
180 173 193 173
180 175 181 181
181 0 187 1
181 2 187 3
181 5 182 11
181 12 187 13
181 36 187 37
181 41 187 42
181 48 194 48
181 71 187 72
181 74 182 80
181 81 187 82
181 133 187 134
181 145 187 146
181 152 187 153
181 154 194 154
181 167 187 168
181 169 187 170
181 171 194 171
181 172 194 172
181 182 187 183
182 14 183 20
182 24 183 30
182 50 183 56
182 87 195 87
182 89 188 90
182 91 195 91
182 101 188 102
182 103 188 104
182 113 195 113
182 114 195 114
182 119 188 120
182 121 188 122
182 126 183 132
182 156 192 156
182 175 183 181
182 188 188 189
182 190 195 190
183 5 184 11
183 22 196 22
183 58 189 59
183 74 184 80
183 99 189 100
183 138 189 139
183 140 185 143
183 150 189 151
183 160 189 161
183 162 196 162
184 14 185 20
184 24 185 30
184 31 190 32
184 33 197 33
184 50 185 56
184 64 190 65
184 88 197 88
184 93 197 93
184 96 190 97
184 124 185 130
184 131 190 132
184 175 185 181
185 5 186 11
185 23 198 23
185 35 198 35
185 39 198 39
185 40 198 40
185 66 191 67
185 74 186 80
185 98 198 98
185 135 191 136
185 148 191 149
185 174 198 174
182 187 195 187
186 14 187 20
186 24 187 29
186 44 199 44
186 45 199 45
186 50 187 56
186 62 192 63
186 105 192 106
186 107 192 108
186 109 192 110
186 111 192 112
186 118 199 118
186 124 187 130
186 140 188 143
186 155 199 155
186 165 192 166
186 175 187 181
186 185 199 185
187 5 188 11
187 60 192 61
187 69 193 70
187 74 188 80
187 83 200 83
187 84 193 85
187 86 200 86
187 95 200 95
187 163 198 163
188 0 194 1
188 2 194 3
188 4 201 4
188 12 189 18
188 19 194 20
188 24 194 25
188 26 194 27
188 28 194 29
186 30 199 30
188 34 201 34
188 36 193 37
188 41 201 41
188 42 201 42
188 47 201 47
188 50 189 56
188 71 194 72
188 73 201 73
188 81 194 82
188 116 201 116
188 124 194 125
188 126 194 127
188 128 194 129
188 130 201 130
188 133 201 133
188 134 201 134
188 145 194 146
188 152 194 153
188 167 194 168
188 169 194 170
188 175 194 176
188 177 189 183
188 184 201 184
189 5 195 6
189 7 195 8
189 9 195 10
189 11 202 11
189 74 195 75
189 76 195 77
189 78 195 79
189 80 202 80
189 89 195 90
189 101 195 102
189 103 195 104
189 119 195 120
189 121 195 122
189 140 202 140
189 141 202 141
189 142 195 143
189 157 192 158
189 188 195 189
190 12 191 18
190 21 203 21
190 49 191 55
190 56 203 56
190 58 196 59
190 99 195 100
190 139 202 139
190 144 203 144
190 150 196 151
190 160 196 161
190 177 191 183
191 31 197 32
191 64 197 65
191 92 204 92
191 96 197 97
191 123 204 123
191 131 197 132
191 159 204 159
192 12 193 18
192 43 205 43
192 49 193 55
192 66 198 67
192 68 205 68
192 94 205 94
192 115 201 115
192 135 198 136
192 137 205 137
192 147 198 148
192 149 205 149
192 164 205 164
192 177 193 183
193 46 201 46
196 62 206 62
193 60 195 63
193 105 199 106
193 107 199 108
193 109 199 110
193 111 199 112
193 165 199 166
193 186 206 186
194 12 195 18
194 38 207 38
194 49 195 55
194 57 203 57
194 69 200 70
194 84 200 85
194 117 207 117
194 173 207 173
194 177 195 183
195 0 201 1
195 2 201 3
195 19 201 20
195 24 201 25
195 26 201 27
195 28 201 29
194 36 200 37
195 48 208 48
195 71 201 72
195 81 201 82
195 124 201 125
195 126 197 129
195 145 208 145
195 146 208 146
195 152 201 153
195 154 208 154
195 167 208 167
195 168 201 169
195 170 201 170
195 171 201 172
195 175 201 176
196 5 202 6
196 7 209 7
196 8 209 8
196 9 202 10
196 12 197 18
196 49 197 55
196 60 202 61
196 74 202 75
196 76 202 77
196 78 202 79
196 87 209 87
196 89 209 89
196 90 202 91
198 101 209 101
196 99 197 104
196 113 202 114
196 119 202 120
196 121 202 122
196 142 202 143
197 156 202 157
193 156 196 158
196 177 197 183
196 187 202 188
196 189 202 190
197 22 210 22
197 58 203 59
197 63 210 63
190 138 203 138
197 150 203 151
197 160 210 160
197 161 203 162
198 12 199 18
198 31 204 32
198 33 211 33
198 49 199 55
198 65 211 65
198 88 210 88
198 93 211 93
198 96 204 97
198 99 204 100
198 102 204 103
198 104 208 104
198 126 204 127
198 128 204 129
198 131 204 132
198 158 211 158
198 177 199 183
199 23 212 23
199 35 212 35
199 39 205 40
199 66 205 67
199 98 211 98
199 135 205 136
199 147 205 148
199 174 212 174
200 12 201 18
200 30 213 30
200 44 206 45
200 49 201 55
200 105 201 110
200 111 206 112
200 118 213 118
200 155 213 155
200 165 206 166
200 177 201 183
200 185 213 185
201 37 214 37
201 69 207 70
201 83 207 84
201 85 207 86
201 95 214 95
199 163 212 163
202 0 208 1
202 2 208 3
202 4 215 4
202 12 203 18
202 19 208 20
202 24 208 25
202 26 208 27
202 28 208 29
202 34 215 34
202 41 215 41
202 42 215 42
208 47 215 47
202 49 203 55
202 64 215 64
202 71 208 72
202 73 213 73
202 81 208 82
202 105 208 106
202 107 208 108
202 109 208 110
202 115 208 116
202 124 208 125
202 130 215 130
202 133 208 134
202 152 208 153
202 169 208 170
202 171 208 172
202 175 208 176
202 177 203 183
202 184 215 184
203 5 209 6
203 9 209 10
203 11 216 11
203 60 209 61
203 74 204 80
203 90 209 91
203 113 208 114
203 119 209 120
203 121 209 122
203 139 216 139
203 140 209 141
203 142 209 143
203 156 209 157
203 187 209 188
203 189 209 190
204 12 205 18
204 21 217 21
204 49 205 55
211 56 217 56
204 58 210 59
204 138 217 138
204 144 217 144
204 150 210 151
204 161 210 162
204 177 205 183
205 31 211 32
205 36 218 36
205 74 206 80
205 92 218 92
205 96 211 97
205 99 211 100
205 102 211 103
205 123 218 123
205 126 211 127
205 128 211 129
205 131 211 132
205 159 218 159
206 12 207 18
206 39 212 40
206 43 219 43
206 49 207 55
206 66 212 67
206 68 219 68
206 94 219 94
206 135 212 136
206 137 219 137
206 147 212 148
206 149 219 149
206 164 219 164
206 177 207 183
207 44 213 45
202 46 207 47
207 62 217 62
207 74 208 80
207 111 213 112
207 165 213 166
207 168 220 168
207 186 220 186
208 12 209 18
208 38 221 38
208 49 209 55
204 56 210 57
208 69 214 70
208 83 214 84
208 85 214 86
208 117 221 117
208 173 221 173
208 177 209 183
209 0 215 1
209 2 215 3
209 19 215 20
209 24 215 25
209 26 222 26
209 27 215 28
209 29 222 29
209 48 222 48
209 71 215 72
209 74 210 80
209 81 214 82
209 104 215 105
209 106 215 107
209 108 215 109
209 110 222 110
212 115 222 115
209 113 211 116
209 124 215 125
209 133 215 134
209 145 222 145
209 146 222 146
209 152 215 153
209 154 222 154
209 167 222 167
209 169 215 170
209 171 215 172
209 175 215 176
210 5 216 6
210 7 216 8
210 9 216 10
210 12 211 18
210 49 211 55
210 60 216 61
210 89 223 89
210 90 216 91
210 101 223 101
210 119 216 120
210 121 216 122
210 140 216 141
210 142 216 143
210 156 216 157
210 177 211 183
210 187 216 188
210 189 216 190
211 22 224 22
211 57 217 58
211 59 224 59
211 63 224 63
211 74 212 80
211 87 217 88
211 150 217 151
211 160 217 161
211 162 224 162
212 12 213 18
212 31 218 31
212 32 218 33
212 46 225 46
212 49 213 54
212 65 225 65
212 93 225 93
212 96 225 96
212 97 214 100
212 102 218 103
212 113 218 114
212 116 225 116
212 126 218 127
212 128 218 129
212 131 218 132
212 158 225 158
212 177 213 183
213 23 226 23
213 35 226 35
213 39 219 40
213 66 219 67
213 74 214 80
213 135 219 136
213 147 219 148
213 163 226 163
213 174 226 174
214 12 215 18
214 30 227 30
214 44 220 45
214 49 227 49
214 50 220 51
214 52 220 53
214 54 227 54
212 55 225 55
214 111 220 112
214 118 227 118
214 155 227 155
214 165 220 166
214 177 215 183
214 185 227 185
215 37 228 37
215 69 221 70
215 74 221 74
215 77 215 86
215 95 228 95
215 97 221 98
215 99 221 100
216 0 222 1
216 2 222 3
216 4 228 4
216 12 217 18
216 19 222 20
216 24 222 25
216 27 222 28
216 34 229 34
216 41 222 42
216 47 229 47
216 64 229 64
216 71 222 72
214 73 227 73
215 75 221 76
216 77 222 78
216 79 217 85
216 86 229 86
216 104 229 104
216 105 222 106
216 107 222 108
216 109 229 109
216 124 222 125
216 130 229 130
216 133 222 134
216 152 222 153
216 169 222 170
216 171 222 172
216 175 217 181
216 182 222 183
216 184 229 184
217 5 218 11
217 60 230 60
217 90 223 91
217 119 223 120
217 121 223 122
217 139 222 140
217 141 222 142
217 143 230 143
217 156 223 157
217 187 220 188
217 189 223 190
218 12 224 13
218 14 224 15
218 16 224 17
218 18 229 18
218 21 231 21
218 56 224 57
218 58 231 58
218 61 224 62
218 79 219 85
218 87 224 88
218 138 231 138
218 144 230 144
218 150 224 151
218 160 224 161
218 175 224 176
218 177 224 178
218 179 224 180
218 181 231 181
219 5 220 11
219 31 225 31
219 33 232 33
219 36 232 36
219 92 232 92
219 102 232 102
219 103 232 103
219 113 225 114
219 123 232 123
219 126 225 127
219 128 225 129
219 131 225 132
219 159 232 159
220 39 226 40
220 43 233 43
220 66 226 67
220 68 228 68
220 79 221 85
220 94 233 94
220 135 226 136
220 137 233 137
220 147 226 148
220 149 233 149
220 164 233 164
221 5 222 11
221 44 227 45
221 50 227 51
221 52 227 53
221 111 227 112
221 165 227 166
221 168 234 168
221 186 234 186
222 38 235 38
222 69 228 70
222 74 227 75
222 76 235 76
222 79 223 85
222 97 228 98
222 99 228 100
222 117 235 117
222 173 235 173
223 0 229 1
223 2 229 3
223 5 224 11
223 19 229 20
223 24 229 25
223 26 229 27
223 28 229 29
223 41 229 42
223 48 236 48
223 71 229 72
223 77 229 78
223 105 229 106
223 107 229 108
223 110 236 110
223 115 234 115
223 124 229 125
223 133 229 134
223 145 229 146
223 152 229 153
223 154 236 154
223 167 236 167
223 169 229 170
223 171 229 172
223 182 229 183
224 79 225 85
224 89 230 90
224 91 237 91
224 101 237 101
224 119 230 120
224 121 230 122
226 139 230 140
226 141 237 141
223 139 225 142
224 156 237 156
224 157 237 157
221 187 227 188
224 189 230 190
225 5 226 11
225 12 231 13
225 14 238 14
225 15 231 16
225 17 238 17
225 22 238 22
225 56 231 57
225 59 238 59
225 61 231 62
225 63 236 63
225 87 231 88
225 150 231 151
225 160 231 161
225 162 238 162
225 175 231 176
225 177 231 178
225 179 231 180
226 31 239 31
219 32 232 32
226 46 239 46
226 55 239 55
226 65 239 65
226 79 227 85
226 93 239 93
226 96 239 96
226 113 232 114
226 116 239 116
226 126 232 127
226 128 232 129
226 131 232 132
226 142 239 142
226 158 239 158
227 5 228 11
227 23 240 23
227 35 240 35
227 39 233 40
227 66 233 67
227 135 233 136
227 147 233 148
227 163 238 163
227 174 240 174
228 30 241 30
228 44 234 45
228 49 234 50
228 51 234 52
228 53 234 54
228 73 231 75
228 79 229 85
228 111 234 112
228 118 241 118
228 155 241 155
228 165 234 166
228 185 241 185
228 187 234 188
229 7 230 11
229 37 242 37
229 69 235 70
229 95 242 95
229 97 235 98
229 99 235 100
230 0 236 1
230 2 236 3
229 4 232 6
230 18 236 19
230 20 243 20
230 24 236 25
230 26 236 27
230 28 236 29
230 34 243 34
230 41 232 42
230 47 243 47
230 64 243 64
230 71 236 72
230 77 231 83
230 84 236 85
230 86 243 86
230 104 236 105
230 106 236 107
230 108 236 109
230 124 236 125
230 130 243 130
230 133 236 134
230 145 236 146
230 152 236 153
230 169 236 170
230 171 236 172
230 182 236 183
230 184 243 184
231 7 237 8
231 9 237 10
231 11 244 11
231 60 244 60
231 89 237 90
231 119 237 120
231 121 237 122
231 139 244 139
231 140 244 140
231 143 237 144
231 189 237 190
232 12 238 13
232 15 238 16
232 21 245 21
232 56 238 57
232 58 245 58
232 61 236 62
232 73 238 74
232 75 245 75
232 77 233 83
232 87 238 88
232 138 245 138
232 150 238 151
232 160 238 161
232 175 233 181
233 4 239 5
233 6 246 6
233 32 239 33
233 36 246 36
233 92 246 92
233 102 239 103
233 113 236 114
233 123 246 123
233 126 239 127
233 128 239 129
233 131 239 132
233 159 246 159
234 39 239 40
234 43 247 43
234 66 240 67
229 68 242 68
234 77 235 83
234 94 247 94
234 135 240 136
234 137 247 137
234 147 240 148
234 149 247 149
234 164 247 164
234 175 235 181
235 44 241 45
235 49 241 50
235 51 241 52
235 53 241 54
235 111 241 112
235 165 241 166
235 168 248 168
235 186 241 187
235 188 248 188
236 38 249 38
236 69 242 70
236 76 237 82
236 83 249 83
236 97 242 98
236 99 242 100
236 117 249 117
236 173 249 173
236 175 237 181
237 0 243 1
237 2 243 3
237 18 243 19
237 24 243 25
237 26 243 27
237 28 243 29
233 41 239 42
237 48 250 48
237 71 243 72
237 84 243 85
237 104 238 110
235 115 248 115
237 124 243 125
237 133 243 134
237 145 243 146
237 152 243 153
237 154 250 154
237 167 250 167
237 169 243 170
237 171 243 172
237 182 243 183
238 7 244 8
238 9 244 10
238 76 239 82
238 89 244 90
238 91 251 91
238 101 251 101
238 119 244 120
238 121 244 122
238 141 251 141
238 143 244 144
238 156 244 157
238 175 239 181
238 189 244 190
239 12 245 13
239 14 245 15
239 16 245 17
239 22 252 22
239 56 245 57
239 59 252 59
241 61 245 62
237 61 240 63
239 73 245 74
239 87 244 88
239 104 240 110
239 150 245 151
239 160 245 161
239 162 245 163
240 4 246 5
240 31 246 32
240 33 253 33
240 39 242 42
240 46 253 46
240 55 253 55
240 65 253 65
240 76 241 82
240 93 248 93
240 96 253 96
240 102 246 103
244 113 253 113
237 113 243 114
240 116 253 116
240 126 246 127
240 128 246 129
240 131 246 132
240 142 253 142
240 158 253 158
240 175 246 176
240 177 246 178
240 179 246 180
240 181 253 181
241 23 254 23
241 35 254 35
241 63 254 63
241 66 247 67
241 104 242 110
241 135 247 136
241 147 247 148
241 174 248 174
242 30 255 30
242 44 248 45
242 49 248 50
242 51 248 52
242 53 248 54
242 76 243 82
242 111 246 112
242 118 255 118
242 155 255 155
242 165 255 165
242 185 248 186
242 187 255 187
243 37 256 37
243 39 249 40
243 42 256 42
243 68 249 69
243 70 256 70
243 95 256 95
243 97 249 98
243 99 249 100
243 104 244 110
244 0 250 1
244 2 250 3
244 18 250 19
244 20 257 20
244 24 250 25
244 26 250 27
244 28 250 29
244 34 254 34
244 41 257 41
244 47 257 47
244 64 257 64
244 71 250 72
244 76 245 82
244 84 250 85
244 86 257 86
244 114 257 114
244 124 250 125
244 130 257 130
244 133 250 134
244 146 257 146
244 152 250 153
244 169 250 170
244 171 250 172
244 182 250 183
244 184 257 184
245 7 251 8
245 9 251 10
245 11 258 11
245 60 258 60
245 87 247 90
245 104 246 110
245 119 251 120
245 121 251 122
245 139 251 140
249 143 251 145
245 143 248 145
245 156 251 157
245 189 251 190
246 12 252 13
246 14 252 15
246 16 252 17
246 21 259 21
246 56 252 57
246 58 259 58
246 61 252 62
246 73 247 79
246 80 252 81
246 82 259 82
246 138 259 138
246 150 252 151
246 160 252 161
246 162 259 162
246 163 259 163
246 166 259 166
247 4 253 5
247 6 260 6
247 31 253 32
247 36 260 36
247 92 260 92
247 102 248 108
247 109 260 109
247 110 260 110
247 123 260 123
247 126 253 127
247 128 253 129
247 131 253 132
247 159 260 159
247 175 248 180
248 43 261 43
248 66 254 67
248 73 249 79
248 87 254 88
248 89 254 90
248 94 261 94
248 135 254 136
248 137 261 137
248 147 254 148
248 149 261 149
248 164 261 164
249 44 255 45
251 49 255 50
251 51 255 52
249 49 250 54
249 102 250 108
247 111 253 112
249 115 262 115
249 168 262 168
249 174 255 175
249 177 254 178
249 179 255 180
249 185 255 186
249 188 262 188
250 38 256 39
250 40 262 40
250 68 256 69
250 73 251 79
250 83 263 83
250 97 256 98
250 99 256 100
250 117 263 117
252 145 263 145
250 173 263 173
251 0 257 1
251 2 257 3
251 18 257 19
251 24 257 25
251 26 257 27
251 28 257 29
251 48 264 48
251 53 264 53
251 54 264 54
251 71 257 72
251 84 257 85
251 102 252 108
251 124 257 125
251 133 257 134
251 152 257 153
251 154 264 154
251 167 264 167
251 169 257 170
251 171 257 172
251 182 257 183
252 7 258 8
252 9 258 10
252 73 253 79
252 91 265 91
252 101 263 101
252 119 258 120
252 121 265 121
252 122 265 122
252 139 265 139
252 140 258 141
252 143 258 144
252 156 258 157
252 189 258 190
253 12 259 13
253 14 259 15
253 16 259 17
253 22 266 22
253 56 259 57
253 59 266 59
253 61 259 62
253 80 259 81
253 102 254 108
253 150 259 151
253 160 259 161
254 4 260 5
254 31 260 32
254 33 267 33
254 46 265 46
254 55 267 55
254 65 267 65
254 73 255 79
249 93 262 93
254 96 267 96
254 111 260 112
254 113 266 113
254 116 263 116
254 126 260 127
254 128 260 129
254 131 260 132
254 142 265 142
254 158 267 158
254 181 267 181
255 23 267 23
255 35 268 35
255 63 268 63
255 66 261 67
255 87 261 88
255 89 261 90
255 102 256 108
255 135 261 136
255 147 261 148
255 176 258 178
256 30 269 30
256 44 262 45
256 49 262 50
256 51 262 52
256 73 257 79
256 118 269 118
256 155 269 155
256 165 269 165
256 174 262 175
256 179 262 180
256 185 262 186
256 187 269 187
257 37 263 38
257 39 270 39
257 42 270 42
257 68 263 69
257 70 269 70
257 95 270 95
257 97 263 98
257 99 263 100
257 102 258 108
258 0 264 1
258 2 264 3
258 18 264 19
258 20 271 20
258 24 264 25
258 26 264 27
258 28 264 29
255 34 268 34
258 41 270 41
258 47 271 47
258 64 271 64
258 71 259 77
258 78 264 79
258 84 264 85
258 86 271 86
258 114 271 114
258 124 264 125
258 130 271 130
258 133 264 134
258 146 271 146
258 152 264 153
258 169 264 170
258 171 264 172
258 182 271 182
258 183 271 183
258 184 271 184
259 7 265 8
259 9 265 10
259 11 272 11
259 60 272 60
259 102 260 108
259 119 265 120
259 140 265 141
259 143 265 144
259 156 265 157
259 176 264 177
259 178 272 178
259 189 265 190
260 12 272 12
260 13 266 14
260 15 266 16
260 17 273 17
260 21 267 21
260 56 263 58
260 61 266 62
260 71 261 77
260 80 266 81
260 82 273 82
260 138 273 138
260 150 266 151
260 160 266 161
260 162 266 163
260 166 273 166
261 4 267 5
261 6 274 6
261 31 267 32
261 36 274 36
261 92 274 92
261 102 262 108
261 109 267 110
261 111 266 112
261 123 272 123
261 126 267 127
261 128 267 129
261 131 267 132
261 159 274 159
262 43 273 43
262 66 268 67
262 71 263 77
262 87 268 88
262 89 268 90
262 94 273 94
262 135 268 136
262 137 273 137
262 147 268 148
262 149 275 149
262 164 273 164
263 44 269 45
263 49 269 50
263 51 269 52
263 93 274 93
263 102 264 108
263 115 271 115
263 168 276 168
263 174 269 175
263 179 269 180
263 185 269 186
263 188 270 188
264 37 270 38
263 40 276 40
264 56 275 56
264 57 275 57
264 58 276 58
264 68 270 69
264 71 265 77
264 83 277 83
264 97 270 98
264 99 276 99
264 100 270 101
264 116 269 117
264 145 271 145
264 173 276 173
265 0 271 1
265 2 271 3
265 18 278 18
265 19 278 19
265 24 271 25
265 26 271 27
265 28 271 29
265 48 278 48
265 53 267 54
265 78 271 79
265 84 271 85
265 102 266 108
265 124 271 125
265 133 271 134
265 152 271 153
265 154 277 154
265 167 273 167
265 169 271 170
265 171 271 172
266 7 279 7
266 8 272 9
266 10 278 10
266 71 267 77
266 91 278 91
266 119 272 120
266 121 272 122
266 139 272 140
266 141 279 141
266 142 272 143
266 144 278 144
266 156 272 157
265 176 271 177
266 189 272 190
267 13 273 14
267 15 273 16
267 22 280 22
267 59 276 59
267 61 272 62
267 80 271 81
267 102 268 108
267 150 280 150
267 151 280 151
267 160 273 161
267 162 273 163
268 4 274 5
268 31 274 32
268 33 278 33
266 46 279 46
268 53 270 55
268 65 280 65
268 71 269 77
268 96 280 96
268 109 280 109
268 110 280 110
267 111 270 113
268 126 274 127
268 128 274 129
268 131 274 132
268 158 274 158
268 181 280 181
268 23 280 23
269 34 274 35
269 63 280 63
269 66 273 67
269 87 275 88
269 89 275 90
269 102 270 108
269 135 275 136
269 147 275 148
270 30 277 30
270 44 278 44
270 45 280 45
270 49 276 50
270 51 276 52
270 72 271 77
274 117 280 118
270 155 280 155
270 165 280 165
270 174 276 175
270 179 276 180
270 186 280 186
270 187 280 187
271 37 276 38
271 39 280 39
271 41 273 42
271 68 276 69
270 70 276 71
271 95 280 95
271 97 276 98
271 100 272 106
271 107 275 108
271 112 277 113
274 116 280 116
270 116 273 118
272 0 278 1
272 2 278 3
272 20 280 20
272 24 277 25
272 26 277 27
272 28 277 29
272 47 280 47
275 53 278 54
271 53 274 55
272 64 280 64
272 72 273 78
272 79 275 81
272 84 278 85
272 86 278 86
272 114 277 115
272 124 278 125
272 130 278 130
272 133 278 134
272 145 278 146
272 152 277 153
272 169 276 170
272 171 275 172
272 176 276 177
272 182 277 183
272 184 280 184
273 8 278 9
273 11 278 12
273 60 276 62
273 100 274 106
273 119 278 120
273 121 278 122
273 139 279 140
273 142 279 143
273 156 279 157
273 178 280 178
273 189 279 190
274 13 280 14
274 15 280 16
274 17 280 17
274 72 275 78
274 82 280 82
274 137 280 138
274 160 279 161
274 162 279 162
274 166 280 167
275 4 278 6
275 34 278 36
275 92 278 93
275 100 276 106
273 123 278 123
275 126 277 129
275 131 278 132
275 158 279 159
274 41 277 43
276 55 279 57
274 66 280 67
276 72 277 78
276 79 279 81
276 87 278 90
274 94 280 94
276 135 280 136
276 147 278 149
274 163 279 164
277 49 278 52
277 61 280 62
277 68 279 71
277 100 278 106
277 168 280 170
277 173 280 174
277 179 280 180
270 185 280 185
271 188 280 188
279 25 280 31
278 24 278 32
277 37 280 38
277 58 280 60
278 72 279 78
277 97 280 99
276 107 280 108
278 111 280 114
278 126 280 129
279 0 280 6
268 21 280 21
279 32 280 36
279 40 280 44
279 48 280 54
279 83 280 89
279 90 280 93
279 100 280 106
279 119 280 125
279 130 280 134
279 144 279 149
278 152 280 154
276 171 280 172
277 175 280 177
278 182 280 183
279 8 280 12
280 68 280 81
280 139 280 149
280 156 280 164
