3907
272 184 280 184
223 169 229 170
241 135 247 136
178 68 191 68
141 0 141 13
85 7 85 20
69 119 70 125
29 155 30 161
4 97 17 97
237 167 250 167
83 74 84 80
69 171 75 172
106 9 112 10
133 131 146 131
222 117 235 117
167 138 173 139
115 0 115 13
161 24 167 25
198 12 199 18
184 33 197 33
191 123 204 123
152 69 158 70
13 171 19 172
265 24 271 25
26 152 39 152
96 126 102 127
69 97 70 103
214 54 227 54
261 128 267 129
118 137 131 137
53 165 59 166
203 60 209 61
184 175 185 181
142 145 148 146
269 66 273 67
273 156 279 157
51 10 51 23
214 111 220 112
18 104 18 117
233 32 239 33
188 42 201 42
94 174 100 175
265 18 278 18
123 18 129 19
96 61 109 61
82 164 95 164
215 77 215 86
210 101 223 101
222 69 228 70
216 12 217 18
204 12 205 18
269 89 275 90
197 63 210 63
155 108 161 109
165 110 178 110
203 139 216 139
150 135 156 136
16 18 16 31
118 167 124 168
236 97 242 98
3 187 16 187
15 32 16 38
242 165 255 165
75 123 78 125
232 73 238 74
265 154 277 154
148 0 148 13
271 39 280 39
234 135 240 136
170 24 171 30
247 6 260 6
138 24 139 30
277 175 280 177
230 77 231 83
55 131 68 131
82 24 83 30
138 58 144 59
191 92 204 92
56 42 62 43
116 118 129 118
36 72 36 85
51 33 64 33
188 28 194 29
117 0 118 6
54 35 55 41
192 149 205 149
42 112 43 118
131 95 144 95
196 9 202 10
52 35 53 41
154 26 160 27
103 101 109 102
69 81 75 82
160 140 166 141
38 174 44 175
246 12 252 13
27 13 28 19
231 189 237 190
28 100 29 106
251 182 257 183
58 0 59 6
239 87 244 88
121 74 122 80
29 127 30 133
180 83 186 84
59 187 72 187
72 31 78 32
149 31 155 32
88 14 89 17
7 35 8 41
251 84 257 85
264 83 277 83
276 87 278 90
165 62 171 63
49 44 55 45
273 11 278 12
22 4 35 4
122 0 122 13
148 180 154 181
145 56 151 57
158 44 164 45
220 137 233 137
255 147 261 148
123 111 129 112
133 188 139 189
103 128 109 129
87 142 93 143
81 104 87 105
184 50 185 56
83 140 89 141
120 53 126 54
272 182 277 183
26 7 32 8
54 51 60 52
263 44 269 45
47 49 53 50
256 174 262 175
190 58 196 59
222 74 227 75
179 108 185 109
270 49 276 50
211 63 224 63
54 164 67 164
111 135 116 136
124 0 124 13
68 21 74 22
148 108 154 109
235 111 241 112
251 0 257 1
95 154 101 155
140 121 146 122
64 57 64 70
75 85 88 85
76 47 89 47
188 24 194 25
272 79 275 81
84 145 85 151
28 72 28 85
7 120 7 133
264 56 275 56
85 159 91 160
98 145 99 151
279 40 280 44
77 119 83 120
140 145 140 158
227 135 233 136
81 165 87 166
214 118 227 118
134 181 140 181
277 173 280 174
221 52 227 53
170 88 183 88
261 111 266 112
57 145 63 146
122 143 132 143
121 178 127 179
216 0 222 1
270 44 278 44
88 132 89 138
262 89 268 90
234 137 247 137
125 186 138 186
231 7 237 8
199 66 205 67
73 64 78 65
2 84 2 97
60 116 66 117
55 74 56 80
250 83 263 83
156 123 162 124
90 73 103 73
134 183 147 183
216 169 222 170
48 176 54 177
75 163 88 163
230 152 236 153
27 169 33 170
163 74 164 80
212 158 225 158
17 159 18 165
98 119 104 120
189 5 195 6
55 129 61 130
70 44 76 45
53 56 66 56
224 121 230 122
168 89 174 90
224 101 237 101
20 30 26 31
207 74 208 80
32 153 32 166
109 0 110 6
111 82 124 82
196 60 202 61
168 157 174 158
182 190 195 190
17 18 17 31
50 149 50 162
214 155 227 155
184 24 185 30
227 163 238 163
1 84 1 97
118 51 119 55
0 132 0 145
0 28 0 41
101 116 107 117
205 96 211 97
5 0 5 13
97 172 110 172
211 59 224 59
243 37 256 37
22 112 23 118
198 65 211 65
247 31 253 32
126 188 132 189
148 51 154 52
210 7 216 8
169 160 175 161
4 81 4 94
2 118 2 131
148 110 161 110
270 155 280 155
3 120 3 133
121 33 127 33
108 68 114 69
186 124 187 130
82 84 95 84
217 141 222 142
208 12 209 18
226 116 239 116
235 51 241 52
192 66 198 67
204 138 217 138
24 98 24 111
196 78 202 79
171 174 184 174
64 140 77 140
218 79 219 85
231 9 237 10
132 37 138 38
79 74 80 80
63 57 63 70
220 164 233 164
70 9 76 10
267 13 273 14
56 9 62 10
43 146 49 147
62 169 68 170
252 119 258 120
17 187 30 187
101 68 107 69
100 178 106 179
133 0 134 6
18 143 24 144
88 185 101 185
199 35 212 35
42 132 43 138
80 134 81 139
262 43 273 43
82 96 95 96
140 0 140 13
160 41 166 42
144 62 150 63
26 9 39 9
246 61 252 62
218 12 224 13
274 66 280 67
170 126 171 132
189 141 202 141
64 16 70 17
63 7 69 8
193 111 199 112
276 107 280 108
237 61 240 63
73 106 86 106
223 48 236 48
92 99 98 100
165 74 166 80
126 101 132 102
28 134 29 140
183 162 196 162
188 19 194 20
67 29 73 30
140 119 146 120
98 0 98 13
161 126 167 127
263 49 269 50
126 190 139 190
178 164 191 164
252 9 258 10
113 159 119 160
237 2 243 3
102 157 115 157
218 177 224 178
15 51 15 64
134 182 147 182
60 118 73 118
81 116 87 117
93 0 93 13
207 165 213 166
151 44 157 45
76 167 89 167
12 27 12 40
125 48 138 48
116 62 122 63
244 64 257 64
247 4 253 5
186 155 199 155
112 102 118 103
46 152 46 164
164 137 177 137
238 143 244 144
164 43 177 43
244 124 250 125
254 142 265 142
111 141 117 142
116 0 116 13
15 127 21 128
115 68 121 69
54 21 60 22
176 160 182 161
218 179 224 180
88 62 94 63
182 119 188 120
279 32 280 36
157 35 170 35
223 110 236 110
255 89 261 90
209 104 215 105
44 152 44 165
109 18 115 19
99 99 105 100
16 168 22 169
233 128 239 129
230 26 236 27
147 188 153 189
214 73 227 73
91 121 97 122
138 0 138 13
35 125 36 131
127 110 133 110
153 167 159 168
153 36 159 37
61 49 67 50
7 98 13 99
143 174 156 174
20 25 25 26
86 65 99 65
272 24 277 25
162 57 168 58
107 49 113 50
64 134 70 135
233 6 246 6
73 97 74 103
70 57 71 63
160 171 166 172
240 4 246 5
231 121 237 122
3 0 3 13
173 69 179 70
68 173 81 173
222 173 235 173
206 137 219 137
30 72 30 85
54 160 60 161
181 167 187 168
25 100 26 106
157 7 157 20
74 24 75 30
111 171 117 172
255 23 267 23
21 105 22 111
92 126 93 132
127 0 127 13
83 142 86 143
30 134 31 140
65 119 66 125
3 56 3 69
240 55 253 55
5 81 5 94
206 12 207 18
23 98 23 111
111 140 117 140
29 13 30 19
170 123 176 124
94 126 95 132
187 95 200 95
129 146 129 159
50 100 51 106
187 69 193 70
25 32 26 38
65 91 71 92
186 24 187 29
138 117 151 117
226 46 239 46
144 185 157 185
178 135 184 136
246 21 259 21
182 113 195 113
206 94 219 94
137 44 143 45
57 119 58 125
162 21 175 21
147 175 152 176
24 134 25 140
257 42 270 42
74 62 80 63
39 58 40 64
1 28 1 41
266 7 279 7
195 171 201 172
20 173 26 174
5 134 5 147
95 156 101 157
150 137 163 137
158 165 164 166
60 102 66 103
88 145 89 151
157 145 157 158
32 69 38 70
177 64 183 65
16 108 17 114
172 143 173 149
223 71 229 72
167 5 168 11
8 108 9 114
278 152 280 154
251 2 257 3
113 0 113 13
150 164 163 164
162 59 175 59
182 187 195 187
71 74 72 80
62 134 63 140
4 134 4 147
262 135 268 136
49 188 55 189
219 159 232 159
160 14 161 20
55 169 61 170
37 86 37 99
182 89 188 90
98 49 99 55
77 18 83 19
249 49 250 54
226 131 232 132
170 93 183 93
65 156 66 162
254 65 267 65
254 116 263 116
59 74 60 80
195 167 208 167
154 28 160 29
244 169 250 170
174 0 180 1
25 176 26 182
96 96 99 98
4 0 4 13
70 42 75 43
19 125 32 125
8 120 8 133
9 14 9 27
157 174 170 174
218 138 231 138
66 184 72 185
173 95 186 95
206 147 212 148
29 72 29 85
219 36 232 36
256 187 269 187
64 14 70 15
67 2 73 3
55 171 61 172
100 26 101 32
189 9 195 10
54 156 60 157
182 24 183 30
188 50 189 56
20 65 20 78
265 26 271 27
149 147 155 148
260 21 267 21
218 181 231 181
235 168 248 168
228 155 241 155
22 5 28 6
221 50 227 51
206 177 207 183
226 31 239 31
220 135 226 136
258 114 271 114
6 157 6 170
131 58 137 59
249 185 255 186
233 92 246 92
116 180 129 180
114 96 120 97
35 86 35 99
46 165 52 166
226 65 239 65
216 175 217 181
279 100 280 106
178 148 184 149
258 47 271 47
244 20 257 20
60 4 66 5
84 24 85 30
252 101 263 101
184 64 190 65
245 7 251 8
127 146 127 159
223 28 229 29
250 173 263 173
258 20 271 20
36 153 36 166
198 49 199 55
55 128 68 128
145 58 151 59
260 138 273 138
58 58 58 71
244 18 250 19
55 176 61 177
221 187 227 188
34 112 35 118
126 87 139 87
134 55 147 55
115 66 121 67
120 21 133 21
34 72 34 85
60 6 73 6
270 116 273 118
154 188 160 189
198 93 211 93
64 12 70 13
95 184 108 184
89 58 95 59
264 99 276 99
244 71 250 72
180 60 186 61
206 135 212 136
126 91 139 91
11 106 17 107
34 57 47 57
76 71 82 72
52 149 52 162
240 131 246 132
212 49 213 54
220 43 233 43
218 21 231 21
65 33 78 33
114 34 115 39
258 86 271 86
40 9 53 9
77 7 83 8
134 108 147 108
132 41 138 42
242 30 255 30
237 104 238 110
168 87 181 87
172 107 185 107
40 166 41 172
272 26 277 27
169 162 182 162
180 14 181 20
48 178 50 181
100 49 106 50
103 103 109 104
136 94 149 94
34 86 34 99
208 49 209 55
146 34 159 34
63 18 69 19
125 152 126 158
188 167 194 168
272 124 278 125
233 102 239 103
97 167 110 167
34 65 40 66
252 121 265 121
92 78 98 79
92 49 93 55
216 182 222 183
204 144 217 144
147 121 153 122
234 66 240 67
95 158 108 158
63 113 69 114
210 140 216 141
12 51 12 64
66 174 72 175
76 170 82 171
39 83 39 96
239 59 252 59
53 55 66 55
258 130 271 130
54 149 55 155
21 14 22 20
266 46 279 46
124 56 130 57
200 165 206 166
33 153 33 166
243 95 256 95
154 119 160 120
67 119 68 125
213 66 219 67
159 144 159 157
117 85 123 86
31 86 31 99
195 81 201 82
198 126 204 127
76 34 77 40
145 85 158 85
120 148 126 149
50 93 56 94
148 24 149 30
214 52 220 53
19 104 19 117
29 162 30 168
210 89 223 89
36 134 37 140
216 184 229 184
161 28 167 29
226 55 239 55
273 123 278 123
226 128 232 129
105 121 111 122
11 51 11 64
138 173 151 173
111 133 116 134
130 111 136 112
240 46 253 46
20 112 21 118
166 0 166 13
128 64 134 65
177 124 183 125
148 49 161 49
274 162 279 162
47 10 48 16
19 65 19 78
207 62 217 62
6 50 19 50
185 40 198 40
65 181 78 181
13 39 19 40
116 156 122 157
214 12 215 18
77 147 83 148
139 81 145 82
230 124 236 125
140 113 146 114
200 185 213 185
266 91 278 91
155 74 156 80
133 103 139 104
13 18 13 31
254 111 260 112
214 185 227 185
3 134 3 147
111 71 117 72
231 60 244 60
69 71 75 72
174 2 180 3
223 26 229 27
242 185 248 186
11 20 12 26
15 149 18 151
5 176 6 182
154 30 167 30
75 144 88 144
75 141 79 142
244 24 250 25
270 45 280 45
125 169 131 170
37 58 38 64
118 176 124 177
6 67 6 80
175 113 177 115
73 67 79 68
8 21 8 34
153 140 159 141
217 90 223 91
178 175 179 181
41 152 41 165
56 44 62 45
40 51 46 52
183 160 189 161
7 81 7 94
239 56 245 57
153 138 159 139
258 26 264 27
267 80 271 81
102 90 108 91
113 110 126 110
188 36 193 37
193 109 199 110
67 141 71 142
139 0 139 13
40 7 46 8
35 58 36 64
14 18 15 24
279 144 279 149
110 139 117 139
118 142 131 142
135 178 141 179
186 50 187 56
64 138 70 139
274 15 280 16
73 111 76 112
227 147 233 148
23 11 29 12
122 66 128 67
32 72 32 85
97 71 103 72
245 11 258 11
83 126 89 127
140 103 146 104
109 74 110 80
78 55 79 61
33 86 33 99
257 95 270 95
82 139 95 139
114 145 115 151
116 181 119 183
114 0 114 13
185 135 191 136
46 112 52 113
264 97 270 98
242 118 255 118
202 24 208 25
99 0 100 6
124 50 137 50
237 145 243 146
74 55 75 61
167 167 173 168
221 165 227 166
11 159 12 165
221 44 227 45
36 100 42 101
90 81 96 82
261 131 267 132
56 35 57 41
237 133 243 134
153 186 164 186
177 5 178 11
170 143 171 149
118 145 119 151
203 140 209 141
72 57 73 63
253 160 259 161
47 149 47 162
186 175 187 181
19 79 20 85
52 186 65 186
147 113 153 114
189 80 202 80
175 89 181 90
128 88 141 88
40 112 41 118
33 7 39 8
36 86 36 99
4 44 5 50
5 14 5 27
163 96 169 97
205 159 218 159
2 42 2 55
113 116 126 116
270 72 271 77
25 142 31 143
242 49 248 50
60 104 66 105
257 97 263 98
95 0 95 13
109 15 122 15
258 78 264 79
129 66 135 67
125 74 126 80
5 67 5 80
271 107 275 108
126 103 132 104
182 14 183 20
19 176 20 182
65 178 78 178
149 159 162 159
116 154 122 155
25 14 26 20
123 0 123 13
230 28 236 29
251 53 264 53
47 20 47 33
222 38 235 38
256 51 262 52
137 62 143 63
97 0 97 13
127 115 133 116
207 186 220 186
209 24 215 25
82 83 95 83
49 42 55 43
225 14 238 14
23 10 36 10
237 71 243 72
7 134 7 147
198 96 204 97
64 11 77 11
111 0 112 6
14 9 25 9
46 143 52 144
134 115 137 117
272 47 280 47
101 98 114 98
117 144 130 144
77 152 78 158
136 43 149 43
103 74 104 80
67 74 68 80
7 0 7 13
97 104 98 110
36 112 37 118
176 150 182 151
162 99 168 100
79 97 80 103
157 187 170 187
217 5 218 11
226 126 232 127
30 11 36 12
216 79 217 85
178 43 191 43
142 124 155 124
19 149 25 150
93 123 99 124
17 176 18 182
140 89 146 90
253 102 254 108
229 69 235 70
15 176 16 182
202 19 208 20
81 97 82 103
270 179 276 180
259 9 265 10
216 34 229 34
21 32 22 38
233 159 246 159
186 118 199 118
253 22 266 22
114 31 120 32
40 21 40 34
11 65 12 71
112 101 125 101
87 70 100 70
78 134 79 140
234 94 247 94
171 187 181 187
244 184 257 184
178 126 179 132
95 62 101 63
137 74 138 80
107 123 113 124
212 46 225 46
213 147 219 148
241 174 248 174
238 89 244 90
4 28 4 41
13 32 14 38
77 121 83 122
215 95 228 95
61 58 61 71
6 173 12 174
157 135 163 136
6 53 6 66
212 116 225 116
188 152 194 153
240 179 246 180
273 119 278 120
210 142 216 143
161 74 162 80
61 119 62 125
252 143 258 144
189 78 195 79
102 34 103 40
164 164 177 164
90 171 96 172
3 118 9 119
154 89 160 90
249 44 255 45
109 184 122 184
182 188 188 189
19 159 20 165
44 34 44 47
3 183 9 184
205 99 211 100
80 94 93 94
68 83 74 84
30 30 30 43
88 183 94 184
152 0 152 13
154 87 167 87
192 137 205 137
9 159 10 165
42 87 48 88
255 34 268 34
118 71 124 72
61 24 62 30
71 152 72 158
9 28 9 41
58 41 71 41
80 0 81 6
121 49 133 49
174 73 187 73
140 127 153 127
201 69 207 70
263 168 276 168
35 43 35 56
16 74 16 87
146 73 159 73
13 159 14 165
222 76 235 76
230 34 243 34
255 87 261 88
41 119 47 120
148 115 161 115
250 73 251 79
2 174 2 187
106 99 112 100
245 87 247 90
115 187 128 187
75 119 76 122
260 150 266 151
127 160 133 161
237 152 243 153
165 0 165 13
86 64 99 64
41 121 47 122
202 73 213 73
209 152 215 153
116 92 127 92
135 64 141 65
254 55 267 55
102 185 115 185
154 103 160 104
216 152 222 153
273 100 274 106
268 158 274 158
216 64 229 64
139 133 145 134
141 145 141 158
128 31 141 31
112 106 125 106
112 190 125 190
271 68 276 69
142 123 155 123
3 28 3 41
32 143 38 144
228 165 234 166
243 42 256 42
137 46 150 46
130 0 130 13
190 21 203 21
74 35 75 41
0 70 0 83
193 165 199 166
55 72 61 73
149 0 149 13
256 118 269 118
12 125 18 126
172 165 178 166
76 81 82 82
29 2 35 3
7 67 7 80
261 159 274 159
45 184 51 185
231 119 237 120
172 44 178 45
205 102 211 103
168 156 181 156
242 44 248 45
114 64 120 65
56 7 62 8
134 53 140 54
114 49 120 50
117 133 119 136
45 125 46 131
96 59 102 60
59 58 59 71
181 2 187 3
168 24 169 30
46 141 52 142
14 190 27 190
263 185 269 186
153 48 166 48
53 58 53 71
156 31 169 31
122 68 128 69
137 184 150 184
184 131 190 132
33 58 34 64
212 55 225 55
212 12 213 18
15 159 16 165
218 61 224 62
144 107 157 107
14 51 14 64
40 94 46 95
21 79 22 85
262 94 273 94
190 49 191 55
83 176 89 177
74 104 80 105
190 177 191 183
176 14 177 20
15 147 21 148
111 176 117 177
120 146 126 147
67 4 73 5
209 29 222 29
245 119 251 120
230 71 236 72
4 53 4 66
180 126 181 132
107 96 113 97
133 89 139 90
54 53 60 54
5 53 5 66
150 14 151 20
210 189 216 190
114 24 115 30
13 14 17 15
1 174 1 187
128 92 134 93
15 74 15 87
64 145 65 151
14 98 19 99
57 107 58 113
214 30 227 30
96 0 96 13
217 119 223 120
89 144 102 144
68 85 74 86
240 93 248 93
232 150 238 151
46 167 47 172
202 49 203 55
78 24 79 30
160 36 166 37
128 0 128 13
133 128 139 129
223 0 229 1
65 31 71 32
210 60 216 61
207 111 213 112
224 119 230 120
111 48 124 48
81 74 82 80
251 167 264 167
188 177 189 183
223 171 229 172
2 28 2 41
231 140 244 140
237 154 250 154
188 41 201 41
209 154 222 154
26 134 27 140
161 119 167 120
273 121 278 122
145 83 151 84
112 113 125 113
4 96 17 96
186 107 192 108
192 135 198 136
205 74 206 80
189 7 195 8
220 149 233 149
249 102 250 108
213 35 226 35
79 125 92 125
154 149 155 155
67 97 68 103
9 60 9 73
110 85 116 86
104 73 117 73
151 74 152 80
238 121 244 122
185 39 198 39
246 160 252 161
244 113 253 113
13 127 14 133
159 158 167 158
253 12 259 13
11 93 17 94
274 41 277 43
271 188 280 188
150 66 156 67
57 74 58 80
191 31 197 32
13 155 19 156
123 74 124 80
83 81 89 82
121 0 121 13
244 34 254 34
141 99 147 100
39 97 45 98
7 100 13 101
168 143 169 149
208 117 221 117
104 141 110 142
272 64 280 64
82 49 83 55
180 69 186 70
66 65 72 66
14 188 20 189
244 47 257 47
122 34 128 35
147 119 153 120
262 137 273 137
76 172 89 172
217 187 220 188
126 127 139 127
226 139 230 140
34 121 40 122
154 24 160 25
47 51 53 52
10 28 10 41
237 48 250 48
89 0 89 13
242 51 248 52
161 143 161 155
263 115 271 115
258 18 264 19
232 56 238 57
154 0 155 6
109 16 115 17
55 81 61 82
11 27 11 40
63 87 69 88
101 174 107 175
225 63 236 63
262 147 268 148
179 165 185 166
34 124 47 124
219 131 225 132
223 145 229 146
202 64 215 64
116 16 122 17
108 143 121 143
275 34 278 36
84 0 85 6
53 72 54 78
158 53 159 59
60 100 66 101
6 171 12 172
178 113 181 114
6 45 19 45
62 171 68 172
94 49 95 55
267 150 280 150
226 141 237 141
77 188 83 189
120 0 120 13
254 4 260 5
14 118 15 124
167 176 173 177
223 167 236 167
164 68 177 68
72 182 78 183
232 12 238 13
237 0 243 1
70 113 76 114
118 73 131 73
228 73 231 75
236 99 242 100
35 72 35 85
216 2 222 3
138 56 144 57
32 134 33 140
267 15 273 16
264 58 276 58
173 74 174 80
29 5 35 6
45 58 46 64
249 115 262 115
139 145 139 158
120 150 126 151
119 0 119 13
11 127 12 133
13 16 17 17
32 86 32 99
170 33 183 33
267 160 273 161
19 14 20 20
215 37 228 37
20 175 33 175
7 102 12 103
154 132 167 132
62 167 68 168
54 58 54 71
35 153 35 166
266 71 267 77
167 0 173 0
171 74 172 80
223 19 229 20
85 103 98 103
67 143 71 144
39 10 40 16
202 133 208 134
53 107 54 113
163 0 163 13
63 89 76 89
112 26 113 32
266 189 272 190
276 171 280 172
258 28 264 29
258 124 264 125
182 91 195 91
140 188 146 189
246 138 259 138
272 114 277 115
196 49 197 55
277 58 280 60
252 73 253 79
10 146 11 152
266 8 272 9
80 186 93 186
268 53 270 55
40 73 40 86
31 187 44 187
129 70 137 70
82 132 83 138
253 61 259 62
84 190 97 190
211 56 217 56
4 162 4 175
202 175 208 176
160 71 166 72
56 134 57 140
54 134 55 140
34 67 40 68
237 182 243 183
275 100 276 106
13 176 14 182
86 145 87 151
18 51 18 64
160 138 166 139
99 101 100 107
186 109 192 110
227 35 240 35
185 66 191 67
277 97 280 99
263 93 274 93
72 179 78 180
77 97 78 103
137 0 137 13
230 145 236 146
258 24 264 25
175 5 176 11
73 74 74 80
113 161 119 162
34 119 40 120
40 149 46 150
93 106 94 112
231 139 244 139
214 44 220 45
36 102 42 103
95 165 101 166
4 108 5 114
202 177 203 183
100 24 106 25
112 114 125 114
235 186 241 187
22 147 28 148
209 71 215 72
267 151 280 151
197 160 210 160
136 145 136 158
249 143 251 145
161 156 167 157
75 51 81 52
75 132 81 133
66 57 67 63
91 188 104 188
217 189 223 190
80 24 81 30
132 167 145 167
114 40 117 42
77 74 78 80
69 74 70 80
186 30 199 30
39 99 52 99
24 72 25 78
10 153 16 154
121 64 127 65
88 118 101 118
44 73 44 86
43 58 44 64
102 16 108 17
156 88 169 88
229 68 242 68
137 145 137 158
192 68 205 68
95 116 100 117
75 83 81 84
80 34 81 40
201 37 214 37
220 79 221 85
55 58 55 71
0 98 6 99
95 46 108 46
21 98 22 104
60 165 66 166
83 152 84 158
32 30 32 43
31 153 31 166
119 121 125 122
18 41 24 42
186 62 192 63
66 186 79 186
239 22 252 22
119 188 125 189
87 68 93 69
176 51 177 57
125 140 131 141
258 84 264 85
114 178 120 179
210 49 211 55
219 102 232 102
42 89 55 89
85 78 91 79
174 138 175 144
100 96 106 97
162 55 175 55
63 156 64 162
247 159 260 159
131 56 137 57
74 165 80 166
19 7 25 8
252 91 265 91
83 128 89 129
6 46 12 47
13 46 19 47
60 2 66 3
261 126 267 127
104 81 110 82
76 126 82 127
6 28 6 41
245 143 248 145
146 41 152 42
57 93 62 94
155 180 161 181
34 169 35 175
223 152 229 153
109 44 115 45
69 167 75 168
20 29 33 29
208 177 209 183
259 156 265 157
130 62 136 63
138 83 144 84
116 36 122 37
63 74 64 80
66 64 72 64
221 111 227 112
18 72 18 85
73 69 79 70
92 101 98 102
42 20 42 33
38 43 38 56
73 23 86 23
204 49 205 55
125 71 131 72
244 2 250 3
277 37 280 38
117 60 123 61
235 188 248 188
125 0 125 13
82 0 83 6
20 98 20 111
83 72 96 72
260 82 273 82
51 35 51 41
190 144 203 144
116 34 121 35
244 146 257 146
49 149 49 162
217 60 230 60
171 98 184 98
214 50 220 51
36 43 36 56
20 28 31 28
38 86 38 99
158 62 164 63
259 176 264 177
140 132 153 132
200 44 206 45
213 174 226 174
191 64 197 65
177 152 180 154
44 112 45 118
178 147 191 147
268 23 280 23
246 163 259 163
216 77 222 78
30 112 31 118
56 149 57 155
155 178 161 179
154 190 167 190
264 71 265 77
59 184 65 185
51 31 57 32
156 145 156 158
139 41 145 42
40 173 53 173
75 74 76 80
49 35 50 41
108 117 121 117
57 147 63 148
33 13 34 19
15 65 16 71
104 176 110 177
240 102 246 103
270 174 276 175
100 93 113 93
178 66 184 67
196 5 202 6
20 134 21 140
65 90 78 90
149 125 162 125
120 99 126 100
139 36 145 37
160 133 166 134
234 149 247 149
173 85 179 86
119 126 132 126
228 118 241 118
103 0 104 6
70 7 76 8
102 155 108 156
265 84 271 85
251 102 252 108
160 144 160 157
195 124 201 125
175 74 176 80
46 182 52 183
133 121 139 122
273 60 276 62
188 26 194 27
274 137 280 138
62 71 68 72
194 49 195 55
12 152 25 152
48 169 54 170
272 28 277 29
141 162 154 162
15 146 28 146
66 69 72 70
264 116 269 117
33 30 33 43
269 135 275 136
214 49 227 49
237 113 243 114
202 42 215 42
195 168 201 169
114 93 127 93
265 78 271 79
27 93 27 106
138 164 149 164
237 169 243 170
37 72 37 85
186 140 188 143
85 161 91 162
42 166 43 172
25 41 25 54
223 24 229 25
278 24 278 32
66 107 72 108
262 71 263 77
80 55 81 61
26 112 27 118
246 58 259 58
257 102 258 108
167 13 180 13
107 24 113 25
86 24 87 30
69 169 75 170
11 95 24 95
251 124 257 125
150 0 150 13
99 159 105 160
248 89 254 90
42 92 46 93
178 115 191 115
133 105 139 106
240 128 246 129
133 126 146 126
87 152 88 158
241 61 245 62
162 143 163 149
117 7 118 13
37 17 43 18
18 141 31 141
210 187 216 188
202 4 215 4
107 33 120 33
135 93 141 93
245 121 251 122
38 134 39 140
206 66 212 67
268 65 280 65
135 74 136 80
264 173 276 173
11 92 24 92
225 12 231 13
161 121 167 122
158 105 161 107
230 20 243 20
256 179 262 180
218 14 224 15
92 74 98 75
113 108 119 109
143 175 146 177
129 174 135 175
135 32 141 33
74 0 75 6
111 74 112 80
154 7 155 13
115 70 128 70
174 34 187 34
108 94 121 94
141 74 142 80
258 171 264 172
279 8 280 12
54 158 60 159
196 177 197 183
147 177 159 177
216 130 229 130
213 23 226 23
176 24 177 30
146 71 152 72
106 21 119 21
9 0 9 13
92 21 105 21
198 158 211 158
76 41 79 43
231 143 237 144
41 20 41 33
163 123 169 124
223 107 229 108
260 13 266 14
166 50 179 50
28 112 29 118
5 28 5 41
85 74 91 75
22 134 23 140
47 53 53 54
53 99 66 99
184 14 185 20
254 128 260 129
121 96 127 97
269 147 275 148
259 60 272 60
201 95 214 95
188 133 201 133
279 83 280 89
11 13 12 19
126 113 132 114
259 140 265 141
223 139 225 142
211 150 217 151
84 113 90 114
156 53 157 59
151 46 164 46
174 175 175 181
109 46 122 46
206 149 219 149
280 139 280 149
132 171 138 172
216 71 222 72
140 24 141 30
40 53 46 54
1 160 1 173
123 46 136 46
68 164 81 164
116 24 117 30
53 149 53 162
141 109 147 110
189 140 202 140
110 58 116 59
28 30 28 43
137 111 143 112
182 156 192 156
232 21 245 21
11 41 17 42
103 130 109 131
20 58 21 64
118 47 131 47
59 111 65 112
40 152 40 165
198 104 208 104
110 173 123 173
27 173 33 174
130 24 131 30
265 124 271 125
132 24 133 30
47 58 48 64
151 111 157 112
48 33 48 46
59 109 65 110
185 174 198 174
6 44 19 44
200 30 213 30
160 142 173 142
97 170 103 171
246 150 252 151
171 35 184 35
122 94 135 94
268 71 269 77
196 113 202 114
145 69 151 70
60 143 66 144
27 44 27 57
167 48 180 48
192 177 193 183
62 149 63 155
223 77 229 78
2 0 2 13
186 14 187 20
102 152 115 152
49 58 49 71
176 175 177 181
102 20 115 20
201 85 207 86
118 138 124 139
244 76 245 82
8 60 8 73
188 124 194 125
223 182 229 183
152 53 153 59
224 156 237 156
179 110 185 110
56 0 57 6
254 181 267 181
27 30 27 43
39 107 45 108
132 18 138 19
118 169 124 170
135 92 148 92
22 129 28 130
62 176 68 177
80 174 86 175
47 7 53 8
251 18 257 19
16 51 16 64
34 134 35 140
66 111 72 112
110 164 123 164
250 97 256 98
144 44 150 45
242 76 243 82
223 115 234 115
65 93 78 93
48 65 48 78
126 36 138 36
261 92 274 92
181 152 187 153
240 142 253 142
245 189 251 190
228 187 234 188
185 35 198 35
119 129 125 130
67 0 73 1
194 38 207 38
162 178 163 183
33 44 33 57
23 32 24 38
82 21 87 22
61 156 62 162
54 132 60 133
43 145 56 145
235 53 241 54
198 128 204 129
39 125 40 131
213 163 226 163
240 39 242 42
165 44 171 45
236 83 249 83
120 24 121 30
94 186 103 186
45 187 58 187
181 154 194 154
185 148 191 149
103 107 116 107
229 37 242 37
178 39 184 40
142 96 148 97
11 90 17 91
230 64 243 64
23 14 24 20
55 0 55 13
188 134 201 134
252 122 265 122
179 186 192 186
40 87 41 93
143 67 149 68
274 160 279 161
90 169 96 170
205 123 218 123
154 101 160 102
143 74 144 80
165 186 178 186
117 58 123 59
22 131 28 132
237 26 243 27
148 53 151 55
242 187 255 187
209 145 222 145
8 53 9 59
71 159 77 160
272 72 273 78
174 41 180 42
263 40 276 40
101 66 107 67
8 148 9 154
2 56 2 69
133 143 146 143
85 97 91 98
180 50 181 56
27 65 33 66
99 7 105 8
229 97 235 98
119 119 125 120
234 164 247 164
227 174 240 174
29 146 35 147
251 152 257 153
188 116 201 116
50 20 50 33
145 144 158 144
118 171 124 172
218 160 224 161
242 111 246 112
262 87 268 88
100 123 106 124
202 169 208 170
4 95 10 95
109 165 115 166
240 76 241 82
66 109 72 110
103 105 109 106
13 65 14 71
19 10 22 12
108 66 114 67
62 73 75 73
94 68 100 69
114 51 115 55
260 71 261 77
69 156 70 162
216 48 222 48
109 182 115 183
272 169 276 170
18 134 19 140
275 92 278 93
252 145 263 145
33 25 39 26
24 44 24 57
117 163 130 163
237 171 243 172
191 159 204 159
19 21 25 22
60 106 72 106
96 56 102 57
26 21 32 22
211 162 224 162
181 36 187 37
215 74 221 74
279 48 280 54
180 24 181 30
205 128 211 129
105 113 111 114
246 162 259 162
252 139 265 139
10 53 10 66
136 67 142 68
155 51 161 52
99 13 112 13
273 139 279 140
11 176 12 182
107 0 108 6
90 49 91 55
37 153 37 166
151 62 157 63
106 108 112 109
68 132 74 133
177 96 183 97
189 142 195 143
61 74 62 80
31 44 31 57
32 112 33 118
264 100 270 101
77 46 90 46
104 140 110 140
132 176 138 177
102 182 108 183
117 56 123 57
198 33 211 33
182 114 195 114
144 118 157 118
260 160 266 161
56 188 62 189
195 152 201 153
25 144 31 145
176 126 177 132
156 0 157 6
248 149 261 149
143 135 149 136
120 55 133 55
203 121 209 122
103 95 116 95
50 132 51 138
109 90 115 91
54 162 60 163
239 150 245 151
162 56 175 56
86 14 87 20
163 159 176 159
174 36 180 37
189 74 195 75
202 26 208 27
38 153 38 166
140 190 153 190
188 12 189 18
101 70 114 70
100 88 113 88
202 28 208 29
123 165 129 166
153 171 159 172
142 0 142 13
87 106 88 112
272 86 278 86
175 157 188 157
159 95 172 95
90 140 96 141
181 169 187 170
277 49 278 52
202 130 215 130
6 48 12 49
109 62 115 63
199 98 211 98
46 132 47 138
259 119 265 120
77 111 83 112
32 27 38 28
246 14 252 15
76 176 82 177
123 152 124 158
187 60 192 61
73 107 79 108
236 117 249 117
154 91 167 91
260 166 273 166
212 131 218 132
47 139 53 140
112 34 113 40
39 109 45 110
168 188 174 189
190 150 196 151
140 101 146 102
209 146 222 146
225 162 238 162
59 107 65 108
104 133 110 134
202 46 208 47
90 47 103 47
83 170 89 171
259 7 265 8
190 139 202 139
125 139 138 139
195 0 201 1
22 72 23 78
209 108 215 109
39 153 39 166
167 12 180 12
0 102 6 103
56 190 69 190
77 113 83 114
84 44 90 45
75 49 81 50
84 36 90 37
278 182 280 183
199 23 212 23
134 160 140 161
172 111 185 111
126 130 139 130
4 148 4 161
126 128 132 129
166 14 167 20
135 125 148 125
241 23 254 23
226 142 239 142
187 83 200 83
203 156 209 157
137 165 143 166
73 184 79 185
95 44 101 45
274 72 275 78
210 177 211 183
223 133 229 134
123 36 125 39
88 0 88 13
102 62 108 63
89 106 90 112
277 100 278 106
176 21 189 21
156 33 169 33
174 145 180 146
56 89 62 90
52 10 52 23
76 73 89 73
82 34 83 40
212 93 225 93
146 133 152 134
47 34 47 47
235 115 248 115
280 68 280 81
97 140 103 141
112 87 125 87
157 98 170 98
247 128 253 129
262 164 273 164
37 43 37 56
32 141 38 142
253 16 259 17
196 62 206 62
151 165 157 166
6 120 6 133
270 185 280 185
1 146 1 159
67 182 71 183
164 178 165 184
87 23 100 23
10 0 10 13
85 80 98 80
124 173 137 173
3 42 3 55
94 94 107 94
258 152 264 153
96 86 109 86
195 175 201 176
60 149 61 155
250 40 262 40
85 76 91 77
127 162 140 162
100 145 101 151
91 0 91 13
147 0 147 13
258 169 264 170
71 12 77 13
170 64 176 65
226 96 239 96
19 32 20 38
246 16 252 17
133 146 134 152
126 132 139 132
225 59 238 59
127 108 133 109
110 56 116 57
164 94 177 94
184 31 190 32
58 35 64 36
99 108 105 109
202 0 208 1
277 61 280 62
161 26 167 27
110 126 111 132
89 163 102 163
67 55 73 56
164 14 165 20
36 169 37 175
33 72 33 85
101 23 114 23
26 149 32 150
40 49 46 50
0 160 0 173
259 102 260 108
135 96 141 97
273 142 279 143
172 24 173 30
190 12 191 18
3 185 9 186
20 155 26 156
13 102 19 103
198 131 204 132
0 104 0 117
67 165 73 166
14 25 15 31
213 135 219 136
238 189 244 190
126 121 132 122
144 24 145 30
245 139 251 140
111 167 117 168
270 187 280 187
265 152 271 153
230 108 236 109
183 99 189 100
27 123 33 124
4 67 4 80
240 33 253 33
42 190 55 190
184 93 197 93
176 144 189 144
248 43 261 43
216 109 229 109
9 168 15 169
154 129 160 130
250 38 256 39
254 113 266 113
265 53 267 54
66 67 72 68
107 74 108 80
258 133 264 134
217 156 223 157
110 83 116 84
155 162 168 162
279 25 280 31
140 105 146 106
159 74 160 80
94 43 107 43
54 173 67 173
196 8 209 8
132 133 138 134
127 74 128 80
106 11 112 12
56 20 69 20
119 104 125 105
272 171 275 172
235 44 241 45
44 0 45 6
91 189 104 189
61 163 74 163
49 10 50 16
24 157 24 170
125 176 131 177
173 60 179 61
158 185 171 185
166 173 179 173
186 45 199 45
131 144 144 144
108 34 109 40
152 38 165 38
126 37 131 38
10 108 11 114
207 44 213 45
150 39 156 40
271 112 277 113
222 97 228 98
38 72 38 85
152 149 153 155
129 187 142 187
125 133 131 134
17 183 23 184
70 20 83 20
47 85 53 86
174 24 175 30
80 109 83 110
32 107 38 108
230 133 236 134
266 139 272 140
126 0 126 13
255 35 268 35
122 117 133 117
275 53 278 55
15 131 21 132
96 130 102 131
244 130 257 130
219 113 225 114
148 21 161 21
144 149 145 155
220 147 226 148
102 92 115 92
138 60 144 61
27 58 28 64
0 146 0 159
76 24 77 30
146 138 152 139
146 81 152 82
209 47 215 48
260 61 266 62
196 142 202 143
165 109 178 109
169 57 175 58
176 140 182 141
176 58 182 59
247 123 260 123
182 126 183 132
104 34 105 40
136 137 149 137
104 26 105 32
99 22 112 22
147 89 153 90
74 116 80 117
10 67 10 80
94 143 107 143
64 152 70 153
24 58 24 71
238 9 244 10
11 0 11 12
91 87 97 88
123 44 129 45
29 176 30 182
181 5 182 11
111 169 117 170
232 58 245 58
47 83 53 84
188 47 201 47
3 162 3 175
194 173 207 173
265 133 271 134
192 49 193 55
96 139 109 139
38 167 39 173
219 123 232 123
172 105 178 106
67 24 73 24
151 184 163 184
178 137 191 137
247 102 248 108
22 58 22 71
42 34 42 47
242 53 248 54
152 83 158 84
138 50 151 50
183 58 189 59
119 131 132 131
188 73 201 73
128 146 128 159
199 135 205 136
245 9 251 10
64 154 70 155
105 0 106 6
216 133 222 134
27 155 27 168
94 0 94 13
210 9 216 10
38 112 39 118
233 36 246 36
127 99 133 100
189 121 195 122
88 24 89 30
247 175 248 180
31 72 31 85
170 178 171 184
234 175 235 181
169 22 182 22
248 73 249 79
228 79 229 85
126 105 132 106
144 111 150 112
58 180 64 181
25 79 26 85
148 182 154 183
5 162 5 175
180 57 193 57
7 157 7 170
116 18 122 19
139 138 145 139
118 40 128 40
41 178 47 179
13 13 26 13
31 127 32 133
103 163 116 163
96 173 109 173
3 70 3 83
63 119 64 125
193 186 206 186
23 157 23 170
274 116 280 116
49 87 55 88
145 74 146 80
116 38 122 39
145 95 158 95
106 161 112 162
247 131 253 132
117 74 118 80
162 51 168 52
42 90 55 90
25 69 31 70
163 64 169 65
220 66 226 67
218 87 224 88
174 4 187 4
171 5 172 11
24 183 30 184
172 118 185 118
68 51 74 52
143 116 156 116
197 58 203 59
244 41 257 41
120 159 126 160
103 56 109 57
65 74 66 80
194 12 195 18
56 100 57 106
279 0 280 6
84 38 90 39
48 20 48 32
20 44 20 57
261 123 272 123
223 41 229 42
48 119 54 120
149 145 155 146
61 83 67 84
175 121 181 122
226 113 232 114
166 116 171 117
260 17 273 17
17 185 23 186
20 27 31 27
239 73 245 74
99 11 105 12
132 169 138 170
276 79 279 81
62 34 75 34
132 81 138 82
54 100 55 106
236 69 242 70
212 177 213 183
7 188 13 189
51 58 51 71
92 145 93 151
11 115 17 116
52 0 53 6
34 43 34 56
161 128 167 129
211 57 217 58
3 14 3 27
72 91 78 92
227 5 228 11
18 88 24 89
174 71 180 72
86 93 99 93
210 156 216 157
77 145 83 146
20 39 26 40
84 119 90 120
46 0 47 6
180 117 193 117
208 173 221 173
263 179 269 180
84 109 86 112
20 121 26 122
75 21 81 22
131 85 137 86
188 126 194 127
10 14 10 27
156 96 162 97
230 182 236 183
1 70 1 83
247 36 260 36
63 46 76 46
89 60 95 61
167 74 168 80
55 107 56 113
64 136 70 137
31 183 37 184
206 43 219 43
94 142 103 142
266 144 278 144
216 47 229 47
55 119 56 125
172 112 185 112
124 164 137 164
139 38 151 38
268 109 280 109
100 64 106 65
212 113 218 114
16 166 22 167
139 74 140 80
104 186 117 186
60 141 66 142
67 156 68 162
103 84 109 85
94 89 107 89
270 70 276 71
246 166 259 166
202 124 208 125
179 5 180 11
29 86 29 99
274 94 280 94
240 126 246 127
236 76 237 82
195 126 197 129
6 0 6 13
130 44 136 45
102 18 108 19
132 141 138 142
213 39 219 40
48 167 54 168
4 106 10 107
204 58 210 59
113 99 119 100
98 34 99 40
204 150 210 151
107 51 113 52
202 115 208 116
104 135 110 136
183 150 189 151
95 182 101 183
268 4 274 5
199 39 205 40
63 115 76 115
131 163 144 163
272 84 278 85
270 186 280 186
123 14 129 15
56 87 62 88
220 94 233 94
112 132 125 132
39 141 45 142
76 128 82 129
74 118 87 118
130 146 130 159
274 163 279 164
120 183 133 183
202 71 208 72
265 2 271 3
269 102 270 108
71 14 77 15
38 0 39 6
78 11 79 17
230 84 236 85
278 126 280 129
139 14 145 15
84 7 84 20
181 133 187 134
136 39 149 39
78 161 84 162
256 155 269 155
56 18 62 19
202 34 215 34
180 173 193 173
239 14 245 15
153 169 159 170
181 12 187 13
253 14 259 15
166 69 172 70
162 115 174 115
71 97 72 103
176 138 182 139
23 176 24 182
180 175 181 181
218 175 224 176
26 25 32 26
168 126 169 132
38 29 38 42
272 145 278 146
24 185 30 186
209 113 211 116
33 125 34 131
76 55 77 61
218 56 224 57
234 147 240 148
172 14 173 20
188 169 194 170
39 41 39 54
238 76 239 82
99 74 100 80
216 41 222 42
12 74 12 87
246 73 247 79
254 131 260 132
145 163 158 163
270 51 276 52
230 104 236 105
174 171 180 172
40 132 41 138
184 88 197 88
0 84 0 97
274 17 280 17
109 14 122 14
90 145 91 151
48 79 54 80
244 114 257 114
192 12 193 18
72 35 73 41
51 125 52 131
91 115 104 115
101 0 102 6
68 145 69 151
120 51 126 52
35 188 41 189
196 187 202 188
96 145 97 151
230 2 236 3
60 58 60 71
202 2 208 3
153 133 159 134
271 100 272 106
115 74 116 80
141 180 147 181
187 86 200 86
253 80 259 81
254 126 260 127
46 116 52 117
144 0 144 13
165 108 178 108
161 113 167 114
244 26 250 27
257 39 270 39
59 119 60 125
23 79 24 85
92 76 98 77
138 115 147 115
161 188 167 189
66 145 67 151
9 157 22 157
212 31 218 31
202 152 208 153
238 7 244 8
174 167 180 168
142 24 143 30
132 146 132 159
116 51 117 55
192 147 198 148
175 158 188 158
29 44 29 57
187 163 198 163
154 127 160 128
85 152 86 158
174 47 187 47
156 64 162 65
12 6 13 12
143 0 143 13
43 148 56 148
51 24 52 30
225 56 231 57
96 58 109 58
136 24 137 30
203 142 209 143
171 23 184 23
14 74 14 87
117 83 123 84
161 89 167 90
121 31 127 32
138 69 144 70
104 168 110 169
90 126 91 132
274 117 280 118
61 132 67 133
136 135 142 136
167 71 173 72
191 96 197 97
186 111 192 112
209 124 215 125
3 148 3 161
48 121 54 122
105 74 106 80
26 55 26 68
136 40 149 40
176 49 189 49
63 9 69 10
39 55 45 56
230 184 243 184
164 143 165 149
276 135 280 136
8 88 9 94
33 23 39 24
145 86 158 86
253 59 266 59
119 102 125 103
33 132 39 133
152 24 153 30
8 0 8 13
6 108 7 114
203 74 204 80
242 155 255 155
14 7 18 8
197 150 203 151
196 7 209 7
202 12 203 18
116 165 122 166
102 112 115 112
263 174 269 175
91 113 97 114
125 171 131 172
112 188 118 189
17 32 18 38
10 118 10 131
154 121 160 122
120 161 126 162
262 66 268 67
90 14 91 20
268 96 280 96
41 176 47 177
209 110 222 110
93 125 106 125
186 105 192 106
238 156 244 157
128 24 129 30
134 24 135 30
20 119 26 120
192 94 205 94
117 107 130 107
101 101 102 107
110 101 111 106
244 0 250 1
195 28 201 29
143 35 156 35
97 176 103 177
86 32 99 32
228 51 234 52
105 119 111 120
150 43 163 43
211 87 217 88
33 149 39 150
205 126 211 127
135 145 135 158
166 60 172 61
140 128 153 128
130 165 136 166
274 82 280 82
35 13 36 19
37 125 38 131
170 96 176 97
258 184 271 184
215 69 221 70
80 41 93 41
216 86 229 86
1 118 1 131
153 41 159 42
27 176 28 182
208 38 221 38
246 80 252 81
234 77 235 83
124 24 125 30
84 132 85 138
210 121 216 122
200 49 201 55
160 34 173 34
244 152 250 153
33 21 39 22
250 68 256 69
71 134 77 135
2 70 2 83
155 99 161 100
75 86 88 86
261 31 267 32
243 97 249 98
206 164 219 164
127 51 133 52
103 59 109 60
98 190 111 190
180 38 193 38
131 107 143 107
212 65 225 65
249 174 255 175
225 87 231 88
142 147 148 148
43 125 44 131
166 83 172 84
237 18 243 19
86 0 86 13
43 34 43 47
104 170 110 171
36 106 49 106
58 149 59 155
251 51 255 52
122 89 125 91
130 14 131 20
69 176 75 177
189 76 195 77
139 186 152 186
261 6 274 6
254 46 265 46
22 2 28 3
151 0 151 13
9 120 9 133
59 24 60 30
79 31 85 32
87 42 93 43
202 105 208 106
116 185 129 185
178 24 179 30
91 106 92 112
248 87 254 88
49 72 50 78
252 156 258 157
149 92 162 92
54 96 67 96
209 171 215 172
141 51 147 52
268 181 280 181
251 154 264 154
146 142 159 142
163 125 176 125
70 18 76 19
239 12 245 13
183 138 189 139
70 149 76 150
153 71 159 72
77 115 90 115
75 97 76 103
240 158 253 158
130 180 140 180
200 12 201 18
44 166 45 172
9 158 22 158
100 34 101 40
91 44 94 46
132 14 138 15
110 34 111 40
194 36 200 37
265 171 271 172
170 14 171 20
176 142 182 143
228 111 234 112
4 117 17 117
202 107 208 108
179 116 187 116
195 48 208 48
10 183 16 184
29 148 42 148
41 180 47 181
122 24 123 30
228 53 234 54
150 24 151 30
160 0 160 13
279 90 280 93
200 155 213 155
216 124 222 125
162 49 175 49
130 185 143 185
108 174 114 175
214 165 220 166
62 47 75 47
141 22 154 22
99 9 105 10
109 155 115 156
182 101 188 102
129 23 142 23
73 109 79 110
225 175 231 176
272 130 278 130
133 101 139 102
243 104 244 110
0 56 0 69
77 89 86 89
265 48 278 48
195 24 201 25
53 182 59 183
188 71 194 72
174 182 180 183
11 72 17 73
153 81 159 82
150 68 163 68
184 124 185 130
45 73 45 86
98 87 111 87
194 177 195 183
97 81 103 82
154 53 155 59
13 173 19 174
193 105 199 106
3 176 4 182
142 156 148 157
221 5 222 11
96 83 109 83
212 102 218 103
209 2 215 3
28 44 28 57
82 56 88 57
101 41 107 42
239 16 245 17
211 74 212 80
32 100 33 106
203 113 208 114
129 98 142 98
152 60 158 61
188 4 201 4
168 113 174 114
102 111 115 111
147 101 153 102
45 41 46 47
153 0 153 13
54 85 60 86
214 177 215 183
11 142 24 142
80 107 86 108
222 99 228 100
59 113 62 115
115 175 128 175
241 104 242 110
133 113 139 114
36 0 37 6
184 96 190 97
76 130 82 131
14 0 15 6
82 11 83 17
212 96 225 96
134 109 140 110
48 81 54 82
240 175 246 176
133 7 134 13
132 16 138 17
158 145 158 158
97 48 110 48
248 164 261 164
203 187 209 188
220 39 226 40
150 94 163 94
272 176 276 177
116 145 117 151
232 87 238 88
7 14 8 20
41 73 41 86
146 0 146 13
58 39 64 40
96 132 109 132
195 71 201 72
217 139 222 140
244 171 250 172
106 159 112 160
174 14 175 20
90 135 96 136
182 50 183 56
251 71 257 72
164 0 164 13
43 104 49 105
16 118 17 124
50 91 56 92
43 10 44 16
131 74 132 80
5 120 5 133
40 35 40 48
265 167 273 167
240 116 253 116
256 73 257 79
73 187 86 187
232 61 236 62
34 153 34 166
200 111 206 112
159 163 172 163
172 185 185 185
136 0 136 13
67 116 73 117
86 132 87 138
197 161 203 162
218 58 231 58
94 145 95 151
77 149 83 150
209 133 215 134
138 85 144 86
83 130 89 131
233 123 246 123
120 181 126 182
248 147 254 148
224 189 230 190
7 53 7 66
43 100 49 101
233 41 239 42
14 11 18 12
260 162 266 163
273 8 278 9
31 13 32 19
132 34 145 34
212 115 222 115
21 188 27 189
159 69 165 70
202 109 208 110
40 69 46 70
58 178 64 179
182 103 188 104
135 159 148 159
188 130 201 130
17 65 18 71
273 178 280 178
251 49 255 50
61 53 67 54
52 184 58 185
76 168 82 169
159 0 159 13
9 170 22 170
263 51 269 52
192 164 205 164
268 126 274 127
36 104 42 105
87 66 93 67
34 100 35 106
276 56 280 57
139 171 145 172
188 81 194 82
6 14 6 27
204 56 210 57
223 105 229 106
90 0 90 13
69 126 75 127
148 149 149 155
212 32 218 33
160 47 173 47
244 182 250 183
185 5 186 11
9 134 9 147
253 56 259 57
146 169 152 170
26 41 26 54
88 104 94 105
78 0 79 6
177 74 178 80
119 127 125 128
7 176 8 182
116 90 121 91
119 115 126 115
180 85 186 86
99 161 105 162
53 24 54 30
195 19 201 20
237 124 243 125
0 118 0 131
223 2 229 3
165 152 171 153
90 24 91 30
2 104 2 117
11 134 17 135
156 32 169 32
177 159 190 159
97 135 103 136
224 157 237 157
241 35 254 35
36 146 42 147
142 93 155 93
2 146 2 159
133 119 139 120
2 132 2 145
159 83 165 84
199 174 212 174
19 126 32 126
129 0 129 13
251 169 257 170
84 40 97 40
200 118 213 118
43 20 43 33
172 116 178 117
102 165 108 166
25 111 38 111
9 74 9 87
267 102 268 108
20 123 26 124
18 93 24 94
105 188 111 189
106 26 107 32
108 145 109 151
266 156 272 157
258 41 270 41
209 167 222 167
209 74 210 80
175 101 181 102
170 31 176 32
127 22 140 22
181 71 187 72
233 113 236 114
89 85 95 86
232 138 245 138
80 67 86 68
108 89 121 89
55 24 56 30
263 102 264 108
232 175 233 181
164 135 170 136
179 46 192 46
271 41 273 42
29 30 29 43
196 74 202 75
4 104 10 105
112 104 118 105
152 117 165 117
233 4 239 5
230 171 236 172
124 60 130 61
181 145 187 146
254 33 267 33
199 147 205 148
207 168 220 168
275 158 279 159
1 14 1 27
63 90 64 94
51 180 57 181
147 105 153 106
209 27 215 28
38 184 44 185
34 29 34 42
229 95 242 95
215 97 221 98
102 14 108 15
218 18 229 18
160 167 166 168
0 188 6 189
88 18 89 22
266 141 279 141
11 140 17 141
79 152 80 158
8 157 8 170
168 91 181 91
219 33 232 33
155 182 161 183
210 5 216 6
175 119 181 120
206 68 219 68
79 178 85 179
178 14 179 20
58 100 59 106
147 74 148 80
209 26 222 26
161 103 167 104
186 44 199 44
169 74 170 80
196 119 202 120
32 44 32 57
65 57 65 70
224 91 237 91
94 24 95 30
240 31 246 32
189 11 202 11
165 154 171 155
210 119 216 120
259 11 272 11
54 83 60 84
101 74 102 80
189 89 195 90
277 68 279 71
41 125 42 131
162 150 168 151
251 54 264 54
3 84 3 97
62 57 62 70
54 23 67 23
131 146 131 159
251 24 257 25
72 141 74 144
161 101 167 102
278 111 280 114
146 36 152 37
182 121 188 122
53 125 54 131
119 74 120 80
266 121 272 122
84 121 90 122
269 87 275 88
46 118 59 118
162 160 168 161
8 74 8 87
224 89 230 90
235 49 241 50
107 64 113 65
79 64 85 65
181 41 187 42
6 175 19 175
39 27 39 40
247 126 253 127
26 157 26 170
19 51 19 64
223 154 236 154
227 66 233 67
70 87 76 88
179 105 185 106
255 102 256 108
229 7 230 11
30 86 30 99
82 58 88 59
123 184 136 184
11 138 17 139
99 110 112 110
25 109 31 110
4 14 4 27
46 27 46 40
200 177 201 183
158 111 171 111
189 188 195 189
84 188 90 189
211 160 217 161
71 161 77 162
101 187 114 187
100 14 101 20
49 46 62 46
237 28 243 29
255 66 261 67
179 74 180 80
21 65 21 78
249 93 262 93
109 180 115 181
68 57 69 63
177 123 190 123
264 68 270 69
158 0 158 13
204 161 210 162
27 20 40 20
55 48 68 48
102 26 103 32
162 14 163 20
85 99 91 100
91 34 97 35
70 145 76 146
88 116 94 117
92 24 93 30
4 120 4 133
32 109 38 110
244 133 250 134
209 175 215 176
112 119 118 120
268 33 278 33
73 174 79 175
41 58 42 64
128 96 134 97
203 9 209 10
228 30 241 30
149 74 150 80
228 185 241 185
26 23 32 24
209 81 214 82
62 11 63 17
65 24 66 30
191 131 197 132
234 43 247 43
272 133 278 134
60 134 61 140
96 24 97 30
96 164 109 164
118 41 124 42
12 108 13 114
237 84 243 85
241 66 247 67
277 179 280 180
179 62 185 63
158 112 171 112
75 53 81 54
134 49 147 49
2 14 2 27
249 177 252 179
17 51 17 64
149 178 154 179
175 103 181 104
35 29 35 42
226 158 239 158
11 118 11 126
95 152 101 153
75 152 76 158
247 110 260 110
196 121 202 122
30 100 31 106
0 42 0 55
71 119 72 125
50 0 51 6
65 179 71 180
116 152 122 153
212 97 214 100
91 119 97 120
18 118 19 124
80 140 82 143
6 155 12 156
195 145 208 145
83 71 96 71
41 10 42 16
169 5 170 11
249 180 255 180
259 178 272 178
274 166 280 167
3 104 3 117
87 187 100 187
55 126 61 127
69 128 75 129
7 21 7 34
240 65 253 65
260 12 272 12
208 85 214 86
94 66 100 67
167 171 173 172
209 106 215 107
109 158 122 158
225 22 238 22
130 118 143 118
215 75 221 76
244 86 257 86
65 39 71 40
143 187 156 187
233 126 239 127
58 31 64 32
92 159 98 160
86 49 87 55
132 73 145 73
81 152 82 158
129 35 142 35
206 39 212 40
83 168 89 169
209 0 215 1
51 178 57 179
271 97 276 98
1 132 1 145
218 16 224 17
1 42 1 55
82 173 95 173
115 174 128 174
114 88 127 88
66 94 79 94
118 24 119 30
24 112 25 118
53 97 59 98
50 146 56 147
166 38 179 38
39 111 52 111
192 43 205 43
261 109 267 110
132 71 138 72
167 36 173 37
229 4 232 6
97 168 103 169
188 184 201 184
157 23 170 23
186 185 199 185
209 169 215 170
268 110 280 110
91 180 94 182
0 0 0 13
160 176 166 177
45 174 51 175
165 46 178 46
277 168 280 170
169 51 175 52
1 0 1 13
188 2 194 3
79 123 85 124
142 31 148 32
98 24 99 30
100 53 113 53
272 152 277 153
70 151 83 151
189 101 195 102
112 121 118 122
225 150 231 151
188 145 194 146
232 15 238 16
52 100 53 106
98 113 104 114
231 11 244 11
68 96 81 96
37 176 38 182
174 169 180 170
41 65 47 66
25 55 25 68
86 31 99 31
111 81 124 81
267 22 280 22
198 99 204 100
280 156 280 164
46 73 46 86
231 89 237 90
153 74 154 80
241 147 247 148
255 135 261 136
132 47 145 47
115 98 128 98
81 62 87 63
1 104 1 117
167 133 173 134
146 47 159 47
37 29 37 42
46 55 52 56
61 85 67 86
0 174 0 187
254 96 267 96
132 0 132 13
5 148 5 161
219 31 225 31
106 145 107 151
139 169 145 170
181 172 194 172
196 90 202 91
10 81 10 94
273 189 279 190
243 99 249 100
46 114 52 115
97 133 103 134
131 0 131 13
215 99 221 100
256 165 269 165
83 48 96 48
17 74 17 87
86 180 87 185
86 178 92 179
256 30 269 30
1 56 1 69
197 22 210 22
104 47 117 47
203 119 209 120
79 33 92 33
247 92 260 92
114 123 120 124
83 97 84 103
208 69 214 70
194 57 203 57
260 15 266 16
185 74 186 80
125 41 131 42
276 72 277 78
39 176 40 181
265 176 271 177
87 0 87 13
205 36 218 36
93 33 106 33
161 130 167 131
25 86 25 99
95 180 101 181
86 123 92 124
244 28 250 29
48 0 49 6
225 177 231 178
18 90 24 91
110 60 116 61
84 87 90 88
47 163 53 164
168 14 169 20
268 21 280 21
77 9 83 10
237 24 243 25
206 49 207 55
147 126 160 126
261 4 267 5
195 154 208 154
181 171 194 171
217 121 223 122
142 149 143 155
112 130 118 131
125 138 138 138
95 111 101 112
212 126 218 127
90 137 96 138
249 188 262 188
29 58 30 64
212 128 218 129
220 68 228 68
53 10 53 23
226 79 227 85
28 190 41 190
203 90 209 91
102 145 103 151
245 60 258 60
47 69 47 82
265 169 271 170
254 73 255 79
251 48 264 48
158 118 171 118
48 123 54 124
232 75 245 75
213 74 214 80
196 189 202 190
183 5 184 11
248 137 261 137
61 51 67 52
260 56 263 58
68 53 74 54
37 10 38 16
39 143 45 144
15 129 21 130
147 129 153 130
108 41 113 42
102 153 108 154
90 167 96 168
47 125 48 131
239 104 240 110
139 18 145 19
70 147 76 148
65 35 71 36
47 91 49 94
227 39 233 40
267 162 273 163
29 0 35 1
236 173 249 173
162 53 168 54
132 20 145 20
236 175 237 181
185 23 198 23
219 103 232 103
162 107 164 110
202 41 215 41
240 181 253 181
157 66 163 67
11 145 24 145
98 14 99 20
45 10 46 16
252 140 258 141
219 32 232 32
250 117 263 117
23 58 23 71
230 47 243 47
67 104 73 105
238 119 244 120
146 140 152 141
225 17 238 17
264 57 275 57
84 34 90 35
44 17 50 18
142 64 148 65
267 61 272 62
110 26 111 32
266 119 272 120
205 92 218 92
89 56 95 57
39 69 39 82
56 58 56 71
42 73 42 86
243 68 249 69
195 170 201 170
144 165 150 166
198 102 204 103
139 48 152 48
230 106 236 107
18 14 18 24
8 134 8 147
156 93 169 93
49 125 50 131
6 81 6 94
166 85 172 86
139 71 145 72
44 20 44 33
274 13 280 14
22 44 22 57
95 104 96 110
172 155 185 155
268 31 274 32
53 114 58 115
188 0 194 1
258 64 271 64
108 26 109 32
272 20 280 20
174 184 187 184
49 34 61 34
104 71 110 72
12 146 14 149
84 49 85 55
275 131 278 132
198 31 204 32
265 19 278 19
18 25 19 31
136 66 149 66
238 91 251 91
94 41 100 42
181 182 187 183
77 87 83 88
73 119 74 125
246 82 259 82
230 24 236 25
134 21 147 21
112 126 118 127
106 34 107 40
67 25 73 26
12 150 14 151
225 179 231 180
11 74 11 87
102 44 108 45
93 178 99 179
178 51 179 57
258 71 259 77
275 4 278 6
232 160 238 161
251 26 257 27
46 107 52 108
12 0 13 5
261 36 274 36
105 115 118 115
257 70 269 70
149 64 155 65
100 54 106 55
146 14 147 20
79 182 85 183
103 144 116 144
51 72 52 78
219 92 232 92
196 89 209 89
226 93 239 93
48 171 54 172
15 133 28 133
240 96 253 96
163 92 176 92
266 142 272 143
14 100 19 101
244 84 250 85
243 39 249 40
145 60 151 61
4 115 10 116
147 131 160 131
252 189 258 190
140 129 146 130
44 132 45 138
63 24 64 30
60 11 61 17
267 111 270 113
21 176 22 182
193 46 201 46
269 34 274 35
41 34 41 47
230 169 236 170
128 178 134 179
195 26 201 27
268 128 274 129
60 0 66 1
69 48 82 48
192 115 201 115
245 104 246 110
65 37 71 38
157 74 158 80
202 171 208 172
243 70 256 70
27 171 33 172
230 130 243 130
139 16 145 17
248 135 254 136
87 174 93 175
43 102 49 103
150 149 151 155
131 83 137 84
236 38 249 38
190 138 203 138
160 53 161 59
223 5 224 11
262 149 275 149
230 18 236 19
126 119 132 120
193 60 195 63
91 152 92 158
13 48 19 49
160 81 166 82
187 5 188 11
256 185 262 186
200 105 201 110
221 186 234 186
77 44 83 45
152 14 153 20
241 63 254 63
169 99 175 100
41 67 47 68
188 34 201 34
173 83 179 84
126 24 127 30
11 136 17 137
258 183 271 183
190 99 195 100
67 27 73 28
108 43 121 43
92 161 98 162
196 12 197 18
217 143 230 143
42 188 48 189
53 116 59 117
271 95 280 95
98 90 101 92
17 153 23 154
49 20 49 33
183 140 185 143
154 113 160 114
0 190 13 190
160 175 173 175
35 176 36 182
248 66 254 67
142 88 155 88
160 73 173 73
181 0 187 1
162 0 162 13
112 128 118 129
96 84 102 85
161 0 161 13
45 20 46 26
164 39 170 40
31 176 32 182
134 99 140 100
167 41 173 42
181 48 194 48
166 178 167 184
189 119 195 120
110 145 111 151
104 137 110 138
185 98 198 98
16 0 17 6
205 31 211 32
219 5 220 11
216 19 222 20
45 27 45 40
20 171 26 172
88 180 90 182
116 111 122 112
4 42 10 43
174 81 180 82
260 80 266 81
246 56 252 57
52 174 58 175
157 116 165 116
252 7 258 8
216 171 222 172
198 177 199 183
94 14 95 20
138 145 138 158
152 50 165 50
18 96 24 97
9 176 10 182
129 68 135 69
4 51 10 52
188 128 194 129
47 95 60 95
168 101 174 102
168 119 174 120
109 153 115 154
116 20 129 20
58 11 59 17
182 175 183 181
13 74 13 87
202 184 215 184
228 44 234 45
142 178 148 179
230 86 243 86
107 125 120 125
172 126 173 132
102 118 115 118
238 175 239 181
167 81 173 82
251 171 257 172
92 0 92 13
230 41 232 42
199 163 212 163
27 67 33 68
26 86 26 99
238 101 251 101
93 152 94 158
19 23 25 24
158 14 159 20
197 156 202 157
11 104 17 105
103 126 109 127
142 158 155 158
233 131 239 132
218 150 224 151
60 182 66 183
269 63 280 63
50 58 50 71
11 143 17 144
40 71 46 72
190 56 203 56
92 97 95 98
250 99 256 100
167 140 173 141
179 44 185 45
216 27 222 28
271 37 276 38
0 14 0 27
189 157 192 158
40 0 41 6
57 91 62 92
257 99 263 100
175 188 181 189
21 159 22 165
52 132 53 138
196 99 197 104
78 34 79 40
42 0 43 6
256 49 262 50
62 126 68 127
174 147 177 149
230 0 236 1
104 145 105 151
189 103 195 104
40 96 53 96
196 76 202 77
27 121 33 122
148 160 154 161
90 133 96 134
146 24 147 30
13 51 13 64
107 178 113 179
165 165 171 166
100 51 106 52
0 100 6 101
209 19 215 20
86 91 92 92
167 169 173 170
167 1 173 2
117 95 130 95
141 53 147 54
159 60 165 61
120 135 126 136
186 165 192 166
26 72 27 78
6 134 6 147
270 30 277 30
228 49 234 50
178 94 191 94
203 11 216 11
48 132 49 138
258 182 271 182
91 38 97 39
154 14 155 20
126 89 132 90
28 86 28 99
127 181 133 182
75 95 88 95
9 166 15 167
24 153 30 154
71 16 77 17
19 151 32 151
85 101 91 102
31 167 37 168
141 160 147 161
258 146 271 146
140 91 153 91
69 130 75 131
11 88 17 89
172 152 176 153
18 86 24 87
270 165 280 165
160 169 166 170
34 123 47 123
48 47 61 47
33 151 46 151
25 107 31 108
131 60 137 61
257 37 263 38
96 128 102 129
45 152 45 165
62 81 68 82
261 102 262 108
153 175 159 176
12 118 13 124
80 69 86 70
57 58 57 71
162 105 167 106
55 167 61 168
164 66 170 67
174 126 175 132
258 0 264 1
247 111 253 112
31 58 32 64
79 180 85 181
216 107 222 108
225 160 231 161
143 23 156 23
239 160 245 161
279 119 280 125
121 125 134 125
235 165 241 166
58 37 64 38
208 83 214 84
204 21 217 21
30 44 30 57
154 105 157 106
196 87 209 87
149 156 155 157
27 119 33 120
123 62 129 63
124 58 130 59
146 149 147 155
52 58 52 71
194 69 200 70
128 123 134 124
147 143 160 143
129 39 135 40
168 105 171 107
25 157 25 170
253 150 259 151
88 165 94 166
54 14 55 20
37 19 50 19
134 51 140 52
172 178 173 184
43 73 43 86
133 153 134 159
10 185 16 186
120 108 126 109
171 135 177 136
73 152 74 158
183 22 196 22
265 102 266 108
121 123 127 124
116 44 122 45
173 163 186 163
265 0 271 1
71 138 77 139
195 2 201 3
204 177 205 183
257 68 263 69
53 143 59 144
135 123 141 124
147 103 153 104
31 185 37 186
168 103 174 104
251 133 257 134
182 87 195 87
32 145 42 145
218 144 230 144
225 15 231 16
234 39 239 40
73 66 86 66
89 95 102 95
132 168 145 168
194 117 207 117
106 7 112 8
222 79 223 85
68 49 74 50
28 155 28 168
124 85 130 86
142 33 155 33
201 83 207 84
2 160 2 173
20 0 21 6
221 168 234 168
14 108 15 114
80 42 86 43
169 150 175 151
136 174 142 175
56 11 57 17
247 109 260 109
162 152 164 155
76 0 77 6
132 135 135 137
33 176 34 182
203 5 209 6
123 16 129 17
22 127 28 128
264 37 270 38
263 188 270 188
54 49 60 50
216 4 228 4
177 92 190 92
272 0 278 1
187 84 193 85
194 84 200 85
205 131 211 132
195 146 208 146
36 29 36 42
279 130 280 134
113 22 126 22
146 167 152 168
249 168 262 168
267 59 276 59
59 174 65 175
210 12 211 18
113 74 114 80
229 99 235 100
18 0 19 6
107 54 113 55
216 104 229 104
227 23 240 23
203 189 209 190
216 105 222 106
177 31 183 32
70 190 83 190
40 139 46 140
91 36 97 37
127 135 131 136
61 21 67 22
135 0 135 13
255 63 268 63
87 89 93 90
193 156 196 158
80 11 81 17
172 62 178 63
232 77 233 83
168 190 181 190
216 24 222 25
48 57 61 57
63 42 69 43
193 107 199 108
168 121 174 122
61 95 74 95
115 23 128 23
139 141 145 142
41 48 54 48
259 143 265 144
156 7 156 20
97 137 103 138
11 43 24 43
46 97 52 98
60 97 66 98
276 147 278 149
28 188 34 189
159 85 165 86
188 175 194 176
155 160 161 161
62 129 68 130
166 143 167 149
259 189 265 190
88 49 89 55
256 44 262 45
198 88 210 88
22 0 28 1
78 159 84 160
80 184 85 185
10 132 10 145
140 87 153 87
239 162 245 163
251 28 257 29
254 158 267 158
112 145 113 151
122 43 135 43
225 5 226 11
39 182 45 183
70 188 76 189
173 5 174 11
176 99 182 100
248 94 261 94
25 71 38 71
223 124 229 125
258 2 264 3
155 22 168 22
146 171 152 172
82 60 88 61
127 53 133 54
245 156 251 157
54 0 54 13
27 79 27 92
92 14 93 20
168 178 169 184
102 180 108 181
145 0 145 13
238 141 251 141
240 177 246 178
266 10 278 10
128 32 134 33
174 133 180 134
157 39 163 40
264 145 271 145
272 2 278 3
6 148 7 154
90 176 96 177
58 134 59 140
219 126 225 127
211 22 224 22
265 28 271 29
225 61 231 62
148 14 149 20
118 140 124 141
125 167 131 168
254 31 260 32
133 74 134 80
224 79 225 85
38 186 51 186
271 53 274 55
171 66 177 67
121 145 134 145
93 91 97 92
132 140 145 140
31 30 31 43
98 121 104 122
57 24 58 30
268 131 274 132
89 152 90 158
169 53 175 54
124 83 130 84
167 3 173 4
79 92 85 93
152 173 165 173
275 126 277 129
190 160 196 161
63 188 69 189
219 128 225 129
120 133 124 134
71 136 77 137
96 14 97 20
63 44 69 45
79 90 85 91
125 81 131 82
53 141 59 142
129 74 130 80
171 39 177 40
111 137 117 138
198 101 209 101
210 90 216 91
46 109 52 110
278 72 279 78
23 44 23 57
202 81 208 82
139 176 142 177
21 44 21 57
96 49 97 55
51 149 51 162
48 149 48 162
42 152 42 165
43 152 43 165
143 98 156 98
149 96 155 97
148 99 154 100
183 74 184 80
181 81 187 82
181 74 182 80
187 74 188 80
253 176 255 179
256 176 258 178
