4177
176 72 179 74
30 99 30 110
72 165 74 168
8 141 8 152
142 218 153 218
42 24 42 35
63 44 66 46
174 201 185 201
68 19 71 21
105 99 108 101
168 249 179 249
107 33 110 35
34 187 37 189
61 72 63 75
186 210 189 212
174 154 185 154
17 117 17 128
130 224 132 227
185 105 196 105
56 23 59 25
67 88 72 89
96 24 97 29
147 49 158 49
109 201 110 206
70 247 75 248
91 215 102 215
36 177 38 180
133 115 138 116
93 17 104 17
156 230 167 230
113 83 113 94
145 93 150 94
106 14 107 19
170 124 181 124
129 99 130 104
156 249 167 249
66 217 77 217
93 133 96 135
132 192 132 203
119 175 124 176
28 103 28 114
178 170 183 171
89 12 100 12
6 199 6 210
103 78 114 78
140 83 143 85
114 90 116 93
191 159 192 163
58 227 69 227
145 86 147 89
33 130 44 130
108 18 113 19
62 219 73 219
28 155 30 158
101 58 103 61
49 31 49 42
98 195 99 200
90 153 92 156
101 141 112 141
10 144 10 155
84 175 84 186
75 86 86 86
98 152 109 152
7 177 7 188
120 143 121 148
44 131 46 134
24 12 24 23
45 167 48 169
101 241 103 244
26 12 26 23
5 45 7 48
102 153 104 156
165 111 176 111
154 0 154 11
104 58 106 61
187 57 189 60
194 0 194 11
106 85 106 96
94 70 105 70
69 137 70 142
55 117 56 122
148 74 159 74
102 128 113 128
45 72 50 73
88 70 93 71
79 192 81 195
151 173 156 174
37 24 37 35
9 129 9 140
55 88 60 89
69 130 80 130
71 53 82 53
31 12 31 23
96 153 98 156
117 130 119 133
181 51 182 56
197 154 199 157
60 127 65 128
101 0 102 5
73 43 75 46
104 119 115 119
37 170 48 170
133 60 136 62
196 211 197 216
115 71 126 71
50 243 51 248
50 209 53 211
86 79 91 80
179 186 179 197
164 118 169 119
111 166 114 168
153 242 156 244
41 240 51 240
19 226 30 226
98 162 98 173
110 85 110 96
30 12 30 23
31 118 32 123
184 132 195 132
27 99 29 102
54 222 55 227
36 111 36 122
22 0 22 11
107 24 109 27
44 19 46 22
105 153 109 154
100 72 105 73
59 42 64 43
59 47 70 47
184 214 186 217
138 40 141 42
126 110 127 113
26 200 31 201
53 52 64 52
144 75 155 75
25 129 26 134
41 96 44 98
129 30 131 33
104 159 104 170
100 162 100 173
135 30 138 32
177 95 182 96
15 234 17 237
52 8 52 19
48 127 53 128
13 153 18 154
174 202 185 202
27 30 29 33
4 33 4 44
15 204 15 215
160 97 165 98
7 226 7 237
163 109 174 109
13 199 15 202
65 246 76 246
105 123 116 123
16 119 16 130
15 135 20 136
117 78 117 89
150 0 151 5
72 127 77 128
61 66 63 69
2 135 2 146
78 79 81 81
25 140 25 151
133 224 135 227
151 38 162 38
178 223 181 225
107 102 112 103
77 133 82 134
41 0 42 5
119 49 122 51
89 13 100 13
62 71 71 71
32 208 33 213
131 159 132 164
147 157 155 157
75 154 86 154
94 77 105 77
198 184 199 189
188 142 190 145
99 153 101 156
34 20 37 22
48 19 48 30
107 47 109 50
172 235 177 236
64 24 65 29
58 102 60 105
87 12 88 17
122 143 122 154
132 219 134 222
95 0 97 3
13 204 13 215
135 68 138 70
173 66 177 67
71 0 74 2
134 10 135 15
117 12 118 17
31 155 33 158
64 218 75 218
128 6 131 8
146 53 148 56
59 59 61 62
3 205 4 210
179 76 182 78
96 177 98 180
153 188 153 199
15 162 15 173
58 79 61 81
158 143 158 154
190 240 199 240
140 188 151 188
129 207 130 212
176 15 187 15
94 176 104 176
34 155 34 166
133 203 144 203
122 195 122 206
32 139 32 150
186 26 187 31
137 60 139 63
99 162 99 173
105 12 105 23
84 136 87 138
166 235 168 238
181 0 181 11
163 43 174 43
100 28 111 28
120 18 124 19
22 48 24 51
107 219 110 221
88 234 99 234
51 111 51 122
128 64 139 64
106 136 108 139
133 53 134 58
163 210 166 212
135 53 136 58
139 238 141 241
142 25 147 26
23 203 23 214
104 36 105 41
82 79 85 81
116 225 117 230
29 103 29 114
46 47 47 52
90 196 90 207
115 216 126 216
165 207 168 209
132 130 143 130
96 164 96 175
101 63 106 64
63 181 64 186
165 141 165 152
178 136 179 141
187 93 192 94
46 153 46 164
161 68 165 69
93 165 93 176
131 69 134 71
85 30 90 31
34 241 39 242
13 186 14 191
119 159 121 162
40 111 41 116
32 70 32 81
48 8 51 10
97 216 99 219
10 230 10 241
163 51 164 56
128 110 130 113
79 12 82 14
17 141 19 144
174 140 174 151
107 30 110 32
56 20 59 22
66 140 68 143
178 172 189 172
139 36 142 38
178 186 178 197
194 91 198 92
78 215 89 215
171 14 182 14
138 152 143 153
107 122 118 122
6 238 7 243
148 20 151 22
151 210 154 212
103 0 104 5
130 77 133 79
105 175 106 180
187 138 192 139
11 52 16 53
150 224 151 229
22 36 22 47
122 36 124 39
45 183 45 194
83 0 84 5
23 78 23 89
100 125 105 126
177 186 177 197
169 244 180 244
119 223 130 223
181 93 186 94
90 68 101 68
160 26 171 26
144 189 146 192
175 186 175 197
94 85 97 87
195 77 199 78
56 8 56 19
8 226 10 229
4 45 4 56
132 30 134 33
132 11 133 16
53 231 54 236
34 90 35 95
19 54 20 59
8 4 13 5
82 233 93 233
168 223 169 228
105 76 116 76
34 208 35 213
80 136 83 138
73 54 75 57
139 182 150 182
4 103 15 103
19 168 19 179
32 12 32 23
93 143 104 143
74 79 77 81
78 127 83 128
25 64 25 75
74 219 75 224
41 155 41 166
139 181 150 181
110 153 113 155
5 21 5 32
85 175 85 186
20 42 20 53
33 36 33 47
67 109 78 109
91 196 91 207
50 68 53 70
50 90 51 95
125 17 128 19
108 106 119 106
169 165 170 169
9 230 9 241
68 66 71 68
15 137 20 138
3 33 3 44
165 242 168 244
31 202 31 213
56 26 57 31
61 208 62 213
37 192 37 203
94 192 99 193
120 249 131 249
52 32 55 34
189 203 199 203
190 42 197 42
169 87 174 88
193 114 194 119
56 192 59 194
181 208 192 208
187 126 192 127
154 231 159 232
161 234 172 234
98 62 108 62
186 154 196 154
38 215 39 220
8 230 8 241
190 211 195 212
30 159 32 162
69 133 72 135
12 160 12 171
66 111 68 114
53 48 55 51
146 140 157 140
11 204 12 209
64 215 69 216
167 159 168 164
92 47 94 50
121 30 123 33
11 70 11 81
41 195 52 195
3 21 3 32
14 119 14 130
38 213 49 213
188 15 195 15
136 143 136 154
189 108 199 108
130 125 135 126
184 20 186 22
171 186 171 197
111 34 116 35
124 30 125 33
13 160 13 171
26 190 37 190
58 54 63 55
74 94 79 95
100 85 101 90
123 90 125 93
179 204 180 209
138 228 143 229
16 204 16 215
123 83 124 88
47 0 48 5
151 51 151 62
99 6 101 9
102 225 103 230
74 58 76 61
42 127 47 128
107 85 107 96
113 24 115 26
84 72 86 75
63 187 68 188
93 194 103 194
137 134 138 139
128 21 139 21
169 76 174 77
39 177 41 180
35 239 40 240
155 210 158 212
138 224 140 227
42 85 53 85
89 14 100 14
20 94 21 99
148 72 153 73
4 0 5 5
2 199 2 210
144 130 155 130
70 220 71 225
180 17 185 18
188 26 189 31
90 217 91 222
67 236 78 236
154 112 157 114
171 165 173 168
177 86 188 86
88 175 88 186
196 120 197 124
130 195 130 206
139 53 140 58
153 76 158 77
33 137 33 148
185 71 186 76
5 106 6 111
147 30 149 32
176 227 181 228
38 211 49 211
23 152 31 152
99 30 101 33
71 3 74 5
28 248 33 249
132 40 137 41
138 17 143 18
113 159 114 164
17 156 17 167
166 187 166 198
5 33 5 44
139 19 150 19
122 244 133 244
187 8 189 11
160 231 165 232
112 66 117 67
159 193 160 198
129 76 140 76
52 218 63 218
86 32 87 37
54 217 65 217
125 134 126 139
190 133 192 136
114 120 119 121
26 191 37 191
145 10 147 13
27 115 32 116
156 45 167 45
126 246 137 246
137 143 137 154
37 155 37 166
84 196 86 199
137 53 138 58
154 33 159 34
38 155 38 166
100 131 102 134
29 159 29 170
109 214 111 217
170 227 175 228
194 57 197 59
146 6 148 9
186 225 197 225
42 227 42 238
132 121 143 121
96 120 101 121
26 168 26 179
130 218 141 218
39 72 44 73
151 99 152 104
33 111 33 122
190 120 195 121
87 65 98 65
28 139 28 150
9 210 12 212
130 46 141 46
38 227 38 238
63 177 65 180
116 239 119 241
20 193 31 193
142 46 153 46
147 126 150 128
158 201 161 203
27 103 27 114
166 48 169 50
10 189 12 192
179 175 184 176
28 82 29 87
101 189 104 191
132 17 137 18
39 74 42 76
59 231 60 236
110 225 111 230
26 140 26 151
185 242 190 243
66 24 67 29
4 117 5 122
91 30 92 35
65 231 66 236
114 141 125 141
1 222 1 233
190 19 191 24
105 181 116 181
192 20 193 24
73 106 84 106
96 19 100 20
55 35 56 40
81 162 91 162
72 199 77 200
101 24 103 27
21 12 21 23
88 105 99 105
5 199 5 210
159 159 160 164
87 72 89 75
178 146 183 147
161 82 172 82
50 225 51 230
161 28 166 29
68 48 70 51
85 238 96 238
53 142 55 145
190 116 192 119
195 159 198 161
89 171 90 176
46 23 46 34
49 6 54 7
122 239 123 243
135 71 146 71
37 48 38 53
88 129 99 129
55 153 55 164
166 229 177 229
107 58 108 61
76 218 77 223
11 46 12 51
154 194 155 199
44 205 47 207
27 24 28 29
154 97 159 98
37 0 38 5
36 8 39 10
35 36 35 47
85 0 86 5
17 129 22 130
44 214 46 217
155 87 157 90
55 165 55 176
184 155 189 156
103 109 114 109
109 159 110 164
139 23 141 26
37 99 48 99
173 175 178 176
52 54 54 57
180 157 190 157
146 44 157 44
98 174 103 175
76 144 79 146
130 131 135 132
103 215 105 218
50 124 61 124
85 12 86 17
186 173 196 173
102 177 104 180
96 94 98 97
64 240 69 241
98 47 100 50
137 214 140 216
109 195 110 200
5 216 5 227
99 15 104 16
157 242 160 244
136 66 141 67
32 231 32 242
41 48 41 59
119 118 130 118
128 20 139 20
143 68 146 70
120 45 131 45
133 214 136 216
175 38 186 38
137 163 138 168
69 0 70 5
65 42 76 42
33 123 44 123
58 74 60 77
194 111 197 113
81 196 83 199
195 114 196 117
101 47 103 50
101 114 112 114
161 242 164 244
20 78 21 83
60 147 60 158
63 205 63 216
85 108 96 108
42 137 53 137
117 189 120 191
151 94 162 94
58 26 59 31
74 32 75 37
116 36 117 41
154 201 157 203
155 204 158 206
185 213 195 213
115 214 120 215
133 207 134 212
141 224 143 227
18 222 20 225
168 213 169 218
169 134 174 135
43 0 44 5
101 142 112 142
25 192 36 192
90 120 95 121
82 150 85 152
22 52 26 53
177 148 179 151
78 111 79 115
10 193 11 198
33 222 35 225
28 76 29 81
144 0 145 5
97 207 98 212
88 36 90 39
116 188 127 188
137 123 148 123
135 65 146 65
12 216 12 227
120 219 122 222
23 168 23 179
96 6 98 9
117 123 128 123
113 38 115 41
47 111 48 116
14 193 15 198
108 213 119 213
68 110 79 110
8 246 11 248
110 245 121 245
142 125 153 125
177 99 178 104
129 195 129 206
126 195 126 206
0 204 0 215
121 207 123 210
94 107 105 107
183 218 188 219
130 117 141 117
192 180 194 183
159 115 170 115
174 131 185 131
39 48 39 59
185 80 186 85
156 245 166 245
46 53 47 58
184 204 187 206
176 0 176 11
17 238 17 249
48 47 48 58
94 150 99 151
161 170 172 170
100 129 111 129
93 72 94 75
35 63 38 65
109 85 109 96
162 219 164 222
50 231 52 234
184 16 195 16
166 91 171 92
16 229 21 230
66 79 69 81
134 120 145 120
159 100 162 102
150 172 161 172
132 91 143 91
188 109 197 109
99 222 110 222
96 106 107 106
18 234 18 245
74 171 76 174
161 165 163 168
111 57 112 62
71 12 73 15
128 233 139 233
69 123 80 123
1 168 1 179
97 159 100 161
92 162 97 163
93 123 104 123
100 36 101 41
54 68 57 70
101 102 106 103
149 170 160 170
11 144 11 155
183 87 194 87
115 166 118 168
39 77 50 77
176 30 177 35
1 24 1 35
153 207 156 209
34 97 36 100
170 39 181 39
163 130 165 133
66 6 67 11
177 87 182 88
32 205 43 205
175 61 186 61
53 42 54 47
84 90 85 95
60 100 65 101
161 80 166 81
186 118 189 120
40 200 45 201
94 90 95 95
177 198 182 199
2 0 3 5
124 125 129 126
196 136 199 138
66 146 66 157
101 12 104 14
118 233 127 233
134 43 139 44
108 239 109 244
189 49 199 49
135 39 146 39
184 97 189 98
98 116 108 116
55 149 58 151
96 110 98 113
182 118 185 120
41 19 43 22
143 134 144 139
198 143 199 148
18 168 18 179
64 146 64 157
92 0 94 3
161 175 166 176
9 144 9 155
45 11 46 16
183 148 185 151
157 169 168 169
7 85 7 96
97 235 102 236
33 159 33 170
65 237 76 237
114 52 125 52
166 20 167 25
71 58 73 61
65 16 68 18
37 6 42 7
69 242 71 245
66 90 67 95
175 174 186 174
24 215 26 218
46 189 47 194
40 220 51 220
133 238 135 241
179 27 182 29
84 32 85 37
132 204 135 206
40 36 40 47
188 204 191 206
10 54 13 56
171 137 176 138
171 65 182 65
52 240 57 241
137 234 139 237
170 112 173 114
87 154 89 157
146 131 151 132
55 82 66 82
195 231 199 232
132 90 142 90
89 223 94 224
125 47 130 48
111 14 112 17
151 126 154 128
26 184 27 189
17 180 17 191
58 221 60 224
0 36 0 47
85 160 96 160
115 54 120 55
139 30 142 32
78 228 79 233
2 123 2 134
175 173 185 173
82 118 93 118
122 43 127 44
138 154 149 154
113 234 124 234
100 69 111 69
156 130 158 133
188 146 193 147
54 85 65 85
57 8 57 19
126 141 137 141
126 127 131 128
106 36 107 41
128 201 128 212
155 126 158 128
52 90 53 95
1 96 1 107
162 201 165 203
134 77 137 79
182 20 183 25
34 4 36 7
21 234 21 245
1 12 1 23
22 180 22 191
64 247 69 248
104 183 106 186
149 122 154 123
106 125 111 126
182 66 185 68
84 110 95 110
196 227 199 229
30 111 32 114
9 82 9 93
60 183 61 188
184 137 192 137
52 192 55 194
55 102 57 105
39 146 50 146
178 0 178 11
20 231 23 233
169 219 172 221
58 225 63 226
49 11 50 16
119 207 120 212
136 199 141 200
11 156 13 159
25 54 27 57
196 79 198 82
82 164 93 164
128 224 129 229
126 120 131 121
53 8 53 19
0 60 0 71
166 69 176 69
82 116 93 116
111 219 113 222
93 15 98 16
74 229 75 234
44 136 55 136
188 200 197 200
119 134 120 139
80 19 83 21
190 187 192 190
166 9 167 12
174 246 185 246
41 227 41 238
109 20 114 21
121 108 132 108
131 118 142 118
97 75 108 75
70 79 73 81
179 210 182 212
70 227 81 227
95 53 106 53
21 222 23 225
64 69 75 69
147 39 157 39
142 213 153 213
97 71 99 74
143 27 148 28
67 235 78 235
27 159 28 164
1 84 1 95
88 239 89 244
71 111 72 116
177 168 186 168
128 119 139 119
72 158 83 158
81 171 84 173
3 147 3 158
144 83 147 85
4 123 4 134
119 122 130 122
130 97 135 98
54 90 55 95
113 207 114 212
33 23 44 23
175 140 175 151
50 31 50 38
82 117 93 117
177 159 180 161
156 215 157 220
22 24 22 35
78 6 80 9
73 102 75 105
136 131 139 133
135 124 146 124
42 90 43 95
147 95 152 96
58 8 58 19
50 189 61 189
140 20 143 22
68 32 71 34
0 84 0 95
163 0 163 11
56 90 57 95
54 111 54 122
163 33 165 36
139 10 141 13
155 122 160 123
36 222 41 223
110 79 113 81
36 209 37 213
34 184 37 186
96 88 97 93
136 6 139 8
54 137 56 139
56 164 56 175
60 159 60 170
113 137 116 139
1 199 1 210
132 249 143 249
94 46 105 46
31 88 36 89
60 8 60 19
132 106 143 106
173 122 178 123
187 71 188 76
3 9 3 20
28 12 28 23
28 67 39 67
132 0 133 5
88 28 93 29
76 226 87 226
192 12 197 13
34 221 45 221
29 135 34 136
164 213 165 218
164 0 165 5
131 179 136 180
15 186 16 191
112 214 114 217
4 82 7 84
107 165 118 165
74 124 85 124
97 164 97 175
182 0 182 11
124 129 135 129
4 70 4 81
152 87 154 89
179 162 180 167
136 0 137 5
89 186 100 186
92 19 95 21
147 47 152 48
168 157 173 158
143 47 146 49
168 141 168 152
57 231 58 236
24 231 24 242
98 29 109 29
149 175 154 176
118 225 119 230
186 148 188 151
14 24 14 35
98 232 109 232
180 148 182 151
159 76 162 78
174 157 179 158
155 0 156 5
147 115 158 115
79 196 80 201
192 230 199 230
142 163 144 166
19 94 19 105
115 20 117 23
25 58 26 63
118 77 118 88
163 78 174 78
172 214 174 217
42 138 44 141
20 112 23 114
173 110 184 110
85 161 96 161
57 86 62 87
85 171 88 173
14 216 15 221
75 192 77 195
106 239 107 244
62 124 73 124
188 158 190 161
6 177 6 188
4 240 5 245
99 65 110 65
89 237 100 237
178 125 189 125
106 214 108 217
16 112 19 114
50 142 52 145
133 75 143 75
143 159 145 162
35 193 35 204
109 108 120 108
33 243 35 246
150 51 150 62
189 65 192 67
160 120 169 120
151 204 154 206
44 8 47 10
47 177 47 188
36 224 47 224
28 66 39 66
124 133 135 133
62 171 67 172
131 147 132 152
3 159 4 164
10 82 10 93
43 74 46 76
90 165 92 168
114 195 114 206
180 185 180 196
174 170 177 172
131 207 132 212
105 170 116 170
40 80 45 81
98 115 108 115
52 111 52 122
12 82 13 87
23 12 23 23
89 22 94 23
94 24 95 29
129 159 130 164
88 54 90 57
75 150 77 153
34 36 34 47
19 234 20 239
112 195 112 206
81 83 86 84
185 56 196 56
53 78 62 78
139 201 144 202
37 167 40 169
56 228 59 230
49 19 49 30
170 13 179 13
168 153 173 154
27 34 27 45
169 187 169 198
109 189 112 191
183 210 185 212
106 72 111 73
152 177 163 177
144 17 149 18
67 164 68 169
5 9 6 14
144 219 146 222
62 90 65 92
30 215 31 220
52 181 53 186
39 0 40 5
174 30 175 35
39 63 42 65
11 226 11 237
34 108 45 108
164 177 175 177
17 204 17 215
123 147 124 152
63 0 64 5
82 216 93 216
128 43 133 44
121 195 121 206
153 95 158 96
52 102 54 105
103 182 114 182
10 129 10 140
4 105 15 105
157 188 157 199
60 144 71 144
196 129 198 132
74 131 79 132
28 68 33 69
184 142 185 147
20 200 25 201
33 193 34 198
22 156 22 167
141 134 142 139
23 0 23 11
80 24 81 29
183 27 185 29
159 65 170 65
103 235 108 236
31 105 33 108
138 219 140 222
114 30 116 33
27 76 27 87
198 198 199 202
3 135 3 146
139 104 150 104
104 239 105 244
159 187 160 192
6 97 7 102
76 54 78 57
112 69 120 69
152 188 152 199
0 0 0 11
20 141 22 144
128 83 139 83
55 74 57 77
169 159 172 161
30 222 32 225
152 51 152 62
124 20 127 22
30 90 33 92
84 96 89 97
55 177 57 180
57 137 60 139
110 124 121 124
26 94 26 105
171 155 182 155
28 247 39 247
127 115 132 116
195 148 197 151
192 152 199 152
22 94 22 105
69 169 80 169
89 5 100 5
57 42 58 47
181 214 183 217
121 54 122 59
53 111 53 122
15 116 26 116
39 134 39 145
99 34 104 35
21 131 22 136
100 54 102 57
52 177 54 180
55 72 60 73
50 71 61 71
76 98 87 98
47 43 52 44
149 207 152 209
107 223 118 223
129 172 140 172
12 115 23 115
13 216 13 227
189 68 193 69
194 143 196 146
72 32 73 37
190 214 192 217
116 64 127 64
170 0 170 11
29 93 30 98
176 186 176 197
83 217 85 220
108 120 113 121
56 196 57 201
150 235 151 240
190 220 193 222
198 192 199 197
72 249 80 249
67 82 78 82
71 51 82 51
34 229 34 240
146 0 147 5
134 110 139 111
14 0 15 5
39 36 39 47
20 60 22 63
41 24 41 35
128 177 139 177
17 24 17 35
5 135 5 146
35 155 35 166
14 174 15 179
52 126 63 126
110 6 112 9
142 33 153 33
21 180 21 191
166 41 171 42
186 131 195 131
102 127 113 127
84 6 85 11
153 111 164 111
109 0 109 10
170 40 181 40
134 113 139 114
144 224 145 229
59 44 62 46
115 235 120 236
133 147 134 152
191 122 195 123
118 117 129 117
65 63 70 64
183 80 184 85
81 123 92 123
43 109 54 109
75 115 77 118
95 47 97 50
17 216 17 226
153 143 153 154
80 163 91 163
94 118 105 118
73 41 84 41
17 12 17 23
107 63 112 64
32 193 32 204
0 132 0 143
173 80 176 82
18 180 18 191
70 229 71 234
133 134 134 139
191 157 196 158
20 0 20 11
36 15 38 18
102 120 107 121
60 93 62 96
150 171 161 171
173 233 178 234
170 187 170 198
181 164 183 167
118 192 123 193
122 40 127 41
141 76 152 76
58 56 63 57
19 66 19 77
191 0 191 11
56 48 67 48
73 133 76 135
111 30 113 33
195 106 199 107
122 183 124 186
23 54 23 65
137 47 139 50
82 43 87 44
45 86 50 87
64 205 65 210
38 83 49 83
135 159 136 164
76 6 77 11
143 30 146 32
90 88 95 89
8 21 8 32
14 180 16 183
122 0 125 2
166 223 167 228
186 181 187 186
65 146 65 157
52 228 55 230
19 240 20 245
87 165 89 168
59 205 62 207
79 78 90 78
52 125 63 125
105 30 106 35
83 22 88 23
47 63 50 65
34 248 39 249
167 245 178 245
11 82 11 93
54 127 59 128
183 0 183 11
97 238 108 238
35 24 35 35
27 139 27 150
40 24 40 35
16 216 16 227
34 137 34 148
26 76 26 87
3 70 3 81
73 111 74 116
0 168 0 179
27 0 27 11
109 99 112 101
2 117 3 122
61 106 72 106
126 30 128 33
36 227 36 238
168 230 179 230
192 204 195 206
67 72 69 75
106 107 117 107
24 54 24 65
1 234 1 245
12 112 15 114
116 177 127 177
145 238 147 241
7 153 7 164
54 242 56 245
94 247 99 248
154 188 155 193
17 0 17 11
120 131 123 133
37 36 37 47
42 243 44 246
95 99 96 104
14 238 15 243
51 146 62 146
143 99 146 101
143 6 145 9
21 54 22 59
44 218 49 219
165 219 168 221
152 131 155 133
101 99 104 101
159 149 160 154
43 155 43 166
173 105 184 105
113 183 115 186
75 111 77 114
128 183 130 186
27 134 38 134
112 147 113 152
45 243 47 246
59 111 59 121
120 72 123 74
130 86 132 89
12 244 15 246
113 131 114 136
39 24 39 35
7 9 7 20
87 196 87 207
162 30 165 32
54 181 55 186
30 42 32 45
117 181 128 181
183 220 185 222
186 142 187 147
54 140 59 141
51 0 52 5
192 223 197 224
51 23 51 34
85 38 87 41
167 100 170 102
19 24 19 35
190 97 194 98
121 189 124 191
66 177 68 180
131 99 132 104
144 20 147 22
133 23 135 26
131 51 142 51
128 0 129 5
151 109 162 109
177 49 188 49
42 214 43 219
174 70 185 70
16 39 19 41
110 0 111 5
4 104 15 104
190 46 195 47
80 58 82 61
75 165 77 168
155 165 157 168
5 159 5 170
152 143 152 154
82 192 87 193
183 99 184 104
46 108 57 108
30 30 30 41
44 100 47 102
79 190 84 191
182 132 183 137
84 120 89 121
174 0 174 11
61 88 66 89
118 89 129 89
198 179 199 183
130 228 135 229
77 42 87 42
156 99 158 102
105 130 116 130
186 112 189 114
79 82 90 82
26 90 29 92
16 231 19 233
126 219 128 222
89 177 90 182
182 152 191 152
55 54 57 57
9 186 12 188
106 248 117 248
40 8 43 10
3 216 3 227
63 231 64 236
66 115 68 118
69 145 69 156
130 107 141 107
60 111 61 116
126 157 134 157
172 231 177 232
180 138 182 141
157 80 160 82
163 57 165 60
142 10 144 13
132 230 143 230
21 42 21 53
83 58 85 61
178 36 183 37
153 47 158 48
52 247 57 248
191 71 194 73
80 240 81 245
74 177 74 188
26 124 37 124
52 129 63 129
73 108 84 108
125 176 136 176
94 114 97 116
13 141 14 146
120 120 125 121
38 36 38 47
33 83 36 85
159 9 162 11
184 23 189 24
81 130 92 130
3 69 14 69
91 170 91 181
132 158 143 158
148 25 153 26
8 129 8 140
77 58 79 61
63 65 74 65
13 24 13 35
54 132 57 134
101 237 112 237
23 234 23 245
156 106 167 106
9 168 9 179
28 0 28 11
70 177 70 188
49 235 52 237
134 29 145 29
73 177 73 188
31 30 31 41
163 187 163 198
144 242 148 243
54 205 54 216
124 224 125 229
45 153 45 164
25 94 25 105
86 90 87 95
75 99 78 101
88 6 89 11
70 196 73 198
153 219 155 222
166 130 169 132
126 42 137 42
123 173 132 173
126 239 127 243
56 205 56 216
125 237 136 237
101 183 103 186
173 213 184 213
115 180 126 180
160 241 167 241
183 239 194 239
79 54 81 57
143 204 144 209
7 141 7 152
79 202 81 205
22 78 22 89
180 45 189 45
175 0 175 11
62 177 62 188
55 231 56 236
133 173 138 174
83 175 83 186
176 48 187 48
170 140 170 151
61 76 72 76
84 45 95 45
91 235 96 236
191 241 194 243
8 94 9 99
37 227 37 238
146 159 148 162
67 181 68 186
82 110 83 115
134 0 135 5
14 70 14 81
108 166 110 169
45 171 45 182
16 156 16 167
8 100 11 102
156 79 167 79
81 200 86 201
144 105 147 106
165 87 168 89
59 147 59 158
95 187 106 187
27 70 28 75
149 6 151 9
23 180 23 191
19 156 19 167
160 83 162 86
31 51 31 62
189 71 190 76
103 159 103 170
133 105 143 105
51 205 53 208
3 82 3 93
55 96 57 99
12 234 14 237
158 0 158 11
148 247 159 247
47 11 48 16
101 18 102 23
53 59 55 62
143 187 152 187
115 115 120 116
22 215 23 220
156 121 167 121
11 238 13 241
148 10 149 15
13 12 13 23
109 207 110 212
72 192 74 194
136 129 147 129
138 194 149 194
100 98 111 98
116 78 116 89
124 66 129 67
43 171 44 176
69 86 74 87
102 36 103 41
189 198 193 199
103 219 106 221
6 226 6 237
187 128 194 128
66 158 67 163
153 103 158 104
83 122 94 122
86 62 97 62
154 117 165 117
18 66 18 77
106 218 117 218
158 215 159 220
168 185 179 185
120 77 120 88
101 171 106 172
63 168 66 170
175 27 178 29
14 66 17 68
195 180 197 183
173 62 184 62
135 155 146 155
125 175 136 175
74 140 85 140
40 134 40 145
120 130 131 130
131 134 132 139
1 192 4 194
186 65 188 68
64 37 66 40
4 97 5 102
121 75 132 75
69 35 71 37
162 17 167 18
118 36 119 41
80 119 91 119
165 51 166 56
157 143 157 154
23 129 24 134
13 88 13 99
40 90 41 95
189 148 191 151
195 26 196 31
64 32 67 34
84 240 85 245
185 233 190 234
184 164 186 167
91 90 93 93
17 151 22 152
30 202 30 213
125 183 127 186
5 67 10 68
29 24 30 29
184 231 189 232
119 47 124 48
141 214 144 216
134 34 144 34
151 83 153 86
164 39 169 40
75 157 86 157
70 43 72 46
140 131 145 132
67 211 69 214
191 63 199 63
102 157 113 157
130 92 133 94
46 221 57 221
34 105 37 107
111 131 112 136
156 188 156 199
16 94 16 105
140 119 151 119
94 54 96 57
62 202 65 203
60 177 61 182
126 0 127 5
4 183 5 188
186 17 191 18
77 139 88 139
113 175 118 176
22 12 22 23
142 107 153 107
72 242 74 245
124 247 135 247
144 235 147 237
183 95 194 95
40 129 51 129
58 70 69 70
52 96 54 99
180 219 182 222
151 93 162 93
184 30 185 35
135 95 140 96
49 153 49 164
160 110 171 110
119 12 120 17
56 59 58 62
81 165 83 168
3 106 4 111
1 211 3 214
147 204 150 206
19 145 20 150
104 174 115 174
48 138 50 141
186 32 188 35
90 72 92 75
14 156 15 161
133 159 134 164
125 36 127 39
62 79 65 81
52 222 53 227
98 239 103 240
161 122 166 123
24 78 24 89
21 117 32 117
57 83 62 84
99 94 101 97
53 41 60 41
154 183 157 185
45 17 50 18
65 12 67 15
163 93 168 94
64 229 69 230
75 83 80 84
190 155 195 156
150 201 153 203
134 72 139 73
116 174 127 174
126 80 127 85
40 48 40 59
127 134 128 139
29 118 30 123
105 160 106 165
171 184 182 184
167 27 170 29
105 205 106 210
88 232 97 232
148 110 159 110
99 99 100 104
192 0 192 11
131 195 131 206
123 169 125 172
117 219 119 222
168 75 179 75
120 110 122 113
116 119 127 119
120 106 131 106
42 54 43 59
141 207 142 212
130 0 131 5
161 3 162 8
160 179 171 179
8 177 8 188
117 110 119 113
183 193 185 196
72 205 72 216
62 0 62 11
46 80 51 81
20 156 20 167
55 6 60 7
3 228 3 239
193 65 197 66
106 247 117 247
192 201 197 202
66 220 67 225
60 121 71 121
77 237 88 237
148 231 153 232
90 52 101 52
131 47 133 50
159 204 162 206
14 42 16 45
178 231 183 232
121 235 126 236
66 96 71 97
137 122 148 122
187 174 196 174
80 217 82 220
43 226 43 237
2 147 2 158
82 125 87 126
81 176 81 187
190 181 191 186
80 206 81 211
43 196 45 199
118 143 118 154
170 210 172 213
16 141 16 152
47 153 47 164
40 212 51 212
199 126 199 135
145 102 150 103
168 20 169 25
183 14 194 14
52 242 53 246
115 207 116 212
6 189 9 191
180 72 182 75
184 41 189 42
26 64 26 75
64 211 66 214
98 0 100 3
100 136 102 139
150 112 153 114
173 0 173 11
123 195 123 206
125 63 136 63
19 204 19 215
33 12 33 22
74 201 74 212
34 111 34 122
46 103 48 106
93 208 94 213
188 64 199 64
28 125 33 126
146 77 149 79
2 9 2 20
120 230 131 230
172 0 172 11
121 12 122 17
121 20 123 23
182 39 186 40
32 0 32 11
187 61 197 61
36 155 36 166
106 66 111 67
140 133 151 133
58 111 58 122
43 151 54 151
51 177 51 188
66 98 75 98
74 47 85 47
97 183 100 185
0 12 0 23
189 192 194 193
180 12 191 12
47 214 49 217
138 143 139 148
104 194 115 194
5 123 5 134
177 162 178 167
101 195 101 206
1 144 1 155
88 69 99 69
100 216 102 219
127 178 130 180
135 36 138 38
47 147 52 148
89 191 100 191
185 51 188 53
36 48 36 59
50 131 61 131
78 150 81 152
165 137 170 138
166 112 169 114
28 194 29 199
166 83 168 86
13 106 15 109
120 127 125 128
120 36 121 41
75 0 76 5
61 12 61 23
86 217 87 222
27 12 27 23
147 124 157 124
88 66 93 67
106 54 108 57
187 43 197 43
148 87 151 89
43 88 48 89
180 230 191 230
132 153 134 156
7 21 7 32
192 148 194 151
158 124 169 124
27 203 27 214
179 80 180 85
117 170 119 173
13 147 14 152
22 234 22 245
57 152 57 163
7 106 9 109
166 68 177 68
35 227 35 238
136 98 147 98
107 225 109 228
161 233 172 233
69 120 80 120
110 29 121 29
190 111 193 113
163 100 166 102
33 199 34 204
126 153 128 156
128 192 131 194
92 144 97 145
18 131 20 134
78 212 81 214
89 183 92 185
63 86 68 87
46 107 57 107
159 239 170 239
142 0 143 5
37 131 40 133
181 158 182 163
72 19 75 21
77 174 88 174
165 136 176 136
189 51 192 53
149 50 160 50
139 173 144 174
104 47 106 50
76 125 81 126
195 71 197 74
6 153 6 164
144 72 147 74
138 77 141 79
102 68 113 68
71 171 73 174
33 60 36 62
112 225 113 230
76 24 77 29
20 194 21 199
111 207 112 212
20 12 20 23
23 135 28 136
69 16 72 18
81 38 84 40
100 192 105 193
127 201 127 212
93 249 104 249
89 15 92 17
94 233 105 233
146 143 147 148
159 126 162 128
123 68 134 68
83 63 88 64
86 175 86 186
24 219 29 220
43 150 54 150
43 117 48 118
98 140 109 140
141 111 152 111
168 187 168 198
169 141 169 152
129 54 130 59
65 19 67 21
158 112 161 114
47 45 52 46
46 226 46 237
62 12 62 23
36 90 37 95
38 135 38 146
48 249 59 249
34 68 34 79
8 216 9 221
61 102 63 105
38 24 38 35
185 176 196 176
164 20 165 25
140 183 142 186
21 24 21 35
168 181 170 184
194 170 197 172
178 66 181 68
125 195 125 206
21 154 32 154
143 183 145 185
34 167 36 170
66 205 67 210
32 30 32 41
154 179 159 180
104 85 104 96
62 58 64 61
86 152 97 152
120 224 121 229
16 168 16 179
146 29 154 29
107 159 108 164
63 83 68 84
25 231 26 236
156 213 161 214
63 140 65 143
20 66 20 77
147 210 150 212
2 171 2 182
94 196 94 207
72 229 73 234
13 6 14 11
192 82 195 83
88 98 99 98
112 126 123 126
32 152 37 153
157 116 165 116
184 133 186 136
78 85 89 85
155 178 164 178
47 226 47 237
83 87 86 89
83 99 84 104
16 69 17 74
79 72 80 77
83 208 84 213
22 121 24 124
159 0 162 2
139 115 144 116
34 8 35 13
34 125 39 126
6 165 6 176
188 227 191 229
148 129 159 129
167 206 178 206
51 11 51 22
9 117 9 128
121 105 132 105
33 154 43 154
88 90 90 93
43 149 54 149
57 205 57 216
93 76 104 76
110 43 115 44
171 198 176 199
89 189 94 190
15 46 16 51
120 24 123 26
66 127 71 128
156 41 159 43
10 168 10 179
66 196 69 198
114 110 116 113
135 157 146 157
177 80 178 85
129 181 138 181
60 20 60 31
136 196 139 198
6 244 11 245
82 66 83 71
68 145 68 156
2 21 2 32
143 36 146 38
60 97 65 98
184 238 194 238
158 165 160 168
75 155 80 156
20 100 21 105
175 134 179 135
167 54 172 55
178 142 180 145
13 70 13 81
73 204 73 215
5 61 6 66
102 30 104 33
150 68 152 71
36 193 36 204
173 219 176 221
6 21 6 32
68 119 79 119
31 163 31 174
24 156 24 167
62 159 62 170
25 174 25 185
48 222 51 224
183 141 193 141
151 138 156 139
46 177 46 188
1 36 1 47
116 194 127 194
0 144 0 155
128 22 139 22
132 127 137 128
10 6 10 17
29 139 29 150
62 189 72 189
26 0 26 11
127 49 130 51
43 24 43 35
12 6 12 17
3 171 3 182
136 23 138 26
118 107 129 107
68 220 69 225
158 87 160 90
13 57 13 68
178 153 189 153
92 196 92 207
33 70 33 81
61 221 63 224
13 119 13 130
59 175 70 175
156 17 161 18
38 68 40 71
184 8 186 11
180 121 189 121
27 215 29 218
184 116 189 117
12 100 15 102
183 158 184 163
150 78 155 79
127 182 138 182
39 86 44 87
0 246 3 248
78 96 83 97
95 141 100 142
71 99 74 101
44 177 44 188
123 134 124 139
98 144 103 145
165 95 170 96
151 214 153 217
110 239 111 244
97 99 98 104
13 131 14 136
161 130 162 135
144 245 155 245
199 158 199 169
76 32 77 37
197 173 199 176
180 20 181 25
10 199 12 202
0 24 0 35
113 246 124 246
63 93 65 96
129 60 132 62
86 6 87 11
88 19 91 21
70 72 71 75
139 80 144 81
91 182 102 182
158 16 169 16
19 12 19 23
97 195 97 206
33 131 36 133
163 173 168 174
79 0 80 5
40 184 40 195
56 32 59 34
157 0 157 11
47 78 52 79
2 105 2 116
125 54 126 59
189 218 194 219
115 159 116 164
25 0 25 11
30 139 30 150
22 168 22 179
112 83 112 94
88 24 90 27
99 177 101 180
166 147 167 152
33 48 33 59
123 54 124 59
137 207 138 212
115 182 126 182
61 204 72 204
17 42 17 53
123 77 124 82
69 117 74 118
50 19 50 30
44 153 44 164
113 63 124 63
24 247 27 249
25 88 30 89
39 149 42 151
1 108 1 119
138 149 141 151
137 99 138 104
123 65 134 65
92 170 92 181
30 231 30 242
32 110 43 110
133 82 144 82
123 219 125 222
96 195 96 206
79 177 79 188
96 127 101 128
117 155 122 156
198 120 199 125
144 91 153 91
81 155 86 156
41 183 41 194
149 80 152 82
49 53 58 53
46 241 51 242
27 130 29 133
23 66 23 77
76 129 87 129
85 159 96 159
180 0 180 11
174 17 179 18
6 129 6 140
140 196 143 198
96 10 101 11
106 20 108 23
162 224 163 229
163 134 168 135
15 81 15 92
35 135 35 146
182 44 193 44
183 115 192 115
192 38 194 41
162 141 162 152
30 243 32 246
56 152 56 163
58 90 61 92
14 82 14 93
130 214 132 217
159 95 164 96
156 143 156 154
85 202 85 213
131 178 142 178
14 162 14 173
178 46 183 47
44 226 44 237
45 23 45 34
189 181 189 191
129 153 131 156
28 34 28 45
116 72 119 74
170 201 173 203
94 216 96 219
173 186 173 197
131 223 142 223
193 214 195 217
114 42 125 42
19 87 21 90
100 146 101 151
162 112 165 114
49 47 50 52
30 76 30 87
76 66 77 71
63 18 63 29
7 61 8 66
68 24 69 29
135 143 135 154
132 143 134 146
2 228 2 239
183 198 188 199
105 85 105 96
177 136 177 147
185 175 196 175
154 92 165 92
26 203 26 214
185 54 190 55
90 42 101 42
73 16 76 18
82 214 93 214
136 195 147 195
141 219 143 222
149 234 160 234
147 189 149 192
115 131 116 136
196 0 197 5
40 155 40 166
60 117 65 118
87 208 88 213
98 43 109 43
89 58 91 61
58 196 59 201
169 93 174 94
37 204 48 204
36 36 36 47
107 51 118 51
74 137 79 138
117 195 117 206
18 0 18 11
168 180 179 180
74 70 75 75
197 18 197 29
86 140 97 140
38 111 38 122
92 6 93 11
39 243 41 246
40 125 45 126
37 54 38 59
175 99 176 104
98 58 100 61
26 36 26 47
119 30 120 35
177 219 179 222
50 196 51 201
31 226 42 226
117 57 118 62
148 106 155 106
198 0 198 11
126 52 137 52
113 57 114 62
182 227 187 228
103 18 104 23
1 60 1 71
4 171 4 182
124 195 124 206
24 203 24 214
95 63 100 64
10 18 10 29
41 11 42 16
109 137 112 139
6 117 6 128
157 134 158 139
154 125 165 125
182 185 182 196
171 115 182 115
151 19 162 19
177 111 188 111
31 109 42 109
68 205 69 210
146 40 157 40
54 8 55 13
34 14 35 19
76 19 79 21
40 241 45 242
190 57 193 59
181 89 190 89
1 0 1 11
164 64 175 64
67 231 69 234
192 227 195 229
129 219 131 222
49 190 54 191
185 62 196 62
113 11 124 11
55 0 56 5
178 20 179 25
112 105 120 105
82 54 84 57
25 240 28 242
4 228 4 239
188 48 199 48
68 171 70 174
28 202 28 213
176 64 187 64
105 110 107 113
152 0 152 11
46 135 57 135
102 110 104 113
151 189 151 200
136 15 147 15
76 147 79 149
81 143 92 143
43 111 44 116
5 15 6 20
32 184 33 189
170 30 171 35
17 60 19 63
33 231 33 242
175 76 178 78
155 175 160 176
8 82 8 93
118 195 118 206
57 164 57 175
125 77 125 88
16 91 21 92
30 163 30 174
185 77 194 77
159 130 160 135
101 104 112 104
83 51 94 51
13 155 24 155
30 181 41 181
29 171 29 182
23 94 23 105
92 226 94 229
1 72 1 83
111 159 112 164
106 131 108 134
9 180 10 185
169 242 174 243
121 60 124 62
67 35 68 40
154 213 155 218
154 72 165 72
128 84 133 85
184 91 189 92
86 47 88 50
28 214 39 214
149 41 151 43
165 103 170 104
163 61 174 61
19 42 19 53
60 228 63 230
133 189 133 200
42 105 45 107
140 43 145 44
17 145 18 150
64 196 65 201
95 164 95 175
129 11 131 14
175 43 186 43
131 80 138 80
13 46 14 51
122 245 131 245
10 117 10 128
77 0 78 5
166 213 167 218
170 48 175 49
109 11 112 13
190 26 191 31
61 35 66 36
125 234 136 234
7 207 8 212
41 167 44 169
115 144 115 155
1 195 6 196
61 37 63 40
31 0 31 11
176 177 187 177
152 12 154 15
52 153 52 164
0 234 0 245
163 141 164 146
176 52 178 55
142 179 147 180
175 93 180 94
92 119 103 119
28 229 33 230
82 77 93 77
115 12 116 17
111 83 111 94
33 24 34 29
9 21 9 32
0 48 0 59
128 80 130 82
107 171 112 172
73 30 78 31
15 119 15 130
163 83 165 86
82 107 93 107
17 168 17 179
70 164 81 164
90 6 91 11
61 41 72 41
64 72 66 75
46 125 51 126
54 196 55 201
90 85 93 87
22 203 22 214
43 82 54 82
25 121 28 123
59 214 62 216
44 48 44 59
127 236 136 236
63 242 65 245
16 36 19 38
83 187 94 187
128 239 129 243
89 47 91 50
44 24 44 35
173 211 178 212
137 159 139 162
71 205 71 216
94 66 99 67
12 18 12 29
162 153 167 154
192 79 195 81
120 149 121 154
187 140 195 140
62 147 62 158
177 178 188 178
49 179 49 189
144 45 155 45
115 217 126 217
174 20 175 25
76 234 87 234
80 66 81 71
11 140 22 140
90 127 95 128
9 70 9 81
107 187 118 187
130 239 132 242
56 176 67 176
0 216 1 221
27 243 29 246
0 108 0 119
180 13 191 13
127 25 132 26
121 214 126 215
172 72 175 74
146 112 149 114
1 180 1 191
190 164 192 167
195 162 198 164
124 239 125 243
15 141 15 152
52 220 63 220
147 36 150 38
142 149 145 151
194 247 197 249
145 80 148 82
8 153 8 164
6 49 6 60
13 36 14 41
36 135 36 146
191 233 196 234
99 207 100 212
125 189 128 191
124 6 127 8
160 247 165 248
129 143 131 146
104 225 106 228
139 163 141 166
91 99 92 104
16 12 16 23
142 247 147 248
172 30 173 35
186 220 189 222
94 214 105 214
88 32 90 35
120 239 121 244
131 187 142 187
154 134 156 137
162 180 163 185
56 181 57 186
124 23 126 26
59 35 60 40
155 12 157 15
83 53 94 53
105 0 106 5
134 16 145 16
134 47 136 50
66 85 77 85
79 235 84 236
87 0 88 5
4 85 4 96
48 226 48 237
12 57 12 68
198 95 198 105
170 50 181 50
198 71 199 76
86 81 97 81
136 97 147 97
1 120 1 131
150 189 150 200
194 20 195 24
82 227 83 232
42 171 42 182
159 3 160 8
75 39 80 40
103 54 105 57
110 144 113 146
175 181 178 183
98 124 109 124
108 224 119 224
164 9 165 12
109 54 114 55
183 78 194 78
18 204 18 215
58 99 69 99
158 12 160 15
78 217 79 222
76 248 87 248
179 122 184 123
35 48 35 59
166 72 171 73
25 106 26 111
128 72 133 73
48 153 48 164
116 24 119 26
196 14 196 25
26 194 27 199
162 171 167 172
24 66 24 77
20 216 21 221
153 118 163 118
137 175 142 176
17 64 22 65
121 77 121 88
122 224 123 229
38 105 41 107
45 138 47 141
190 235 195 236
77 201 77 212
166 0 167 5
154 83 159 84
119 28 130 28
140 233 151 233
40 103 45 104
187 133 189 136
169 0 169 11
119 57 120 62
64 54 66 57
170 223 172 226
184 106 189 107
111 195 111 206
148 143 149 148
102 159 102 170
163 204 166 206
70 102 72 105
42 222 47 223
193 133 196 135
141 189 143 192
190 36 191 41
47 31 48 36
74 62 85 62
86 202 86 213
189 84 192 86
67 191 78 191
20 168 20 179
22 221 33 221
73 88 78 89
89 141 94 142
180 79 191 79
198 211 199 216
185 181 185 192
48 205 50 208
79 87 82 89
181 142 183 145
180 249 189 249
93 181 104 181
89 0 91 3
51 35 52 38
154 73 165 73
0 120 0 131
102 79 105 81
114 79 114 89
119 195 119 206
30 54 30 65
137 179 141 180
64 125 69 126
18 12 18 23
108 249 119 249
136 247 141 248
116 43 121 44
114 127 119 128
38 196 39 201
186 187 187 192
171 126 174 128
39 227 39 238
45 130 56 130
61 137 64 139
181 185 181 196
101 173 112 173
190 125 197 125
132 6 135 8
153 159 154 164
5 171 5 182
146 16 157 16
157 159 158 164
124 248 135 248
78 24 79 29
46 119 48 122
150 10 151 15
179 181 182 183
158 183 161 185
156 224 157 229
97 131 99 134
5 85 5 96
163 147 164 152
8 165 8 176
80 188 91 188
108 158 119 158
179 233 184 234
133 201 138 202
52 66 57 67
113 12 114 17
173 71 184 71
141 95 146 96
189 80 191 83
168 241 179 241
119 187 130 187
192 26 192 37
182 124 193 124
189 99 190 104
36 11 38 14
183 72 184 77
37 135 37 146
74 50 85 50
172 36 177 37
37 60 40 62
159 210 162 212
148 248 159 248
189 178 199 178
64 107 69 108
68 90 70 93
132 45 143 45
155 6 156 11
178 106 183 107
82 176 82 187
79 15 82 17
93 177 95 180
60 249 71 249
179 63 190 63
74 90 76 93
112 129 123 129
161 143 161 154
16 238 16 249
86 245 97 245
74 196 77 198
22 66 22 77
45 96 48 98
140 177 151 177
124 72 127 74
183 181 183 192
153 99 155 102
27 58 27 69
24 36 24 47
49 167 49 178
184 170 189 171
190 210 199 210
95 30 96 35
14 94 15 99
190 45 199 45
144 143 145 148
30 182 41 182
175 128 186 128
2 189 5 191
18 216 19 221
131 59 142 59
65 181 66 186
10 42 10 53
160 224 161 229
148 235 149 240
161 105 172 105
21 137 32 137
98 220 102 221
190 170 193 172
175 159 176 164
4 21 4 32
148 97 153 98
144 158 155 158
143 126 146 128
85 99 86 104
136 189 137 194
106 6 108 9
36 171 37 176
59 177 59 188
0 222 0 233
72 144 73 149
168 106 177 106
162 50 162 61
130 66 135 67
122 77 122 88
75 65 86 65
83 133 88 134
44 152 55 152
185 244 196 244
123 143 125 146
143 178 154 178
142 199 147 200
159 155 170 155
94 136 99 137
69 165 71 168
39 17 44 18
57 0 58 5
87 99 88 104
154 51 154 62
107 177 108 180
194 141 199 142
33 0 33 11
34 215 35 220
181 209 192 209
103 131 105 134
53 195 64 195
159 143 160 148
124 131 129 132
9 192 9 203
44 142 46 145
169 207 172 209
189 32 191 35
58 177 58 188
97 54 99 57
30 175 31 180
175 214 177 217
190 106 194 107
49 0 50 5
4 9 4 20
189 194 194 195
42 155 42 166
84 227 85 232
187 19 189 22
67 170 78 170
113 6 115 9
173 237 184 237
147 99 150 101
40 66 45 67
104 150 109 151
18 24 18 35
88 138 99 138
178 240 189 240
143 223 153 223
58 164 58 175
82 240 83 245
168 17 173 18
51 138 53 141
49 225 49 234
52 80 57 81
97 135 108 135
125 151 130 152
195 0 195 11
7 165 7 176
98 245 109 245
19 0 19 11
165 187 165 198
38 90 39 95
60 192 63 194
172 129 183 129
176 140 176 151
91 78 102 78
16 24 16 35
196 184 197 189
78 66 79 71
65 58 67 61
44 90 45 95
71 63 76 64
110 147 111 152
46 171 47 176
193 190 198 191
103 195 105 198
81 169 92 169
181 80 182 85
113 99 114 104
0 156 0 167
11 160 11 171
110 36 115 37
167 210 169 212
109 57 110 62
9 222 11 225
2 159 2 170
7 111 18 111
67 238 72 239
28 184 29 189
86 239 87 244
31 93 31 104
75 242 77 245
196 205 199 207
136 10 138 13
135 207 136 212
2 69 2 80
43 177 43 188
88 40 89 44
72 150 74 153
6 141 6 152
174 165 176 168
106 77 117 77
160 33 162 36
91 82 102 82
116 242 119 244
197 114 199 117
55 191 66 191
121 35 132 35
87 175 87 186
197 233 199 236
128 188 139 188
94 117 105 117
115 109 126 109
3 199 4 204
0 72 0 83
154 143 154 154
186 130 195 130
193 0 193 11
161 87 164 89
161 50 161 61
156 75 167 75
83 202 84 207
18 117 20 120
167 66 172 67
91 109 102 109
93 30 94 35
198 65 199 70
95 51 106 51
186 246 197 246
85 189 88 191
5 70 5 81
81 99 82 104
96 45 107 45
154 91 165 91
105 166 107 169
100 66 105 67
167 204 172 205
63 158 63 167
167 165 168 168
167 187 167 198
115 57 116 62
71 137 73 140
153 186 158 187
184 179 195 179
99 84 110 84
44 110 55 110
121 163 124 165
56 136 67 136
40 227 40 238
139 134 140 139
9 9 9 20
191 54 196 55
55 190 66 190
43 189 44 194
169 83 171 86
132 36 134 39
100 234 111 234
101 246 112 246
3 57 3 68
112 97 123 97
21 66 21 77
172 20 173 25
108 14 110 17
18 84 21 86
140 204 142 206
25 203 25 214
138 189 140 192
122 3 125 5
190 60 197 60
1 156 1 167
8 9 8 20
77 246 88 246
171 99 172 104
182 50 192 50
39 11 40 16
24 140 24 151
73 216 81 216
6 85 6 96
25 12 25 23
114 225 115 230
114 0 115 5
166 46 171 47
119 183 121 186
150 246 161 246
117 30 118 35
103 82 113 82
55 111 56 116
148 179 153 180
44 165 49 166
41 68 43 71
81 72 83 75
134 231 145 231
129 134 130 139
121 238 132 238
89 18 100 18
140 143 141 148
66 201 69 203
193 50 195 53
109 179 114 180
37 96 40 98
62 132 73 132
35 111 35 122
54 26 55 31
41 131 41 141
39 111 39 122
102 97 111 97
143 175 148 176
98 85 99 90
0 192 0 203
2 81 2 92
195 238 199 239
173 140 173 151
7 33 7 44
97 108 108 108
103 199 103 210
117 159 118 164
159 99 170 99
184 129 195 129
59 159 59 170
128 74 139 74
113 27 118 28
82 194 92 194
166 57 168 60
32 51 32 62
18 42 18 53
11 0 13 3
194 197 197 199
167 52 172 53
88 217 89 222
160 129 171 129
127 166 132 167
40 100 43 102
143 186 152 186
173 156 183 156
21 0 21 11
144 230 155 230
71 141 82 141
15 139 26 139
103 85 103 96
3 45 3 56
196 50 199 52
22 229 27 230
179 51 180 56
71 122 82 122
145 116 156 116
48 90 49 95
41 142 43 145
195 38 197 41
197 34 199 37
194 84 199 85
30 184 31 189
70 54 72 57
163 159 164 164
82 202 82 213
158 224 159 229
49 54 51 57
22 194 23 199
99 83 110 83
70 24 71 29
145 134 146 139
53 64 64 64
113 114 124 114
170 118 181 118
100 71 108 71
174 90 185 90
139 207 140 212
163 126 166 128
79 99 80 104
64 6 65 11
166 30 167 35
147 68 149 71
29 12 29 23
38 171 39 176
157 235 159 238
124 192 127 193
80 228 81 233
84 66 85 71
88 192 93 193
95 58 97 61
107 183 109 186
138 246 149 246
4 211 6 214
190 0 190 11
52 165 52 176
56 49 61 50
198 38 199 43
4 147 4 158
152 119 163 119
141 169 143 172
195 118 199 119
1 132 1 143
173 52 175 55
119 77 119 88
88 196 88 207
116 6 119 8
100 195 100 206
69 143 80 143
160 41 165 42
178 57 180 60
126 169 128 172
127 214 129 217
79 170 90 170
166 107 177 107
16 87 18 90
168 0 168 11
195 32 196 37
14 12 14 23
160 237 165 238
62 49 67 50
71 22 76 23
117 207 118 212
2 240 3 245
57 242 59 245
21 106 22 111
8 33 8 44
102 42 113 42
3 112 5 115
67 102 69 105
93 153 95 156
9 156 9 167
190 247 193 249
51 47 52 52
136 204 139 206
196 139 199 140
196 46 199 47
50 39 52 42
15 69 15 80
27 168 27 179
142 86 144 89
114 239 115 244
184 235 189 236
74 213 77 215
146 224 147 229
140 0 141 5
20 204 20 215
21 246 23 249
147 57 148 62
78 177 78 188
185 162 190 163
33 149 38 150
192 17 195 19
18 156 18 167
121 115 126 116
149 165 154 166
115 179 126 179
49 88 54 89
65 0 66 5
182 223 185 225
58 205 58 216
70 157 71 162
68 94 73 95
145 108 156 108
13 172 13 183
176 20 177 25
6 216 7 221
71 47 73 50
67 30 72 31
157 173 162 174
172 140 172 151
90 157 101 157
117 99 118 104
53 20 53 31
37 225 48 225
140 64 151 64
2 216 2 227
74 24 75 29
133 108 144 108
19 180 19 191
79 109 90 109
98 79 101 81
36 24 36 35
56 142 59 144
87 83 92 84
145 57 146 62
105 143 116 143
160 51 160 62
93 83 98 84
75 201 75 212
7 129 7 140
129 171 140 171
33 86 38 87
40 214 41 219
118 218 129 218
156 51 156 62
197 53 199 56
38 202 43 203
115 201 116 206
70 125 75 126
61 133 64 135
103 211 108 212
117 143 117 154
183 96 194 96
184 25 195 25
1 48 1 59
57 35 58 40
126 77 129 79
148 195 149 200
29 54 29 65
54 159 54 170
18 246 20 249
130 36 131 41
16 196 17 201
180 241 190 241
186 70 197 70
2 33 2 44
156 221 161 222
178 41 183 42
50 165 50 176
139 99 142 101
167 122 172 123
20 180 20 191
178 214 180 217
183 138 186 140
149 242 152 244
25 159 26 164
94 6 95 11
125 165 136 165
150 183 153 185
27 51 30 53
172 91 177 92
67 43 69 46
168 79 179 79
187 164 189 167
58 247 63 248
80 176 80 187
171 0 171 11
43 42 43 53
78 165 80 168
126 86 129 88
50 213 51 218
17 75 17 86
133 99 134 104
12 70 12 81
24 243 26 246
89 4 100 4
98 241 100 244
53 171 54 176
171 181 174 183
76 43 78 46
8 242 13 243
96 158 107 158
13 192 24 192
198 21 199 26
185 226 196 226
139 167 144 168
16 0 16 11
147 219 149 222
143 210 146 212
194 220 197 222
110 140 121 140
34 0 36 3
75 177 75 188
73 189 84 189
176 109 187 109
162 157 167 158
162 90 173 90
62 111 63 116
178 91 183 92
181 126 186 127
45 0 46 5
57 130 68 130
184 36 189 37
12 88 12 99
144 152 149 153
170 20 171 25
170 152 181 152
146 41 148 43
88 111 91 113
2 93 2 104
95 213 106 213
34 175 35 180
139 109 150 109
59 208 60 213
43 119 45 122
118 46 129 46
110 38 112 41
86 227 87 232
82 24 83 29
172 57 174 60
27 222 29 225
0 96 0 107
152 64 163 64
120 0 121 5
62 62 73 62
128 9 139 9
104 199 104 210
112 192 117 193
146 183 149 185
101 159 101 170
176 119 181 120
62 173 67 174
114 157 125 157
84 127 89 128
188 177 199 177
18 78 19 83
113 171 116 173
9 112 11 115
88 126 99 126
117 134 118 139
18 127 23 128
178 30 179 35
33 30 34 35
38 184 38 195
71 90 73 93
80 110 81 115
155 51 155 62
37 72 38 77
65 137 68 139
27 231 28 236
108 45 119 45
24 222 26 225
160 215 161 220
102 195 102 206
121 168 132 168
143 57 144 62
186 223 191 224
185 122 190 123
92 230 97 231
76 177 77 182
41 78 46 79
178 229 187 229
171 140 171 151
92 239 93 244
74 225 85 225
195 101 196 104
88 144 89 149
117 76 128 76
50 219 61 219
70 201 73 203
95 207 96 212
21 118 24 120
135 219 137 222
104 24 106 27
51 153 51 164
12 119 12 130
112 125 123 125
72 6 73 11
123 95 128 96
119 53 130 53
25 237 28 239
69 77 74 78
5 192 8 194
101 207 102 212
154 35 159 36
62 196 63 201
24 0 24 11
36 243 38 246
143 90 154 90
37 111 37 122
96 239 97 244
165 222 176 222
35 72 36 77
140 235 143 237
28 129 39 129
39 184 39 195
140 72 143 74
82 46 93 46
30 0 30 11
109 177 114 178
10 156 10 167
155 159 156 164
23 156 23 167
115 99 116 104
4 246 7 248
78 159 80 162
72 66 75 68
149 105 160 105
3 123 3 134
125 11 126 16
14 204 14 215
51 65 62 65
10 203 21 203
10 216 11 221
46 196 47 201
181 242 184 244
66 52 77 52
53 237 64 237
140 47 142 50
85 106 95 106
150 219 152 222
76 102 78 104
2 57 2 68
28 54 28 65
61 147 61 158
77 18 88 18
88 226 89 231
142 66 147 67
136 238 138 241
136 125 141 126
127 159 128 164
154 235 156 238
69 177 69 188
71 177 72 182
50 202 55 203
175 57 177 60
58 66 60 69
21 145 22 150
130 243 141 243
35 68 37 71
163 19 174 19
24 174 24 185
76 247 87 247
169 57 171 60
162 70 173 70
95 22 100 23
129 169 134 170
176 207 178 210
107 53 118 53
45 47 45 58
12 144 12 155
123 110 125 113
159 47 162 49
106 195 108 198
199 2 199 13
41 36 41 47
71 145 71 156
64 102 66 105
31 139 31 150
146 149 149 151
122 231 127 232
60 196 61 201
109 115 114 116
127 54 128 59
66 199 71 200
6 33 6 44
2 6 5 8
24 127 29 128
140 6 142 9
169 108 180 108
166 247 171 248
79 43 81 46
78 10 83 11
64 226 75 226
153 0 153 11
144 196 147 198
72 159 74 162
153 51 153 62
147 65 158 65
161 159 162 164
20 121 21 126
9 141 12 143
149 51 149 62
122 10 133 10
36 208 47 208
122 124 133 124
36 127 41 128
21 138 32 138
102 146 103 151
195 95 196 100
172 218 182 218
70 6 71 11
106 233 117 233
16 106 18 109
24 168 25 173
79 30 84 31
80 221 85 222
6 112 8 115
86 66 87 71
15 93 26 93
102 85 102 96
172 41 177 42
176 200 187 200
32 175 33 180
77 171 80 173
50 177 50 188
69 39 74 40
11 184 16 185
71 183 72 188
89 139 99 139
159 103 164 104
76 72 78 75
12 172 12 183
145 34 150 35
34 101 39 102
58 107 63 108
60 32 63 34
161 207 164 209
109 56 120 56
77 63 82 64
80 131 85 132
25 76 25 87
166 201 169 203
43 63 46 65
120 90 122 93
168 133 179 133
49 192 51 194
23 106 24 111
58 240 63 241
45 111 46 116
193 208 198 209
76 201 76 212
19 106 20 111
154 223 165 223
181 57 183 60
137 27 142 28
11 137 14 139
64 12 64 23
33 93 33 104
175 126 180 127
4 57 4 68
168 30 169 35
153 80 156 82
98 44 109 44
15 222 15 233
151 34 153 37
110 10 121 10
29 202 29 213
114 94 125 94
161 156 172 156
186 193 188 196
42 183 42 194
170 214 171 218
3 94 3 105
71 142 82 142
122 29 133 29
116 144 116 155
81 249 92 249
174 112 177 114
64 192 67 194
24 24 24 35
24 186 25 191
56 51 67 51
18 121 19 126
10 70 10 81
11 30 11 41
115 195 116 200
127 23 132 24
178 247 183 248
41 239 52 239
154 37 165 37
98 225 99 230
187 99 188 104
6 222 8 225
159 66 160 71
48 196 49 201
191 142 193 145
42 36 43 41
31 83 32 87
78 240 79 245
40 171 41 176
86 150 91 151
196 6 197 11
164 165 166 168
8 117 8 128
21 204 21 215
142 117 153 117
161 66 166 67
107 175 112 176
49 102 51 105
115 142 126 142
92 131 96 132
180 197 191 197
180 180 191 180
113 195 113 206
109 235 114 236
164 187 164 198
133 35 144 35
26 24 26 35
51 83 56 84
6 70 6 81
119 99 120 104
112 239 113 244
180 132 181 137
93 130 104 130
98 91 101 93
78 52 89 52
70 205 70 216
86 131 91 132
175 19 186 19
143 63 154 63
64 228 75 228
47 142 49 145
131 53 132 58
91 54 93 57
51 165 51 176
36 215 37 220
95 189 100 190
68 163 79 163
159 186 170 186
170 119 175 120
113 49 118 50
118 20 120 23
166 36 171 37
121 166 126 167
68 176 79 176
18 196 19 201
191 99 192 104
68 12 70 15
86 58 88 61
34 103 39 104
77 90 79 93
23 140 23 151
31 70 31 81
53 159 53 170
162 187 162 198
29 34 29 45
68 6 69 11
49 106 60 106
158 51 158 62
115 178 126 178
122 159 124 162
71 175 82 175
139 86 141 89
150 141 161 141
82 32 83 37
163 38 174 38
106 192 111 193
94 164 94 175
140 234 148 234
120 6 123 8
63 6 63 17
5 228 5 239
159 199 170 199
126 90 131 91
60 242 62 245
120 170 122 173
104 188 115 188
193 136 195 139
138 141 149 141
150 149 151 154
46 90 47 95
84 19 87 21
172 179 183 179
69 83 74 84
158 188 158 199
92 79 97 80
152 200 163 200
32 93 32 104
184 247 189 248
8 195 8 206
1 215 12 215
172 238 183 238
91 36 93 39
184 46 189 47
160 74 171 74
172 247 177 248
138 52 148 52
197 95 197 105
29 231 29 242
65 195 74 195
193 187 195 189
178 97 183 98
131 183 133 186
90 226 91 231
56 222 57 227
30 194 31 199
80 48 85 49
179 0 179 11
196 217 199 219
154 224 155 229
186 0 187 5
68 157 69 162
3 165 4 170
195 192 197 195
64 220 65 225
11 172 11 183
70 145 70 156
72 24 73 29
72 121 83 121
30 127 35 128
172 116 177 117
7 49 7 60
189 196 197 196
74 6 75 11
92 188 103 188
95 122 106 122
192 184 195 186
167 126 170 128
42 42 42 53
40 117 41 122
147 134 148 139
23 227 28 228
92 58 94 61
94 239 95 244
100 247 105 248
53 0 54 5
11 117 16 118
164 224 165 229
151 181 156 182
123 153 125 156
10 30 10 41
143 50 148 51
128 36 129 41
157 207 160 209
166 116 171 117
53 72 54 77
120 158 131 158
131 27 136 28
138 127 142 128
102 52 113 52
121 211 126 212
59 171 61 174
128 147 130 150
46 66 51 67
0 249 11 249
140 159 142 162
164 200 175 200
169 162 172 164
169 89 180 89
162 136 164 139
11 57 11 68
44 68 46 71
157 51 157 62
77 135 88 135
110 231 121 231
15 54 15 65
129 15 131 18
34 48 34 59
107 0 108 5
59 0 60 5
105 189 108 191
4 135 4 146
184 0 185 5
134 112 145 112
15 18 15 29
106 144 107 149
141 92 144 94
69 111 70 116
7 117 7 128
44 209 49 210
140 113 145 114
78 192 78 203
150 17 155 18
17 227 22 228
9 204 10 209
149 134 150 139
54 14 54 25
24 194 25 199
181 204 183 207
25 118 28 120
61 231 62 236
186 110 197 110
88 114 93 115
121 134 122 139
6 0 7 5
25 24 25 35
128 231 133 232
99 110 101 113
66 100 70 101
64 66 67 68
97 146 99 149
185 99 186 104
173 226 184 226
58 93 59 98
89 208 90 213
53 153 54 158
136 86 138 89
81 6 83 9
112 98 123 98
126 224 127 229
151 134 153 137
164 13 169 14
149 159 150 164
159 136 161 139
76 224 87 224
55 14 55 25
170 16 181 16
31 82 42 82
136 224 137 229
15 30 15 41
25 48 28 50
42 131 43 136
171 95 176 96
61 24 62 29
103 136 105 139
172 26 183 26
156 68 158 71
184 207 195 207
106 46 117 46
89 196 89 207
173 99 174 104
8 0 10 3
144 249 155 249
92 146 93 151
67 54 69 57
61 30 66 31
24 94 24 105
43 238 54 238
145 163 146 168
61 0 61 11
113 189 116 191
136 232 147 232
166 97 171 98
173 159 174 164
119 143 119 154
16 193 19 195
190 231 194 232
86 225 97 225
106 79 109 81
90 239 91 244
55 238 66 238
162 20 163 25
178 116 183 117
68 58 70 61
84 144 85 149
139 102 144 103
127 235 136 235
78 223 88 223
182 112 185 114
56 110 67 110
57 123 68 123
149 156 160 156
94 146 96 149
10 106 12 109
69 38 80 38
53 63 64 63
81 0 82 5
27 151 38 151
111 169 122 169
154 46 165 46
157 108 168 108
142 24 153 24
5 147 5 158
127 142 138 142
116 183 118 186
88 247 93 248
183 51 184 56
7 70 7 81
57 111 57 122
66 242 68 245
70 240 75 241
24 112 26 115
108 36 109 41
133 86 135 89
171 239 182 239
152 224 153 229
31 231 31 242
100 225 101 230
29 183 40 183
60 140 62 143
138 92 140 94
80 32 81 37
154 66 158 67
152 233 160 233
127 195 128 200
48 183 48 194
120 213 131 213
22 125 27 126
113 237 124 237
12 247 15 249
181 99 182 104
67 0 68 5
187 80 188 85
167 80 172 81
47 131 49 134
195 126 198 128
134 92 137 94
95 226 97 229
61 159 61 170
25 155 27 158
38 209 43 210
58 132 60 135
123 49 126 51
7 195 7 206
178 112 181 114
198 109 199 113
86 111 87 115
135 99 136 104
126 92 129 94
38 124 49 124
125 147 127 150
58 152 58 163
68 192 71 194
129 19 138 19
147 201 149 203
119 163 120 168
125 60 128 62
142 23 153 23
16 75 16 86
29 48 32 50
148 224 149 229
165 178 176 178
110 47 112 50
194 67 197 69
9 61 10 66
74 12 76 15
121 69 126 70
86 124 97 124
150 32 161 32
156 157 161 158
136 14 147 14
184 181 184 192
168 45 179 45
8 57 10 60
53 147 58 148
175 242 180 243
77 12 78 17
20 24 20 35
64 129 75 129
187 214 189 217
199 90 199 101
108 199 108 210
95 223 106 223
154 107 165 107
116 9 127 9
108 85 108 96
134 183 139 184
0 180 0 191
108 144 109 149
177 0 177 11
16 54 16 65
142 40 145 42
166 141 167 146
91 24 93 27
38 152 43 153
169 235 171 238
49 204 60 204
138 193 149 193
134 140 145 140
7 110 18 110
72 96 77 97
11 6 11 17
193 99 194 104
23 36 23 47
164 15 175 15
180 30 181 35
131 110 133 113
124 207 126 210
48 243 49 248
135 189 135 200
188 0 189 5
167 51 178 51
92 217 93 222
193 159 194 164
111 110 113 113
86 24 87 29
51 86 56 87
81 76 92 76
184 57 186 60
147 155 158 155
39 155 39 166
45 226 45 237
96 224 107 224
106 10 108 13
118 247 123 248
47 74 50 76
88 125 99 125
144 121 155 121
148 0 149 5
88 94 93 95
42 111 42 122
64 111 65 116
144 171 149 172
132 245 143 245
114 68 122 68
80 144 81 149
14 54 14 65
63 77 68 78
191 245 199 245
162 213 163 218
52 20 52 31
78 206 79 211
167 175 172 176
127 109 138 109
32 215 33 220
168 121 179 121
134 185 139 186
118 0 119 5
25 36 25 47
145 169 156 169
151 142 161 142
76 228 77 233
178 235 183 236
15 6 15 17
72 70 73 75
40 196 42 199
197 14 199 17
148 120 159 120
89 63 94 64
53 35 54 40
139 142 150 142
139 68 142 70
14 222 14 233
134 189 134 200
167 56 178 56
89 99 90 104
157 181 161 182
12 193 13 198
42 84 50 84
133 166 136 168
148 83 150 86
123 99 124 104
161 187 161 198
35 78 40 79
62 131 73 131
46 35 46 46
179 99 180 104
96 36 99 38
166 231 171 232
84 24 85 29
49 111 49 122
22 90 25 92
127 11 128 16
118 66 123 67
121 99 122 104
159 51 159 62
38 19 40 22
18 94 18 105
78 32 79 37
72 220 73 225
47 19 47 30
17 54 18 59
119 27 130 27
186 201 191 202
168 171 173 172
8 70 8 81
11 131 12 136
26 180 28 183
51 59 52 64
55 205 55 216
91 208 92 213
52 196 53 201
161 71 172 71
129 95 134 96
167 63 178 63
183 169 194 169
187 168 198 168
29 70 30 75
169 173 174 174
150 143 151 148
76 105 87 105
110 24 112 27
97 30 98 35
187 38 189 40
93 183 96 185
145 207 148 209
109 131 110 136
34 80 39 81
21 156 21 167
179 245 190 245
55 109 66 109
77 22 82 23
106 117 117 117
1 197 6 198
8 45 8 56
143 53 145 56
194 26 194 37
31 24 32 29
35 147 46 147
166 180 167 185
23 24 23 35
113 47 118 48
5 49 5 60
88 136 93 137
108 110 110 113
173 223 177 224
125 99 126 104
29 0 29 11
9 45 9 56
37 88 42 89
191 89 199 89
170 130 173 132
84 111 85 115
172 46 177 47
75 159 77 162
131 122 136 123
147 163 148 168
30 130 32 133
142 143 143 148
12 30 12 41
160 235 165 236
94 220 97 222
125 114 133 114
38 206 43 207
134 244 145 244
21 168 21 179
112 0 113 5
109 22 114 23
172 97 177 98
152 41 155 43
155 143 155 154
175 83 176 88
45 123 56 123
70 107 81 107
145 92 153 92
149 167 154 168
84 165 86 168
92 111 95 113
117 95 122 96
74 48 79 49
154 240 165 240
151 159 152 164
60 120 68 120
120 195 120 206
174 130 185 130
110 183 112 186
153 68 155 71
158 39 163 40
188 181 188 192
141 53 142 58
28 168 28 179
107 199 107 210
33 171 35 174
145 173 150 174
72 154 74 157
168 12 179 12
143 118 152 118
52 212 53 217
82 144 83 149
54 246 64 246
154 85 159 86
191 75 196 76
177 203 188 203
90 96 95 97
164 6 167 8
140 60 142 63
25 165 28 167
65 22 70 23
37 84 41 85
60 119 67 119
162 246 173 246
11 119 11 130
152 235 153 240
2 45 2 56
185 158 187 161
90 40 93 41
148 241 159 241
98 231 109 231
89 246 100 246
65 133 68 135
195 241 198 243
124 97 129 98
127 69 130 71
115 78 115 89
165 159 166 164
166 125 177 125
166 240 177 240
45 61 50 62
109 238 120 238
27 93 28 98
35 148 46 148
138 0 139 5
12 228 13 233
67 146 67 157
16 202 27 202
32 206 37 207
100 105 111 105
122 34 133 34
102 6 103 11
63 146 63 157
32 163 32 174
93 196 93 207
48 171 48 182
145 214 147 217
44 202 49 203
75 76 78 78
78 153 89 153
4 216 4 227
148 66 153 67
44 247 47 249
148 214 150 217
84 158 95 158
109 75 120 75
45 35 45 46
100 74 111 74
155 27 166 27
9 33 9 44
104 144 105 149
73 238 78 239
6 6 9 8
85 235 90 236
173 207 175 210
31 63 34 65
41 60 44 62
50 153 50 164
164 180 165 185
114 219 116 222
17 94 17 105
197 30 199 33
54 100 59 101
132 213 141 213
85 54 87 57
104 6 105 11
190 91 193 92
193 26 193 37
19 153 30 153
174 186 174 197
67 190 78 190
20 36 21 41
155 63 166 63
161 62 172 62
2 183 3 188
116 0 117 5
98 201 99 206
145 201 146 206
43 6 48 7
161 12 163 15
89 133 92 135
50 111 50 122
134 84 139 85
82 90 83 95
171 169 182 169
123 12 124 17
135 134 136 139
59 53 70 53
158 44 169 44
53 239 64 239
52 187 57 188
193 93 198 94
177 69 188 69
111 95 116 96
172 83 174 86
76 183 77 188
10 94 11 99
163 47 165 50
27 46 32 47
80 90 81 95
45 59 50 60
47 37 48 42
127 99 128 104
133 217 144 217
126 143 128 146
59 8 59 19
110 232 121 232
185 237 196 237
158 140 169 140
48 100 53 101
107 118 118 118
83 12 84 17
142 77 145 79
122 140 133 140
170 44 181 44
171 27 174 29
183 88 194 88
56 145 67 145
64 164 66 167
95 195 95 206
43 11 44 16
74 144 75 149
198 220 199 225
96 39 99 41
181 108 188 108
29 227 34 228
81 159 84 161
125 159 126 164
190 153 199 153
79 238 84 239
90 144 91 149
114 144 114 155
86 144 87 149
198 57 199 62
193 165 196 167
7 213 12 214
135 169 140 170
83 195 94 195
142 238 144 241
40 247 43 249
15 131 17 134
49 96 51 99
133 242 143 242
64 158 65 163
55 42 56 47
186 90 197 90
49 58 60 58
93 99 94 104
11 42 13 45
173 204 178 205
87 86 89 89
182 30 183 35
78 116 81 118
105 156 116 156
94 36 95 41
11 18 11 29
44 36 44 47
50 132 53 134
51 72 52 77
56 202 61 203
184 6 189 7
111 65 122 65
163 76 168 77
68 136 79 136
165 139 176 139
114 18 119 19
92 43 97 44
59 122 70 122
3 116 14 116
104 229 109 230
47 68 49 71
129 189 132 191
105 199 106 204
83 141 88 142
117 90 119 93
172 186 172 197
98 24 100 27
95 71 96 75
109 70 114 71
112 72 115 74
149 27 154 28
150 30 155 31
152 20 155 22
154 23 156 26
155 28 160 29
156 20 159 22
156 30 161 31
157 23 159 26
160 20 161 25
